Microchip MPLAB XC8 Compiler V1.34 ()

Linker command line:

--edf=C:\Program Files (x86)\Microchip\xc8\v1.34\dat\en_msgs.txt -cs \
  -h+dist/default/production\BMS-LV.X.production.sym \
  --cmf=dist/default/production\BMS-LV.X.production.cmf -z -Q18F45K22 \
  -oC:\Users\RICHAR~1\AppData\Local\Temp\s7q8.6 \
  -Mdist/default/production/BMS-LV.X.production.map -E1 -ver=XC8 \
  -ASTACK=0219h-05ffh -pstack=STACK -ACODE=00h-07FFFh -ACONST=00h-07FFFh \
  -ASMALLCONST=0600h-06FFhx122 -AMEDIUMCONST=0600h-07FFFh -ACOMRAM=01h-05Fh \
  -AABS1=00h-05FFh -ABIGRAM=01h-05FFh -ARAM=060h-0FFh,0100h-01FFhx5 \
  -ABANK0=060h-0FFh -ABANK1=0100h-01FFh -ABANK2=0200h-02FFh \
  -ABANK3=0300h-03FFh -ABANK4=0400h-04FFh -ABANK5=0500h-05FFh \
  -ASFR=0F38h-0F5Fh,0F60h-0FFFh \
  -preset_vec=00h,intcode=08h,intcodelo,powerup,init,end_init \
  -pramtop=0600h -psmallconst=SMALLCONST -pmediumconst=MEDIUMCONST \
  -pconst=CONST -AFARRAM=00h-00h -ACONFIG=0300000h-030000Dh -pconfig=CONFIG \
  -AIDLOC=0200000h-0200007h -pidloc=IDLOC -AEEDATA=0F00000h-0F000FFh \
  -peeprom_data=EEDATA \
  -prdata=COMRAM,nvrram=COMRAM,nvbit=COMRAM,rbss=COMRAM,rbit=COMRAM \
  -pfarbss=FARRAM,fardata=FARRAM,nvFARRAM=FARRAM \
  -pintsave_regs=BIGRAM,bigbss=BIGRAM,bigdata=BIGRAM -pbss=RAM \
  -pidata=CODE,irdata=CODE,ibigdata=CODE,ifardata=CODE -prparam=COMRAM \
  C:\Users\RICHAR~1\AppData\Local\Temp\s7q8.obj \
  dist/default/production\BMS-LV.X.production.obj 

Object code version is 3.11

Machine type is 18F45K22

Call graph: (short form)




                Name                               Link     Load   Length Selector   Space Scale
C:\Users\RICHAR~1\AppData\Local\Temp\s7q8.obj
                end_init                             AA       AA        4        4       0
                reset_vec                             0        0        4        0       0
                idloc                            200000   200000        8   200000       0
                config                           300000   300000        E   300000       0
dist/default/production\BMS-LV.X.production.obj
                intcode                               8        8       A2        4       0
                smallconst                          600      600       C8      300       0
                text53                             3772     3772       16      364       0
                text52                             3710     3710       1A      364       0
                text51                             350C     350C       38      364       0
                text50                             174A     174A      324      364       0
                text49                             3608     3608       30      364       0
                text48                             3576     3576       32      364       0
                text47                             375A     375A       18      364       0
                text46                             3742     3742       18      364       0
                text45                             340A     340A       4A      364       0
                text43                             2CF2     2CF2       C6      364       0
                text42                             34D0     34D0       3C      364       0
                text41                             2A4E     2A4E       EC      364       0
                text40                             2920     2920      12E      364       0
                text39                             3666     3666       28      364       0
                text38                             2DB8     2DB8       B6      364       0
                text37                             3066     3066       96      364       0
                text36                             2F20     2F20       B0      364       0
                text35                             3544     3544       32      364       0
                text34                             35D8     35D8       30      364       0
                text33                             2E6E     2E6E       B2      364       0
                text32                             2C1C     2C1C       D6      364       0
                text31                             372A     372A       18      364       0
                text30                             3494     3494       3C      364       0
                text29                             3796     3796        C      364       0
                text28                             3788     3788        E      364       0
                text27                             33BC     33BC       4E      364       0
                text26                             37AC     37AC        4      364       0
                text25                             36D4     36D4       22      364       0
                text24                             36F6     36F6       1A      364       0
                text23                             1A6E     1A6E      27E      364       0
                text22                             217C     217C      16A      364       0
                text21                             336C     336C       50      364       0
                text20                             2B3A     2B3A       E2      364       0
                text19                             30FC     30FC       92      364       0
                text18                             2438     2438      142      364       0
                text17                             1F42     1F42      23A      364       0
                text16                             35A8     35A8       30      364       0
                text15                             368E     368E       24      364       0
                text14                             22E6     22E6      152      364       0
                text13                             318E     318E       8C      364       0
                text12                             329C     329C       70      364       0
                text11                             330C     330C       60      364       0
                text10                             27EC     27EC      134      364       0
                text9                              257A     257A      13A      364       0
                text8                              2FD0     2FD0       96      364       0
                text7                              321A     321A       82      364       0
                text6                              1CEC     1CEC      256      364       0
                text5                              36B2     36B2       22      364       0
                text4                              3454     3454       40      364       0
                text3                              37A2     37A2        A      364       0
                text2                              1326     1326      424      364       0
                text1                               6C8      6C8      C5E      364       0
                text0                              26B4     26B4      138      364       0
                cstackCOMRAM                          1        1       3A        1       1
                cstackBANK0                          BC       BC       41       60       1
                cstackBANK2                         200      200       19      200       1
                bssBANK1                            100      100       F0      100       1
                bssBANK0                             60       60       5C       60       1
                bssCOMRAM                            3B       3B        C        1       1
                cinit                              3638     3638       2E      364       0
                nvCOMRAM                             47       47        3        1       1

TOTAL           Name                               Link     Load   Length     Space
        CLASS   STACK          

        CLASS   CODE           
                end_init                             AA       AA        4         0
                intcode                               8        8       A2         0
                reset_vec                             0        0        4         0
                text53                             3772     3772       16         0
                text52                             3710     3710       1A         0
                text51                             350C     350C       38         0
                text50                             174A     174A      324         0
                text49                             3608     3608       30         0
                text48                             3576     3576       32         0
                text47                             375A     375A       18         0
                text46                             3742     3742       18         0
                text45                             340A     340A       4A         0
                text43                             2CF2     2CF2       C6         0
                text42                             34D0     34D0       3C         0
                text41                             2A4E     2A4E       EC         0
                text40                             2920     2920      12E         0
                text39                             3666     3666       28         0
                text38                             2DB8     2DB8       B6         0
                text37                             3066     3066       96         0
                text36                             2F20     2F20       B0         0
                text35                             3544     3544       32         0
                text34                             35D8     35D8       30         0
                text33                             2E6E     2E6E       B2         0
                text32                             2C1C     2C1C       D6         0
                text31                             372A     372A       18         0
                text30                             3494     3494       3C         0
                text29                             3796     3796        C         0
                text28                             3788     3788        E         0
                text27                             33BC     33BC       4E         0
                text26                             37AC     37AC        4         0
                text25                             36D4     36D4       22         0
                text24                             36F6     36F6       1A         0
                text23                             1A6E     1A6E      27E         0
                text22                             217C     217C      16A         0
                text21                             336C     336C       50         0
                text20                             2B3A     2B3A       E2         0
                text19                             30FC     30FC       92         0
                text18                             2438     2438      142         0
                text17                             1F42     1F42      23A         0
                text16                             35A8     35A8       30         0
                text15                             368E     368E       24         0
                text14                             22E6     22E6      152         0
                text13                             318E     318E       8C         0
                text12                             329C     329C       70         0
                text11                             330C     330C       60         0
                text10                             27EC     27EC      134         0
                text9                              257A     257A      13A         0
                text8                              2FD0     2FD0       96         0
                text7                              321A     321A       82         0
                text6                              1CEC     1CEC      256         0
                text5                              36B2     36B2       22         0
                text4                              3454     3454       40         0
                text3                              37A2     37A2        A         0
                text2                              1326     1326      424         0
                text1                               6C8      6C8      C5E         0
                text0                              26B4     26B4      138         0
                cinit                              3638     3638       2E         0

        CLASS   CONST          

        CLASS   SMALLCONST     
                smallconst                          600      600       C8         0

        CLASS   MEDIUMCONST    

        CLASS   COMRAM         
                cstackCOMRAM                          1        1       3A         1
                bssCOMRAM                            3B       3B        C         1
                nvCOMRAM                             47       47        3         1

        CLASS   ABS1           

        CLASS   BIGRAM         

        CLASS   RAM            

        CLASS   BANK0          
                cstackBANK0                          BC       BC       41         1
                bssBANK0                             60       60       5C         1

        CLASS   BANK1          
                bssBANK1                            100      100       F0         1

        CLASS   BANK2          
                cstackBANK2                         200      200       19         1

        CLASS   BANK3          

        CLASS   BANK4          

        CLASS   BANK5          

        CLASS   SFR            

        CLASS   FARRAM         

        CLASS   CONFIG         
                config                           300000   300000        E         0

        CLASS   IDLOC          
                idloc                            200000   200000        8         0

        CLASS   EEDATA         



SEGMENTS        Name                           Load    Length   Top    Selector   Space  Class

                reset_vec                      000000  000004  000004         0       0  CODE    
                cstackCOMRAM                   000001  000049  00004A         1       1  COMRAM  
                intcode                        000008  0000A6  0000AE         4       0  CODE    
                bssBANK0                       000060  00009D  0000FD        60       1  BANK0   
                bssBANK1                       000100  0000F0  0001F0       100       1  BANK1   
                cstackBANK2                    000200  000019  000219       200       1  BANK2   
                smallconst                     000600  0000C8  0006C8       300       0  SMALLCON
                text1                          0006C8  0030E8  0037B0       364       0  CODE    
                idloc                          200000  000008  200008    200000       0  IDLOC   
                config                         300000  00000E  30000E    300000       0  CONFIG  


UNUSED ADDRESS RANGES

        Name                Unused          Largest block    Delta
        BANK0            0000FD-0000FF                3
        BANK1            0001F0-0001FF               10
        BANK2            000219-0002FF               E7
        BANK3            000300-0003FF              100
        BANK4            000400-0004FF              100
        BANK5            000500-0005FF              100
        BIGRAM           00004A-00005F               16
                         0000FD-0000FF                3
                         0001F0-0001FF               10
                         000219-0005FF              3E7
        CODE             000004-000007                4
                         0000AE-0005FF              552
                         0037B0-007FFF             4850
        COMRAM           00004A-00005F               16
        CONST            000004-000007                4
                         0000AE-0005FF              552
                         0037B0-007FFF             4850
        EEDATA           F00000-F000FF              100
        MEDIUMCONST      0037B0-007FFF             4850
        RAM              0000FD-0000FF                3
                         0001F0-0001FF               10
                         000219-0005FF              100
        SFR              000F38-000FFF               28
        SMALLCONST       0037B0-007FFF              100
        STACK            000219-0005FF              3E7

                                  Symbol Table

?_ADC_GetConversionResult            cstackCOMRAM 000001
?_Battery_Get                        cstackCOMRAM 00002B
?_Tempeture_Get                      cstackCOMRAM 00002B
?___awdiv                            cstackCOMRAM 00001D
?___awmod                            cstackCOMRAM 000017
?___awtoft                           cstackCOMRAM 00001F
?___ftadd                            cstackBANK0  0000CC
?___ftdiv                            cstackCOMRAM 000023
?___ftmul                            cstackCOMRAM 000032
?___ftneg                            cstackCOMRAM 000017
?___ftpack                           cstackCOMRAM 000017
?___ftsub                            cstackBANK0  0000D8
?___fttol                            cstackBANK0  0000C9
?___lldiv                            cstackCOMRAM 000017
?___llmod                            cstackCOMRAM 000024
?___lltoft                           cstackCOMRAM 00001F
?___wmul                             cstackCOMRAM 000025
?__div_to_l_                         cstackCOMRAM 000017
?__tdiv_to_l_                        cstackCOMRAM 000017
?_eval_poly                          cstackBANK0  0000D8
?_frexp                              cstackCOMRAM 000017
?_fround                             cstackBANK0  0000C2
?_log                                cstackBANK0  0000E4
?_printf                             cstackBANK0  0000DE
?_scale                              cstackBANK0  0000C2
ADC_ISR@ADC_Result                   cstackCOMRAM 000007
ADC_StartConversion@channel          cstackCOMRAM 000002
Battery_Convert@x                    cstackBANK0  0000C2
Battery_Fault@fault                  cstackCOMRAM 000034
Battery_Fault@i                      cstackCOMRAM 000035
Battery_Get@channelnum               cstackCOMRAM 00002B
Delay@wait                           cstackCOMRAM 000017
Delay@x                              cstackCOMRAM 00001A
EUSART1_Write@txData                 cstackCOMRAM 000017
RunBypas@batvolt                     cstackCOMRAM 000036
RunBypas@cellbyp                     cstackCOMRAM 000034
RunBypas@i                           cstackCOMRAM 000039
SetBypas@pin                         cstackCOMRAM 000017
SetBypas@state                       cstackCOMRAM 000019
Set_4051@Channel                     cstackCOMRAM 000001
TMR1_ISR@CountCallBack               bssCOMRAM    00003B
Temp_Convert@steinhart               cstackBANK0  0000F1
Temp_Convert@x                       cstackBANK0  0000EF
Temp_Filter@x                        cstackBANK0  0000D8
Tempeture_Get@channelnum             cstackCOMRAM 00002B
_ADCON0                              (abs)        000FC2
_ADCON0bits                          (abs)        000FC2
_ADCON1                              (abs)        000FC1
_ADCON2                              (abs)        000FC0
_ADC_Buffer_Point                    bssCOMRAM    00003D
_ADC_GetConversionResult             text53       003772
_ADC_ISR                             text50       00174A
_ADC_Initialize                      text31       00372A
_ADC_StartConversion                 text52       003710
_ADRESH                              (abs)        000FC4
_ADRESL                              (abs)        000FC3
_ANSELA                              (abs)        000F38
_ANSELB                              (abs)        000F39
_ANSELC                              (abs)        000F3A
_ANSELD                              (abs)        000F3B
_ANSELE                              (abs)        000F3C
_BAUD1CON                            (abs)        000FB8
_Battery_Adc                         bssBANK0     00007E
_Battery_Convert                     text38       002DB8
_Battery_Current                     bssBANK1     000100
_Battery_Fault                       text36       002F20
_Battery_Get                         text34       0035D8
_Battery_Read                        text47       00375A
_Battery_Volt                        bssBANK0     000060
_Current_Aquire                      bssCOMRAM    00003F
_Delay                               text35       003544
_EUSART1_Initialize                  text30       003494
_EUSART1_Receive_ISR                 text49       003608
_EUSART1_Transmit_ISR                text48       003576
_EUSART1_Write                       text4        003454
_INTCON2bits                         (abs)        000FF1
_INTCONbits                          (abs)        000FF2
_INTERRUPT_Initialize                text29       003796
_INTERRUPT_InterruptManager          intcode      000008
_IPR1bits                            (abs)        000F9F
_LATA                                (abs)        000F89
_LATA4                               (abs)        007C4C
_LATA6                               (abs)        007C4E
_LATA7                               (abs)        007C4F
_LATB                                (abs)        000F8A
_LATB0                               (abs)        007C50
_LATB1                               (abs)        007C51
_LATB2                               (abs)        007C52
_LATC                                (abs)        000F8B
_LATC0                               (abs)        007C58
_LATD                                (abs)        000F8C
_LATD3                               (abs)        007C63
_LATD4                               (abs)        007C64
_LATD5                               (abs)        007C65
_LATD6                               (abs)        007C66
_LATD7                               (abs)        007C67
_LATE                                (abs)        000F8D
_OSCCON                              (abs)        000FD3
_OSCCON2                             (abs)        000FD2
_OSCILLATOR_Initialize               text28       003788
_OSCTUNE                             (abs)        000F9B
_PIE1bits                            (abs)        000F9D
_PIN_MANAGER_Initialize              text27       0033BC
_PIR1bits                            (abs)        000F9E
_PrevBattery_Current                 bssBANK1     00011E
_PrevBattery_Volt                    bssBANK1     00013C
_PrevTemp_DegF                       bssBANK1     00015A
_RC1REG                              (abs)        000FAE
_RC1STA                              (abs)        000FAB
_RC1STAbits                          (abs)        000FAB
_RCONbits                            (abs)        000FD0
_RCREG1                              (abs)        000FAE
_RunBypas                            text32       002C1C
_SPBRG1                              (abs)        000FAF
_SPBRGH1                             (abs)        000FB0
_SYSTEM_Initialize                   text24       0036F6
_SetBypas                            text33       002E6E
_Set_4051                            text51       00350C
_T1CON                               (abs)        000FCD
_T1CONbits                           (abs)        000FCD
_T1GCON                              (abs)        000FCC
_T1GCONbits                          (abs)        000FCC
_TMR1                                (abs)        000FCE
_TMR1H                               (abs)        000FCF
_TMR1L                               (abs)        000FCE
_TMR1_ISR                            text45       00340A
_TMR1_Initialize                     text25       0036D4
_TMR1_StartTimer                     text26       0037AC
_TRISA                               (abs)        000F92
_TRISB                               (abs)        000F93
_TRISC                               (abs)        000F94
_TRISD                               (abs)        000F95
_TRISE                               (abs)        000F96
_TX1REG                              (abs)        000FAD
_TX1STA                              (abs)        000FAC
_TXREG1                              (abs)        000FAD
_TempBattery_Current                 bssBANK1     000196
_TempBattery_Volt                    bssBANK1     0001B4
_Temp_Adc                            bssBANK0     0000A8
_Temp_Aquire                         bssCOMRAM    000040
_Temp_Convert                        text17       001F42
_Temp_Convert$1738                   cstackBANK0  0000E9
_Temp_Convert$1739                   cstackBANK0  0000EC
_Temp_DegF                           bssBANK1     000178
_Temp_Done                           bssBANK0     0000A2
_Temp_Filter                         text22       00217C
_Temp_Read                           text46       003742
_Tempeture_Get                       text16       0035A8
_TmpTemp_DegF                        bssBANK1     0001D2
_Volt_Aquire                         bssCOMRAM    000041
_Volt_Done                           bssBANK0     0000A4
_WPUB                                (abs)        000F61
__CFG_BOREN$SBORDIS                  (abs)        000000
__CFG_BORV$190                       (abs)        000000
__CFG_CCP2MX$PORTC1                  (abs)        000000
__CFG_CCP3MX$PORTB5                  (abs)        000000
__CFG_CP0$OFF                        (abs)        000000
__CFG_CP1$OFF                        (abs)        000000
__CFG_CP2$OFF                        (abs)        000000
__CFG_CP3$OFF                        (abs)        000000
__CFG_CPB$OFF                        (abs)        000000
__CFG_CPD$OFF                        (abs)        000000
__CFG_DEBUG$OFF                      (abs)        000000
__CFG_EBTR0$OFF                      (abs)        000000
__CFG_EBTR1$OFF                      (abs)        000000
__CFG_EBTR2$OFF                      (abs)        000000
__CFG_EBTR3$OFF                      (abs)        000000
__CFG_EBTRB$OFF                      (abs)        000000
__CFG_FCMEN$OFF                      (abs)        000000
__CFG_FOSC$INTIO67                   (abs)        000000
__CFG_HFOFST$ON                      (abs)        000000
__CFG_IESO$OFF                       (abs)        000000
__CFG_LVP$OFF                        (abs)        000000
__CFG_MCLRE$EXTMCLR                  (abs)        000000
__CFG_P2BMX$PORTD2                   (abs)        000000
__CFG_PBADEN$ON                      (abs)        000000
__CFG_PLLCFG$OFF                     (abs)        000000
__CFG_PRICLKEN$OFF                   (abs)        000000
__CFG_PWRTEN$OFF                     (abs)        000000
__CFG_STVREN$ON                      (abs)        000000
__CFG_T3CMX$PORTC0                   (abs)        000000
__CFG_WDTEN$OFF                      (abs)        000000
__CFG_WDTPS$32768                    (abs)        000000
__CFG_WRT0$OFF                       (abs)        000000
__CFG_WRT1$OFF                       (abs)        000000
__CFG_WRT2$OFF                       (abs)        000000
__CFG_WRT3$OFF                       (abs)        000000
__CFG_WRTB$OFF                       (abs)        000000
__CFG_WRTC$OFF                       (abs)        000000
__CFG_WRTD$OFF                       (abs)        000000
__CFG_XINST$OFF                      (abs)        000000
__HRAM                               (abs)        000000
__Habs1                              abs1         000000
__Hbank0                             bank0        000000
__Hbank1                             bank1        000000
__Hbank2                             bank2        000000
__Hbank3                             bank3        000000
__Hbank4                             bank4        000000
__Hbank5                             bank5        000000
__Hbigbss                            bigbss       000000
__Hbigdata                           bigdata      000000
__Hbigram                            bigram       000000
__Hbss                               bss          000000
__HbssBANK0                          bssBANK0     000000
__HbssBANK1                          bssBANK1     000000
__HbssCOMRAM                         bssCOMRAM    000000
__Hcinit                             cinit        000000
__Hclrtext                           clrtext      000000
__Hcomram                            comram       000000
__Hconfig                            config       30000E
__Hconst                             const        000000
__HcstackBANK0                       cstackBANK0  000000
__HcstackBANK2                       cstackBANK2  000000
__HcstackCOMRAM                      cstackCOMRAM 000000
__Hdata                              data         000000
__Heeprom_data                       eeprom_data  000000
__Hend_init                          end_init     0000AE
__Hfarbss                            farbss       000000
__Hfardata                           fardata      000000
__Hibigdata                          ibigdata     000000
__Hidata                             idata        000000
__Hidloc                             idloc        200008
__Hifardata                          ifardata     000000
__Hinit                              init         0000AA
__Hintcode                           intcode      0000AA
__Hintcode_body                      intcode_body 000000
__Hintcodelo                         intcodelo    0000AA
__Hintentry                          intentry     000000
__Hintret                            intret       000000
__Hintsave_regs                      intsave_regs 000000
__Hirdata                            irdata       000000
__Hmediumconst                       mediumconst  000000
__HnvCOMRAM                          nvCOMRAM     000000
__HnvFARRAM                          nvFARRAM     000000
__Hnvbit                             nvbit        000000
__Hnvrram                            nvrram       000000
__Hparam                             rparam       000000
__Hpowerup                           powerup      0000AA
__Hram                               ram          000000
__Hramtop                            ramtop       000600
__Hrbit                              rbit         000000
__Hrbss                              rbss         000000
__Hrdata                             rdata        000000
__Hreset_vec                         reset_vec    000004
__Hrparam                            rparam       000000
__Hsfr                               sfr          000000
__Hsmallconst                        smallconst   0006C8
__Hspace_0                           (abs)        30000E
__Hspace_1                           (abs)        000219
__Hspace_2                           (abs)        000000
__Hstack                             stack        000000
__Hstruct                            struct       000000
__Htemp                              temp         000000
__Htext                              text         000000
__Htext0                             text0        000000
__Htext1                             text1        000000
__Htext10                            text10       000000
__Htext11                            text11       000000
__Htext12                            text12       000000
__Htext13                            text13       000000
__Htext14                            text14       000000
__Htext15                            text15       000000
__Htext16                            text16       000000
__Htext17                            text17       000000
__Htext18                            text18       000000
__Htext19                            text19       000000
__Htext2                             text2        000000
__Htext20                            text20       000000
__Htext21                            text21       000000
__Htext22                            text22       000000
__Htext23                            text23       000000
__Htext24                            text24       000000
__Htext25                            text25       000000
__Htext26                            text26       000000
__Htext27                            text27       000000
__Htext28                            text28       000000
__Htext29                            text29       000000
__Htext3                             text3        000000
__Htext30                            text30       000000
__Htext31                            text31       000000
__Htext32                            text32       000000
__Htext33                            text33       000000
__Htext34                            text34       000000
__Htext35                            text35       000000
__Htext36                            text36       000000
__Htext37                            text37       000000
__Htext38                            text38       000000
__Htext39                            text39       000000
__Htext4                             text4        000000
__Htext40                            text40       000000
__Htext41                            text41       000000
__Htext42                            text42       000000
__Htext43                            text43       000000
__Htext45                            text45       000000
__Htext46                            text46       000000
__Htext47                            text47       000000
__Htext48                            text48       000000
__Htext49                            text49       000000
__Htext5                             text5        000000
__Htext50                            text50       000000
__Htext51                            text51       000000
__Htext52                            text52       000000
__Htext53                            text53       000000
__Htext6                             text6        000000
__Htext7                             text7        000000
__Htext8                             text8        000000
__Htext9                             text9        000000
__LRAM                               (abs)        000001
__Labs1                              abs1         000000
__Lbank0                             bank0        000000
__Lbank1                             bank1        000000
__Lbank2                             bank2        000000
__Lbank3                             bank3        000000
__Lbank4                             bank4        000000
__Lbank5                             bank5        000000
__Lbigbss                            bigbss       000000
__Lbigdata                           bigdata      000000
__Lbigram                            bigram       000000
__Lbss                               bss          000000
__LbssBANK0                          bssBANK0     000000
__LbssBANK1                          bssBANK1     000000
__LbssCOMRAM                         bssCOMRAM    000000
__Lcinit                             cinit        000000
__Lclrtext                           clrtext      000000
__Lcomram                            comram       000000
__Lconfig                            config       300000
__Lconst                             const        000000
__LcstackBANK0                       cstackBANK0  000000
__LcstackBANK2                       cstackBANK2  000000
__LcstackCOMRAM                      cstackCOMRAM 000000
__Ldata                              data         000000
__Leeprom_data                       eeprom_data  000000
__Lend_init                          end_init     0000AA
__Lfarbss                            farbss       000000
__Lfardata                           fardata      000000
__Libigdata                          ibigdata     000000
__Lidata                             idata        000000
__Lidloc                             idloc        200000
__Lifardata                          ifardata     000000
__Linit                              init         0000AA
__Lintcode                           intcode      000008
__Lintcode_body                      intcode_body 000000
__Lintcodelo                         intcodelo    0000AA
__Lintentry                          intentry     000000
__Lintret                            intret       000000
__Lintsave_regs                      intsave_regs 000000
__Lirdata                            irdata       000000
__Lmediumconst                       mediumconst  000000
__LnvCOMRAM                          nvCOMRAM     000000
__LnvFARRAM                          nvFARRAM     000000
__Lnvbit                             nvbit        000000
__Lnvrram                            nvrram       000000
__Lparam                             rparam       000000
__Lpowerup                           powerup      0000AA
__Lram                               ram          000000
__Lramtop                            ramtop       000600
__Lrbit                              rbit         000000
__Lrbss                              rbss         000000
__Lrdata                             rdata        000000
__Lreset_vec                         reset_vec    000000
__Lrparam                            rparam       000000
__Lsfr                               sfr          000000
__Lsmallconst                        smallconst   000600
__Lspace_0                           (abs)        000000
__Lspace_1                           (abs)        000000
__Lspace_2                           (abs)        000000
__Lstack                             stack        000000
__Lstruct                            struct       000000
__Ltemp                              temp         000000
__Ltext                              text         000000
__Ltext0                             text0        000000
__Ltext1                             text1        000000
__Ltext10                            text10       000000
__Ltext11                            text11       000000
__Ltext12                            text12       000000
__Ltext13                            text13       000000
__Ltext14                            text14       000000
__Ltext15                            text15       000000
__Ltext16                            text16       000000
__Ltext17                            text17       000000
__Ltext18                            text18       000000
__Ltext19                            text19       000000
__Ltext2                             text2        000000
__Ltext20                            text20       000000
__Ltext21                            text21       000000
__Ltext22                            text22       000000
__Ltext23                            text23       000000
__Ltext24                            text24       000000
__Ltext25                            text25       000000
__Ltext26                            text26       000000
__Ltext27                            text27       000000
__Ltext28                            text28       000000
__Ltext29                            text29       000000
__Ltext3                             text3        000000
__Ltext30                            text30       000000
__Ltext31                            text31       000000
__Ltext32                            text32       000000
__Ltext33                            text33       000000
__Ltext34                            text34       000000
__Ltext35                            text35       000000
__Ltext36                            text36       000000
__Ltext37                            text37       000000
__Ltext38                            text38       000000
__Ltext39                            text39       000000
__Ltext4                             text4        000000
__Ltext40                            text40       000000
__Ltext41                            text41       000000
__Ltext42                            text42       000000
__Ltext43                            text43       000000
__Ltext45                            text45       000000
__Ltext46                            text46       000000
__Ltext47                            text47       000000
__Ltext48                            text48       000000
__Ltext49                            text49       000000
__Ltext5                             text5        000000
__Ltext50                            text50       000000
__Ltext51                            text51       000000
__Ltext52                            text52       000000
__Ltext53                            text53       000000
__Ltext6                             text6        000000
__Ltext7                             text7        000000
__Ltext8                             text8        000000
__Ltext9                             text9        000000
__S0                                 (abs)        30000E
__S1                                 (abs)        000219
__S2                                 (abs)        000000
___awdiv                             text8        002FD0
___awdiv@counter                     cstackCOMRAM 000021
___awdiv@dividend                    cstackCOMRAM 00001D
___awdiv@divisor                     cstackCOMRAM 00001F
___awdiv@quotient                    cstackCOMRAM 000023
___awdiv@sign                        cstackCOMRAM 000022
___awmod                             text7        00321A
___awmod@counter                     cstackCOMRAM 00001B
___awmod@dividend                    cstackCOMRAM 000017
___awmod@divisor                     cstackCOMRAM 000019
___awmod@sign                        cstackCOMRAM 00001C
___awtoft                            text42       0034D0
___awtoft@c                          cstackCOMRAM 00001F
___awtoft@sign                       cstackCOMRAM 000022
___ftadd                             text23       001A6E
___ftadd@exp1                        cstackBANK0  0000D7
___ftadd@exp2                        cstackBANK0  0000D6
___ftadd@f1                          cstackBANK0  0000CC
___ftadd@f2                          cstackBANK0  0000CF
___ftadd@sign                        cstackBANK0  0000D5
___ftdiv                             text41       002A4E
___ftdiv@cntr                        cstackCOMRAM 00002C
___ftdiv@exp                         cstackCOMRAM 000030
___ftdiv@f1                          cstackCOMRAM 000023
___ftdiv@f2                          cstackCOMRAM 000026
___ftdiv@f3                          cstackCOMRAM 00002D
___ftdiv@sign                        cstackCOMRAM 000031
___ftge                              text37       003066
___ftge@ff1                          cstackCOMRAM 00002B
___ftge@ff2                          cstackCOMRAM 00002E
___ftmul                             text40       002920
___ftmul@cntr                        cstackBANK0  0000C0
___ftmul@exp                         cstackBANK0  0000BC
___ftmul@f1                          cstackCOMRAM 000032
___ftmul@f2                          cstackCOMRAM 000035
___ftmul@f3_as_product               cstackBANK0  0000BD
___ftmul@sign                        cstackBANK0  0000C1
___ftneg                             text15       00368E
___ftneg@f1                          cstackCOMRAM 000017
___ftpack                            text43       002CF2
___ftpack@arg                        cstackCOMRAM 000017
___ftpack@exp                        cstackCOMRAM 00001A
___ftpack@sign                       cstackCOMRAM 00001B
___ftsub                             text21       00336C
___ftsub@f1                          cstackBANK0  0000D8
___ftsub@f2                          cstackBANK0  0000DB
___fttol                             text14       0022E6
___fttol@exp1                        cstackBANK0  0000D7
___fttol@f1                          cstackBANK0  0000C9
___fttol@lval                        cstackBANK0  0000D3
___fttol@sign1                       cstackBANK0  0000D2
___inthi_sp                          stack        000000
___intlo_sp                          stack        000000
___lldiv                             text13       00318E
___lldiv@counter                     cstackCOMRAM 000023
___lldiv@dividend                    cstackCOMRAM 000017
___lldiv@divisor                     cstackCOMRAM 00001B
___lldiv@quotient                    cstackCOMRAM 00001F
___llmod                             text12       00329C
___llmod@counter                     cstackCOMRAM 00002C
___llmod@dividend                    cstackCOMRAM 000024
___llmod@divisor                     cstackCOMRAM 000028
___lltoft                            text11       00330C
___lltoft@c                          cstackCOMRAM 00001F
___lltoft@exp                        cstackCOMRAM 000027
___param_bank                        (abs)        000010
___rparam_used                       (abs)        000001
___sp                                stack        000000
___wmul                              text39       003666
___wmul@multiplicand                 cstackCOMRAM 000027
___wmul@multiplier                   cstackCOMRAM 000025
___wmul@product                      cstackCOMRAM 000029
__accesstop                          (abs)        000060
__activetblptr                       (abs)        000002
__div_to_l_                          text10       0027EC
__div_to_l_@cntr                     cstackCOMRAM 000021
__div_to_l_@exp1                     cstackCOMRAM 000022
__div_to_l_@f1                       cstackCOMRAM 000017
__div_to_l_@f2                       cstackCOMRAM 00001A
__div_to_l_@quot                     cstackCOMRAM 00001D
__end_of_ADC_GetConversionResult     text53       003788
__end_of_ADC_ISR                     text50       001A6E
__end_of_ADC_Initialize              text31       003742
__end_of_ADC_StartConversion         text52       00372A
__end_of_Battery_Convert             text38       002E6E
__end_of_Battery_Fault               text36       002FD0
__end_of_Battery_Get                 text34       003608
__end_of_Battery_Read                text47       003772
__end_of_Delay                       text35       003576
__end_of_EUSART1_Initialize          text30       0034D0
__end_of_EUSART1_Receive_ISR         text49       003638
__end_of_EUSART1_Transmit_ISR        text48       0035A8
__end_of_EUSART1_Write               text4        003494
__end_of_INTERRUPT_Initialize        text29       0037A2
__end_of_INTERRUPT_InterruptManager  intcode      0000AA
__end_of_OSCILLATOR_Initialize       text28       003796
__end_of_PIN_MANAGER_Initialize      text27       00340A
__end_of_RunBypas                    text32       002CF2
__end_of_SYSTEM_Initialize           text24       003710
__end_of_SetBypas                    text33       002F20
__end_of_Set_4051                    text51       003544
__end_of_TMR1_ISR                    text45       003454
__end_of_TMR1_Initialize             text25       0036F6
__end_of_TMR1_StartTimer             text26       0037B0
__end_of_Temp_Convert                text17       00217C
__end_of_Temp_Filter                 text22       0022E6
__end_of_Temp_Read                   text46       00375A
__end_of_Tempeture_Get               text16       0035D8
__end_of___awdiv                     text8        003066
__end_of___awmod                     text7        00329C
__end_of___awtoft                    text42       00350C
__end_of___ftadd                     text23       001CEC
__end_of___ftdiv                     text41       002B3A
__end_of___ftge                      text37       0030FC
__end_of___ftmul                     text40       002A4E
__end_of___ftneg                     text15       0036B2
__end_of___ftpack                    text43       002DB8
__end_of___ftsub                     text21       0033BC
__end_of___fttol                     text14       002438
__end_of___lldiv                     text13       00321A
__end_of___llmod                     text12       00330C
__end_of___lltoft                    text11       00336C
__end_of___wmul                      text39       00368E
__end_of__div_to_l_                  text10       002920
__end_of__initialization             cinit        00365C
__end_of__npowers_                   smallconst   000650
__end_of__powers_                    smallconst   000677
__end_of__tdiv_to_l_                 text9        0026B4
__end_of_dpowers                     smallconst   000629
__end_of_eval_poly                   text20       002C1C
__end_of_frexp                       text19       00318E
__end_of_fround                      text6        001F42
__end_of_isdigit                     text5        0036D4
__end_of_log                         text18       00257A
__end_of_main                        text0        0027EC
__end_of_printf                      text1        001326
__end_of_putch                       text3        0037AC
__end_of_scale                       text2        00174A
__end_oflog@coeff                    smallconst   000692
__initialization                     cinit        003638
__mediumconst                        mediumconst  000000
__npowers_                           smallconst   000629
__pbssBANK0                          bssBANK0     000060
__pbssBANK1                          bssBANK1     000100
__pbssCOMRAM                         bssCOMRAM    00003B
__pcinit                             cinit        003638
__pcstackBANK0                       cstackBANK0  0000BC
__pcstackBANK2                       cstackBANK2  000200
__pcstackCOMRAM                      cstackCOMRAM 000001
__pintcode                           intcode      000008
__pnvCOMRAM                          nvCOMRAM     000047
__powers_                            smallconst   000650
__psmallconst                        smallconst   000600
__ptext0                             text0        0026B4
__ptext1                             text1        0006C8
__ptext10                            text10       0027EC
__ptext11                            text11       00330C
__ptext12                            text12       00329C
__ptext13                            text13       00318E
__ptext14                            text14       0022E6
__ptext15                            text15       00368E
__ptext16                            text16       0035A8
__ptext17                            text17       001F42
__ptext18                            text18       002438
__ptext19                            text19       0030FC
__ptext2                             text2        001326
__ptext20                            text20       002B3A
__ptext21                            text21       00336C
__ptext22                            text22       00217C
__ptext23                            text23       001A6E
__ptext24                            text24       0036F6
__ptext25                            text25       0036D4
__ptext26                            text26       0037AC
__ptext27                            text27       0033BC
__ptext28                            text28       003788
__ptext29                            text29       003796
__ptext3                             text3        0037A2
__ptext30                            text30       003494
__ptext31                            text31       00372A
__ptext32                            text32       002C1C
__ptext33                            text33       002E6E
__ptext34                            text34       0035D8
__ptext35                            text35       003544
__ptext36                            text36       002F20
__ptext37                            text37       003066
__ptext38                            text38       002DB8
__ptext39                            text39       003666
__ptext4                             text4        003454
__ptext40                            text40       002920
__ptext41                            text41       002A4E
__ptext42                            text42       0034D0
__ptext43                            text43       002CF2
__ptext45                            text45       00340A
__ptext46                            text46       003742
__ptext47                            text47       00375A
__ptext48                            text48       003576
__ptext49                            text49       003608
__ptext5                             text5        0036B2
__ptext50                            text50       00174A
__ptext51                            text51       00350C
__ptext52                            text52       003710
__ptext53                            text53       003772
__ptext6                             text6        001CEC
__ptext7                             text7        00321A
__ptext8                             text8        002FD0
__ptext9                             text9        00257A
__ramtop                             ramtop       000600
__size_of_ADC_GetConversionResult    (abs)        000000
__size_of_ADC_ISR                    (abs)        000000
__size_of_ADC_Initialize             (abs)        000000
__size_of_ADC_StartConversion        (abs)        000000
__size_of_Battery_Convert            (abs)        000000
__size_of_Battery_Fault              (abs)        000000
__size_of_Battery_Get                (abs)        000000
__size_of_Battery_Read               (abs)        000000
__size_of_Delay                      (abs)        000000
__size_of_EUSART1_Initialize         (abs)        000000
__size_of_EUSART1_Receive_ISR        (abs)        000000
__size_of_EUSART1_Transmit_ISR       (abs)        000000
__size_of_EUSART1_Write              (abs)        000000
__size_of_INTERRUPT_Initialize       (abs)        000000
__size_of_INTERRUPT_InterruptManager (abs)        000000
__size_of_OSCILLATOR_Initialize      (abs)        000000
__size_of_PIN_MANAGER_Initialize     (abs)        000000
__size_of_RunBypas                   (abs)        000000
__size_of_SYSTEM_Initialize          (abs)        000000
__size_of_SetBypas                   (abs)        000000
__size_of_Set_4051                   (abs)        000000
__size_of_TMR1_ISR                   (abs)        000000
__size_of_TMR1_Initialize            (abs)        000000
__size_of_TMR1_StartTimer            (abs)        000000
__size_of_Temp_Convert               (abs)        000000
__size_of_Temp_Filter                (abs)        000000
__size_of_Temp_Read                  (abs)        000000
__size_of_Tempeture_Get              (abs)        000000
__size_of___awdiv                    (abs)        000000
__size_of___awmod                    (abs)        000000
__size_of___awtoft                   (abs)        000000
__size_of___ftadd                    (abs)        000000
__size_of___ftdiv                    (abs)        000000
__size_of___ftge                     (abs)        000000
__size_of___ftmul                    (abs)        000000
__size_of___ftneg                    (abs)        000000
__size_of___ftpack                   (abs)        000000
__size_of___ftsub                    (abs)        000000
__size_of___fttol                    (abs)        000000
__size_of___lldiv                    (abs)        000000
__size_of___llmod                    (abs)        000000
__size_of___lltoft                   (abs)        000000
__size_of___wmul                     (abs)        000000
__size_of__div_to_l_                 (abs)        000000
__size_of__tdiv_to_l_                (abs)        000000
__size_of_eval_poly                  (abs)        000000
__size_of_frexp                      (abs)        000000
__size_of_fround                     (abs)        000000
__size_of_isdigit                    (abs)        000000
__size_of_log                        (abs)        000000
__size_of_main                       (abs)        000000
__size_of_printf                     (abs)        000000
__size_of_putch                      (abs)        000000
__size_of_scale                      (abs)        000000
__smallconst                         smallconst   000600
__tdiv_to_l_                         text9        00257A
__tdiv_to_l_@cntr                    cstackCOMRAM 000024
__tdiv_to_l_@exp1                    cstackCOMRAM 000025
__tdiv_to_l_@f1                      cstackCOMRAM 000017
__tdiv_to_l_@f2                      cstackCOMRAM 00001A
__tdiv_to_l_@quot                    cstackCOMRAM 000020
_dpowers                             smallconst   000601
_errno                               bssBANK0     0000A6
_eusart1RxBuffer                     bssBANK0     000092
_eusart1RxCount                      bssCOMRAM    000042
_eusart1RxHead                       bssCOMRAM    000043
_eusart1RxTail                       bssCOMRAM    000044
_eusart1TxBuffer                     bssBANK0     00009A
_eusart1TxBufferRemaining            nvCOMRAM     000049
_eusart1TxHead                       bssCOMRAM    000045
_eusart1TxTail                       bssCOMRAM    000046
_eval_poly                           text20       002B3A
_frexp                               text19       0030FC
_fround                              text6        001CEC
_fround$1740                         cstackBANK0  0000C8
_fround$1741                         cstackBANK0  0000C5
_isdigit                             text5        0036B2
_isdigit$1357                        cstackCOMRAM 000018
_log                                 text18       002438
_main                                text0        0026B4
_printf                              text1        0006C8
_printf$1743                         cstackBANK2  000200
_putch                               text3        0037A2
_scale                               text2        001326
_scale$1742                          cstackBANK0  0000C5
_timer1ReloadVal                     nvCOMRAM     000047
end_of_initialization                cinit        00365C
eval_poly@d                          cstackBANK0  0000DB
eval_poly@n                          cstackBANK0  0000DD
eval_poly@res                        cstackBANK0  0000E1
eval_poly@x                          cstackBANK0  0000D8
frexp@eptr                           cstackCOMRAM 00001A
frexp@value                          cstackCOMRAM 000017
fround@prec                          cstackBANK0  0000CB
intlevel0                            text         000000
intlevel1                            text         000000
intlevel2                            text         000000
intlevel3                            text         000000
isdigit@c                            cstackCOMRAM 000019
log@coeff                            smallconst   000677
log@exponent                         cstackBANK0  0000E7
log@x                                cstackBANK0  0000E4
main@x                               cstackBANK0  0000F9
main@x_966                           cstackBANK0  0000FB
printf@ap                            cstackBANK2  000203
printf@c                             cstackBANK2  000218
printf@exp                           cstackBANK2  00020D
printf@f                             cstackBANK0  0000DE
printf@flag                          cstackBANK2  00020F
printf@fval                          cstackBANK2  000213
printf@prec                          cstackBANK2  000216
printf@tmpval                        cstackBANK2  000205
printf@val                           cstackBANK2  000209
printf@width                         cstackBANK2  000211
putch@txData                         cstackCOMRAM 000018
scale@scl                            cstackBANK0  0000C8
stackhi                              (abs)        0005FF
stacklo                              (abs)        000219
start                                init         0000AA
start_initialization                 cinit        003638


FUNCTION INFORMATION:

 *************** function _main *****************
 Defined at:
		line 33 in file "Main.c"
 Parameters:    Size  Location     Type
  argc            2   56[BANK0 ] int 
  argv            3   58[BANK0 ] PTR PTR unsigned char 
 Auto vars:     Size  Location     Type
  x               2   63[BANK0 ] int 
  x               2   61[BANK0 ] int 
 Return value:  Size  Location     Type
                  2   56[BANK0 ] int 
 Registers used:
		wreg, fsr1l, fsr1h, fsr2l, fsr2h, status,2, status,0, tblptrl, tblptrh, tblptru, prodl, prodh, cstack
 Tracked objects:
		On entry : 
		On exit  : 
		Unchanged: 
 Data sizes:     COMRAM   BANK0   BANK1   BANK2   BANK3   BANK4   BANK5
      Params:         0       5       0       0       0       0       0
      Locals:         0       4       0       0       0       0       0
      Temps:          0       0       0       0       0       0       0
      Totals:         0       9       0       0       0       0       0
Total ram usage:        9 bytes
 Hardware stack levels required when called:    9
 This function calls:
		_Battery_Convert
		_Battery_Fault
		_Battery_Get
		_Delay
		_RunBypas
		_SYSTEM_Initialize
		_Temp_Convert
		_Tempeture_Get
		_printf
 This function is called by:
		Startup code after reset
 This function uses a non-reentrant model


 *************** function _printf *****************
 Defined at:
		line 464 in file "C:\Program Files (x86)\Microchip\xc8\v1.34\sources\common\doprnt.c"
 Parameters:    Size  Location     Type
  f               2   34[BANK0 ] PTR const unsigned char 
		 -> STR_2(23), STR_1(29), 
 Auto vars:     Size  Location     Type
  val             4    9[BANK2 ] unsigned long 
  tmpval          4    5[BANK2 ] struct .
  fval            3   19[BANK2 ] struct .
  cp              3    0        PTR const unsigned char 
  prec            2   22[BANK2 ] int 
  width           2   17[BANK2 ] int 
  flag            2   15[BANK2 ] unsigned short 
  exp             2   13[BANK2 ] int 
  ap              2    3[BANK2 ] PTR void [1]
		 -> ?_printf(2), 
  len             2    0        unsigned int 
  c               1   24[BANK2 ] char 
  d               1    0        unsigned char 
 Return value:  Size  Location     Type
                  2   34[BANK0 ] int 
 Registers used:
		wreg, fsr2l, fsr2h, status,2, status,0, tblptrl, tblptrh, tblptru, prodl, prodh, cstack
 Tracked objects:
		On entry : 
		On exit  : 
		Unchanged: 
 Data sizes:     COMRAM   BANK0   BANK1   BANK2   BANK3   BANK4   BANK5
      Params:         0       7       0       0       0       0       0
      Locals:         0       0       0      25       0       0       0
      Temps:          0       6       0       0       0       0       0
      Totals:         0      13       0      25       0       0       0
Total ram usage:       38 bytes
 Hardware stack levels used:    1
 Hardware stack levels required when called:    7
 This function calls:
		___awdiv
		___ftadd
		___ftge
		___ftmul
		___ftneg
		___ftsub
		___fttol
		___lldiv
		___llmod
		___lltoft
		___wmul
		__div_to_l_
		__tdiv_to_l_
		_fround
		_isdigit
		_putch
		_scale
 This function is called by:
		_main
 This function uses a non-reentrant model


 *************** function _scale *****************
 Defined at:
		line 425 in file "C:\Program Files (x86)\Microchip\xc8\v1.34\sources\common\doprnt.c"
 Parameters:    Size  Location     Type
  scl             1    wreg     char 
 Auto vars:     Size  Location     Type
  scl             1   12[BANK0 ] char 
 Return value:  Size  Location     Type
                  3    6[BANK0 ] char 
 Registers used:
		wreg, status,2, status,0, tblptrl, tblptrh, tblptru, prodl, prodh, cstack
 Tracked objects:
		On entry : 
		On exit  : 
		Unchanged: 
 Data sizes:     COMRAM   BANK0   BANK1   BANK2   BANK3   BANK4   BANK5
      Params:         0       3       0       0       0       0       0
      Locals:         0       4       0       0       0       0       0
      Temps:          0       0       0       0       0       0       0
      Totals:         0       7       0       0       0       0       0
Total ram usage:        7 bytes
 Hardware stack levels used:    1
 Hardware stack levels required when called:    6
 This function calls:
		___awdiv
		___awmod
		___ftmul
		___wmul
 This function is called by:
		_printf
 This function uses a non-reentrant model


 *************** function _putch *****************
 Defined at:
		line 168 in file "mcc_generated_files/eusart1.c"
 Parameters:    Size  Location     Type
  txData          1    wreg     unsigned char 
 Auto vars:     Size  Location     Type
  txData          1   23[COMRAM] unsigned char 
 Return value:  Size  Location     Type
		None               void
 Registers used:
		wreg, fsr2l, fsr2h, status,2, status,0, prodl, prodh, cstack
 Tracked objects:
		On entry : 
		On exit  : 
		Unchanged: 
 Data sizes:     COMRAM   BANK0   BANK1   BANK2   BANK3   BANK4   BANK5
      Params:         0       0       0       0       0       0       0
      Locals:         1       0       0       0       0       0       0
      Temps:          0       0       0       0       0       0       0
      Totals:         1       0       0       0       0       0       0
Total ram usage:        1 bytes
 Hardware stack levels used:    1
 Hardware stack levels required when called:    5
 This function calls:
		_EUSART1_Write
 This function is called by:
		_printf
 This function uses a non-reentrant model


 *************** function _EUSART1_Write *****************
 Defined at:
		line 140 in file "mcc_generated_files/eusart1.c"
 Parameters:    Size  Location     Type
  txData          1    wreg     unsigned char 
 Auto vars:     Size  Location     Type
  txData          1   22[COMRAM] unsigned char 
 Return value:  Size  Location     Type
		None               void
 Registers used:
		wreg, fsr2l, fsr2h, status,2, status,0, prodl, prodh
 Tracked objects:
		On entry : 
		On exit  : 
		Unchanged: 
 Data sizes:     COMRAM   BANK0   BANK1   BANK2   BANK3   BANK4   BANK5
      Params:         0       0       0       0       0       0       0
      Locals:         1       0       0       0       0       0       0
      Temps:          0       0       0       0       0       0       0
      Totals:         1       0       0       0       0       0       0
Total ram usage:        1 bytes
 Hardware stack levels used:    1
 Hardware stack levels required when called:    4
 This function calls:
		Nothing
 This function is called by:
		_putch
 This function uses a non-reentrant model


 *************** function _isdigit *****************
 Defined at:
		line 8 in file "C:\Program Files (x86)\Microchip\xc8\v1.34\sources\common\isdigit.c"
 Parameters:    Size  Location     Type
  c               1    wreg     unsigned char 
 Auto vars:     Size  Location     Type
  c               1   24[COMRAM] unsigned char 
 Return value:  Size  Location     Type
		None               void
 Registers used:
		wreg, status,2, status,0
 Tracked objects:
		On entry : 
		On exit  : 
		Unchanged: 
 Data sizes:     COMRAM   BANK0   BANK1   BANK2   BANK3   BANK4   BANK5
      Params:         0       0       0       0       0       0       0
      Locals:         2       0       0       0       0       0       0
      Temps:          1       0       0       0       0       0       0
      Totals:         3       0       0       0       0       0       0
Total ram usage:        3 bytes
 Hardware stack levels used:    1
 Hardware stack levels required when called:    4
 This function calls:
		Nothing
 This function is called by:
		_printf
 This function uses a non-reentrant model


 *************** function _fround *****************
 Defined at:
		line 409 in file "C:\Program Files (x86)\Microchip\xc8\v1.34\sources\common\doprnt.c"
 Parameters:    Size  Location     Type
  prec            1    wreg     unsigned char 
 Auto vars:     Size  Location     Type
  prec            1   15[BANK0 ] unsigned char 
 Return value:  Size  Location     Type
                  3    6[BANK0 ] unsigned char 
 Registers used:
		wreg, status,2, status,0, tblptrl, tblptrh, tblptru, prodl, prodh, cstack
 Tracked objects:
		On entry : 
		On exit  : 
		Unchanged: 
 Data sizes:     COMRAM   BANK0   BANK1   BANK2   BANK3   BANK4   BANK5
      Params:         0       3       0       0       0       0       0
      Locals:         0       7       0       0       0       0       0
      Temps:          0       0       0       0       0       0       0
      Totals:         0      10       0       0       0       0       0
Total ram usage:       10 bytes
 Hardware stack levels used:    1
 Hardware stack levels required when called:    6
 This function calls:
		___awdiv
		___awmod
		___ftmul
		___wmul
 This function is called by:
		_printf
 This function uses a non-reentrant model


 *************** function ___awmod *****************
 Defined at:
		line 8 in file "C:\Program Files (x86)\Microchip\xc8\v1.34\sources\common\awmod.c"
 Parameters:    Size  Location     Type
  dividend        2   22[COMRAM] int 
  divisor         2   24[COMRAM] int 
 Auto vars:     Size  Location     Type
  sign            1   27[COMRAM] unsigned char 
  counter         1   26[COMRAM] unsigned char 
 Return value:  Size  Location     Type
                  2   22[COMRAM] int 
 Registers used:
		wreg, status,2, status,0
 Tracked objects:
		On entry : 
		On exit  : 
		Unchanged: 
 Data sizes:     COMRAM   BANK0   BANK1   BANK2   BANK3   BANK4   BANK5
      Params:         4       0       0       0       0       0       0
      Locals:         2       0       0       0       0       0       0
      Temps:          0       0       0       0       0       0       0
      Totals:         6       0       0       0       0       0       0
Total ram usage:        6 bytes
 Hardware stack levels used:    1
 Hardware stack levels required when called:    4
 This function calls:
		Nothing
 This function is called by:
		_fround
		_scale
 This function uses a non-reentrant model


 *************** function ___awdiv *****************
 Defined at:
		line 8 in file "C:\Program Files (x86)\Microchip\xc8\v1.34\sources\common\awdiv.c"
 Parameters:    Size  Location     Type
  dividend        2   28[COMRAM] int 
  divisor         2   30[COMRAM] int 
 Auto vars:     Size  Location     Type
  quotient        2   34[COMRAM] int 
  sign            1   33[COMRAM] unsigned char 
  counter         1   32[COMRAM] unsigned char 
 Return value:  Size  Location     Type
                  2   28[COMRAM] int 
 Registers used:
		wreg, status,2, status,0
 Tracked objects:
		On entry : 
		On exit  : 
		Unchanged: 
 Data sizes:     COMRAM   BANK0   BANK1   BANK2   BANK3   BANK4   BANK5
      Params:         4       0       0       0       0       0       0
      Locals:         4       0       0       0       0       0       0
      Temps:          0       0       0       0       0       0       0
      Totals:         8       0       0       0       0       0       0
Total ram usage:        8 bytes
 Hardware stack levels used:    1
 Hardware stack levels required when called:    4
 This function calls:
		Nothing
 This function is called by:
		_fround
		_scale
		_printf
		_Current_Convert
 This function uses a non-reentrant model


 *************** function __tdiv_to_l_ *****************
 Defined at:
		line 60 in file "C:\Program Files (x86)\Microchip\xc8\v1.34\sources\common\ftdivl.c"
 Parameters:    Size  Location     Type
  f1              3   22[COMRAM] float 
  f2              3   25[COMRAM] float 
 Auto vars:     Size  Location     Type
  quot            4   31[COMRAM] unsigned long 
  exp1            1   36[COMRAM] unsigned char 
  cntr            1   35[COMRAM] unsigned char 
 Return value:  Size  Location     Type
                  4   22[COMRAM] unsigned long 
 Registers used:
		wreg, status,2, status,0
 Tracked objects:
		On entry : 
		On exit  : 
		Unchanged: 
 Data sizes:     COMRAM   BANK0   BANK1   BANK2   BANK3   BANK4   BANK5
      Params:         6       0       0       0       0       0       0
      Locals:         6       0       0       0       0       0       0
      Temps:          3       0       0       0       0       0       0
      Totals:        15       0       0       0       0       0       0
Total ram usage:       15 bytes
 Hardware stack levels used:    1
 Hardware stack levels required when called:    4
 This function calls:
		Nothing
 This function is called by:
		_printf
 This function uses a non-reentrant model


 *************** function __div_to_l_ *****************
 Defined at:
		line 60 in file "C:\Program Files (x86)\Microchip\xc8\v1.34\sources\common\fldivl.c"
 Parameters:    Size  Location     Type
  f1              3   22[COMRAM] unsigned long 
  f2              3   25[COMRAM] unsigned long 
 Auto vars:     Size  Location     Type
  quot            4   28[COMRAM] unsigned long 
  exp1            1   33[COMRAM] unsigned char 
  cntr            1   32[COMRAM] unsigned char 
 Return value:  Size  Location     Type
                  4   22[COMRAM] unsigned long 
 Registers used:
		wreg, status,2, status,0
 Tracked objects:
		On entry : 
		On exit  : 
		Unchanged: 
 Data sizes:     COMRAM   BANK0   BANK1   BANK2   BANK3   BANK4   BANK5
      Params:         6       0       0       0       0       0       0
      Locals:         6       0       0       0       0       0       0
      Temps:          0       0       0       0       0       0       0
      Totals:        12       0       0       0       0       0       0
Total ram usage:       12 bytes
 Hardware stack levels used:    1
 Hardware stack levels required when called:    4
 This function calls:
		Nothing
 This function is called by:
		_printf
 This function uses a non-reentrant model


 *************** function ___lltoft *****************
 Defined at:
		line 35 in file "C:\Program Files (x86)\Microchip\xc8\v1.34\sources\common\lltoft.c"
 Parameters:    Size  Location     Type
  c               4   30[COMRAM] unsigned long 
 Auto vars:     Size  Location     Type
  exp             1   38[COMRAM] unsigned char 
 Return value:  Size  Location     Type
                  3   30[COMRAM] float 
 Registers used:
		wreg, status,2, status,0, cstack
 Tracked objects:
		On entry : 
		On exit  : 
		Unchanged: 
 Data sizes:     COMRAM   BANK0   BANK1   BANK2   BANK3   BANK4   BANK5
      Params:         4       0       0       0       0       0       0
      Locals:         1       0       0       0       0       0       0
      Temps:          4       0       0       0       0       0       0
      Totals:         9       0       0       0       0       0       0
Total ram usage:        9 bytes
 Hardware stack levels used:    1
 Hardware stack levels required when called:    5
 This function calls:
		___ftpack
 This function is called by:
		_printf
 This function uses a non-reentrant model


 *************** function ___llmod *****************
 Defined at:
		line 8 in file "C:\Program Files (x86)\Microchip\xc8\v1.34\sources\common\llmod.c"
 Parameters:    Size  Location     Type
  dividend        4   35[COMRAM] unsigned long 
  divisor         4   39[COMRAM] unsigned long 
 Auto vars:     Size  Location     Type
  counter         1   43[COMRAM] unsigned char 
 Return value:  Size  Location     Type
                  4   35[COMRAM] unsigned long 
 Registers used:
		wreg, status,2, status,0
 Tracked objects:
		On entry : 
		On exit  : 
		Unchanged: 
 Data sizes:     COMRAM   BANK0   BANK1   BANK2   BANK3   BANK4   BANK5
      Params:         8       0       0       0       0       0       0
      Locals:         1       0       0       0       0       0       0
      Temps:          0       0       0       0       0       0       0
      Totals:         9       0       0       0       0       0       0
Total ram usage:        9 bytes
 Hardware stack levels used:    1
 Hardware stack levels required when called:    4
 This function calls:
		Nothing
 This function is called by:
		_printf
 This function uses a non-reentrant model


 *************** function ___lldiv *****************
 Defined at:
		line 8 in file "C:\Program Files (x86)\Microchip\xc8\v1.34\sources\common\lldiv.c"
 Parameters:    Size  Location     Type
  dividend        4   22[COMRAM] unsigned long 
  divisor         4   26[COMRAM] unsigned long 
 Auto vars:     Size  Location     Type
  quotient        4   30[COMRAM] unsigned long 
  counter         1   34[COMRAM] unsigned char 
 Return value:  Size  Location     Type
                  4   22[COMRAM] unsigned long 
 Registers used:
		wreg, status,2, status,0
 Tracked objects:
		On entry : 
		On exit  : 
		Unchanged: 
 Data sizes:     COMRAM   BANK0   BANK1   BANK2   BANK3   BANK4   BANK5
      Params:         8       0       0       0       0       0       0
      Locals:         5       0       0       0       0       0       0
      Temps:          0       0       0       0       0       0       0
      Totals:        13       0       0       0       0       0       0
Total ram usage:       13 bytes
 Hardware stack levels used:    1
 Hardware stack levels required when called:    4
 This function calls:
		Nothing
 This function is called by:
		_printf
 This function uses a non-reentrant model


 *************** function ___fttol *****************
 Defined at:
		line 44 in file "C:\Program Files (x86)\Microchip\xc8\v1.34\sources\common\fttol.c"
 Parameters:    Size  Location     Type
  f1              3   13[BANK0 ] float 
 Auto vars:     Size  Location     Type
  lval            4   23[BANK0 ] unsigned long 
  exp1            1   27[BANK0 ] unsigned char 
  sign1           1   22[BANK0 ] unsigned char 
 Return value:  Size  Location     Type
                  4   13[BANK0 ] long 
 Registers used:
		wreg, status,2, status,0
 Tracked objects:
		On entry : 
		On exit  : 
		Unchanged: 
 Data sizes:     COMRAM   BANK0   BANK1   BANK2   BANK3   BANK4   BANK5
      Params:         0       4       0       0       0       0       0
      Locals:         0       6       0       0       0       0       0
      Temps:          0       5       0       0       0       0       0
      Totals:         0      15       0       0       0       0       0
Total ram usage:       15 bytes
 Hardware stack levels used:    1
 Hardware stack levels required when called:    4
 This function calls:
		Nothing
 This function is called by:
		_printf
 This function uses a non-reentrant model


 *************** function ___ftneg *****************
 Defined at:
		line 15 in file "C:\Program Files (x86)\Microchip\xc8\v1.34\sources\common\ftneg.c"
 Parameters:    Size  Location     Type
  f1              3   22[COMRAM] float 
 Auto vars:     Size  Location     Type
		None
[...]
 Parameters:    Size  Location     Type
  c               2   30[COMRAM] int 
 Auto vars:     Size  Location     Type
  sign            1   33[COMRAM] unsigned char 
 Return value:  Size  Location     Type
                  3   30[COMRAM] float 
 Registers used:
		wreg, status,2, status,0, cstack
 Tracked objects:
		On entry : 
		On exit  : 
		Unchanged: 
 Data sizes:     COMRAM   BANK0   BANK1   BANK2   BANK3   BANK4   BANK5
      Params:         3       0       0       0       0       0       0
      Locals:         1       0       0       0       0       0       0
      Temps:          0       0       0       0       0       0       0
      Totals:         4       0       0       0       0       0       0
Total ram usage:        4 bytes
 Hardware stack levels used:    1
 Hardware stack levels required when called:    5
 This function calls:
		___ftpack
 This function is called by:
		_Battery_Convert
		_Temp_Convert
		_log
		_Current_Convert
 This function uses a non-reentrant model


 *************** function ___ftpack *****************
 Defined at:
		line 62 in file "C:\Program Files (x86)\Microchip\xc8\v1.34\sources\common\float.c"
 Parameters:    Size  Location     Type
  arg             3   22[COMRAM] unsigned um
  exp             1   25[COMRAM] unsigned char 
  sign            1   26[COMRAM] unsigned char 
 Auto vars:     Size  Location     Type
		None
 Return value:  Size  Location     Type
                  3   22[COMRAM] float 
 Registers used:
		wreg, status,2, status,0
 Tracked objects:
		On entry : 
		On exit  : 
		Unchanged: 
 Data sizes:     COMRAM   BANK0   BANK1   BANK2   BANK3   BANK4   BANK5
      Params:         5       0       0       0       0       0       0
      Locals:         0       0       0       0       0       0       0
      Temps:          3       0       0       0       0       0       0
      Totals:         8       0       0       0       0       0       0
Total ram usage:        8 bytes
 Hardware stack levels used:    1
 Hardware stack levels required when called:    4
 This function calls:
		Nothing
 This function is called by:
		___awtoft
		___ftadd
		___ftdiv
		___ftmul
		___lltoft
 This function uses a non-reentrant model


 *************** function _INTERRUPT_InterruptManager *****************
 Defined at:
		line 69 in file "mcc_generated_files/interrupt_manager.c"
 Parameters:    Size  Location     Type
		None
 Auto vars:     Size  Location     Type
		None
 Return value:  Size  Location     Type
		None               void
 Registers used:
		wreg, fsr2l, fsr2h, status,2, status,0, prodl, prodh, cstack
 Tracked objects:
		On entry : 
		On exit  : 
		Unchanged: 
 Data sizes:     COMRAM   BANK0   BANK1   BANK2   BANK3   BANK4   BANK5
      Params:         0       0       0       0       0       0       0
      Locals:         0       0       0       0       0       0       0
      Temps:         14       0       0       0       0       0       0
      Totals:        14       0       0       0       0       0       0
Total ram usage:       14 bytes
 Hardware stack levels used:    1
 Hardware stack levels required when called:    3
 This function calls:
		_ADC_ISR
		_EUSART1_Receive_ISR
		_EUSART1_Transmit_ISR
		_TMR1_ISR
 This function is called by:
		Interrupt level 2
 This function uses a non-reentrant model


 *************** function _TMR1_ISR *****************
 Defined at:
		line 117 in file "mcc_generated_files/tmr1.c"
 Parameters:    Size  Location     Type
		None
 Auto vars:     Size  Location     Type
		None
 Return value:  Size  Location     Type
		None               void
 Registers used:
		wreg, status,2, status,0, cstack
 Tracked objects:
		On entry : 
		On exit  : 
		Unchanged: 
 Data sizes:     COMRAM   BANK0   BANK1   BANK2   BANK3   BANK4   BANK5
      Params:         0       0       0       0       0       0       0
      Locals:         0       0       0       0       0       0       0
      Temps:          0       0       0       0       0       0       0
      Totals:         0       0       0       0       0       0       0
Total ram usage:        0 bytes
 Hardware stack levels used:    1
 Hardware stack levels required when called:    2
 This function calls:
		_Battery_Read
		_Temp_Read
 This function is called by:
		_INTERRUPT_InterruptManager
 This function uses a non-reentrant model


 *************** function _Temp_Read *****************
 Defined at:
		line 27 in file "Tempeture.c"
 Parameters:    Size  Location     Type
		None
 Auto vars:     Size  Location     Type
		None
 Return value:  Size  Location     Type
		None               void
 Registers used:
		wreg, status,2, status,0, cstack
 Tracked objects:
		On entry : 
		On exit  : 
		Unchanged: 
 Data sizes:     COMRAM   BANK0   BANK1   BANK2   BANK3   BANK4   BANK5
      Params:         0       0       0       0       0       0       0
      Locals:         0       0       0       0       0       0       0
      Temps:          0       0       0       0       0       0       0
      Totals:         0       0       0       0       0       0       0
Total ram usage:        0 bytes
 Hardware stack levels used:    1
 Hardware stack levels required when called:    1
 This function calls:
		_ADC_StartConversion
 This function is called by:
		_TMR1_ISR
 This function uses a non-reentrant model


 *************** function _Battery_Read *****************
 Defined at:
		line 24 in file "Battery.c"
 Parameters:    Size  Location     Type
		None
 Auto vars:     Size  Location     Type
		None
 Return value:  Size  Location     Type
		None               void
 Registers used:
		wreg, status,2, status,0, cstack
 Tracked objects:
		On entry : 
		On exit  : 
		Unchanged: 
 Data sizes:     COMRAM   BANK0   BANK1   BANK2   BANK3   BANK4   BANK5
      Params:         0       0       0       0       0       0       0
      Locals:         0       0       0       0       0       0       0
      Temps:          0       0       0       0       0       0       0
      Totals:         0       0       0       0       0       0       0
Total ram usage:        0 bytes
 Hardware stack levels used:    1
 Hardware stack levels required when called:    1
 This function calls:
		_ADC_StartConversion
 This function is called by:
		_TMR1_ISR
 This function uses a non-reentrant model


 *************** function _EUSART1_Transmit_ISR *****************
 Defined at:
		line 173 in file "mcc_generated_files/eusart1.c"
 Parameters:    Size  Location     Type
		None
 Auto vars:     Size  Location     Type
		None
 Return value:  Size  Location     Type
		None               void
 Registers used:
		wreg, fsr2l, fsr2h, status,2, status,0, prodl, prodh
 Tracked objects:
		On entry : 
		On exit  : 
		Unchanged: 
 Data sizes:     COMRAM   BANK0   BANK1   BANK2   BANK3   BANK4   BANK5
      Params:         0       0       0       0       0       0       0
      Locals:         0       0       0       0       0       0       0
      Temps:          0       0       0       0       0       0       0
      Totals:         0       0       0       0       0       0       0
Total ram usage:        0 bytes
 Hardware stack levels used:    1
 This function calls:
		Nothing
 This function is called by:
		_INTERRUPT_InterruptManager
 This function uses a non-reentrant model


 *************** function _EUSART1_Receive_ISR *****************
 Defined at:
		line 192 in file "mcc_generated_files/eusart1.c"
 Parameters:    Size  Location     Type
		None
 Auto vars:     Size  Location     Type
		None
 Return value:  Size  Location     Type
		None               void
 Registers used:
		wreg, fsr2l, fsr2h, status,2, status,0, prodl, prodh
 Tracked objects:
		On entry : 
		On exit  : 
		Unchanged: 
 Data sizes:     COMRAM   BANK0   BANK1   BANK2   BANK3   BANK4   BANK5
      Params:         0       0       0       0       0       0       0
      Locals:         0       0       0       0       0       0       0
      Temps:          0       0       0       0       0       0       0
      Totals:         0       0       0       0       0       0       0
Total ram usage:        0 bytes
 Hardware stack levels used:    1
 This function calls:
		Nothing
 This function is called by:
		_INTERRUPT_InterruptManager
 This function uses a non-reentrant model


 *************** function _ADC_ISR *****************
 Defined at:
		line 86 in file "mcc_generated_files/adc.c"
 Parameters:    Size  Location     Type
		None
 Auto vars:     Size  Location     Type
  ADC_Result      2    6[COMRAM] int 
 Return value:  Size  Location     Type
		None               void
 Registers used:
		wreg, fsr2l, fsr2h, status,2, status,0, cstack
 Tracked objects:
		On entry : 
		On exit  : 
		Unchanged: 
 Data sizes:     COMRAM   BANK0   BANK1   BANK2   BANK3   BANK4   BANK5
      Params:         0       0       0       0       0       0       0
      Locals:         2       0       0       0       0       0       0
      Temps:          2       0       0       0       0       0       0
      Totals:         4       0       0       0       0       0       0
Total ram usage:        4 bytes
 Hardware stack levels used:    1
 Hardware stack levels required when called:    1
 This function calls:
		_ADC_GetConversionResult
		_ADC_StartConversion
		_Set_4051
 This function is called by:
		_INTERRUPT_InterruptManager
 This function uses a non-reentrant model


 *************** function _Set_4051 *****************
 Defined at:
		line 8 in file "Functions.c"
 Parameters:    Size  Location     Type
  Channel         2    0[COMRAM] int 
 Auto vars:     Size  Location     Type
		None
 Return value:  Size  Location     Type
		None               void
 Registers used:
		wreg, status,2, status,0
 Tracked objects:
		On entry : 
		On exit  : 
		Unchanged: 
 Data sizes:     COMRAM   BANK0   BANK1   BANK2   BANK3   BANK4   BANK5
      Params:         2       0       0       0       0       0       0
      Locals:         0       0       0       0       0       0       0
      Temps:          2       0       0       0       0       0       0
      Totals:         4       0       0       0       0       0       0
Total ram usage:        4 bytes
 Hardware stack levels used:    1
 This function calls:
		Nothing
 This function is called by:
		_ADC_ISR
 This function uses a non-reentrant model


 *************** function _ADC_StartConversion *****************
 Defined at:
		line 40 in file "mcc_generated_files/adc.c"
 Parameters:    Size  Location     Type
  channel         1    wreg     enum E8837
 Auto vars:     Size  Location     Type
  channel         1    1[COMRAM] enum E8837
 Return value:  Size  Location     Type
		None               void
 Registers used:
		wreg, status,2, status,0
 Tracked objects:
		On entry : 
		On exit  : 
		Unchanged: 
 Data sizes:     COMRAM   BANK0   BANK1   BANK2   BANK3   BANK4   BANK5
      Params:         0       0       0       0       0       0       0
      Locals:         1       0       0       0       0       0       0
      Temps:          1       0       0       0       0       0       0
      Totals:         2       0       0       0       0       0       0
Total ram usage:        2 bytes
 Hardware stack levels used:    1
 This function calls:
		Nothing
 This function is called by:
		_ADC_ISR
		_Battery_Read
		_Temp_Read
		_Current_Read
 This function uses a non-reentrant model


 *************** function _ADC_GetConversionResult *****************
 Defined at:
		line 59 in file "mcc_generated_files/adc.c"
 Parameters:    Size  Location     Type
		None
 Auto vars:     Size  Location     Type
		None
 Return value:  Size  Location     Type
                  2    0[COMRAM] unsigned int 
 Registers used:
		wreg, status,2, status,0
 Tracked objects:
		On entry : 
		On exit  : 
		Unchanged: 
 Data sizes:     COMRAM   BANK0   BANK1   BANK2   BANK3   BANK4   BANK5
      Params:         2       0       0       0       0       0       0
      Locals:         0       0       0       0       0       0       0
      Temps:          2       0       0       0       0       0       0
      Totals:         4       0       0       0       0       0       0
Total ram usage:        4 bytes
 Hardware stack levels used:    1
 This function calls:
		Nothing
 This function is called by:
		_ADC_ISR
 This function uses a non-reentrant model



MODULE INFORMATION

Module		Function		Class		Link	Load	Size
C:\Program Files (x86)\Microchip\xc8\v1.34\sources\common\ftge.c
		___ftge        		CODE           	3066	0000	151

C:\Program Files (x86)\Microchip\xc8\v1.34\sources\common\ftge.c estimated size: 151

C:\Program Files (x86)\Microchip\xc8\v1.34\sources\common\ftdivl.c
		__tdiv_to_l_   		CODE           	257A	0000	315

C:\Program Files (x86)\Microchip\xc8\v1.34\sources\common\ftdivl.c estimated size: 315

C:\Program Files (x86)\Microchip\xc8\v1.34\sources\common\ftneg.c
		___ftneg       		CODE           	368E	0000	37

C:\Program Files (x86)\Microchip\xc8\v1.34\sources\common\ftneg.c estimated size: 37

mcc_generated_files/interrupt_manager.c
		_INTERRUPT_Init		CODE           	3796	0000	13
		_INTERRUPT_Inte		CODE           	0008	0000	163

mcc_generated_files/interrupt_manager.c estimated size: 176

C:\Program Files (x86)\Microchip\xc8\v1.34\sources\common\fldivl.c
		__div_to_l_    		CODE           	27EC	0000	309

C:\Program Files (x86)\Microchip\xc8\v1.34\sources\common\fldivl.c estimated size: 309

C:\Program Files (x86)\Microchip\xc8\v1.34\sources\common\ftsub.c
		___ftsub       		CODE           	336C	0000	81

C:\Program Files (x86)\Microchip\xc8\v1.34\sources\common\ftsub.c estimated size: 81

C:\Program Files (x86)\Microchip\xc8\v1.34\sources\common\float.c
		___ftpack      		CODE           	2CF2	0000	199

C:\Program Files (x86)\Microchip\xc8\v1.34\sources\common\float.c estimated size: 199

mcc_generated_files/pin_manager.c
		_PIN_MANAGER_In		CODE           	33BC	0000	79

mcc_generated_files/pin_manager.c estimated size: 79

C:\Program Files (x86)\Microchip\xc8\v1.34\sources\common\evalpoly.c
		_eval_poly     		CODE           	2B3A	0000	227

C:\Program Files (x86)\Microchip\xc8\v1.34\sources\common\evalpoly.c estimated size: 227

C:\Program Files (x86)\Microchip\xc8\v1.34\sources\common\awmod.c
		___awmod       		CODE           	321A	0000	131

C:\Program Files (x86)\Microchip\xc8\v1.34\sources\common\awmod.c estimated size: 131

C:\Program Files (x86)\Microchip\xc8\v1.34\sources\common\llmod.c
		___llmod       		CODE           	329C	0000	113

C:\Program Files (x86)\Microchip\xc8\v1.34\sources\common\llmod.c estimated size: 113

Tempeture.c
		_Temp_Filter   		CODE           	217C	0000	363
		_Temp_Convert  		CODE           	1F42	0000	571
		_Tempeture_Get 		CODE           	35A8	0000	49
		_Temp_Read     		CODE           	3742	0000	25

Tempeture.c estimated size: 1008

Bypass.c
		_SetBypas      		CODE           	2E6E	0000	179
		_RunBypas      		CODE           	2C1C	0000	215

Bypass.c estimated size: 394

C:\Program Files (x86)\Microchip\xc8\v1.34\sources\common\awtoft.c
		___awtoft      		CODE           	34D0	0000	61

C:\Program Files (x86)\Microchip\xc8\v1.34\sources\common\awtoft.c estimated size: 61

mcc_generated_files/adc.c
		_ADC_Initialize		CODE           	372A	0000	25
		_ADC_GetConvers		CODE           	3772	0000	23
		_ADC_StartConve		CODE           	3710	0000	27
		_ADC_ISR       		CODE           	174A	0000	805

mcc_generated_files/adc.c estimated size: 880

C:\Program Files (x86)\Microchip\xc8\v1.34\sources\common\frexp.c
		_frexp         		CODE           	30FC	0000	147

C:\Program Files (x86)\Microchip\xc8\v1.34\sources\common\frexp.c estimated size: 147

C:\Program Files (x86)\Microchip\xc8\v1.34\sources\common\ftmul.c
		___ftmul       		CODE           	2920	0000	303

C:\Program Files (x86)\Microchip\xc8\v1.34\sources\common\ftmul.c estimated size: 303

Functions.c
		_Set_4051      		CODE           	350C	0000	57
		_Delay         		CODE           	3544	0000	51

Functions.c estimated size: 108

C:\Program Files (x86)\Microchip\xc8\v1.34\sources\common\isdigit.c
		_isdigit       		CODE           	36B2	0000	35

C:\Program Files (x86)\Microchip\xc8\v1.34\sources\common\isdigit.c estimated size: 35

Main.c
		_main          		CODE           	26B4	0000	313

Main.c estimated size: 313

C:\Program Files (x86)\Microchip\xc8\v1.34\sources\common\ftdiv.c
		___ftdiv       		CODE           	2A4E	0000	237

C:\Program Files (x86)\Microchip\xc8\v1.34\sources\common\ftdiv.c estimated size: 237

C:\Program Files (x86)\Microchip\xc8\v1.34\sources\common\lltoft.c
		___lltoft      		CODE           	330C	0000	97

C:\Program Files (x86)\Microchip\xc8\v1.34\sources\common\lltoft.c estimated size: 97

shared
		__powers_      		SMALLCONST     	0650	0000	40
		_dpowers       		SMALLCONST     	0601	0000	41
		__npowers_     		SMALLCONST     	0629	0000	40
		__initializatio		CODE           	3638	0000	37
		log@coeff      		SMALLCONST     	0677	0000	28

shared estimated size: 186

mcc_generated_files/eusart1.c
		_EUSART1_Initia		CODE           	3494	0000	61
		_putch         		CODE           	37A2	0000	11
		_EUSART1_Write 		CODE           	3454	0000	65
		_EUSART1_Receiv		CODE           	3608	0000	49
		_EUSART1_Transm		CODE           	3576	0000	51

mcc_generated_files/eusart1.c estimated size: 237

C:\Program Files (x86)\Microchip\xc8\v1.34\sources\common\log.c
		_log           		CODE           	2438	0000	323

C:\Program Files (x86)\Microchip\xc8\v1.34\sources\common\log.c estimated size: 323

mcc_generated_files/mcc.c
		_OSCILLATOR_Ini		CODE           	3788	0000	15
		_SYSTEM_Initial		CODE           	36F6	0000	27

mcc_generated_files/mcc.c estimated size: 42

C:\Program Files (x86)\Microchip\xc8\v1.34\sources\common\awdiv.c
		___awdiv       		CODE           	2FD0	0000	151

C:\Program Files (x86)\Microchip\xc8\v1.34\sources\common\awdiv.c estimated size: 151

mcc_generated_files/tmr1.c
		_TMR1_Initializ		CODE           	36D4	0000	35
		_TMR1_StartTime		CODE           	37AC	0000	5
		_TMR1_ISR      		CODE           	340A	0000	75

mcc_generated_files/tmr1.c estimated size: 115

Battery.c
		_Battery_Conver		CODE           	2DB8	0000	183
		_Battery_Get   		CODE           	35D8	0000	49
		_Battery_Read  		CODE           	375A	0000	25
		_Battery_Fault 		CODE           	2F20	0000	177

Battery.c estimated size: 434

C:\Program Files (x86)\Microchip\xc8\v1.34\sources\common\lldiv.c
		___lldiv       		CODE           	318E	0000	141

C:\Program Files (x86)\Microchip\xc8\v1.34\sources\common\lldiv.c estimated size: 141

C:\Program Files (x86)\Microchip\xc8\v1.34\sources\common\doprnt.c
		_scale         		CODE           	1326	0000	1061
		_printf        		CODE           	06C8	0000	3167
		_fround        		CODE           	1CEC	0000	599

C:\Program Files (x86)\Microchip\xc8\v1.34\sources\common\doprnt.c estimated size: 4827

C:\Program Files (x86)\Microchip\xc8\v1.34\sources\common\fttol.c
		___fttol       		CODE           	22E6	0000	339

C:\Program Files (x86)\Microchip\xc8\v1.34\sources\common\fttol.c estimated size: 339

C:\Program Files (x86)\Microchip\xc8\v1.34\sources\common\Umul16.c
		___wmul        		CODE           	3666	0000	41

C:\Program Files (x86)\Microchip\xc8\v1.34\sources\common\Umul16.c estimated size: 41

C:\Program Files (x86)\Microchip\xc8\v1.34\sources\common\ftadd.c
		___ftadd       		CODE           	1A6E	0000	639

C:\Program Files (x86)\Microchip\xc8\v1.34\sources\common\ftadd.c estimated size: 639

