Microchip MPLAB XC8 Compiler V1.33 ()

Linker command line:

--edf=C:\Program Files (x86)\Microchip\xc8\v1.33\dat\en_msgs.txt -cs \
  -h+dist/default/production\DDS.X.production.sym \
  --cmf=dist/default/production\DDS.X.production.cmf -z -Q18F45K22 \
  -oC:\Users\Rick\AppData\Local\Temp\s8sc.6 \
  -Mdist/default/production/DDS.X.production.map -E1 -ver=XC8 \
  -ASTACK=04CEh-05ffh -pstack=STACK -ACODE=00h-07FFFh -ACONST=00h-07FFFh \
  -ASMALLCONST=0600h-06FFhx122 -AMEDIUMCONST=0600h-07FFFh -ACOMRAM=01h-05Fh \
  -AABS1=00h-05FFh -ABIGRAM=01h-05FFh -ARAM=060h-0FFh,0100h-01FFhx5 \
  -ABANK0=060h-0FFh -ABANK1=0100h-01FFh -ABANK2=0200h-02FFh \
  -ABANK3=0300h-03FFh -ABANK4=0400h-04FFh -ABANK5=0500h-05FFh \
  -ASFR=0F38h-0F5Fh,0F60h-0FFFh \
  -preset_vec=00h,intcode=08h,intcodelo,powerup,init,end_init \
  -pramtop=0600h -psmallconst=SMALLCONST -pmediumconst=MEDIUMCONST \
  -pconst=CONST -AFARRAM=00h-00h -ACONFIG=0300000h-030000Dh -pconfig=CONFIG \
  -AIDLOC=0200000h-0200007h -pidloc=IDLOC -AEEDATA=0F00000h-0F000FFh \
  -peeprom_data=EEDATA \
  -prdata=COMRAM,nvrram=COMRAM,nvbit=COMRAM,rbss=COMRAM,rbit=COMRAM \
  -pfarbss=FARRAM,fardata=FARRAM,nvFARRAM=FARRAM \
  -pintsave_regs=BIGRAM,bigbss=BIGRAM,bigdata=BIGRAM -pbss=RAM \
  -pidata=CODE,irdata=CODE,ibigdata=CODE,ifardata=CODE \
  C:\Users\Rick\AppData\Local\Temp\s8sc.obj \
  dist/default/production\DDS.X.production.obj 

Object code version is 3.11

Machine type is 18F45K22

Call graph: (short form)




                Name                               Link     Load   Length Selector   Space Scale
C:\Users\Rick\AppData\Local\Temp\s8sc.obj
                end_init                             C0       C0        4        4       0
                reset_vec                             0        0        4        0       0
                idloc                            200000   200000        8   200000       0
                config                           300000   300000        E   300000       0
dist/default/production\DDS.X.production.obj
                intcode                               8        8       B8        4       0
                text69                             2C0E     2C0E        4        4       0
                text68                             2A50     2A50       2A        4       0
                text67                             1844     1844      122        4       0
                text66                             2AC2     2AC2       22        4       0
                text65                             2262     2262       92        4       0
                text64                             2BA0     2BA0       16        4       0
                text63                             28FE     28FE       3C        4       0
                text62                             2C14     2C14        2        4       0
                text61                             2B72     2B72       18        4       0
                text60                             271C     271C       4A        4       0
                text59                              B08      B08      296        4       0
                text58                             15EC     15EC      136        4       0
                text57                             2C12     2C12        2        4       0
                text56                             24DE     24DE       6C        4       0
                text54                             1D24     1D24       D4        4       0
                text53                             287E     287E       44        4       0
                text52                             2678     2678       54        4       0
                text51                             2136     2136       9A        4       0
                text50                             2098     2098       9E        4       0
                text49                             1FF4     1FF4       A4        4       0
                text48                             1F50     1F50       A4        4       0
                text47                              712      712      3F6        4       0
                text46                             1DF8     1DF8       B0        4       0
                text45                             14B2     14B2      13A        4       0
                text44                             2B5A     2B5A       18        4       0
                text43                             29D0     29D0       2C        4       0
                text42                             2B22     2B22       1E        4       0
                text41                             283A     283A       44        4       0
                text40                             27F6     27F6       44        4       0
                text39                             2BEC     2BEC       10        4       0
                text38                             2BFC     2BFC        E        4       0
                text37                             26CC     26CC       50        4       0
                text36                             2C0A     2C0A        4        4       0
                text35                             2B04     2B04       1E        4       0
                text34                             2382     2382       7A        4       0
                text33                             23FC     23FC       74        4       0
                text32                             1EA8     1EA8       A8        4       0
                text31                             11F6     11F6      16A        4       0
                text30                              D9E      D9E      17C        4       0
                text29                             2A9E     2A9E       24        4       0
                text28                             2BDA     2BDA       12        4       0
                text27                             22F4     22F4       8E        4       0
                text26                             2470     2470       6E        4       0
                text25                             27AE     27AE       48        4       0
                text24                             2B8A     2B8A       16        4       0
                text23                             2B40     2B40       1A        4       0
                text22                             2A26     2A26       2A        4       0
                text21                             21D0     21D0       92        4       0
                text20                             2BC8     2BC8       12        4       0
                text19                             1A86     1A86       EA        4       0
                text18                             1B70     1B70       DE        4       0
                text17                             108A     108A      16C        4       0
                text16                             2A7A     2A7A       24        4       0
                text15                             2BB6     2BB6       12        4       0
                text14                             1722     1722      122        4       0
                text13                             293A     293A       36        4       0
                text12                               C4       C4      64E        4       0
                text11                             2970     2970       34        4       0
                text10                             29FC     29FC       2A        4       0
                text9                               F1A      F1A      170        4       0
                text8                              2AE4     2AE4       20        4       0
                text7                              29A4     29A4       2C        4       0
                text6                              254A     254A       68        4       0
                text5                              2616     2616       62        4       0
                text4                              1C4E     1C4E       D6        4       0
                text3                              1360     1360      152        4       0
                text2                              2766     2766       48        4       0
                text1                              28C2     28C2       3C        4       0
                text0                              1966     1966      120        4       0
                cstackCOMRAM                          1        1       2A        1       1
                cstackBANK0                          D3       D3       28       60       1
                bssBANK4                            400      400       CE      400       1
                bssBANK3                            300      300       CE      300       1
                bssBANK2                            200      200       C8      200       1
                bssBANK1                            100      100       F6      100       1
                bssBANK0                             60       60       73       60       1
                dataCOMRAM                           45       45        1        1       1
                bssCOMRAM                            2B       2B       18        1       1
                cinit                              25B2     25B2       64        4       0
                nvCOMRAM                             43       43        2        1       1
                idataCOMRAM                        2C16     2C16        1        4       0

TOTAL           Name                               Link     Load   Length     Space
        CLASS   STACK          

        CLASS   CODE           
                end_init                             C0       C0        4         0
                intcode                               8        8       B8         0
                reset_vec                             0        0        4         0
                text69                             2C0E     2C0E        4         0
                text68                             2A50     2A50       2A         0
                text67                             1844     1844      122         0
                text66                             2AC2     2AC2       22         0
                text65                             2262     2262       92         0
                text64                             2BA0     2BA0       16         0
                text63                             28FE     28FE       3C         0
                text62                             2C14     2C14        2         0
                text61                             2B72     2B72       18         0
                text60                             271C     271C       4A         0
                text59                              B08      B08      296         0
                text58                             15EC     15EC      136         0
                text57                             2C12     2C12        2         0
                text56                             24DE     24DE       6C         0
                text54                             1D24     1D24       D4         0
                text53                             287E     287E       44         0
                text52                             2678     2678       54         0
                text51                             2136     2136       9A         0
                text50                             2098     2098       9E         0
                text49                             1FF4     1FF4       A4         0
                text48                             1F50     1F50       A4         0
                text47                              712      712      3F6         0
                text46                             1DF8     1DF8       B0         0
                text45                             14B2     14B2      13A         0
                text44                             2B5A     2B5A       18         0
                text43                             29D0     29D0       2C         0
                text42                             2B22     2B22       1E         0
                text41                             283A     283A       44         0
                text40                             27F6     27F6       44         0
                text39                             2BEC     2BEC       10         0
                text38                             2BFC     2BFC        E         0
                text37                             26CC     26CC       50         0
                text36                             2C0A     2C0A        4         0
                text35                             2B04     2B04       1E         0
                text34                             2382     2382       7A         0
                text33                             23FC     23FC       74         0
                text32                             1EA8     1EA8       A8         0
                text31                             11F6     11F6      16A         0
                text30                              D9E      D9E      17C         0
                text29                             2A9E     2A9E       24         0
                text28                             2BDA     2BDA       12         0
                text27                             22F4     22F4       8E         0
                text26                             2470     2470       6E         0
                text25                             27AE     27AE       48         0
                text24                             2B8A     2B8A       16         0
                text23                             2B40     2B40       1A         0
                text22                             2A26     2A26       2A         0
                text21                             21D0     21D0       92         0
                text20                             2BC8     2BC8       12         0
                text19                             1A86     1A86       EA         0
                text18                             1B70     1B70       DE         0
                text17                             108A     108A      16C         0
                text16                             2A7A     2A7A       24         0
                text15                             2BB6     2BB6       12         0
                text14                             1722     1722      122         0
                text13                             293A     293A       36         0
                text12                               C4       C4      64E         0
                text11                             2970     2970       34         0
                text10                             29FC     29FC       2A         0
                text9                               F1A      F1A      170         0
                text8                              2AE4     2AE4       20         0
                text7                              29A4     29A4       2C         0
                text6                              254A     254A       68         0
                text5                              2616     2616       62         0
                text4                              1C4E     1C4E       D6         0
                text3                              1360     1360      152         0
                text2                              2766     2766       48         0
                text1                              28C2     28C2       3C         0
                text0                              1966     1966      120         0
                cinit                              25B2     25B2       64         0
                idataCOMRAM                        2C16     2C16        1         0

        CLASS   CONST          

        CLASS   SMALLCONST     

        CLASS   MEDIUMCONST    

        CLASS   COMRAM         
                cstackCOMRAM                          1        1       2A         1
                dataCOMRAM                           45       45        1         1
                bssCOMRAM                            2B       2B       18         1
                nvCOMRAM                             43       43        2         1

        CLASS   ABS1           

        CLASS   BIGRAM         

        CLASS   RAM            

        CLASS   BANK0          
                cstackBANK0                          D3       D3       28         1
                bssBANK0                             60       60       73         1

        CLASS   BANK1          
                bssBANK1                            100      100       F6         1

        CLASS   BANK2          
                bssBANK2                            200      200       C8         1

        CLASS   BANK3          
                bssBANK3                            300      300       CE         1

        CLASS   BANK4          
                bssBANK4                            400      400       CE         1

        CLASS   BANK5          

        CLASS   SFR            

        CLASS   FARRAM         

        CLASS   CONFIG         
                config                           300000   300000        E         0

        CLASS   IDLOC          
                idloc                            200000   200000        8         0

        CLASS   EEDATA         



SEGMENTS        Name                           Load    Length   Top    Selector   Space  Class

                reset_vec                      000000  000004  000004         0       0  CODE    
                cstackCOMRAM                   000001  000045  000046         1       1  COMRAM  
                intcode                        000008  002C0F  002C17         4       0  CODE    
                bssBANK0                       000060  00009B  0000FB        60       1  BANK0   
                bssBANK1                       000100  0000F6  0001F6       100       1  BANK1   
                bssBANK2                       000200  0000C8  0002C8       200       1  BANK2   
                bssBANK3                       000300  0000CE  0003CE       300       1  BANK3   
                bssBANK4                       000400  0000CE  0004CE       400       1  BANK4   
                idloc                          200000  000008  200008    200000       0  IDLOC   
                config                         300000  00000E  30000E    300000       0  CONFIG  


UNUSED ADDRESS RANGES

        Name                Unused          Largest block    Delta
        BANK0            0000FB-0000FF                5
        BANK1            0001F6-0001FF                A
        BANK2            0002C8-0002FF               38
        BANK3            0003CE-0003FF               32
        BANK4            0004CE-0004FF               32
        BANK5            000500-0005FF              100
        BIGRAM           000046-00005F               1A
                         0000FB-0000FF                5
                         0001F6-0001FF                A
                         0002C8-0002FF               38
                         0003CE-0003FF               32
                         0004CE-0005FF              132
        CODE             000004-000007                4
                         002C17-007FFF             53E9
        COMRAM           000046-00005F               1A
        CONST            000004-000007                4
                         002C17-007FFF             53E9
        EEDATA           F00000-F000FF              100
        MEDIUMCONST      002C17-007FFF             53E9
        RAM              0000FB-0000FF                5
                         0001F6-0001FF                A
                         0002C8-0002FF               38
                         0003CE-0003FF               32
                         0004CE-0005FF               32
        SFR              000F38-000FFF               28
        SMALLCONST       002C17-007FFF              100
        STACK            0004CE-0005FF              132

                                  Symbol Table

?_FastTransfer_buffer_modulo_inc         cstackCOMRAM 00001B
?_Receive_available                      cstackCOMRAM 00001D
?_UART_buff_modulo_inc                   cstackCOMRAM 00001B
?_UART_buff_size                         cstackCOMRAM 00001B
?___awdiv                                cstackCOMRAM 00001B
?___ftmul                                cstackBANK0  0000D3
?___ftpack                               cstackCOMRAM 00001B
?___fttol                                cstackBANK0  0000DF
?___lwtoft                               cstackCOMRAM 000023
?_buttonsCollector                       cstackCOMRAM 000021
?i2_UART_buff_modulo_inc                 cstackCOMRAM 000001
?i2_UART_buff_size                       cstackCOMRAM 000001
CRC8@crc                                 cstackCOMRAM 000021
CRC8@data                                cstackCOMRAM 00001B
CRC8@extract                             cstackCOMRAM 00001F
CRC8@len                                 cstackCOMRAM 00001D
CRC8@sum                                 cstackCOMRAM 00001E
CRC8@tempI                               cstackCOMRAM 000020
CRCcheck@SentCRC                         cstackBANK0  0000D3
CRCcheck@arrayHolder                     cstackBANK0  0000D5
CRCcheck@calculatedCRC                   cstackBANK0  0000D4
CRCcheck@rt                              cstackBANK0  0000D8
Delay@wait                               cstackCOMRAM 00001B
Delay@x                                  cstackCOMRAM 00001E
EUSART1_Receive_ISR@data                 cstackCOMRAM 00000C
FastTransfer_buffer_flush@_this          cstackCOMRAM 000023
FastTransfer_buffer_flush@clearBuffer    cstackCOMRAM 000025
FastTransfer_buffer_modulo_inc@modulus   cstackCOMRAM 00001D
FastTransfer_buffer_modulo_inc@my_value  cstackCOMRAM 00001F
FastTransfer_buffer_modulo_inc@value     cstackCOMRAM 00001B
FastTransfer_buffer_put@_this            cstackCOMRAM 000021
FastTransfer_buffer_put@towhat           cstackCOMRAM 000024
FastTransfer_buffer_put@towhere          cstackCOMRAM 000023
GetButtonState@btnnum                    cstackCOMRAM 00001B
I2C1_ISR@i2c_10bit_address_restart       bssCOMRAM    000033
I2C1_ISR@i2c_address                     bssCOMRAM    00003F
I2C1_ISR@i2c_bytes_left                  bssCOMRAM    000034
I2C1_ISR@pi2c_buf_ptr                    bssBANK0     000097
I2C1_MasterRead@trBlock                  bssBANK0     0000C4
I2C1_MasterTRBInsert@count               cstackCOMRAM 000021
I2C1_MasterTRBInsert@pflag               cstackCOMRAM 00001D
I2C1_MasterTRBInsert@ptrb_list           cstackCOMRAM 00001B
I2C1_MasterWrite@address                 cstackCOMRAM 000027
I2C1_MasterWrite@length                  cstackCOMRAM 000026
I2C1_MasterWrite@pdata                   cstackCOMRAM 000024
I2C1_MasterWrite@pflag                   cstackCOMRAM 000029
I2C1_MasterWrite@trBlock                 bssBANK0     0000C9
I2C1_MasterWriteTRBBuild@address         cstackCOMRAM 000020
I2C1_MasterWriteTRBBuild@length          cstackCOMRAM 00001F
I2C1_MasterWriteTRBBuild@pdata           cstackCOMRAM 00001D
I2C1_MasterWriteTRBBuild@ptrb            cstackCOMRAM 00001B
I2C1_Stop@completion_code                cstackCOMRAM 000003
LEDBsetBrightness@b                      cstackBANK0  0000D3
LEDBsetBrightness@i2c_addr               cstackBANK0  0000D5
LEDBsetBrightness@status                 cstackBANK0  0000DA
LEDBsetBrightness@timeOut                cstackBANK0  0000D8
LEDBsetBrightness@writeBuffer            cstackBANK0  0000D6
LEDbegin@i2c_addr                        cstackBANK0  0000E0
LEDbegin@status                          cstackBANK0  0000E1
LEDbegin@timeOut                         cstackBANK0  0000DE
LEDbegin@writeBuffer                     cstackBANK0  0000DB
LEDblinkRate@b                           cstackBANK0  0000D3
LEDblinkRate@i2c_addr                    cstackBANK0  0000D5
LEDblinkRate@status                      cstackBANK0  0000DA
LEDblinkRate@timeOut                     cstackBANK0  0000D8
LEDblinkRate@writeBuffer                 cstackBANK0  0000D6
LEDsetBar@a                              cstackCOMRAM 000029
LEDsetBar@bar                            cstackCOMRAM 000023
LEDsetBar@c                              cstackCOMRAM 000027
LEDsetBar@color                          cstackCOMRAM 000025
LEDsetValue@color                        cstackBANK0  0000F0
LEDsetValue@k                            cstackBANK0  0000F3
LEDsetValue@value                        cstackBANK0  0000EE
LEDwriteDisplay@i2c_addr                 cstackBANK0  0000E7
LEDwriteDisplay@status                   cstackBANK0  0000EA
LEDwriteDisplay@timeOut                  cstackBANK0  0000E8
LEDwriteDisplay@writeBuffer              cstackBANK0  0000D3
ReadButtonState@btnnum                   cstackCOMRAM 000001
Send_put@_data                           cstackCOMRAM 000026
SetLEDOut@lednum                         cstackCOMRAM 00001B
SetLEDOut@state                          cstackCOMRAM 00001D
TBbarGraphs@b                            cstackCOMRAM 00001D
TBbarGraphs@t                            cstackCOMRAM 00001B
TMR0_ISR@CountCallBack                   bssBANK0     000099
TMR0_ISR@x                               cstackCOMRAM 000008
ToSend@what                              cstackBANK0  0000D3
ToSend@where                             cstackCOMRAM 00002A
UART_buff_get@_this                      cstackCOMRAM 000021
UART_buff_get@c                          cstackCOMRAM 000025
UART_buff_init@_this                     cstackCOMRAM 000023
UART_buff_modulo_inc@modulus             cstackCOMRAM 00001D
UART_buff_modulo_inc@my_value            cstackCOMRAM 00001F
UART_buff_modulo_inc@value               cstackCOMRAM 00001B
UART_buff_peek@_this                     cstackCOMRAM 00001B
UART_buff_put@_this                      cstackCOMRAM 000021
UART_buff_put@c                          cstackCOMRAM 000023
UART_buff_size@_this                     cstackCOMRAM 00001B
_ADCON0                                  (abs)        000FC2
_ADCON0bits                              (abs)        000FC2
_ADCON1                                  (abs)        000FC1
_ADCON2                                  (abs)        000FC0
_ADC_ISR                                 text69       002C0E
_ADC_Initialize                          text44       002B5A
_ADRESH                                  (abs)        000FC4
_ADRESL                                  (abs)        000FC3
_AKNAKsend                               bssCOMRAM    000035
_ANSELA                                  (abs)        000F38
_ANSELB                                  (abs)        000F39
_ANSELC                                  (abs)        000F3A
_ANSELD                                  (abs)        000F3B
_ANSELE                                  (abs)        000F3C
_BAUD1CON                                (abs)        000FB8
_CRC8                                    text25       0027AE
_CRCcheck                                text17       00108A
_Delay                                   text11       002970
_EUSART1_Initialize                      text41       00283A
_EUSART1_Receive_ISR                     text66       002AC2
_EUSART1_Transmit_ISR                    text63       0028FE
_FastTransfer_buffer_flush               text5        002616
_FastTransfer_buffer_modulo_inc          text10       0029FC
_FastTransfer_buffer_put                 text9        000F1A
_GetButtonState                          text7        0029A4
_I2C1_BusCollisionISR                    text62       002C14
_I2C1_FunctionComplete                   text61       002B72
_I2C1_ISR                                text59       000B08
_I2C1_Initialize                         text40       0027F6
_I2C1_MasterTRBInsert                    text54       001D24
_I2C1_MasterWrite                        text52       002678
_I2C1_MasterWriteTRBBuild                text53       00287E
_I2C1_Stop                               text60       00271C
_INTCON2bits                             (abs)        000FF1
_INTCONbits                              (abs)        000FF2
_INTERRUPT_Initialize                    text39       002BEC
_INTERRUPT_InterruptManager              intcode      000008
_IPR1bits                                (abs)        000F9F
_IPR2bits                                (abs)        000FA2
_LATA                                    (abs)        000F89
_LATA3                                   (abs)        007C4B
_LATB                                    (abs)        000F8A
_LATB3                                   (abs)        007C53
_LATB5                                   (abs)        007C55
_LATC                                    (abs)        000F8B
_LATCbits                                (abs)        000F8B
_LATD                                    (abs)        000F8C
_LATD1                                   (abs)        007C61
_LATE                                    (abs)        000F8D
_LATE1                                   (abs)        007C69
_LATE2                                   (abs)        007C6A
_LEDBsetBrightness                       text51       002136
_LEDbegin                                text49       001FF4
_LEDblinkRate                            text50       002098
_LEDsetBar                               text47       000712
_LEDsetValue                             text46       001DF8
_LEDwriteDisplay                         text45       0014B2
_OSCCON                                  (abs)        000FD3
_OSCCON2                                 (abs)        000FD2
_OSCILLATOR_Initialize                   text38       002BFC
_OSCTUNE                                 (abs)        000F9B
_PIE1bits                                (abs)        000F9D
_PIE2bits                                (abs)        000FA0
_PIN_MANAGER_Initialize                  text37       0026CC
_PIR1bits                                (abs)        000F9E
_PIR2bits                                (abs)        000FA1
_PORTAbits                               (abs)        000F80
_PORTBbits                               (abs)        000F81
_PORTDbits                               (abs)        000F83
_RC1STA                                  (abs)        000FAB
_RC1STAbits                              (abs)        000FAB
_RCONbits                                (abs)        000FD0
_RCREG1                                  (abs)        000FAE
_ReadButtonState                         text58       0015EC
_Receive_available                       text23       002B40
_Receive_get                             text20       002BC8
_Receive_peek                            text15       002BB6
_SPBRG1                                  (abs)        000FAF
_SPBRGH1                                 (abs)        000FB0
_SSP1ADD                                 (abs)        000FC8
_SSP1BUF                                 (abs)        000FC9
_SSP1CON1                                (abs)        000FC6
_SSP1CON1bits                            (abs)        000FC6
_SSP1CON2bits                            (abs)        000FC5
_SSP1CON3                                (abs)        000FCB
_SSP1STAT                                (abs)        000FC7
_SYSTEM_Initialize                       text33       0023FC
_Send_put                                text13       00293A
_SetLEDOut                               text27       0022F4
_T0CON                                   (abs)        000FD5
_T0CONbits                               (abs)        000FD5
_TBbarGraphs                             text28       002BDA
_TMR0H                                   (abs)        000FD7
_TMR0L                                   (abs)        000FD6
_TMR0_CallBack                           text57       002C12
_TMR0_ISR                                text56       0024DE
_TMR0_Initialize                         text35       002B04
_TMR0_StartTimer                         text36       002C0A
_TRISA                                   (abs)        000F92
_TRISB                                   (abs)        000F93
_TRISC                                   (abs)        000F94
_TRISCbits                               (abs)        000F94
_TRISD                                   (abs)        000F95
_TRISE                                   (abs)        000F96
_TX1STA                                  (abs)        000FAC
_TXREG1                                  (abs)        000FAD
_ToSend                                  text8        002AE4
_Transmit_stall                          dataCOMRAM   000045
_UART_buff_get                           text21       0021D0
_UART_buff_init                          text42       002B22
_UART_buff_modulo_inc                    text22       002A26
_UART_buff_peek                          text16       002A7A
_UART_buff_put                           text14       001722
_UART_buff_size                          text24       002B8A
_WPUB                                    (abs)        000F61
__CFG_BOREN$SBORDIS                      (abs)        000000
__CFG_BORV$190                           (abs)        000000
__CFG_CCP2MX$PORTC1                      (abs)        000000
__CFG_CCP3MX$PORTB5                      (abs)        000000
__CFG_CP0$OFF                            (abs)        000000
__CFG_CP1$OFF                            (abs)        000000
__CFG_CP2$OFF                            (abs)        000000
__CFG_CP3$OFF                            (abs)        000000
__CFG_CPB$OFF                            (abs)        000000
__CFG_CPD$OFF                            (abs)        000000
__CFG_DEBUG$OFF                          (abs)        000000
__CFG_EBTR0$OFF                          (abs)        000000
__CFG_EBTR1$OFF                          (abs)        000000
__CFG_EBTR2$OFF                          (abs)        000000
__CFG_EBTR3$OFF                          (abs)        000000
__CFG_EBTRB$OFF                          (abs)        000000
__CFG_FCMEN$OFF                          (abs)        000000
__CFG_FOSC$INTIO67                       (abs)        000000
__CFG_HFOFST$ON                          (abs)        000000
__CFG_IESO$OFF                           (abs)        000000
__CFG_LVP$OFF                            (abs)        000000
__CFG_MCLRE$EXTMCLR                      (abs)        000000
__CFG_P2BMX$PORTD2                       (abs)        000000
__CFG_PBADEN$ON                          (abs)        000000
__CFG_PLLCFG$OFF                         (abs)        000000
__CFG_PRICLKEN$OFF                       (abs)        000000
__CFG_PWRTEN$OFF                         (abs)        000000
__CFG_STVREN$ON                          (abs)        000000
__CFG_T3CMX$PORTC0                       (abs)        000000
__CFG_WDTEN$OFF                          (abs)        000000
__CFG_WDTPS$32768                        (abs)        000000
__CFG_WRT0$OFF                           (abs)        000000
__CFG_WRT1$OFF                           (abs)        000000
__CFG_WRT2$OFF                           (abs)        000000
__CFG_WRT3$OFF                           (abs)        000000
__CFG_WRTB$OFF                           (abs)        000000
__CFG_WRTC$OFF                           (abs)        000000
__CFG_WRTD$OFF                           (abs)        000000
__CFG_XINST$OFF                          (abs)        000000
__HRAM                                   (abs)        000000
__Habs1                                  abs1         000000
__Hbank0                                 bank0        000000
__Hbank1                                 bank1        000000
__Hbank2                                 bank2        000000
__Hbank3                                 bank3        000000
__Hbank4                                 bank4        000000
__Hbank5                                 bank5        000000
__Hbigbss                                bigbss       000000
__Hbigdata                               bigdata      000000
__Hbigram                                bigram       000000
__Hbss                                   bss          000000
__HbssBANK0                              bssBANK0     000000
__HbssBANK1                              bssBANK1     000000
__HbssBANK2                              bssBANK2     000000
__HbssBANK3                              bssBANK3     000000
__HbssBANK4                              bssBANK4     000000
__HbssCOMRAM                             bssCOMRAM    000000
__Hcinit                                 cinit        000000
__Hclrtext                               clrtext      000000
__Hcomram                                comram       000000
__Hconfig                                config       30000E
__Hconst                                 const        000000
__HcstackBANK0                           cstackBANK0  000000
__HcstackCOMRAM                          cstackCOMRAM 000000
__Hdata                                  data         000000
__HdataCOMRAM                            dataCOMRAM   000000
__Heeprom_data                           eeprom_data  000000
__Hend_init                              end_init     0000C4
__Hfarbss                                farbss       000000
__Hfardata                               fardata      000000
__Hibigdata                              ibigdata     000000
__Hidata                                 idata        000000
__HidataCOMRAM                           idataCOMRAM  000000
__Hidloc                                 idloc        200008
__Hifardata                              ifardata     000000
__Hinit                                  init         0000C0
__Hintcode                               intcode      0000C0
__Hintcode_body                          intcode_body 000000
__Hintcodelo                             intcodelo    0000C0
__Hintentry                              intentry     000000
__Hintret                                intret       000000
__Hintsave_regs                          intsave_regs 000000
__Hirdata                                irdata       000000
__Hmediumconst                           mediumconst  000000
__HnvCOMRAM                              nvCOMRAM     000000
__HnvFARRAM                              nvFARRAM     000000
__Hnvbit                                 nvbit        000000
__Hnvrram                                nvrram       000000
__Hparam                                 rparam       000000
__Hpowerup                               powerup      0000C0
__Hram                                   ram          000000
__Hramtop                                ramtop       000600
__Hrbit                                  rbit         000000
__Hrbss                                  rbss         000000
__Hrdata                                 rdata        000000
__Hreset_vec                             reset_vec    000004
__Hrparam                                rparam       000000
__Hsfr                                   sfr          000000
__Hsmallconst                            smallconst   000000
__Hspace_0                               (abs)        30000E
__Hspace_1                               (abs)        0004CE
__Hspace_2                               (abs)        000000
__Hstack                                 stack        000000
__Hstruct                                struct       000000
__Htemp                                  temp         000000
__Htext                                  text         000000
__Htext0                                 text0        000000
__Htext1                                 text1        000000
__Htext10                                text10       000000
__Htext11                                text11       000000
__Htext12                                text12       000000
__Htext13                                text13       000000
__Htext14                                text14       000000
__Htext15                                text15       000000
__Htext16                                text16       000000
__Htext17                                text17       000000
__Htext18                                text18       000000
__Htext19                                text19       000000
__Htext2                                 text2        000000
__Htext20                                text20       000000
__Htext21                                text21       000000
__Htext22                                text22       000000
__Htext23                                text23       000000
__Htext24                                text24       000000
__Htext25                                text25       000000
__Htext26                                text26       000000
__Htext27                                text27       000000
__Htext28                                text28       000000
__Htext29                                text29       000000
__Htext3                                 text3        000000
__Htext30                                text30       000000
__Htext31                                text31       000000
__Htext32                                text32       000000
__Htext33                                text33       000000
__Htext34                                text34       000000
__Htext35                                text35       000000
__Htext36                                text36       000000
__Htext37                                text37       000000
__Htext38                                text38       000000
__Htext39                                text39       000000
__Htext4                                 text4        000000
__Htext40                                text40       000000
__Htext41                                text41       000000
__Htext42                                text42       000000
__Htext43                                text43       000000
__Htext44                                text44       000000
__Htext45                                text45       000000
__Htext46                                text46       000000
__Htext47                                text47       000000
__Htext48                                text48       000000
__Htext49                                text49       000000
__Htext5                                 text5        000000
__Htext50                                text50       000000
__Htext51                                text51       000000
__Htext52                                text52       000000
__Htext53                                text53       000000
__Htext54                                text54       000000
__Htext56                                text56       000000
__Htext57                                text57       000000
__Htext58                                text58       000000
__Htext59                                text59       000000
__Htext6                                 text6        000000
__Htext60                                text60       000000
__Htext61                                text61       000000
__Htext62                                text62       000000
__Htext63                                text63       000000
__Htext64                                text64       000000
__Htext65                                text65       000000
__Htext66                                text66       000000
__Htext67                                text67       000000
__Htext68                                text68       000000
__Htext69                                text69       000000
__Htext7                                 text7        000000
__Htext70                                text70       000000
__Htext8                                 text8        000000
__Htext9                                 text9        000000
__LRAM                                   (abs)        000001
__Labs1                                  abs1         000000
__Lbank0                                 bank0        000000
__Lbank1                                 bank1        000000
__Lbank2                                 bank2        000000
__Lbank3                                 bank3        000000
__Lbank4                                 bank4        000000
__Lbank5                                 bank5        000000
__Lbigbss                                bigbss       000000
__Lbigdata                               bigdata      000000
__Lbigram                                bigram       000000
__Lbss                                   bss          000000
__LbssBANK0                              bssBANK0     000000
__LbssBANK1                              bssBANK1     000000
__LbssBANK2                              bssBANK2     000000
__LbssBANK3                              bssBANK3     000000
__LbssBANK4                              bssBANK4     000000
__LbssCOMRAM                             bssCOMRAM    000000
__Lcinit                                 cinit        000000
__Lclrtext                               clrtext      000000
__Lcomram                                comram       000000
__Lconfig                                config       300000
__Lconst                                 const        000000
__LcstackBANK0                           cstackBANK0  000000
__LcstackCOMRAM                          cstackCOMRAM 000000
__Ldata                                  data         000000
__LdataCOMRAM                            dataCOMRAM   000000
__Leeprom_data                           eeprom_data  000000
__Lend_init                              end_init     0000C0
__Lfarbss                                farbss       000000
__Lfardata                               fardata      000000
__Libigdata                              ibigdata     000000
__Lidata                                 idata        000000
__LidataCOMRAM                           idataCOMRAM  000000
__Lidloc                                 idloc        200000
__Lifardata                              ifardata     000000
__Linit                                  init         0000C0
__Lintcode                               intcode      000008
__Lintcode_body                          intcode_body 000000
__Lintcodelo                             intcodelo    0000C0
__Lintentry                              intentry     000000
__Lintret                                intret       000000
__Lintsave_regs                          intsave_regs 000000
__Lirdata                                irdata       000000
__Lmediumconst                           mediumconst  000000
__LnvCOMRAM                              nvCOMRAM     000000
__LnvFARRAM                              nvFARRAM     000000
__Lnvbit                                 nvbit        000000
__Lnvrram                                nvrram       000000
__Lparam                                 rparam       000000
__Lpowerup                               powerup      0000C0
__Lram                                   ram          000000
__Lramtop                                ramtop       000600
__Lrbit                                  rbit         000000
__Lrbss                                  rbss         000000
__Lrdata                                 rdata        000000
__Lreset_vec                             reset_vec    000000
__Lrparam                                rparam       000000
__Lsfr                                   sfr          000000
__Lsmallconst                            smallconst   000000
__Lspace_0                               (abs)        000000
__Lspace_1                               (abs)        000000
__Lspace_2                               (abs)        000000
__Lstack                                 stack        000000
__Lstruct                                struct       000000
__Ltemp                                  temp         000000
__Ltext                                  text         000000
__Ltext0                                 text0        000000
__Ltext1                                 text1        000000
__Ltext10                                text10       000000
__Ltext11                                text11       000000
__Ltext12                                text12       000000
__Ltext13                                text13       000000
__Ltext14                                text14       000000
__Ltext15                                text15       000000
__Ltext16                                text16       000000
__Ltext17                                text17       000000
__Ltext18                                text18       000000
__Ltext19                                text19       000000
__Ltext2                                 text2        000000
__Ltext20                                text20       000000
__Ltext21                                text21       000000
__Ltext22                                text22       000000
__Ltext23                                text23       000000
__Ltext24                                text24       000000
__Ltext25                                text25       000000
__Ltext26                                text26       000000
__Ltext27                                text27       000000
__Ltext28                                text28       000000
__Ltext29                                text29       000000
__Ltext3                                 text3        000000
__Ltext30                                text30       000000
__Ltext31                                text31       000000
__Ltext32                                text32       000000
__Ltext33                                text33       000000
__Ltext34                                text34       000000
__Ltext35                                text35       000000
__Ltext36                                text36       000000
__Ltext37                                text37       000000
__Ltext38                                text38       000000
__Ltext39                                text39       000000
__Ltext4                                 text4        000000
__Ltext40                                text40       000000
__Ltext41                                text41       000000
__Ltext42                                text42       000000
__Ltext43                                text43       000000
__Ltext44                                text44       000000
__Ltext45                                text45       000000
__Ltext46                                text46       000000
__Ltext47                                text47       000000
__Ltext48                                text48       000000
__Ltext49                                text49       000000
__Ltext5                                 text5        000000
__Ltext50                                text50       000000
__Ltext51                                text51       000000
__Ltext52                                text52       000000
__Ltext53                                text53       000000
__Ltext54                                text54       000000
__Ltext56                                text56       000000
__Ltext57                                text57       000000
__Ltext58                                text58       000000
__Ltext59                                text59       000000
__Ltext6                                 text6        000000
__Ltext60                                text60       000000
__Ltext61                                text61       000000
__Ltext62                                text62       000000
__Ltext63                                text63       000000
__Ltext64                                text64       000000
__Ltext65                                text65       000000
__Ltext66                                text66       000000
__Ltext67                                text67       000000
__Ltext68                                text68       000000
__Ltext69                                text69       000000
__Ltext7                                 text7        000000
__Ltext70                                text70       000000
__Ltext8                                 text8        000000
__Ltext9                                 text9        000000
__S0                                     (abs)        30000E
__S1                                     (abs)        0004CE
__S2                                     (abs)        000000
___awdiv                                 text48       001F50
___awdiv@counter                         cstackCOMRAM 00001F
___awdiv@dividend                        cstackCOMRAM 00001B
___awdiv@divisor                         cstackCOMRAM 00001D
___awdiv@quotient                        cstackCOMRAM 000021
___awdiv@sign                            cstackCOMRAM 000020
___ftmul                                 text31       0011F6
___ftmul@cntr                            cstackBANK0  0000DD
___ftmul@exp                             cstackBANK0  0000D9
___ftmul@f1                              cstackBANK0  0000D3
___ftmul@f2                              cstackBANK0  0000D6
___ftmul@f3_as_product                   cstackBANK0  0000DA
___ftmul@sign                            cstackBANK0  0000DE
___ftpack                                text32       001EA8
___ftpack@arg                            cstackCOMRAM 00001B
___ftpack@exp                            cstackCOMRAM 00001E
___ftpack@sign                           cstackCOMRAM 00001F
___fttol                                 text30       000D9E
___fttol@exp1                            cstackBANK0  0000ED
___fttol@f1                              cstackBANK0  0000DF
___fttol@lval                            cstackBANK0  0000E9
___fttol@sign1                           cstackBANK0  0000E8
___inthi_sp                              stack        000000
___intlo_sp                              stack        000000
___lwtoft                                text29       002A9E
___lwtoft@c                              cstackCOMRAM 000023
___sp                                    stack        000000
__accesstop                              (abs)        000060
__activetblptr                           (abs)        000002
__end_of_ADC_ISR                         text69       002C12
__end_of_ADC_Initialize                  text44       002B72
__end_of_CRC8                            text25       0027F6
__end_of_CRCcheck                        text17       0011F6
__end_of_Delay                           text11       0029A4
__end_of_EUSART1_Initialize              text41       00287E
__end_of_EUSART1_Receive_ISR             text66       002AE4
__end_of_EUSART1_Transmit_ISR            text63       00293A
__end_of_FastTransfer_buffer_flush       text5        002678
__end_of_FastTransfer_buffer_modulo_inc  text10       002A26
__end_of_FastTransfer_buffer_put         text9        00108A
__end_of_GetButtonState                  text7        0029D0
__end_of_I2C1_BusCollisionISR            text62       002C16
__end_of_I2C1_FunctionComplete           text61       002B8A
__end_of_I2C1_ISR                        text59       000D9E
__end_of_I2C1_Initialize                 text40       00283A
__end_of_I2C1_MasterTRBInsert            text54       001DF8
__end_of_I2C1_MasterWrite                text52       0026CC
__end_of_I2C1_MasterWriteTRBBuild        text53       0028C2
__end_of_I2C1_Stop                       text60       002766
__end_of_INTERRUPT_Initialize            text39       002BFC
__end_of_INTERRUPT_InterruptManager      intcode      0000C0
__end_of_LEDBsetBrightness               text51       0021D0
__end_of_LEDbegin                        text49       002098
__end_of_LEDblinkRate                    text50       002136
__end_of_LEDsetBar                       text47       000B08
__end_of_LEDsetValue                     text46       001EA8
__end_of_LEDwriteDisplay                 text45       0015EC
__end_of_OSCILLATOR_Initialize           text38       002C0A
__end_of_PIN_MANAGER_Initialize          text37       00271C
__end_of_ReadButtonState                 text58       001722
__end_of_Receive_available               text23       002B5A
__end_of_Receive_get                     text20       002BDA
__end_of_Receive_peek                    text15       002BC8
__end_of_SYSTEM_Initialize               text33       002470
__end_of_Send_put                        text13       002970
__end_of_SetLEDOut                       text27       002382
__end_of_TBbarGraphs                     text28       002BEC
__end_of_TMR0_CallBack                   text57       002C14
__end_of_TMR0_ISR                        text56       00254A
__end_of_TMR0_Initialize                 text35       002B22
__end_of_TMR0_StartTimer                 text36       002C0E
__end_of_ToSend                          text8        002B04
__end_of_UART_buff_get                   text21       002262
__end_of_UART_buff_init                  text42       002B40
__end_of_UART_buff_modulo_inc            text22       002A50
__end_of_UART_buff_peek                  text16       002A9E
__end_of_UART_buff_put                   text14       001844
__end_of_UART_buff_size                  text24       002BA0
__end_of___awdiv                         text48       001FF4
__end_of___ftmul                         text31       001360
__end_of___ftpack                        text32       001F50
__end_of___fttol                         text30       000F1A
__end_of___lwtoft                        text29       002AC2
__end_of__initialization                 cinit        00260C
__end_of_begin                           text34       0023FC
__end_of_buttonsCollector                text6        0025B2
__end_of_crcBufS_get                     text19       001B70
__end_of_crcBufS_put                     text4        001D24
__end_of_crcBufS_status_put              text18       001C4E
__end_of_handleIndicators                text26       0024DE
__end_of_main                            text0        001A86
__end_of_memset                          text43       0029FC
__end_of_receiveData                     text12       000712
__end_of_respondECU                      text2        0027AE
__end_of_sendData                        text3        0014B2
__end_of_updateComms                     text1        0028FE
__end_ofi2_UART_buff_get                 text65       0022F4
__end_ofi2_UART_buff_modulo_inc          text68       002A7A
__end_ofi2_UART_buff_put                 text67       001966
__end_ofi2_UART_buff_size                text64       002BB6
__initialization                         cinit        0025B2
__mediumconst                            mediumconst  000000
__pbssBANK0                              bssBANK0     000060
__pbssBANK1                              bssBANK1     000100
__pbssBANK2                              bssBANK2     000200
__pbssBANK3                              bssBANK3     000300
__pbssBANK4                              bssBANK4     000400
__pbssCOMRAM                             bssCOMRAM    00002B
__pcinit                                 cinit        0025B2
__pcstackBANK0                           cstackBANK0  0000D3
__pcstackCOMRAM                          cstackCOMRAM 000001
__pdataCOMRAM                            dataCOMRAM   000045
__pidataCOMRAM                           idataCOMRAM  002C16
__pintcode                               intcode      000008
__pnvCOMRAM                              nvCOMRAM     000043
__ptext0                                 text0        001966
__ptext1                                 text1        0028C2
__ptext10                                text10       0029FC
__ptext11                                text11       002970
__ptext12                                text12       0000C4
__ptext13                                text13       00293A
__ptext14                                text14       001722
__ptext15                                text15       002BB6
__ptext16                                text16       002A7A
__ptext17                                text17       00108A
__ptext18                                text18       001B70
__ptext19                                text19       001A86
__ptext2                                 text2        002766
__ptext20                                text20       002BC8
__ptext21                                text21       0021D0
__ptext22                                text22       002A26
__ptext23                                text23       002B40
__ptext24                                text24       002B8A
__ptext25                                text25       0027AE
__ptext26                                text26       002470
__ptext27                                text27       0022F4
__ptext28                                text28       002BDA
__ptext29                                text29       002A9E
__ptext3                                 text3        001360
__ptext30                                text30       000D9E
__ptext31                                text31       0011F6
__ptext32                                text32       001EA8
__ptext33                                text33       0023FC
__ptext34                                text34       002382
__ptext35                                text35       002B04
__ptext36                                text36       002C0A
__ptext37                                text37       0026CC
__ptext38                                text38       002BFC
__ptext39                                text39       002BEC
__ptext4                                 text4        001C4E
__ptext40                                text40       0027F6
__ptext41                                text41       00283A
__ptext42                                text42       002B22
__ptext43                                text43       0029D0
__ptext44                                text44       002B5A
__ptext45                                text45       0014B2
__ptext46                                text46       001DF8
__ptext47                                text47       000712
__ptext48                                text48       001F50
__ptext49                                text49       001FF4
__ptext5                                 text5        002616
__ptext50                                text50       002098
__ptext51                                text51       002136
__ptext52                                text52       002678
__ptext53                                text53       00287E
__ptext54                                text54       001D24
__ptext56                                text56       0024DE
__ptext57                                text57       002C12
__ptext58                                text58       0015EC
__ptext59                                text59       000B08
__ptext6                                 text6        00254A
__ptext60                                text60       00271C
__ptext61                                text61       002B72
__ptext62                                text62       002C14
__ptext63                                text63       0028FE
__ptext64                                text64       002BA0
__ptext65                                text65       002262
__ptext66                                text66       002AC2
__ptext67                                text67       001844
__ptext68                                text68       002A50
__ptext69                                text69       002C0E
__ptext7                                 text7        0029A4
__ptext70                                text70       000000
__ptext8                                 text8        002AE4
__ptext9                                 text9        000F1A
__ramtop                                 ramtop       000600
__size_of_ADC_ISR                        (abs)        000000
__size_of_ADC_Initialize                 (abs)        000000
__size_of_CRC8                           (abs)        000000
__size_of_CRCcheck                       (abs)        000000
__size_of_Delay                          (abs)        000000
__size_of_EUSART1_Initialize             (abs)        000000
__size_of_EUSART1_Receive_ISR            (abs)        000000
__size_of_EUSART1_Transmit_ISR           (abs)        000000
__size_of_FastTransfer_buffer_flush      (abs)        000000
__size_of_FastTransfer_buffer_modulo_inc (abs)        000000
__size_of_FastTransfer_buffer_put        (abs)        000000
__size_of_GetButtonState                 (abs)        000000
__size_of_I2C1_BusCollisionISR           (abs)        000000
__size_of_I2C1_FunctionComplete          (abs)        000000
__size_of_I2C1_ISR                       (abs)        000000
__size_of_I2C1_Initialize                (abs)        000000
__size_of_I2C1_MasterTRBInsert           (abs)        000000
__size_of_I2C1_MasterWrite               (abs)        000000
__size_of_I2C1_MasterWriteTRBBuild       (abs)        000000
__size_of_I2C1_Stop                      (abs)        000000
__size_of_INTERRUPT_Initialize           (abs)        000000
__size_of_INTERRUPT_InterruptManager     (abs)        000000
__size_of_LEDBsetBrightness              (abs)        000000
__size_of_LEDbegin                       (abs)        000000
__size_of_LEDblinkRate                   (abs)        000000
__size_of_LEDsetBar                      (abs)        000000
__size_of_LEDsetValue                    (abs)        000000
__size_of_LEDwriteDisplay                (abs)        000000
__size_of_OSCILLATOR_Initialize          (abs)        000000
__size_of_PIN_MANAGER_Initialize         (abs)        000000
__size_of_ReadButtonState                (abs)        000000
__size_of_Receive_available              (abs)        000000
__size_of_Receive_get                    (abs)        000000
__size_of_Receive_peek                   (abs)        000000
__size_of_SYSTEM_Initialize              (abs)        000000
__size_of_Send_put                       (abs)        000000
__size_of_SetLEDOut                      (abs)        000000
__size_of_TBbarGraphs                    (abs)        000000
__size_of_TMR0_CallBack                  (abs)        000000
__size_of_TMR0_ISR                       (abs)        000000
__size_of_TMR0_Initialize                (abs)        000000
__size_of_TMR0_StartTimer                (abs)        000000
__size_of_ToSend                         (abs)        000000
__size_of_UART_buff_get                  (abs)        000000
__size_of_UART_buff_init                 (abs)        000000
__size_of_UART_buff_modulo_inc           (abs)        000000
__size_of_UART_buff_peek                 (abs)        000000
__size_of_UART_buff_put                  (abs)        000000
__size_of_UART_buff_size                 (abs)        000000
__size_of___awdiv                        (abs)        000000
__size_of___ftmul                        (abs)        000000
__size_of___ftpack                       (abs)        000000
__size_of___fttol                        (abs)        000000
__size_of___lwtoft                       (abs)        000000
__size_of_begin                          (abs)        000000
__size_of_buttonsCollector               (abs)        000000
__size_of_crcBufS_get                    (abs)        000000
__size_of_crcBufS_put                    (abs)        000000
__size_of_crcBufS_status_put             (abs)        000000
__size_of_handleIndicators               (abs)        000000
__size_of_main                           (abs)        000000
__size_of_memset                         (abs)        000000
__size_of_receiveData                    (abs)        000000
__size_of_respondECU                     (abs)        000000
__size_of_sendData                       (abs)        000000
__size_of_updateComms                    (abs)        000000
__size_ofi2_UART_buff_get                (abs)        000000
__size_ofi2_UART_buff_modulo_inc         (abs)        000000
__size_ofi2_UART_buff_put                (abs)        000000
__size_ofi2_UART_buff_size               (abs)        000000
__smallconst                             smallconst   000000
_addressErrorCounter                     bssBANK0     00009B
_alignErrorCounter                       bssBANK0     00009D
_begin                                   text34       002382
_brake                                   bssBANK0     00009F
_butnarray                               bssBANK0     000088
_buttonsCollector                        text6        00254A
_calc_CS                                 bssCOMRAM    000036
_crcBufS_get                             text19       001A86
_crcBufS_put                             text4        001C4E
_crcBufS_status_put                      text18       001B70
_crcErrorCounter                         bssBANK0     0000A1
_crc_buffer                              bssBANK0     0000B3
_dataAdressErrorCounter                  bssBANK0     0000A3
_displaybuffer                           bssBANK0     000060
_group                                   bssCOMRAM    000041
_handleIndicators                        text26       002470
_i2c1_object                             bssBANK0     000090
_i2c1_state                              bssCOMRAM    000037
_i2c1_tr_queue                           bssBANK0     0000CE
_i2c1_trb_count                          bssCOMRAM    000038
_input_buffer                            bssBANK3     000300
_main                                    text0        001966
_maxDataAddress                          bssCOMRAM    000039
_memset                                  text43       0029D0
_moduleAddress                           bssCOMRAM    00003A
_output_buffer                           bssBANK4     000400
_p_i2c1_current                          bssBANK0     0000A5
_p_i2c1_trb_current                      bssCOMRAM    00002B
_receiveArray                            bssBANK1     0001CE
_receiveArrayAddress                     bssBANK0     0000A7
_receiveData                             text12       0000C4
_respondECU                              text2        002766
_returnAddress                           bssCOMRAM    00003B
_ring_buffer                             bssBANK1     000100
_rx_address                              bssCOMRAM    00003C
_rx_array_inx                            bssCOMRAM    00003D
_rx_buffer                               bssBANK2     000200
_rx_len                                  bssCOMRAM    00003E
_sendData                                text3        001360
_sendStructAddress                       bssBANK0     0000A9
_serial_available                        bssCOMRAM    00002D
_serial_peek                             bssBANK0     0000AB
_serial_read                             bssCOMRAM    00002F
_serial_write                            bssCOMRAM    000031
_throttle                                bssBANK0     0000AD
_time                                    bssBANK0     0000AF
_timer0ReloadVal16bit                    nvCOMRAM     000043
_updateComms                             text1        0028C2
begin@error                              cstackBANK0  0000D7
begin@givenAddress                       cstackBANK0  0000D6
begin@maxSize                            cstackBANK0  0000D5
begin@ptr                                cstackBANK0  0000D3
begin@stuffavailable                     cstackBANK0  0000DC
begin@stuffpeek                          cstackBANK0  0000DE
begin@stufftoreceive                     cstackBANK0  0000DA
begin@stufftosend                        cstackBANK0  0000D8
buttonsCollector@i                       cstackCOMRAM 000028
buttonsCollector@sendVal                 cstackCOMRAM 000026
crcBufS_get@_this                        cstackCOMRAM 00001B
crcBufS_get@space                        cstackCOMRAM 00001E
crcBufS_get@time                         cstackCOMRAM 00001D
crcBufS_get@wantedTime                   cstackCOMRAM 000025
crcBufS_put@_this                        cstackCOMRAM 00001B
crcBufS_put@address                      cstackCOMRAM 00001D
crcBufS_put@oldCRC                       cstackCOMRAM 00001E
crcBufS_put@status                       cstackCOMRAM 00001F
crcBufS_status_put@_this                 cstackCOMRAM 00001B
crcBufS_status_put@status                cstackCOMRAM 00001E
crcBufS_status_put@time                  cstackCOMRAM 00001D
crcBufS_status_put@wantedTime            cstackCOMRAM 000023
end_of_initialization                    cinit        00260C
handleIndicators@i                       cstackCOMRAM 000025
handleIndicators@oldIndicators           bssBANK0     0000B1
handleIndicators@receivedIndicators      cstackCOMRAM 000020
i2UART_buff_get@_this                    cstackCOMRAM 000007
i2UART_buff_get@c                        cstackCOMRAM 00000B
i2UART_buff_modulo_inc@modulus           cstackCOMRAM 000003
i2UART_buff_modulo_inc@my_value          cstackCOMRAM 000005
i2UART_buff_modulo_inc@value             cstackCOMRAM 000001
i2UART_buff_put@_this                    cstackCOMRAM 000007
i2UART_buff_put@c                        cstackCOMRAM 000009
i2UART_buff_size@_this                   cstackCOMRAM 000001
i2_UART_buff_get                         text65       002262
i2_UART_buff_modulo_inc                  text68       002A50
i2_UART_buff_put                         text67       001844
i2_UART_buff_size                        text64       002BA0
intlevel0                                text         000000
intlevel1                                text         000000
intlevel2                                text         000000
intlevel3                                text         000000
main@ADCNT                               cstackBANK0  0000F9
memset@c                                 cstackCOMRAM 00001D
memset@n                                 cstackCOMRAM 00001F
memset@p                                 cstackCOMRAM 000021
memset@p1                                cstackCOMRAM 00001B
receiveData@crcHolder                    cstackBANK0  0000E0
receiveData@crcHolder_2258               cstackBANK0  0000E1
receiveData@holder                       cstackBANK0  0000DA
receiveData@holder_2257                  cstackBANK0  0000DD
receiveData@r                            cstackBANK0  0000E4
receiveData@u                            cstackBANK0  0000E2
sendData@CS                              cstackBANK0  0000D4
sendData@i                               cstackBANK0  0000D5
sendData@whereToSend                     cstackBANK0  0000D3
stackhi                                  (abs)        0005FF
stacklo                                  (abs)        0004CE
start                                    init         0000C0
start_initialization                     cinit        0025B2


FUNCTION INFORMATION:

 *************** function _main *****************
 Defined at:
		line 32 in file "main.c"
 Parameters:    Size  Location     Type
		None
 Auto vars:     Size  Location     Type
  ADCNT           2   38[BANK0 ] int 
 Return value:  Size  Location     Type
		None               void
 Registers used:
		wreg, fsr2l, fsr2h, status,2, status,0, pclat, tosl, prodl, prodh, cstack
 Tracked objects:
		On entry : 
		On exit  : 
		Unchanged: 
 Data sizes:     COMRAM   BANK0   BANK1   BANK2   BANK3   BANK4   BANK5
      Params:         0       0       0       0       0       0       0
      Locals:         0       2       0       0       0       0       0
      Temps:          0       4       0       0       0       0       0
      Totals:         0       6       0       0       0       0       0
Total ram usage:        6 bytes
 Hardware stack levels required when called:   10
 This function calls:
		_LEDbegin
		_LEDsetValue
		_LEDwriteDisplay
		_SYSTEM_Initialize
		___ftmul
		___fttol
		___lwtoft
		_updateComms
 This function is called by:
		Startup code after reset
 This function uses a non-reentrant model


 *************** function _updateComms *****************
 Defined at:
		line 7 in file "Communications.c"
 Parameters:    Size  Location     Type
		None
 Auto vars:     Size  Location     Type
		None
 Return value:  Size  Location     Type
		None               void
 Registers used:
		wreg, fsr2l, fsr2h, status,2, status,0, pclat, tosl, prodl, prodh, cstack
 Tracked objects:
		On entry : 
		On exit  : 
		Unchanged: 
 Data sizes:     COMRAM   BANK0   BANK1   BANK2   BANK3   BANK4   BANK5
      Params:         0       0       0       0       0       0       0
      Locals:         0       0       0       0       0       0       0
      Temps:          0       0       0       0       0       0       0
      Totals:         0       0       0       0       0       0       0
Total ram usage:        0 bytes
 Hardware stack levels used:    1
 Hardware stack levels required when called:    9
 This function calls:
		_TBbarGraphs
		_handleIndicators
		_receiveData
		_respondECU
 This function is called by:
		_main
 This function uses a non-reentrant model


 *************** function _respondECU *****************
 Defined at:
		line 18 in file "Communications.c"
 Parameters:    Size  Location     Type
		None
 Auto vars:     Size  Location     Type
		None
 Return value:  Size  Location     Type
		None               void
 Registers used:
		wreg, fsr2l, fsr2h, status,2, status,0, pclat, tosl, prodl, cstack
 Tracked objects:
		On entry : 
		On exit  : 
		Unchanged: 
 Data sizes:     COMRAM   BANK0   BANK1   BANK2   BANK3   BANK4   BANK5
      Params:         0       0       0       0       0       0       0
      Locals:         0       0       0       0       0       0       0
      Temps:          0       0       0       0       0       0       0
      Totals:         0       0       0       0       0       0       0
Total ram usage:        0 bytes
 Hardware stack levels used:    1
 Hardware stack levels required when called:    8
 This function calls:
		_Delay
		_ToSend
		_buttonsCollector
		_sendData
 This function is called by:
		_updateComms
 This function uses a non-reentrant model


 *************** function _sendData *****************
 Defined at:
		line 53 in file "FastTransfer.c"
 Parameters:    Size  Location     Type
  whereToSend     1    wreg     unsigned char 
 Auto vars:     Size  Location     Type
  whereToSend     1    0[BANK0 ] unsigned char 
  i               2    2[BANK0 ] int 
  CS              1    1[BANK0 ] unsigned char 
 Return value:  Size  Location     Type
		None               void
 Registers used:
		wreg, fsr2l, fsr2h, status,2, status,0, pclat, tosl, prodl, cstack
 Tracked objects:
		On entry : 
		On exit  : 
		Unchanged: 
 Data sizes:     COMRAM   BANK0   BANK1   BANK2   BANK3   BANK4   BANK5
      Params:         0       0       0       0       0       0       0
[...]
		None
 Auto vars:     Size  Location     Type
  x               2    7[COMRAM] int 
 Return value:  Size  Location     Type
		None               void
 Registers used:
		wreg, fsr2l, fsr2h, status,2, status,0, cstack
 Tracked objects:
		On entry : 
		On exit  : 
		Unchanged: 
 Data sizes:     COMRAM   BANK0   BANK1   BANK2   BANK3   BANK4   BANK5
      Params:         0       0       0       0       0       0       0
      Locals:         2       0       0       0       0       0       0
      Temps:          3       0       0       0       0       0       0
      Totals:         5       0       0       0       0       0       0
Total ram usage:        5 bytes
 Hardware stack levels used:    1
 Hardware stack levels required when called:    1
 This function calls:
		_ReadButtonState
		_TMR0_CallBack
 This function is called by:
		_INTERRUPT_InterruptManager
 This function uses a non-reentrant model


 *************** function _TMR0_CallBack *****************
 Defined at:
		line 104 in file "mcc_generated_files/tmr0.c"
 Parameters:    Size  Location     Type
		None
 Auto vars:     Size  Location     Type
		None
 Return value:  Size  Location     Type
		None               void
 Registers used:
		None
 Tracked objects:
		On entry : 
		On exit  : 
		Unchanged: 
 Data sizes:     COMRAM   BANK0   BANK1   BANK2   BANK3   BANK4   BANK5
      Params:         0       0       0       0       0       0       0
      Locals:         0       0       0       0       0       0       0
      Temps:          0       0       0       0       0       0       0
      Totals:         0       0       0       0       0       0       0
Total ram usage:        0 bytes
 Hardware stack levels used:    1
 This function calls:
		Nothing
 This function is called by:
		_TMR0_ISR
 This function uses a non-reentrant model


 *************** function _ReadButtonState *****************
 Defined at:
		line 42 in file "IO.c"
 Parameters:    Size  Location     Type
  btnnum          2    0[COMRAM] int 
 Auto vars:     Size  Location     Type
		None
 Return value:  Size  Location     Type
		None               void
 Registers used:
		wreg, fsr2l, fsr2h, status,2, status,0
 Tracked objects:
		On entry : 
		On exit  : 
		Unchanged: 
 Data sizes:     COMRAM   BANK0   BANK1   BANK2   BANK3   BANK4   BANK5
      Params:         2       0       0       0       0       0       0
      Locals:         0       0       0       0       0       0       0
      Temps:          2       0       0       0       0       0       0
      Totals:         4       0       0       0       0       0       0
Total ram usage:        4 bytes
 Hardware stack levels used:    1
 This function calls:
		Nothing
 This function is called by:
		_TMR0_ISR
 This function uses a non-reentrant model


 *************** function _I2C1_ISR *****************
 Defined at:
		line 186 in file "mcc_generated_files/i2c1.c"
 Parameters:    Size  Location     Type
		None
 Auto vars:     Size  Location     Type
		None
 Return value:  Size  Location     Type
		None               void
 Registers used:
		wreg, fsr2l, fsr2h, status,2, status,0, cstack
 Tracked objects:
		On entry : 
		On exit  : 
		Unchanged: 
 Data sizes:     COMRAM   BANK0   BANK1   BANK2   BANK3   BANK4   BANK5
      Params:         0       0       0       0       0       0       0
      Locals:         0       0       0       0       0       0       0
      Temps:          3       0       0       0       0       0       0
      Totals:         3       0       0       0       0       0       0
Total ram usage:        3 bytes
 Hardware stack levels used:    1
 Hardware stack levels required when called:    1
 This function calls:
		_I2C1_FunctionComplete
		_I2C1_Stop
 This function is called by:
		_INTERRUPT_InterruptManager
 This function uses a non-reentrant model


 *************** function _I2C1_Stop *****************
 Defined at:
		line 534 in file "mcc_generated_files/i2c1.c"
 Parameters:    Size  Location     Type
  completion_c    1    wreg     enum E8836
 Auto vars:     Size  Location     Type
  completion_c    1    2[COMRAM] enum E8836
 Return value:  Size  Location     Type
		None               void
 Registers used:
		wreg, fsr2l, fsr2h, status,2, status,0
 Tracked objects:
		On entry : 
		On exit  : 
		Unchanged: 
 Data sizes:     COMRAM   BANK0   BANK1   BANK2   BANK3   BANK4   BANK5
      Params:         0       0       0       0       0       0       0
      Locals:         1       0       0       0       0       0       0
      Temps:          2       0       0       0       0       0       0
      Totals:         3       0       0       0       0       0       0
Total ram usage:        3 bytes
 Hardware stack levels used:    1
 This function calls:
		Nothing
 This function is called by:
		_I2C1_ISR
 This function uses a non-reentrant model


 *************** function _I2C1_FunctionComplete *****************
 Defined at:
		line 516 in file "mcc_generated_files/i2c1.c"
 Parameters:    Size  Location     Type
		None
 Auto vars:     Size  Location     Type
		None
 Return value:  Size  Location     Type
		None               void
 Registers used:
		wreg, status,2, status,0
 Tracked objects:
		On entry : 
		On exit  : 
		Unchanged: 
 Data sizes:     COMRAM   BANK0   BANK1   BANK2   BANK3   BANK4   BANK5
      Params:         0       0       0       0       0       0       0
      Locals:         0       0       0       0       0       0       0
      Temps:          0       0       0       0       0       0       0
      Totals:         0       0       0       0       0       0       0
Total ram usage:        0 bytes
 Hardware stack levels used:    1
 This function calls:
		Nothing
 This function is called by:
		_I2C1_ISR
 This function uses a non-reentrant model


 *************** function _I2C1_BusCollisionISR *****************
 Defined at:
		line 681 in file "mcc_generated_files/i2c1.c"
 Parameters:    Size  Location     Type
		None
 Auto vars:     Size  Location     Type
		None
 Return value:  Size  Location     Type
		None               void
 Registers used:
		None
 Tracked objects:
		On entry : 
		On exit  : 
		Unchanged: 
 Data sizes:     COMRAM   BANK0   BANK1   BANK2   BANK3   BANK4   BANK5
      Params:         0       0       0       0       0       0       0
      Locals:         0       0       0       0       0       0       0
      Temps:          0       0       0       0       0       0       0
      Totals:         0       0       0       0       0       0       0
Total ram usage:        0 bytes
 Hardware stack levels used:    1
 This function calls:
		Nothing
 This function is called by:
		_INTERRUPT_InterruptManager
 This function uses a non-reentrant model


 *************** function _EUSART1_Transmit_ISR *****************
 Defined at:
		line 150 in file "UART.c"
 Parameters:    Size  Location     Type
		None
 Auto vars:     Size  Location     Type
		None
 Return value:  Size  Location     Type
		None               void
 Registers used:
		wreg, fsr2l, fsr2h, status,2, status,0, cstack
 Tracked objects:
		On entry : 
		On exit  : 
		Unchanged: 
 Data sizes:     COMRAM   BANK0   BANK1   BANK2   BANK3   BANK4   BANK5
      Params:         0       0       0       0       0       0       0
      Locals:         0       0       0       0       0       0       0
      Temps:          0       0       0       0       0       0       0
      Totals:         0       0       0       0       0       0       0
Total ram usage:        0 bytes
 Hardware stack levels used:    1
 Hardware stack levels required when called:    2
 This function calls:
		i2_UART_buff_get
		i2_UART_buff_size
 This function is called by:
		_INTERRUPT_InterruptManager
 This function uses a non-reentrant model


 *************** function i2_UART_buff_size *****************
 Defined at:
		line 102 in file "UART.c"
 Parameters:    Size  Location     Type
  _this           2    0[COMRAM] PTR struct UART_ring_buf
		 -> output_buffer(206), input_buffer(206), 
 Auto vars:     Size  Location     Type
		None
 Return value:  Size  Location     Type
                  2    0[COMRAM] int 
 Registers used:
		wreg, fsr2l, fsr2h, status,2, status,0
 Tracked objects:
		On entry : 
		On exit  : 
		Unchanged: 
 Data sizes:     COMRAM   BANK0   BANK1   BANK2   BANK3   BANK4   BANK5
      Params:         2       0       0       0       0       0       0
      Locals:         0       0       0       0       0       0       0
      Temps:          0       0       0       0       0       0       0
      Totals:         2       0       0       0       0       0       0
Total ram usage:        2 bytes
 Hardware stack levels used:    1
 This function calls:
		Nothing
 This function is called by:
		_EUSART1_Transmit_ISR
 This function uses a non-reentrant model


 *************** function i2_UART_buff_get *****************
 Defined at:
		line 81 in file "UART.c"
 Parameters:    Size  Location     Type
  _this           2    6[COMRAM] PTR struct UART_ring_buf
		 -> output_buffer(206), input_buffer(206), 
 Auto vars:     Size  Location     Type
  UART_buff_ge    1   10[COMRAM] unsigned char 
 Return value:  Size  Location     Type
                  1    wreg      unsigned char 
 Registers used:
		wreg, fsr2l, fsr2h, status,2, status,0, cstack
 Tracked objects:
		On entry : 
		On exit  : 
		Unchanged: 
 Data sizes:     COMRAM   BANK0   BANK1   BANK2   BANK3   BANK4   BANK5
      Params:         2       0       0       0       0       0       0
      Locals:         1       0       0       0       0       0       0
      Temps:          2       0       0       0       0       0       0
      Totals:         5       0       0       0       0       0       0
Total ram usage:        5 bytes
 Hardware stack levels used:    1
 Hardware stack levels required when called:    1
 This function calls:
		i2_UART_buff_modulo_inc
 This function is called by:
		_EUSART1_Transmit_ISR
 This function uses a non-reentrant model


 *************** function _EUSART1_Receive_ISR *****************
 Defined at:
		line 139 in file "UART.c"
 Parameters:    Size  Location     Type
		None
 Auto vars:     Size  Location     Type
  data            1   11[COMRAM] unsigned char 
 Return value:  Size  Location     Type
		None               void
 Registers used:
		wreg, fsr2l, fsr2h, status,2, status,0, prodl, cstack
 Tracked objects:
		On entry : 
		On exit  : 
		Unchanged: 
 Data sizes:     COMRAM   BANK0   BANK1   BANK2   BANK3   BANK4   BANK5
      Params:         0       0       0       0       0       0       0
      Locals:         1       0       0       0       0       0       0
      Temps:          0       0       0       0       0       0       0
      Totals:         1       0       0       0       0       0       0
Total ram usage:        1 bytes
 Hardware stack levels used:    1
 Hardware stack levels required when called:    2
 This function calls:
		i2_UART_buff_put
 This function is called by:
		_INTERRUPT_InterruptManager
 This function uses a non-reentrant model


 *************** function i2_UART_buff_put *****************
 Defined at:
		line 68 in file "UART.c"
 Parameters:    Size  Location     Type
  _this           2    6[COMRAM] PTR struct UART_ring_buf
		 -> output_buffer(206), input_buffer(206), 
  c               1    8[COMRAM] const unsigned char 
 Auto vars:     Size  Location     Type
		None
 Return value:  Size  Location     Type
		None               void
 Registers used:
		wreg, fsr2l, fsr2h, status,2, status,0, prodl, cstack
 Tracked objects:
		On entry : 
		On exit  : 
		Unchanged: 
 Data sizes:     COMRAM   BANK0   BANK1   BANK2   BANK3   BANK4   BANK5
      Params:         3       0       0       0       0       0       0
      Locals:         0       0       0       0       0       0       0
      Temps:          2       0       0       0       0       0       0
      Totals:         5       0       0       0       0       0       0
Total ram usage:        5 bytes
 Hardware stack levels used:    1
 Hardware stack levels required when called:    1
 This function calls:
		i2_UART_buff_modulo_inc
 This function is called by:
		_EUSART1_Receive_ISR
 This function uses a non-reentrant model


 *************** function i2_UART_buff_modulo_inc *****************
 Defined at:
		line 106 in file "UART.c"
 Parameters:    Size  Location     Type
  value           2    0[COMRAM] const unsigned int 
  modulus         2    2[COMRAM] const unsigned int 
 Auto vars:     Size  Location     Type
  UART_buff_mo    2    4[COMRAM] unsigned int 
 Return value:  Size  Location     Type
                  2    0[COMRAM] unsigned int 
 Registers used:
		wreg, status,2, status,0
 Tracked objects:
		On entry : 
		On exit  : 
		Unchanged: 
 Data sizes:     COMRAM   BANK0   BANK1   BANK2   BANK3   BANK4   BANK5
      Params:         4       0       0       0       0       0       0
      Locals:         2       0       0       0       0       0       0
      Temps:          0       0       0       0       0       0       0
      Totals:         6       0       0       0       0       0       0
Total ram usage:        6 bytes
 Hardware stack levels used:    1
 This function calls:
		Nothing
 This function is called by:
		i2_UART_buff_put
		i2_UART_buff_get
 This function uses a non-reentrant model


 *************** function _ADC_ISR *****************
 Defined at:
		line 128 in file "mcc_generated_files/adc.c"
 Parameters:    Size  Location     Type
		None
 Auto vars:     Size  Location     Type
		None
 Return value:  Size  Location     Type
		None               void
 Registers used:
		None
 Tracked objects:
		On entry : 
		On exit  : 
		Unchanged: 
 Data sizes:     COMRAM   BANK0   BANK1   BANK2   BANK3   BANK4   BANK5
      Params:         0       0       0       0       0       0       0
      Locals:         0       0       0       0       0       0       0
      Temps:          0       0       0       0       0       0       0
      Totals:         0       0       0       0       0       0       0
Total ram usage:        0 bytes
 Hardware stack levels used:    1
 This function calls:
		Nothing
 This function is called by:
		_INTERRUPT_InterruptManager
 This function uses a non-reentrant model



MODULE INFORMATION

Module		Function		Class		Link	Load	Size
FastTransfer.c
		_FastTransfer_b		CODE           	0F1A	0000	368
		_CRC8          		CODE           	27AE	0000	72
		_receiveData   		CODE           	00C4	0000	1614
		_begin         		CODE           	2382	0000	122
		_sendData      		CODE           	1360	0000	338
		_CRCcheck      		CODE           	108A	0000	364
		_FastTransfer_b		CODE           	29FC	0000	42
		_crcBufS_status		CODE           	1B70	0000	222
		_crcBufS_get   		CODE           	1A86	0000	234
		_crcBufS_put   		CODE           	1C4E	0000	214
		_FastTransfer_b		CODE           	2616	0000	98
		_ToSend        		CODE           	2AE4	0000	32

FastTransfer.c estimated size: 3720

UART.c
		_EUSART1_Initia		CODE           	283A	0000	68
		_Receive_get   		CODE           	2BC8	0000	18
		_Receive_peek  		CODE           	2BB6	0000	18
		_UART_buff_modu		CODE           	2A26	0000	42
		_Receive_availa		CODE           	2B40	0000	26
		_EUSART1_Receiv		CODE           	2AC2	0000	34
		_UART_buff_get 		CODE           	21D0	0000	146
		_UART_buff_put 		CODE           	1722	0000	290
		_Send_put      		CODE           	293A	0000	54
		_EUSART1_Transm		CODE           	28FE	0000	60
		_UART_buff_peek		CODE           	2A7A	0000	36
		_UART_buff_size		CODE           	2B8A	0000	22
		_UART_buff_init		CODE           	2B22	0000	30

UART.c estimated size: 844

C:\Program Files (x86)\Microchip\xc8\v1.33\sources\common\float.c
		___ftpack      		CODE           	1EA8	0000	168

C:\Program Files (x86)\Microchip\xc8\v1.33\sources\common\float.c estimated size: 168

Communications.c
		_updateComms   		CODE           	28C2	0000	60
		_handleIndicato		CODE           	2470	0000	110
		_TBbarGraphs   		CODE           	2BDA	0000	18
		_respondECU    		CODE           	2766	0000	72
		_buttonsCollect		CODE           	254A	0000	104

Communications.c estimated size: 364

mcc_generated_files/interrupt_manager.c
		_INTERRUPT_Init		CODE           	2BEC	0000	16
		_INTERRUPT_Inte		CODE           	0008	0000	184

mcc_generated_files/interrupt_manager.c estimated size: 200

mcc_generated_files/tmr0.c
		_TMR0_CallBack 		CODE           	2C12	0000	2
		_TMR0_StartTime		CODE           	2C0A	0000	4
		_TMR0_ISR      		CODE           	24DE	0000	108
		_TMR0_Initializ		CODE           	2B04	0000	30

mcc_generated_files/tmr0.c estimated size: 144

mcc_generated_files/i2c1.c
		_I2C1_BusCollis		CODE           	2C14	0000	2
		_I2C1_FunctionC		CODE           	2B72	0000	24
		_I2C1_MasterWri		CODE           	287E	0000	68
		_I2C1_ISR      		CODE           	0B08	0000	662
		_I2C1_MasterWri		CODE           	2678	0000	84
		_I2C1_Initializ		CODE           	27F6	0000	68
		_I2C1_Stop     		CODE           	271C	0000	74
		_I2C1_MasterTRB		CODE           	1D24	0000	212

mcc_generated_files/i2c1.c estimated size: 1194

mcc_generated_files/pin_manager.c
		_PIN_MANAGER_In		CODE           	26CC	0000	80

mcc_generated_files/pin_manager.c estimated size: 80

IO.c
		_SetLEDOut     		CODE           	22F4	0000	142
		_GetButtonState		CODE           	29A4	0000	44
		_ReadButtonStat		CODE           	15EC	0000	310

IO.c estimated size: 496

mcc_generated_files/adc.c
		_ADC_Initialize		CODE           	2B5A	0000	24
		_ADC_ISR       		CODE           	2C0E	0000	4

mcc_generated_files/adc.c estimated size: 28

LED_BarGraph.c
		_LEDblinkRate  		CODE           	2098	0000	158
		_LEDsetValue   		CODE           	1DF8	0000	176
		_LEDwriteDispla		CODE           	14B2	0000	314
		_LEDBsetBrightn		CODE           	2136	0000	154
		_LEDbegin      		CODE           	1FF4	0000	164
		_LEDsetBar     		CODE           	0712	0000	1014

LED_BarGraph.c estimated size: 1980

C:\Program Files (x86)\Microchip\xc8\v1.33\sources\common\ftmul.c
		___ftmul       		CODE           	11F6	0000	362

C:\Program Files (x86)\Microchip\xc8\v1.33\sources\common\ftmul.c estimated size: 362

C:\Program Files (x86)\Microchip\xc8\v1.33\sources\common\awdiv.c
		___awdiv       		CODE           	1F50	0000	164

C:\Program Files (x86)\Microchip\xc8\v1.33\sources\common\awdiv.c estimated size: 164

shared
		i2_UART_buff_mo		CODE           	2A50	0000	42
		i2_UART_buff_si		CODE           	2BA0	0000	22
		__initializatio		CODE           	25B2	0000	90
		i2_UART_buff_ge		CODE           	2262	0000	146
		i2_UART_buff_pu		CODE           	1844	0000	290

shared estimated size: 590

mcc_generated_files/mcc.c
		_OSCILLATOR_Ini		CODE           	2BFC	0000	14
		_SYSTEM_Initial		CODE           	23FC	0000	116

mcc_generated_files/mcc.c estimated size: 130

C:\Program Files (x86)\Microchip\xc8\v1.33\sources\common\fttol.c
		___fttol       		CODE           	0D9E	0000	380

C:\Program Files (x86)\Microchip\xc8\v1.33\sources\common\fttol.c estimated size: 380

C:\Program Files (x86)\Microchip\xc8\v1.33\sources\common\memset.c
		_memset        		CODE           	29D0	0000	44

C:\Program Files (x86)\Microchip\xc8\v1.33\sources\common\memset.c estimated size: 44

main.c
		_main          		CODE           	1966	0000	288
		_Delay         		CODE           	2970	0000	52

main.c estimated size: 340

C:\Program Files (x86)\Microchip\xc8\v1.33\sources\common\lwtoft.c
		___lwtoft      		CODE           	2A9E	0000	36

C:\Program Files (x86)\Microchip\xc8\v1.33\sources\common\lwtoft.c estimated size: 36

