Microchip MPLAB XC8 Compiler V1.33 ()

Linker command line:

--edf=C:\Program Files (x86)\Microchip\xc8\v1.33\dat\en_msgs.txt -cs \
  -h+dist/default/production\PDU-BP.X.production.sym \
  --cmf=dist/default/production\PDU-BP.X.production.cmf -z -Q18F45K22 \
  -oC:\Users\Rick\AppData\Local\Temp\s4n0.6 \
  -Mdist/default/production/PDU-BP.X.production.map -E1 -ver=XC8 \
  -ASTACK=0C0h-05ffh -pstack=STACK -ACODE=00h-07FFFh -ACONST=00h-07FFFh \
  -ASMALLCONST=0600h-06FFhx122 -AMEDIUMCONST=0600h-07FFFh -ACOMRAM=01h-05Fh \
  -AABS1=00h-05FFh -ABIGRAM=01h-05FFh -ARAM=060h-0FFh,0100h-01FFhx5 \
  -ABANK0=060h-0FFh -ABANK1=0100h-01FFh -ABANK2=0200h-02FFh \
  -ABANK3=0300h-03FFh -ABANK4=0400h-04FFh -ABANK5=0500h-05FFh \
  -ASFR=0F38h-0F5Fh,0F60h-0FFFh \
  -preset_vec=00h,intcode=08h,intcodelo,powerup,init,end_init \
  -pramtop=0600h -psmallconst=SMALLCONST -pmediumconst=MEDIUMCONST \
  -pconst=CONST -AFARRAM=00h-00h -ACONFIG=0300000h-030000Dh -pconfig=CONFIG \
  -AIDLOC=0200000h-0200007h -pidloc=IDLOC -AEEDATA=0F00000h-0F000FFh \
  -peeprom_data=EEDATA \
  -prdata=COMRAM,nvrram=COMRAM,nvbit=COMRAM,rbss=COMRAM,rbit=COMRAM \
  -pfarbss=FARRAM,fardata=FARRAM,nvFARRAM=FARRAM \
  -pintsave_regs=BIGRAM,bigbss=BIGRAM,bigdata=BIGRAM -pbss=RAM \
  -pidata=CODE,irdata=CODE,ibigdata=CODE,ifardata=CODE \
  C:\Users\Rick\AppData\Local\Temp\s4n0.obj \
  dist/default/production\PDU-BP.X.production.obj 

Object code version is 3.11

Machine type is 18F45K22

Call graph: (short form)




                Name                               Link     Load   Length Selector   Space Scale
C:\Users\Rick\AppData\Local\Temp\s4n0.obj
                end_init                             9C       9C        4        4       0
                reset_vec                             0        0        4        0       0
                idloc                            200000   200000        8   200000       0
                config                           300000   300000        E   300000       0
dist/default/production\PDU-BP.X.production.obj
                intcode                               8        8       94        4       0
                text20                              628      628        4        4       0
                text19                              54C      54C       30        4       0
                text18                              51C      51C       30        4       0
                text16                              5F6      5F6       14        4       0
                text15                              246      246       B8        4       0
                text14                              3BC      3BC       52        4       0
                text13                               A0       A0       E0        4       0
                text12                              45C      45C       4A        4       0
                text11                              180      180       C6        4       0
                text10                              35E      35E       5E        4       0
                text9                               2FE      2FE       60        4       0
                text8                               622      622        6        4       0
                text7                               57C      57C       2A        4       0
                text6                               5C8      5C8       18        4       0
                text5                               4A6      4A6       3C        4       0
                text4                               618      618        A        4       0
                text3                               60A      60A        E        4       0
                text2                               40E      40E       4E        4       0
                text1                               5E0      5E0       16        4       0
                text0                               4E2      4E2       3A        4       0
                cstackCOMRAM                         34       34       1D        1       1
                cstackBANK0                          BC       BC        4       60       1
                bssBANK0                             60       60       5C       60       1
                bssCOMRAM                             1        1       33        1       1
                cinit                               5A6      5A6       22        4       0
                nvCOMRAM                             51       51        1        1       1

TOTAL           Name                               Link     Load   Length     Space
        CLASS   STACK          

        CLASS   CODE           
                end_init                             9C       9C        4         0
                intcode                               8        8       94         0
                reset_vec                             0        0        4         0
                text20                              628      628        4         0
                text19                              54C      54C       30         0
                text18                              51C      51C       30         0
                text16                              5F6      5F6       14         0
                text15                              246      246       B8         0
                text14                              3BC      3BC       52         0
                text13                               A0       A0       E0         0
                text12                              45C      45C       4A         0
                text11                              180      180       C6         0
                text10                              35E      35E       5E         0
                text9                               2FE      2FE       60         0
                text8                               622      622        6         0
                text7                               57C      57C       2A         0
                text6                               5C8      5C8       18         0
                text5                               4A6      4A6       3C         0
                text4                               618      618        A         0
                text3                               60A      60A        E         0
                text2                               40E      40E       4E         0
                text1                               5E0      5E0       16         0
                text0                               4E2      4E2       3A         0
                cinit                               5A6      5A6       22         0

        CLASS   CONST          

        CLASS   SMALLCONST     

        CLASS   MEDIUMCONST    

        CLASS   COMRAM         
                cstackCOMRAM                         34       34       1D         1
                bssCOMRAM                             1        1       33         1
                nvCOMRAM                             51       51        1         1

        CLASS   ABS1           

        CLASS   BIGRAM         

        CLASS   RAM            

        CLASS   BANK0          
                cstackBANK0                          BC       BC        4         1
                bssBANK0                             60       60       5C         1

        CLASS   BANK1          

        CLASS   BANK2          

        CLASS   BANK3          

        CLASS   BANK4          

        CLASS   BANK5          

        CLASS   SFR            

        CLASS   FARRAM         

        CLASS   CONFIG         
                config                           300000   300000        E         0

        CLASS   IDLOC          
                idloc                            200000   200000        8         0

        CLASS   EEDATA         



SEGMENTS        Name                           Load    Length   Top    Selector   Space  Class

                reset_vec                      000000  000004  000004         0       0  CODE    
                bssCOMRAM                      000001  000051  000052         1       1  COMRAM  
                intcode                        000008  000624  00062C         4       0  CODE    
                bssBANK0                       000060  000060  0000C0        60       1  BANK0   
                idloc                          200000  000008  200008    200000       0  IDLOC   
                config                         300000  00000E  30000E    300000       0  CONFIG  


UNUSED ADDRESS RANGES

        Name                Unused          Largest block    Delta
        BANK0            0000C0-0000FF               40
        BANK1            000100-0001FF              100
        BANK2            000200-0002FF              100
        BANK3            000300-0003FF              100
        BANK4            000400-0004FF              100
        BANK5            000500-0005FF              100
        BIGRAM           000052-00005F                E
                         0000C0-0005FF              540
        CODE             000004-000007                4
                         00062C-007FFF             79D4
        COMRAM           000052-00005F                E
        CONST            000004-000007                4
                         00062C-007FFF             79D4
        EEDATA           F00000-F000FF              100
        MEDIUMCONST      00062C-007FFF             79D4
        RAM              0000C0-0005FF              100
        SFR              000F38-000FFF               28
        SMALLCONST       00062C-007FFF              100
        STACK            0000C0-0005FF              540

                                  Symbol Table

Clear595@i                           cstackBANK0  0000BE
ComputeStorageData@i                 cstackCOMRAM 000045
DATAEE_ReadByte@bAdd                 cstackCOMRAM 000042
Delay@i                              cstackCOMRAM 000047
Delay@wait                           cstackCOMRAM 000042
EnableSlavePower@onof                cstackCOMRAM 00004C
EnableSlavePower@slave               cstackCOMRAM 00004E
SetPin595@Reg                        cstackCOMRAM 000042
SetPin595@pin                        cstackCOMRAM 000044
SetPin595@value                      cstackCOMRAM 000046
_ADCON0                              (abs)        000FC2
_ADCON0bits                          (abs)        000FC2
_ADCON1                              (abs)        000FC1
_ADCON2                              (abs)        000FC0
_ADC_ISR                             text20       000628
_ADC_Initialize                      text6        0005C8
_ADRESH                              (abs)        000FC4
_ADRESL                              (abs)        000FC3
_ANSELA                              (abs)        000F38
_ANSELB                              (abs)        000F39
_ANSELC                              (abs)        000F3A
_ANSELD                              (abs)        000F3B
_ANSELE                              (abs)        000F3C
_BAUD1CON                            (abs)        000FB8
_Clear595                            text10       00035E
_ComputeStorageData                  text15       000246
_Current                             bssBANK0     0000B0
_CurrentADC                          bssCOMRAM    000001
_Currentcomp                         bssCOMRAM    00000D
_DATAEE_ReadByte                     text16       0005F6
_Delay                               text12       00045C
_EEADR                               (abs)        000FA9
_EECON1bits                          (abs)        000FA6
_EECON2                              (abs)        000FA7
_EEDATA                              (abs)        000FA8
_EUSART1_Initialize                  text5        0004A6
_EUSART1_Receive_ISR                 text19       00054C
_EUSART1_Transmit_ISR                text18       00051C
_EnableSlavePower                    text13       0000A0
_INTCON2bits                         (abs)        000FF1
_INTCONbits                          (abs)        000FF2
_INTERRUPT_Initialize                text4        000618
_INTERRUPT_InterruptManager          intcode      000008
_IPR1bits                            (abs)        000F9F
_LATA                                (abs)        000F89
_LATA3                               (abs)        007C4B
_LATB                                (abs)        000F8A
_LATB0                               (abs)        007C50
_LATC                                (abs)        000F8B
_LATD                                (abs)        000F8C
_LATD4                               (abs)        007C64
_LATD5                               (abs)        007C65
_LATD6                               (abs)        007C66
_LATD7                               (abs)        007C67
_LATE                                (abs)        000F8D
_OSCCON                              (abs)        000FD3
_OSCCON2                             (abs)        000FD2
_OSCILLATOR_Initialize               text3        00060A
_OSCTUNE                             (abs)        000F9B
_PDUStartup                          text7        00057C
_PIE1bits                            (abs)        000F9D
_PIN_MANAGER_Initialize              text2        00040E
_PIR1bits                            (abs)        000F9E
_RC1STA                              (abs)        000FAB
_RC1STAbits                          (abs)        000FAB
_RCONbits                            (abs)        000FD0
_RCREG1                              (abs)        000FAE
_SPBRG1                              (abs)        000FAF
_SPBRGH1                             (abs)        000FB0
_SYSTEM_Initialize                   text1        0005E0
_SetPin595                           text14       0003BC
_StartUp595                          text9        0002FE
_T1CON                               (abs)        000FCD
_T1CONbits                           (abs)        000FCD
_T1GCON                              (abs)        000FCC
_T1GCONbits                          (abs)        000FCC
_TABLAT                              (abs)        000FF5
_TBLPTRH                             (abs)        000FF7
_TBLPTRL                             (abs)        000FF6
_TBLPTRU                             (abs)        000FF8
_TMR1                                (abs)        000FCE
_TMR1H                               (abs)        000FCF
_TMR1L                               (abs)        000FCE
_TRISA                               (abs)        000F92
_TRISB                               (abs)        000F93
_TRISC                               (abs)        000F94
_TRISD                               (abs)        000F95
_TRISE                               (abs)        000F96
_TX1STA                              (abs)        000FAC
_TXREG1                              (abs)        000FAD
_Update                              text8        000622
_WPUB                                (abs)        000F61
__CFG_BOREN$SBORDIS                  (abs)        000000
__CFG_BORV$190                       (abs)        000000
__CFG_CCP2MX$PORTC1                  (abs)        000000
__CFG_CCP3MX$PORTB5                  (abs)        000000
__CFG_CP0$OFF                        (abs)        000000
__CFG_CP1$OFF                        (abs)        000000
__CFG_CP2$OFF                        (abs)        000000
__CFG_CP3$OFF                        (abs)        000000
__CFG_CPB$OFF                        (abs)        000000
__CFG_CPD$OFF                        (abs)        000000
__CFG_DEBUG$OFF                      (abs)        000000
__CFG_EBTR0$OFF                      (abs)        000000
__CFG_EBTR1$OFF                      (abs)        000000
__CFG_EBTR2$OFF                      (abs)        000000
__CFG_EBTR3$OFF                      (abs)        000000
__CFG_EBTRB$OFF                      (abs)        000000
__CFG_FCMEN$OFF                      (abs)        000000
__CFG_FOSC$INTIO67                   (abs)        000000
__CFG_HFOFST$ON                      (abs)        000000
__CFG_IESO$OFF                       (abs)        000000
__CFG_LVP$OFF                        (abs)        000000
__CFG_MCLRE$EXTMCLR                  (abs)        000000
__CFG_P2BMX$PORTD2                   (abs)        000000
__CFG_PBADEN$ON                      (abs)        000000
__CFG_PLLCFG$OFF                     (abs)        000000
__CFG_PRICLKEN$OFF                   (abs)        000000
__CFG_PWRTEN$OFF                     (abs)        000000
__CFG_STVREN$ON                      (abs)        000000
__CFG_T3CMX$PORTC0                   (abs)        000000
__CFG_WDTEN$OFF                      (abs)        000000
__CFG_WDTPS$32768                    (abs)        000000
__CFG_WRT0$OFF                       (abs)        000000
__CFG_WRT1$OFF                       (abs)        000000
__CFG_WRT2$OFF                       (abs)        000000
__CFG_WRT3$OFF                       (abs)        000000
__CFG_WRTB$OFF                       (abs)        000000
__CFG_WRTC$OFF                       (abs)        000000
__CFG_WRTD$OFF                       (abs)        000000
__CFG_XINST$OFF                      (abs)        000000
__HRAM                               (abs)        000000
__Habs1                              abs1         000000
__Hbank0                             bank0        000000
__Hbank1                             bank1        000000
__Hbank2                             bank2        000000
__Hbank3                             bank3        000000
__Hbank4                             bank4        000000
__Hbank5                             bank5        000000
__Hbigbss                            bigbss       000000
__Hbigdata                           bigdata      000000
__Hbigram                            bigram       000000
__Hbss                               bss          000000
__HbssBANK0                          bssBANK0     000000
__HbssCOMRAM                         bssCOMRAM    000000
__Hcinit                             cinit        000000
__Hclrtext                           clrtext      000000
__Hcomram                            comram       000000
__Hconfig                            config       30000E
__Hconst                             const        000000
__HcstackBANK0                       cstackBANK0  000000
__HcstackCOMRAM                      cstackCOMRAM 000000
__Hdata                              data         000000
__Heeprom_data                       eeprom_data  000000
__Hend_init                          end_init     0000A0
__Hfarbss                            farbss       000000
__Hfardata                           fardata      000000
__Hibigdata                          ibigdata     000000
__Hidata                             idata        000000
__Hidloc                             idloc        200008
__Hifardata                          ifardata     000000
__Hinit                              init         00009C
__Hintcode                           intcode      00009C
__Hintcode_body                      intcode_body 000000
__Hintcodelo                         intcodelo    00009C
__Hintentry                          intentry     000000
__Hintret                            intret       000000
__Hintsave_regs                      intsave_regs 000000
__Hirdata                            irdata       000000
__Hmediumconst                       mediumconst  000000
__HnvCOMRAM                          nvCOMRAM     000000
__HnvFARRAM                          nvFARRAM     000000
__Hnvbit                             nvbit        000000
__Hnvrram                            nvrram       000000
__Hparam                             rparam       000000
__Hpowerup                           powerup      00009C
__Hram                               ram          000000
__Hramtop                            ramtop       000600
__Hrbit                              rbit         000000
__Hrbss                              rbss         000000
__Hrdata                             rdata        000000
__Hreset_vec                         reset_vec    000004
__Hrparam                            rparam       000000
__Hsfr                               sfr          000000
__Hsmallconst                        smallconst   000000
__Hspace_0                           (abs)        30000E
__Hspace_1                           (abs)        0000C0
__Hspace_2                           (abs)        000000
__Hstack                             stack        000000
__Hstruct                            struct       000000
__Htemp                              temp         000000
__Htext                              text         000000
__Htext0                             text0        000000
__Htext1                             text1        000000
__Htext10                            text10       000000
__Htext11                            text11       000000
__Htext12                            text12       000000
__Htext13                            text13       000000
__Htext14                            text14       000000
__Htext15                            text15       000000
__Htext16                            text16       000000
__Htext18                            text18       000000
__Htext19                            text19       000000
__Htext2                             text2        000000
__Htext20                            text20       000000
__Htext3                             text3        000000
__Htext4                             text4        000000
__Htext5                             text5        000000
__Htext6                             text6        000000
__Htext7                             text7        000000
__Htext8                             text8        000000
__Htext9                             text9        000000
__LRAM                               (abs)        000001
__Labs1                              abs1         000000
__Lbank0                             bank0        000000
__Lbank1                             bank1        000000
__Lbank2                             bank2        000000
__Lbank3                             bank3        000000
__Lbank4                             bank4        000000
__Lbank5                             bank5        000000
__Lbigbss                            bigbss       000000
__Lbigdata                           bigdata      000000
__Lbigram                            bigram       000000
__Lbss                               bss          000000
__LbssBANK0                          bssBANK0     000000
__LbssCOMRAM                         bssCOMRAM    000000
__Lcinit                             cinit        000000
__Lclrtext                           clrtext      000000
__Lcomram                            comram       000000
__Lconfig                            config       300000
__Lconst                             const        000000
__LcstackBANK0                       cstackBANK0  000000
__LcstackCOMRAM                      cstackCOMRAM 000000
__Ldata                              data         000000
__Leeprom_data                       eeprom_data  000000
__Lend_init                          end_init     00009C
__Lfarbss                            farbss       000000
__Lfardata                           fardata      000000
__Libigdata                          ibigdata     000000
__Lidata                             idata        000000
__Lidloc                             idloc        200000
__Lifardata                          ifardata     000000
__Linit                              init         00009C
__Lintcode                           intcode      000008
__Lintcode_body                      intcode_body 000000
__Lintcodelo                         intcodelo    00009C
__Lintentry                          intentry     000000
__Lintret                            intret       000000
__Lintsave_regs                      intsave_regs 000000
__Lirdata                            irdata       000000
__Lmediumconst                       mediumconst  000000
__LnvCOMRAM                          nvCOMRAM     000000
__LnvFARRAM                          nvFARRAM     000000
__Lnvbit                             nvbit        000000
__Lnvrram                            nvrram       000000
__Lparam                             rparam       000000
__Lpowerup                           powerup      00009C
__Lram                               ram          000000
__Lramtop                            ramtop       000600
__Lrbit                              rbit         000000
__Lrbss                              rbss         000000
__Lrdata                             rdata        000000
__Lreset_vec                         reset_vec    000000
__Lrparam                            rparam       000000
__Lsfr                               sfr          000000
__Lsmallconst                        smallconst   000000
__Lspace_0                           (abs)        000000
__Lspace_1                           (abs)        000000
__Lspace_2                           (abs)        000000
__Lstack                             stack        000000
__Lstruct                            struct       000000
__Ltemp                              temp         000000
__Ltext                              text         000000
__Ltext0                             text0        000000
__Ltext1                             text1        000000
__Ltext10                            text10       000000
__Ltext11                            text11       000000
__Ltext12                            text12       000000
__Ltext13                            text13       000000
__Ltext14                            text14       000000
__Ltext15                            text15       000000
__Ltext16                            text16       000000
__Ltext18                            text18       000000
__Ltext19                            text19       000000
__Ltext2                             text2        000000
__Ltext20                            text20       000000
__Ltext3                             text3        000000
__Ltext4                             text4        000000
__Ltext5                             text5        000000
__Ltext6                             text6        000000
__Ltext7                             text7        000000
__Ltext8                             text8        000000
__Ltext9                             text9        000000
__S0                                 (abs)        30000E
__S1                                 (abs)        0000C0
__S2                                 (abs)        000000
___inthi_sp                          stack        000000
___intlo_sp                          stack        000000
___sp                                stack        000000
__accesstop                          (abs)        000060
__activetblptr                       (abs)        000002
__end_of_ADC_ISR                     text20       00062C
__end_of_ADC_Initialize              text6        0005E0
__end_of_Clear595                    text10       0003BC
__end_of_ComputeStorageData          text15       0002FE
__end_of_DATAEE_ReadByte             text16       00060A
__end_of_Delay                       text12       0004A6
__end_of_EUSART1_Initialize          text5        0004E2
__end_of_EUSART1_Receive_ISR         text19       00057C
__end_of_EUSART1_Transmit_ISR        text18       00054C
__end_of_EnableSlavePower            text13       000180
__end_of_INTERRUPT_Initialize        text4        000622
__end_of_INTERRUPT_InterruptManager  intcode      00009C
__end_of_OSCILLATOR_Initialize       text3        000618
__end_of_PDUStartup                  text7        0005A6
__end_of_PIN_MANAGER_Initialize      text2        00045C
__end_of_SYSTEM_Initialize           text1        0005F6
__end_of_SetPin595                   text14       00040E
__end_of_StartUp595                  text9        00035E
__end_of_Update                      text8        000628
__end_of__initialization             cinit        0005BE
__end_of_main                        text0        00051C
__end_of_writeRegisters              text11       000246
__initialization                     cinit        0005A6
__mediumconst                        mediumconst  000000
__pbssBANK0                          bssBANK0     000060
__pbssCOMRAM                         bssCOMRAM    000001
__pcinit                             cinit        0005A6
__pcstackBANK0                       cstackBANK0  0000BC
__pcstackCOMRAM                      cstackCOMRAM 000034
__pintcode                           intcode      000008
__pnvCOMRAM                          nvCOMRAM     000051
__ptext0                             text0        0004E2
__ptext1                             text1        0005E0
__ptext10                            text10       00035E
__ptext11                            text11       000180
__ptext12                            text12       00045C
__ptext13                            text13       0000A0
__ptext14                            text14       0003BC
__ptext15                            text15       000246
__ptext16                            text16       0005F6
__ptext18                            text18       00051C
__ptext19                            text19       00054C
__ptext2                             text2        00040E
__ptext20                            text20       000628
__ptext3                             text3        00060A
__ptext4                             text4        000618
__ptext5                             text5        0004A6
__ptext6                             text6        0005C8
__ptext7                             text7        00057C
__ptext8                             text8        000622
__ptext9                             text9        0002FE
__ramtop                             ramtop       000600
__size_of_ADC_ISR                    (abs)        000000
__size_of_ADC_Initialize             (abs)        000000
__size_of_Clear595                   (abs)        000000
__size_of_ComputeStorageData         (abs)        000000
__size_of_DATAEE_ReadByte            (abs)        000000
__size_of_Delay                      (abs)        000000
__size_of_EUSART1_Initialize         (abs)        000000
__size_of_EUSART1_Receive_ISR        (abs)        000000
__size_of_EUSART1_Transmit_ISR       (abs)        000000
__size_of_EnableSlavePower           (abs)        000000
__size_of_INTERRUPT_Initialize       (abs)        000000
__size_of_INTERRUPT_InterruptManager (abs)        000000
__size_of_OSCILLATOR_Initialize      (abs)        000000
__size_of_PDUStartup                 (abs)        000000
__size_of_PIN_MANAGER_Initialize     (abs)        000000
__size_of_SYSTEM_Initialize          (abs)        000000
__size_of_SetPin595                  (abs)        000000
__size_of_StartUp595                 (abs)        000000
__size_of_Update                     (abs)        000000
__size_of_main                       (abs)        000000
__size_of_writeRegisters             (abs)        000000
__smallconst                         smallconst   000000
_data                                bssCOMRAM    000019
_eusart1RxBuffer                     bssBANK0     000090
_eusart1RxCount                      bssCOMRAM    00002F
_eusart1RxHead                       bssCOMRAM    000030
_eusart1RxTail                       bssCOMRAM    000031
_eusart1TxBuffer                     bssCOMRAM    000025
_eusart1TxBufferRemaining            nvCOMRAM     000051
_eusart1TxHead                       bssCOMRAM    000032
_eusart1TxTail                       bssCOMRAM    000033
_main                                text0        0004E2
_registers                           bssBANK0     000060
_timer1ReloadVal                     bssCOMRAM    00002D
_writeRegisters                      text11       000180
end_of_initialization                cinit        0005BE
intlevel0                            text         000000
intlevel1                            text         000000
intlevel2                            text         000000
intlevel3                            text         000000
stackhi                              (abs)        0005FF
stacklo                              (abs)        0000C0
start                                init         00009C
start_initialization                 cinit        0005A6
writeRegisters@i                     cstackCOMRAM 00004F
writeRegisters@val                   cstackCOMRAM 00004D


FUNCTION INFORMATION:

 *************** function _main *****************
 Defined at:
		line 8 in file "main.c"
 Parameters:    Size  Location     Type
		None
 Auto vars:     Size  Location     Type
		None
 Return value:  Size  Location     Type
		None               void
 Registers used:
		wreg, fsr2l, fsr2h, status,2, status,0, prodl, cstack
 Tracked objects:
		On entry : 
		On exit  : 
		Unchanged: 
 Data sizes:     COMRAM   BANK0   BANK1   BANK2   BANK3   BANK4   BANK5
      Params:         0       0       0       0       0       0       0
      Locals:         0       0       0       0       0       0       0
      Temps:          0       0       0       0       0       0       0
      Totals:         0       0       0       0       0       0       0
Total ram usage:        0 bytes
 Hardware stack levels required when called:    7
 This function calls:
		_Delay
		_PDUStartup
		_SYSTEM_Initialize
 This function is called by:
		Startup code after reset
 This function uses a non-reentrant model


 *************** function _SYSTEM_Initialize *****************
 Defined at:
		line 112 in file "mcc_generated_files/mcc.c"
 Parameters:    Size  Location     Type
		None
 Auto vars:     Size  Location     Type
		None
 Return value:  Size  Location     Type
		None               void
 Registers used:
		wreg, status,2, cstack
 Tracked objects:
		On entry : 
		On exit  : 
		Unchanged: 
 Data sizes:     COMRAM   BANK0   BANK1   BANK2   BANK3   BANK4   BANK5
      Params:         0       0       0       0       0       0       0
      Locals:         0       0       0       0       0       0       0
      Temps:          0       0       0       0       0       0       0
      Totals:         0       0       0       0       0       0       0
Total ram usage:        0 bytes
 Hardware stack levels used:    1
 Hardware stack levels required when called:    3
 This function calls:
		_ADC_Initialize
		_EUSART1_Initialize
		_INTERRUPT_Initialize
		_OSCILLATOR_Initialize
		_PIN_MANAGER_Initialize
 This function is called by:
		_main
 This function uses a non-reentrant model


 *************** function _PIN_MANAGER_Initialize *****************
 Defined at:
		line 50 in file "mcc_generated_files/pin_manager.c"
 Parameters:    Size  Location     Type
		None
 Auto vars:     Size  Location     Type
		None
 Return value:  Size  Location     Type
		None               void
 Registers used:
		wreg, status,2
 Tracked objects:
		On entry : 
		On exit  : 
		Unchanged: 
 Data sizes:     COMRAM   BANK0   BANK1   BANK2   BANK3   BANK4   BANK5
      Params:         0       0       0       0       0       0       0
      Locals:         0       0       0       0       0       0       0
      Temps:          0       0       0       0       0       0       0
      Totals:         0       0       0       0       0       0       0
Total ram usage:        0 bytes
 Hardware stack levels used:    1
 Hardware stack levels required when called:    2
 This function calls:
		Nothing
 This function is called by:
		_SYSTEM_Initialize
 This function uses a non-reentrant model


 *************** function _OSCILLATOR_Initialize *****************
 Defined at:
		line 121 in file "mcc_generated_files/mcc.c"
 Parameters:    Size  Location     Type
		None
 Auto vars:     Size  Location     Type
		None
 Return value:  Size  Location     Type
		None               void
 Registers used:
		wreg, status,2
 Tracked objects:
		On entry : 
		On exit  : 
		Unchanged: 
 Data sizes:     COMRAM   BANK0   BANK1   BANK2   BANK3   BANK4   BANK5
      Params:         0       0       0       0       0       0       0
      Locals:         0       0       0       0       0       0       0
      Temps:          0       0       0       0       0       0       0
      Totals:         0       0       0       0       0       0       0
Total ram usage:        0 bytes
 Hardware stack levels used:    1
 Hardware stack levels required when called:    2
 This function calls:
		Nothing
 This function is called by:
		_SYSTEM_Initialize
 This function uses a non-reentrant model


 *************** function _INTERRUPT_Initialize *****************
 Defined at:
		line 52 in file "mcc_generated_files/interrupt_manager.c"
 Parameters:    Size  Location     Type
		None
 Auto vars:     Size  Location     Type
		None
 Return value:  Size  Location     Type
		None               void
 Registers used:
		None
 Tracked objects:
		On entry : 
		On exit  : 
		Unchanged: 
 Data sizes:     COMRAM   BANK0   BANK1   BANK2   BANK3   BANK4   BANK5
      Params:         0       0       0       0       0       0       0
      Locals:         0       0       0       0       0       0       0
      Temps:          0       0       0       0       0       0       0
      Totals:         0       0       0       0       0       0       0
Total ram usage:        0 bytes
 Hardware stack levels used:    1
 Hardware stack levels required when called:    2
 This function calls:
		Nothing
 This function is called by:
		_SYSTEM_Initialize
 This function uses a non-reentrant model


 *************** function _EUSART1_Initialize *****************
 Defined at:
		line 76 in file "mcc_generated_files/eusart1.c"
 Parameters:    Size  Location     Type
		None
 Auto vars:     Size  Location     Type
		None
 Return value:  Size  Location     Type
		None               void
 Registers used:
		wreg, status,2
 Tracked objects:
		On entry : 
		On exit  : 
		Unchanged: 
 Data sizes:     COMRAM   BANK0   BANK1   BANK2   BANK3   BANK4   BANK5
      Params:         0       0       0       0       0       0       0
      Locals:         0       0       0       0       0       0       0
      Temps:          0       0       0       0       0       0       0
      Totals:         0       0       0       0       0       0       0
Total ram usage:        0 bytes
 Hardware stack levels used:    1
 Hardware stack levels required when called:    2
 This function calls:
		Nothing
 This function is called by:
		_SYSTEM_Initialize
 This function uses a non-reentrant model


 *************** function _ADC_Initialize *****************
 Defined at:
		line 59 in file "mcc_generated_files/adc.c"
 Parameters:    Size  Location     Type
		None
 Auto vars:     Size  Location     Type
		None
 Return value:  Size  Location     Type
		None               void
 Registers used:
		wreg, status,2
 Tracked objects:
		On entry : 
		On exit  : 
		Unchanged: 
 Data sizes:     COMRAM   BANK0   BANK1   BANK2   BANK3   BANK4   BANK5
      Params:         0       0       0       0       0       0       0
      Locals:         0       0       0       0       0       0       0
      Temps:          0       0       0       0       0       0       0
      Totals:         0       0       0       0       0       0       0
Total ram usage:        0 bytes
 Hardware stack levels used:    1
 Hardware stack levels required when called:    2
 This function calls:
		Nothing
 This function is called by:
		_SYSTEM_Initialize
 This function uses a non-reentrant model


 *************** function _PDUStartup *****************
 Defined at:
		line 14 in file "PDU.c"
 Parameters:    Size  Location     Type
		None
 Auto vars:     Size  Location     Type
		None
 Return value:  Size  Location     Type
		None               void
 Registers used:
		wreg, fsr2l, fsr2h, status,2, status,0, prodl, cstack
 Tracked objects:
		On entry : 
		On exit  : 
		Unchanged: 
 Data sizes:     COMRAM   BANK0   BANK1   BANK2   BANK3   BANK4   BANK5
      Params:         0       0       0       0       0       0       0
      Locals:         0       0       0       0       0       0       0
      Temps:          0       0       0       0       0       0       0
      Totals:         0       0       0       0       0       0       0
Total ram usage:        0 bytes
 Hardware stack levels used:    1
 Hardware stack levels required when called:    6
 This function calls:
		_ComputeStorageData
		_EnableSlavePower
		_StartUp595
		_Update
 This function is called by:
		_main
 This function uses a non-reentrant model


 *************** function _Update *****************
 Defined at:
		line 127 in file "PDU.c"
 Parameters:    Size  Location     Type
		None
 Auto vars:     Size  Location     Type
		None
 Return value:  Size  Location     Type
		None               void
 Registers used:
		wreg, fsr2l, fsr2h, status,2, status,0, prodl, cstack
 Tracked objects:
		On entry : 
		On exit  : 
		Unchanged: 
 Data sizes:     COMRAM   BANK0   BANK1   BANK2   BANK3   BANK4   BANK5
      Params:         0       0       0       0       0       0       0
      Locals:         0       0       0       0       0       0       0
      Temps:          0       0       0       0       0       0       0
      Totals:         0       0       0       0       0       0       0
Total ram usage:        0 bytes
 Hardware stack levels used:    1
 Hardware stack levels required when called:    4
 This function calls:
		_writeRegisters
 This function is called by:
		_PDUStartup
		_ReadCurrent
 This function uses a non-reentrant model


 *************** function _StartUp595 *****************
 Defined at:
		line 10 in file "Shift595.c"
 Parameters:    Size  Location     Type
		None
 Auto vars:     Size  Location     Type
		None
 Return value:  Size  Location     Type
		None               void
 Registers used:
		wreg, fsr2l, fsr2h, status,2, status,0, prodl, cstack
 Tracked objects:
		On entry : 
		On exit  : 
		Unchanged: 
 Data sizes:     COMRAM   BANK0   BANK1   BANK2   BANK3   BANK4   BANK5
      Params:         0       0       0       0       0       0       0
      Locals:         0       0       0       0       0       0       0
      Temps:          0       0       0       0       0       0       0
      Totals:         0       0       0       0       0       0       0
Total ram usage:        0 bytes
 Hardware stack levels used:    1
 Hardware stack levels required when called:    5
 This function calls:
		_Clear595
		_Delay
 This function is called by:
		_PDUStartup
 This function uses a non-reentrant model


 *************** function _Clear595 *****************
 Defined at:
		line 38 in file "Shift595.c"
 Parameters:    Size  Location     Type
		None
 Auto vars:     Size  Location     Type
  i               2    2[BANK0 ] int 
 Return value:  Size  Location     Type
		None               void
 Registers used:
		wreg, fsr2l, fsr2h, status,2, status,0, prodl, cstack
 Tracked objects:
		On entry : 
		On exit  : 
		Unchanged: 
 Data sizes:     COMRAM   BANK0   BANK1   BANK2   BANK3   BANK4   BANK5
      Params:         0       0       0       0       0       0       0
      Locals:         0       2       0       0       0       0       0
      Temps:          0       2       0       0       0       0       0
      Totals:         0       4       0       0       0       0       0
Total ram usage:        4 bytes
 Hardware stack levels used:    1
 Hardware stack levels required when called:    4
 This function calls:
		_writeRegisters
 This function is called by:
		_StartUp595
 This function uses a non-reentrant model


 *************** function _writeRegisters *****************
 Defined at:
		line 49 in file "Shift595.c"
 Parameters:    Size  Location     Type
		None
 Auto vars:     Size  Location     Type
  i               2   27[COMRAM] int 
  val             2   25[COMRAM] int 
 Return value:  Size  Location     Type
		None               void
 Registers used:
		wreg, fsr2l, fsr2h, status,2, status,0, prodl, cstack
 Tracked objects:
		On entry : 
		On exit  : 
		Unchanged: 
 Data sizes:     COMRAM   BANK0   BANK1   BANK2   BANK3   BANK4   BANK5
      Params:         0       0       0       0       0       0       0
      Locals:         4       0       0       0       0       0       0
      Temps:          2       0       0       0       0       0       0
      Totals:         6       0       0       0       0       0       0
Total ram usage:        6 bytes
 Hardware stack levels used:    1
 Hardware stack levels required when called:    3
 This function calls:
		_Delay
 This function is called by:
		_Clear595
		_Update
 This function uses a non-reentrant model


 *************** function _Delay *****************
 Defined at:
		line 8 in file "Functions.c"
 Parameters:    Size  Location     Type
  wait            4   14[COMRAM] long 
 Auto vars:     Size  Location     Type
  i               4   19[COMRAM] long 
 Return value:  Size  Location     Type
		None               void
 Registers used:
		wreg, status,2, status,0
 Tracked objects:
		On entry : 
		On exit  : 
		Unchanged: 
 Data sizes:     COMRAM   BANK0   BANK1   BANK2   BANK3   BANK4   BANK5
      Params:         4       0       0       0       0       0       0
      Locals:         4       0       0       0       0       0       0
      Temps:          1       0       0       0       0       0       0
      Totals:         9       0       0       0       0       0       0
Total ram usage:        9 bytes
 Hardware stack levels used:    1
 Hardware stack levels required when called:    2
 This function calls:
		Nothing
 This function is called by:
		_main
		_StartUp595
		_writeRegisters
 This function uses a non-reentrant model


 *************** function _EnableSlavePower *****************
 Defined at:
		line 28 in file "PDU.c"
 Parameters:    Size  Location     Type
  slave           1    wreg     enum E5
  onof            2   24[COMRAM] int 
 Auto vars:     Size  Location     Type
  slave           1   26[COMRAM] enum E5
 Return value:  Size  Location     Type
		None               void
 Registers used:
		wreg, fsr2l, fsr2h, status,2, status,0, cstack
 Tracked objects:
		On entry : 
		On exit  : 
		Unchanged: 
 Data sizes:     COMRAM   BANK0   BANK1   BANK2   BANK3   BANK4   BANK5
      Params:         2       0       0       0       0       0       0
      Locals:         1       0       0       0       0       0       0
      Temps:          0       0       0       0       0       0       0
      Totals:         3       0       0       0       0       0       0
Total ram usage:        3 bytes
 Hardware stack levels used:    1
 Hardware stack levels required when called:    3
 This function calls:
		_SetPin595
 This function is called by:
		_PDUStartup
 This function uses a non-reentrant model


 *************** function _SetPin595 *****************
 Defined at:
		line 31 in file "Shift595.c"
 Parameters:    Size  Location     Type
  Reg             2   14[COMRAM] int 
  pin             2   16[COMRAM] int 
  value           2   18[COMRAM] int 
 Auto vars:     Size  Location     Type
		None
 Return value:  Size  Location     Type
		None               void
 Registers used:
		wreg, fsr2l, fsr2h, status,2, status,0
 Tracked objects:
		On entry : 
		On exit  : 
		Unchanged: 
 Data sizes:     COMRAM   BANK0   BANK1   BANK2   BANK3   BANK4   BANK5
      Params:         6       0       0       0       0       0       0
      Locals:         0       0       0       0       0       0       0
      Temps:          4       0       0       0       0       0       0
      Totals:        10       0       0       0       0       0       0
Total ram usage:       10 bytes
 Hardware stack levels used:    1
 Hardware stack levels required when called:    2
 This function calls:
		Nothing
 This function is called by:
		_EnableSlavePower
		_ReadCurrent
 This function uses a non-reentrant model


 *************** function _ComputeStorageData *****************
 Defined at:
		line 94 in file "PDU.c"
 Parameters:    Size  Location     Type
		None
 Auto vars:     Size  Location     Type
  i               2   17[COMRAM] int 
 Return value:  Size  Location     Type
		None               void
 Registers used:
		wreg, fsr2l, fsr2h, status,2, status,0, cstack
 Tracked objects:
		On entry : 
		On exit  : 
		Unchanged: 
 Data sizes:     COMRAM   BANK0   BANK1   BANK2   BANK3   BANK4   BANK5
      Params:         0       0       0       0       0       0       0
      Locals:         2       0       0       0       0       0       0
      Temps:          2       0       0       0       0       0       0
      Totals:         4       0       0       0       0       0       0
Total ram usage:        4 bytes
 Hardware stack levels used:    1
 Hardware stack levels required when called:    3
 This function calls:
		_DATAEE_ReadByte
 This function is called by:
		_PDUStartup
 This function uses a non-reentrant model


 *************** function _DATAEE_ReadByte *****************
 Defined at:
		line 143 in file "mcc_generated_files/memory.c"
 Parameters:    Size  Location     Type
  bAdd            1    wreg     unsigned char 
 Auto vars:     Size  Location     Type
  bAdd            1   14[COMRAM] unsigned char 
 Return value:  Size  Location     Type
                  1    wreg      unsigned char 
 Registers used:
		wreg, status,2
 Tracked objects:
		On entry : 
		On exit  : 
		Unchanged: 
 Data sizes:     COMRAM   BANK0   BANK1   BANK2   BANK3   BANK4   BANK5
      Params:         0       0       0       0       0       0       0
      Locals:         1       0       0       0       0       0       0
      Temps:          0       0       0       0       0       0       0
      Totals:         1       0       0       0       0       0       0
Total ram usage:        1 bytes
 Hardware stack levels used:    1
 Hardware stack levels required when called:    2
 This function calls:
		Nothing
 This function is called by:
		_ComputeStorageData
 This function uses a non-reentrant model


 *************** function _INTERRUPT_InterruptManager *****************
 Defined at:
		line 67 in file "mcc_generated_files/interrupt_manager.c"
 Parameters:    Size  Location     Type
		None
 Auto vars:     Size  Location     Type
		None
 Return value:  Size  Location     Type
		None               void
 Registers used:
		wreg, fsr2l, fsr2h, status,2, status,0, prodl, prodh, cstack
 Tracked objects:
		On entry : 
		On exit  : 
		Unchanged: 
 Data sizes:     COMRAM   BANK0   BANK1   BANK2   BANK3   BANK4   BANK5
      Params:         0       0       0       0       0       0       0
      Locals:         0       0       0       0       0       0       0
      Temps:         14       0       0       0       0       0       0
      Totals:        14       0       0       0       0       0       0
Total ram usage:       14 bytes
 Hardware stack levels used:    1
 Hardware stack levels required when called:    1
 This function calls:
		_ADC_ISR
		_EUSART1_Receive_ISR
		_EUSART1_Transmit_ISR
 This function is called by:
		Interrupt level 2
 This function uses a non-reentrant model


 *************** function _EUSART1_Transmit_ISR *****************
 Defined at:
		line 163 in file "mcc_generated_files/eusart1.c"
 Parameters:    Size  Location     Type
		None
 Auto vars:     Size  Location     Type
		None
 Return value:  Size  Location     Type
		None               void
 Registers used:
		wreg, fsr2l, fsr2h, status,2, status,0, prodl, prodh
 Tracked objects:
		On entry : 
		On exit  : 
		Unchanged: 
 Data sizes:     COMRAM   BANK0   BANK1   BANK2   BANK3   BANK4   BANK5
      Params:         0       0       0       0       0       0       0
      Locals:         0       0       0       0       0       0       0
      Temps:          0       0       0       0       0       0       0
      Totals:         0       0       0       0       0       0       0
Total ram usage:        0 bytes
 Hardware stack levels used:    1
 This function calls:
		Nothing
 This function is called by:
		_INTERRUPT_InterruptManager
 This function uses a non-reentrant model


 *************** function _EUSART1_Receive_ISR *****************
 Defined at:
		line 182 in file "mcc_generated_files/eusart1.c"
 Parameters:    Size  Location     Type
		None
 Auto vars:     Size  Location     Type
		None
 Return value:  Size  Location     Type
		None               void
 Registers used:
		wreg, fsr2l, fsr2h, status,2, status,0, prodl, prodh
 Tracked objects:
		On entry : 
		On exit  : 
		Unchanged: 
 Data sizes:     COMRAM   BANK0   BANK1   BANK2   BANK3   BANK4   BANK5
      Params:         0       0       0       0       0       0       0
      Locals:         0       0       0       0       0       0       0
      Temps:          0       0       0       0       0       0       0
      Totals:         0       0       0       0       0       0       0
Total ram usage:        0 bytes
 Hardware stack levels used:    1
 This function calls:
		Nothing
 This function is called by:
		_INTERRUPT_InterruptManager
 This function uses a non-reentrant model


 *************** function _ADC_ISR *****************
 Defined at:
		line 128 in file "mcc_generated_files/adc.c"
 Parameters:    Size  Location     Type
		None
 Auto vars:     Size  Location     Type
		None
 Return value:  Size  Location     Type
		None               void
 Registers used:
		None
 Tracked objects:
		On entry : 
		On exit  : 
		Unchanged: 
 Data sizes:     COMRAM   BANK0   BANK1   BANK2   BANK3   BANK4   BANK5
      Params:         0       0       0       0       0       0       0
      Locals:         0       0       0       0       0       0       0
      Temps:          0       0       0       0       0       0       0
      Totals:         0       0       0       0       0       0       0
Total ram usage:        0 bytes
 Hardware stack levels used:    1
 This function calls:
		Nothing
 This function is called by:
		_INTERRUPT_InterruptManager
 This function uses a non-reentrant model



MODULE INFORMATION

Module		Function		Class		Link	Load	Size
Shift595.c
		_SetPin595     		CODE           	03BC	0000	82
		_writeRegisters		CODE           	0180	0000	198
		_StartUp595    		CODE           	02FE	0000	96
		_Clear595      		CODE           	035E	0000	94

Shift595.c estimated size: 470

mcc_generated_files/interrupt_manager.c
		_INTERRUPT_Init		CODE           	0618	0000	10
		_INTERRUPT_Inte		CODE           	0008	0000	148

mcc_generated_files/interrupt_manager.c estimated size: 158

PDU.c
		_ComputeStorage		CODE           	0246	0000	184
		_EnableSlavePow		CODE           	00A0	0000	224
		_Update        		CODE           	0622	0000	6
		_PDUStartup    		CODE           	057C	0000	42

PDU.c estimated size: 456

mcc_generated_files/pin_manager.c
		_PIN_MANAGER_In		CODE           	040E	0000	78

mcc_generated_files/pin_manager.c estimated size: 78

mcc_generated_files/adc.c
		_ADC_Initialize		CODE           	05C8	0000	24
		_ADC_ISR       		CODE           	0628	0000	4

mcc_generated_files/adc.c estimated size: 28

Functions.c
		_Delay         		CODE           	045C	0000	74

Functions.c estimated size: 74

shared
		__initializatio		CODE           	05A6	0000	24

shared estimated size: 24

mcc_generated_files/eusart1.c
		_EUSART1_Initia		CODE           	04A6	0000	60
		_EUSART1_Receiv		CODE           	054C	0000	48
		_EUSART1_Transm		CODE           	051C	0000	48

mcc_generated_files/eusart1.c estimated size: 156

mcc_generated_files/mcc.c
		_OSCILLATOR_Ini		CODE           	060A	0000	14
		_SYSTEM_Initial		CODE           	05E0	0000	22

mcc_generated_files/mcc.c estimated size: 36

mcc_generated_files/memory.c
		_DATAEE_ReadByt		CODE           	05F6	0000	20

mcc_generated_files/memory.c estimated size: 20

main.c
		_main          		CODE           	04E2	0000	58

main.c estimated size: 58

