Microchip MPLAB XC8 Compiler V1.31 ()

Linker command line:

--edf=C:\Program Files (x86)\Microchip\xc8\v1.31\dat\en_msgs.txt -cs \
  -h+dist/default/production\BMS-HV.X.production.sym \
  --cmf=dist/default/production\BMS-HV.X.production.cmf -z -w9 --norlf \
  -Q18F45K22 -Mdist/default/production/BMS-HV.X.production.map -E1 -ver=XC8 \
  -ACODE=00h-07FFFh -ACONST=00h-07FFFh -ASMALLCONST=0600h-06FFhx122 \
  -AMEDIUMCONST=0600h-07FFFh -ACOMRAM=01h-05Fh -AABS1=00h-05FFh \
  -ABIGRAM=01h-05FFh -ARAM=060h-0FFh,0100h-01FFhx5 -ABANK0=060h-0FFh \
  -ABANK1=0100h-01FFh -ABANK2=0200h-02FFh -ABANK3=0300h-03FFh \
  -ABANK4=0400h-04FFh -ABANK5=0500h-05FFh -ASFR=0F38h-0F5Fh,0F60h-0FFFh \
  -preset_vec=00h,intcode,intcodelo,powerup,init,end_init -pramtop=0600h \
  -psmallconst=SMALLCONST -pmediumconst=MEDIUMCONST -pconst=CONST \
  -AFARRAM=00h-00h -ACONFIG=0300000h-030000Dh -pconfig=CONFIG \
  -AIDLOC=0200000h-0200007h -pidloc=IDLOC -AEEDATA=0F00000h-0F000FFh \
  -peeprom_data=EEDATA \
  -prdata=COMRAM,nvrram=COMRAM,nvbit=COMRAM,rbss=COMRAM,rbit=COMRAM \
  -pfarbss=FARRAM,fardata=FARRAM,nvFARRAM=FARRAM \
  -pintsave_regs=BIGRAM,bigbss=BIGRAM,bigdata=BIGRAM -pbss=RAM \
  -pidata=CODE,irdata=CODE,ibigdata=CODE,ifardata=CODE \
  C:\Users\RICHC_~1\AppData\Local\Temp\s71c.obj \
  dist/default/production\BMS-HV.X.production.obj 

Object code version is 3.11

Machine type is 18F45K22

Call graph: (short form)




                Name                               Link     Load   Length Selector   Space Scale
C:\Users\RICHC_~1\AppData\Local\Temp\s71c.obj
                end_init                             A0       A0        4        0       0
dist/default/production\BMS-HV.X.production.obj
                intcode                               0        0       A0        0       0
                text16                             7C80     7C80       14     3E40       0
                text15                             7CE0     7CE0       1C     3E70       0
                text14                             7E48     7E48      1B8     3F24       0
                text13                             7D40     7D40       30     3EA0       0
                text12                             7D70     7D70       34     3EB8       0
                text11                             7C56     7C56        2     3E2B       0
                text10                             7CAC     7CAC       1A     3E56       0
                text8                              7C94     7C94       18     3E4A       0
                text7                              7DA4     7DA4       4C     3ED2       0
                text6                              7C66     7C66        C     3E33       0
                text5                              7C72     7C72        E     3E39       0
                text4                              7DF0     7DF0       58     3EF8       0
                text3                              7C58     7C58        4     3E2C       0
                text2                              7CFC     7CFC       22     3E7E       0
                text1                              7CC6     7CC6       1A     3E63       0
                text0                              7C5C     7C5C        A     3E2E       0
                cstackCOMRAM                         2E       2E       17        1       1
                cstackBANK0                          88       88        5       60       1
                bssBANK0                             60       60       28       60       1
                bssCOMRAM                             1        1       2D        1       1
                cinit                              7D1E     7D1E       22     3E8F       0
                nvCOMRAM                             45       45        3        1       1

TOTAL           Name                               Link     Load   Length     Space
        CLASS   CODE           
                end_init                             A0       A0        4         0
                intcode                               0        0       A0         0
                text16                             7C80     7C80       14         0
                text15                             7CE0     7CE0       1C         0
                text14                             7E48     7E48      1B8         0
                text13                             7D40     7D40       30         0
                text12                             7D70     7D70       34         0
                text11                             7C56     7C56        2         0
                text10                             7CAC     7CAC       1A         0
                text8                              7C94     7C94       18         0
                text7                              7DA4     7DA4       4C         0
                text6                              7C66     7C66        C         0
                text5                              7C72     7C72        E         0
                text4                              7DF0     7DF0       58         0
                text3                              7C58     7C58        4         0
                text2                              7CFC     7CFC       22         0
                text1                              7CC6     7CC6       1A         0
                text0                              7C5C     7C5C        A         0
                cinit                              7D1E     7D1E       22         0

        CLASS   CONST          

        CLASS   SMALLCONST     

        CLASS   MEDIUMCONST    

        CLASS   COMRAM         
                cstackCOMRAM                         2E       2E       17         1
                bssCOMRAM                             1        1       2D         1
                nvCOMRAM                             45       45        3         1

        CLASS   ABS1           

        CLASS   BIGRAM         

        CLASS   RAM            

        CLASS   BANK0          
                cstackBANK0                          88       88        5         1
                bssBANK0                             60       60       28         1

        CLASS   BANK1          

        CLASS   BANK2          

        CLASS   BANK3          

        CLASS   BANK4          

        CLASS   BANK5          

        CLASS   SFR            

        CLASS   FARRAM         

        CLASS   CONFIG         

        CLASS   IDLOC          

        CLASS   EEDATA         

        CLASS   STACK          



SEGMENTS        Name                           Load    Length   Top    Selector   Space  Class

                reset_vec                      000000  0000A4  0000A4         0       0  CODE    
                bssCOMRAM                      000001  000047  000048         1       1  COMRAM  
                bssBANK0                       000060  00002D  00008D        60       1  BANK0   
                text11                         007C56  000002  007C58      3E2B       0  CODE    
                text3                          007C58  000004  007C5C      3E2C       0  CODE    
                text0                          007C5C  00000A  007C66      3E2E       0  CODE    
                text6                          007C66  00000C  007C72      3E33       0  CODE    
                text5                          007C72  00000E  007C80      3E39       0  CODE    
                text16                         007C80  000014  007C94      3E40       0  CODE    
                text8                          007C94  000018  007CAC      3E4A       0  CODE    
                text10                         007CAC  00001A  007CC6      3E56       0  CODE    
                text1                          007CC6  00001A  007CE0      3E63       0  CODE    
                text15                         007CE0  00001C  007CFC      3E70       0  CODE    
                text2                          007CFC  000022  007D1E      3E7E       0  CODE    
                cinit                          007D1E  000022  007D40      3E8F       0  CODE    
                text13                         007D40  000030  007D70      3EA0       0  CODE    
                text12                         007D70  000034  007DA4      3EB8       0  CODE    
                text7                          007DA4  00004C  007DF0      3ED2       0  CODE    
                text4                          007DF0  000058  007E48      3EF8       0  CODE    
                text14                         007E48  0001B8  008000      3F24       0  CODE    


UNUSED ADDRESS RANGES

        Name                Unused          Largest block    Delta
        BANK0            008D-00FF             73
        BANK1            0100-01FF            100
        BANK2            0200-02FF            100
        BANK3            0300-03FF            100
        BANK4            0400-04FF            100
        BANK5            0500-05FF            100
        BIGRAM           0048-005F             18
                         008D-05FF            573
        CODE             00A4-7C55           7BB2
        COMRAM           0048-005F             18
        CONFIG           300000-30000D              E
        CONST            00A4-7C55           7BB2
        EEDATA           F00000-F000FF            100
        IDLOC            200000-200007              8
        MEDIUMCONST      0600-7C55           7656
        RAM              008D-05FF            100
        SFR              0F38-0FFF             28
        SMALLCONST       0600-7C55            100

                                  Symbol Table

_INTERRUPT_InterruptManager          intcode      0000
_Temp_Aquire                                          
_Volt_Aquire                                          
__CFG_BOREN$SBORDIS                  (abs)        0000
__CFG_BORV$190                       (abs)        0000
__CFG_CCP2MX$PORTC1                  (abs)        0000
__CFG_CCP3MX$PORTB5                  (abs)        0000
__CFG_CP0$OFF                        (abs)        0000
__CFG_CP1$OFF                        (abs)        0000
__CFG_CP2$OFF                        (abs)        0000
__CFG_CP3$OFF                        (abs)        0000
__CFG_CPB$OFF                        (abs)        0000
__CFG_CPD$OFF                        (abs)        0000
__CFG_DEBUG$OFF                      (abs)        0000
__CFG_EBTR0$OFF                      (abs)        0000
__CFG_EBTR1$OFF                      (abs)        0000
__CFG_EBTR2$OFF                      (abs)        0000
__CFG_EBTR3$OFF                      (abs)        0000
__CFG_EBTRB$OFF                      (abs)        0000
__CFG_FCMEN$OFF                      (abs)        0000
__CFG_FOSC$INTIO67                   (abs)        0000
__CFG_HFOFST$ON                      (abs)        0000
__CFG_IESO$OFF                       (abs)        0000
__CFG_LVP$OFF                        (abs)        0000
__CFG_MCLRE$EXTMCLR                  (abs)        0000
__CFG_P2BMX$PORTD2                   (abs)        0000
__CFG_PBADEN$ON                      (abs)        0000
__CFG_PLLCFG$OFF                     (abs)        0000
__CFG_PRICLKEN$OFF                   (abs)        0000
__CFG_PWRTEN$OFF                     (abs)        0000
__CFG_STVREN$ON                      (abs)        0000
__CFG_T3CMX$PORTC0                   (abs)        0000
__CFG_WDTEN$OFF                      (abs)        0000
__CFG_WDTPS$32768                    (abs)        0000
__CFG_WRT0$OFF                       (abs)        0000
__CFG_WRT1$OFF                       (abs)        0000
__CFG_WRT2$OFF                       (abs)        0000
__CFG_WRT3$OFF                       (abs)        0000
__CFG_WRTB$OFF                       (abs)        0000
__CFG_WRTC$OFF                       (abs)        0000
__CFG_WRTD$OFF                       (abs)        0000
__CFG_XINST$OFF                      (abs)        0000
__HRAM                               (abs)        0000
__Habs1                              abs1         0000
__Hbank0                             bank0        0000
__Hbank1                             bank1        0000
__Hbank2                             bank2        0000
__Hbank3                             bank3        0000
__Hbank4                             bank4        0000
__Hbank5                             bank5        0000
__Hbigbss                            bigbss       0000
__Hbigdata                           bigdata      0000
__Hbigram                            bigram       0000
__Hbss                               bss          0000
__HbssBANK0                          bssBANK0     0000
__HbssCOMRAM                         bssCOMRAM    0000
__Hcinit                             cinit        0000
__Hclrtext                           clrtext      0000
__Hcomram                            comram       0000
__Hconfig                            config       0000
__Hconst                             const        0000
__HcstackBANK0                       cstackBANK0  0000
__HcstackCOMRAM                      cstackCOMRAM 0000
__Hdata                              data         0000
__Heeprom_data                       eeprom_data  0000
__Hfarbss                            farbss       0000
__Hfardata                           fardata      0000
__Hibigdata                          ibigdata     0000
__Hidata                             idata        0000
__Hidloc                             idloc        0000
__Hifardata                          ifardata     0000
__Hintcode_body                      intcode_body 0000
__Hintentry                          intentry     0000
__Hintret                            intret       0000
__Hintsave_regs                      intsave_regs 0000
__Hirdata                            irdata       0000
__Hmediumconst                       mediumconst  0000
__HnvCOMRAM                          nvCOMRAM     0000
__HnvFARRAM                          nvFARRAM     0000
__Hnvbit                             nvbit        0000
__Hnvrram                            nvrram       0000
__Hparam                             rparam       0000
__Hram                               ram          0000
__Hrbit                              rbit         0000
__Hrbss                              rbss         0000
__Hrdata                             rdata        0000
__Hreset_vec                         reset_vec    0000
__Hrparam                            rparam       0000
__Hsfr                               sfr          0000
__Hsmallconst                        smallconst   0000
__Hstack                             stack        0000
__Hstruct                            struct       0000
__Htemp                              temp         0000
__Htext                              text         0000
__Htext0                             text0        0000
__Htext1                             text1        0000
__Htext10                            text10       0000
__Htext11                            text11       0000
__Htext12                            text12       0000
__Htext13                            text13       0000
__Htext14                            text14       0000
__Htext15                            text15       0000
__Htext16                            text16       0000
__Htext2                             text2        0000
__Htext3                             text3        0000
__Htext4                             text4        0000
__Htext5                             text5        0000
__Htext6                             text6        0000
__Htext7                             text7        0000
__Htext8                             text8        0000
__Labs1                              abs1         0000
__Lbank0                             bank0        0000
__Lbank1                             bank1        0000
__Lbank2                             bank2        0000
__Lbank3                             bank3        0000
__Lbank4                             bank4        0000
__Lbank5                             bank5        0000
__Lbigbss                            bigbss       0000
__Lbigdata                           bigdata      0000
__Lbigram                            bigram       0000
__Lbss                               bss          0000
__LbssBANK0                          bssBANK0     0000
__LbssCOMRAM                         bssCOMRAM    0000
__Lcinit                             cinit        0000
__Lclrtext                           clrtext      0000
__Lcomram                            comram       0000
__Lconfig                            config       0000
__Lconst                             const        0000
__LcstackBANK0                       cstackBANK0  0000
__LcstackCOMRAM                      cstackCOMRAM 0000
__Ldata                              data         0000
__Leeprom_data                       eeprom_data  0000
__Lfarbss                            farbss       0000
__Lfardata                           fardata      0000
__Libigdata                          ibigdata     0000
__Lidata                             idata        0000
__Lidloc                             idloc        0000
__Lifardata                          ifardata     0000
__Lintcode                           intcode      0000
__Lintcode_body                      intcode_body 0000
__Lintentry                          intentry     0000
__Lintret                            intret       0000
__Lintsave_regs                      intsave_regs 0000
__Lirdata                            irdata       0000
__Lmediumconst                       mediumconst  0000
__LnvCOMRAM                          nvCOMRAM     0000
__LnvFARRAM                          nvFARRAM     0000
__Lnvbit                             nvbit        0000
__Lnvrram                            nvrram       0000
__Lparam                             rparam       0000
__Lram                               ram          0000
__Lrbit                              rbit         0000
__Lrbss                              rbss         0000
__Lrdata                             rdata        0000
__Lreset_vec                         reset_vec    0000
__Lrparam                            rparam       0000
__Lsfr                               sfr          0000
__Lsmallconst                        smallconst   0000
__Lstack                             stack        0000
__Lstruct                            struct       0000
__Ltemp                              temp         0000
__Ltext                              text         0000
__Ltext0                             text0        0000
__Ltext1                             text1        0000
__Ltext10                            text10       0000
__Ltext11                            text11       0000
__Ltext12                            text12       0000
__Ltext13                            text13       0000
__Ltext14                            text14       0000
__Ltext15                            text15       0000
__Ltext16                            text16       0000
__Ltext2                             text2        0000
__Ltext3                             text3        0000
__Ltext4                             text4        0000
__Ltext5                             text5        0000
__Ltext6                             text6        0000
__Ltext7                             text7        0000
__Ltext8                             text8        0000
___inthi_sp                          stack        0000
___intlo_sp                          stack        0000
___sp                                stack        0000
__mediumconst                        mediumconst  0000
__pintcode                           intcode      0000
__size_of_ADC_GetConversionResult    (abs)        0000
__size_of_ADC_ISR                    (abs)        0000
__size_of_ADC_Initialize             (abs)        0000
__size_of_ADC_StartConversion        (abs)        0000
__size_of_EUSART1_Initialize         (abs)        0000
__size_of_EUSART1_Receive_ISR        (abs)        0000
__size_of_EUSART1_Transmit_ISR       (abs)        0000
__size_of_INTERRUPT_Initialize       (abs)        0000
__size_of_INTERRUPT_InterruptManager (abs)        0000
__size_of_OSCILLATOR_Initialize      (abs)        0000
__size_of_PIN_MANAGER_Initialize     (abs)        0000
__size_of_SYSTEM_Initialize          (abs)        0000
__size_of_TMR1_CallBack              (abs)        0000
__size_of_TMR1_ISR                   (abs)        0000
__size_of_TMR1_Initialize            (abs)        0000
__size_of_TMR1_StartTimer            (abs)        0000
__size_of_main                       (abs)        0000
__smallconst                         smallconst   0000
intlevel0                            text         0000
intlevel1                            text         0000
intlevel2                            text         0000
intlevel3                            text         0000
stackhi                              (abs)        0000
stacklo                              (abs)        0000
_Battery_Adc                         bssCOMRAM    0001
__LRAM                               (abs)        0001
__pbssCOMRAM                         bssCOMRAM    0001
__activetblptr                       (abs)        0002
_eusart1RxBuffer                     bssCOMRAM    0015
_eusart1TxBuffer                     bssCOMRAM    001D
_ADC_Buffer_Point                    bssCOMRAM    0025
_Temp_Get                            bssCOMRAM    0027
_Volt_Get                            bssCOMRAM    0028
_eusart1RxCount                      bssCOMRAM    0029
_eusart1RxHead                       bssCOMRAM    002A
_eusart1RxTail                       bssCOMRAM    002B
_eusart1TxHead                       bssCOMRAM    002C
_eusart1TxTail                       bssCOMRAM    002D
?_ADC_GetConversionResult            cstackCOMRAM 002E
__pcstackCOMRAM                      cstackCOMRAM 002E
ADC_StartConversion@channel          cstackCOMRAM 002F
ADC_ISR@ADC_Result                   cstackCOMRAM 0034
__pnvCOMRAM                          nvCOMRAM     0045
_timer1ReloadVal                     nvCOMRAM     0045
_eusart1TxBufferRemaining            nvCOMRAM     0047
_Battery_Volt                        bssBANK0     0060
__accesstop                          (abs)        0060
__pbssBANK0                          bssBANK0     0060
_Temp_Adc                            bssBANK0     0074
__pcstackBANK0                       cstackBANK0  0088
__S1                                 (abs)        008D
__Hinit                              init         00A0
__Hintcode                           intcode      00A0
__Hintcodelo                         intcodelo    00A0
__Hpowerup                           powerup      00A0
__Lend_init                          end_init     00A0
__Linit                              init         00A0
__Lintcodelo                         intcodelo    00A0
__Lpowerup                           powerup      00A0
__end_of_INTERRUPT_InterruptManager  intcode      00A0
start                                init         00A0
__Hend_init                          end_init     00A4
__Hramtop                            ramtop       0600
__Lramtop                            ramtop       0600
__ramtop                             ramtop       0600
_ANSELA                              (abs)        0F38
_ANSELB                              (abs)        0F39
_ANSELC                              (abs)        0F3A
_ANSELD                              (abs)        0F3B
_ANSELE                              (abs)        0F3C
_WPUB                                (abs)        0F61
_LATA                                (abs)        0F89
_LATB                                (abs)        0F8A
_LATC                                (abs)        0F8B
_LATD                                (abs)        0F8C
_LATE                                (abs)        0F8D
_TRISA                               (abs)        0F92
_TRISB                               (abs)        0F93
_TRISC                               (abs)        0F94
_TRISD                               (abs)        0F95
_TRISE                               (abs)        0F96
_OSCTUNE                             (abs)        0F9B
_PIE1bits                            (abs)        0F9D
_PIR1bits                            (abs)        0F9E
_IPR1bits                            (abs)        0F9F
_RC1STA                              (abs)        0FAB
_RC1STAbits                          (abs)        0FAB
_TX1STA                              (abs)        0FAC
_TX1REG                              (abs)        0FAD
_TXREG1                              (abs)        0FAD
_RC1REG                              (abs)        0FAE
_RCREG1                              (abs)        0FAE
_SPBRG1                              (abs)        0FAF
_SPBRGH1                             (abs)        0FB0
_BAUD1CON                            (abs)        0FB8
_ADCON2                              (abs)        0FC0
_ADCON1                              (abs)        0FC1
_ADCON0                              (abs)        0FC2
_ADCON0bits                          (abs)        0FC2
_ADRESL                              (abs)        0FC3
_ADRESH                              (abs)        0FC4
_T1GCON                              (abs)        0FCC
_T1GCONbits                          (abs)        0FCC
_T1CON                               (abs)        0FCD
_T1CONbits                           (abs)        0FCD
_TMR1                                (abs)        0FCE
_TMR1L                               (abs)        0FCE
_TMR1H                               (abs)        0FCF
_RCONbits                            (abs)        0FD0
_OSCCON2                             (abs)        0FD2
_OSCCON                              (abs)        0FD3
_INTCON2bits                         (abs)        0FF1
_INTCONbits                          (abs)        0FF2
_TMR1_CallBack                       text11       7C56
__ptext11                            text11       7C56
_TMR1_StartTimer                     text3        7C58
__end_of_TMR1_CallBack               text11       7C58
__ptext3                             text3        7C58
__end_of_TMR1_StartTimer             text3        7C5C
__ptext0                             text0        7C5C
_main                                text0        7C5C
_INTERRUPT_Initialize                text6        7C66
__end_of_main                        text0        7C66
__ptext6                             text6        7C66
_OSCILLATOR_Initialize               text5        7C72
__end_of_INTERRUPT_Initialize        text6        7C72
__ptext5                             text5        7C72
_ADC_GetConversionResult             text16       7C80
__end_of_OSCILLATOR_Initialize       text5        7C80
__ptext16                            text16       7C80
_ADC_Initialize                      text8        7C94
__end_of_ADC_GetConversionResult     text16       7C94
__ptext8                             text8        7C94
_TMR1_ISR                            text10       7CAC
__end_of_ADC_Initialize              text8        7CAC
__ptext10                            text10       7CAC
_SYSTEM_Initialize                   text1        7CC6
__end_of_TMR1_ISR                    text10       7CC6
__ptext1                             text1        7CC6
_ADC_StartConversion                 text15       7CE0
__end_of_SYSTEM_Initialize           text1        7CE0
__ptext15                            text15       7CE0
_TMR1_Initialize                     text2        7CFC
__end_of_ADC_StartConversion         text15       7CFC
__ptext2                             text2        7CFC
__end_of_TMR1_Initialize             text2        7D1E
__initialization                     cinit        7D1E
__pcinit                             cinit        7D1E
__end_of__initialization             cinit        7D36
end_of_initialization                cinit        7D36
_EUSART1_Receive_ISR                 text13       7D40
__ptext13                            text13       7D40
_EUSART1_Transmit_ISR                text12       7D70
__end_of_EUSART1_Receive_ISR         text13       7D70
__ptext12                            text12       7D70
_EUSART1_Initialize                  text7        7DA4
__end_of_EUSART1_Transmit_ISR        text12       7DA4
__ptext7                             text7        7DA4
_PIN_MANAGER_Initialize              text4        7DF0
__end_of_EUSART1_Initialize          text7        7DF0
__ptext4                             text4        7DF0
_ADC_ISR                             text14       7E48
__end_of_PIN_MANAGER_Initialize      text4        7E48
__ptext14                            text14       7E48
__S0                                 (abs)        8000
__end_of_ADC_ISR                     text14       8000
start_initialization                 cinit        7D1E
