Microchip MPLAB XC8 Compiler V1.33 ()

Linker command line:

--edf=C:\Program Files (x86)\Microchip\xc8\v1.33\dat\en_msgs.txt -cs \
  -h+dist/default/production\BMS-HV.X.production.sym \
  --cmf=dist/default/production\BMS-HV.X.production.cmf -z -Q18F45K22 \
  -oC:\Users\Rick\AppData\Local\Temp\s37o.6 \
  -Mdist/default/production/BMS-HV.X.production.map -E1 -ver=XC8 \
  -ASTACK=0225h-05ffh -pstack=STACK -ACODE=00h-07FFFh -ACONST=00h-07FFFh \
  -ASMALLCONST=0600h-06FFhx122 -AMEDIUMCONST=0600h-07FFFh -ACOMRAM=01h-05Fh \
  -AABS1=00h-05FFh -ABIGRAM=01h-05FFh -ARAM=060h-0FFh,0100h-01FFhx5 \
  -ABANK0=060h-0FFh -ABANK1=0100h-01FFh -ABANK2=0200h-02FFh \
  -ABANK3=0300h-03FFh -ABANK4=0400h-04FFh -ABANK5=0500h-05FFh \
  -ASFR=0F38h-0F5Fh,0F60h-0FFFh \
  -preset_vec=00h,intcode=08h,intcodelo,powerup,init,end_init \
  -pramtop=0600h -psmallconst=SMALLCONST -pmediumconst=MEDIUMCONST \
  -pconst=CONST -AFARRAM=00h-00h -ACONFIG=0300000h-030000Dh -pconfig=CONFIG \
  -AIDLOC=0200000h-0200007h -pidloc=IDLOC -AEEDATA=0F00000h-0F000FFh \
  -peeprom_data=EEDATA \
  -prdata=COMRAM,nvrram=COMRAM,nvbit=COMRAM,rbss=COMRAM,rbit=COMRAM \
  -pfarbss=FARRAM,fardata=FARRAM,nvFARRAM=FARRAM \
  -pintsave_regs=BIGRAM,bigbss=BIGRAM,bigdata=BIGRAM -pbss=RAM \
  -pidata=CODE,irdata=CODE,ibigdata=CODE,ifardata=CODE \
  C:\Users\Rick\AppData\Local\Temp\s37o.obj \
  dist/default/production\BMS-HV.X.production.obj 

Object code version is 3.11

Machine type is 18F45K22

Call graph: (short form)




                Name                               Link     Load   Length Selector   Space Scale
C:\Users\Rick\AppData\Local\Temp\s37o.obj
                end_init                             A8       A8        4        4       0
                reset_vec                             0        0        4        0       0
                idloc                            200000   200000        8   200000       0
                config                           300000   300000        E   300000       0
dist/default/production\BMS-HV.X.production.obj
                intcode                               8        8       A0        4       0
                smallconst                          600      600       BC      300       0
                text54                             3EF6     3EF6       14      35E       0
                text53                             3E94     3E94       1A      35E       0
                text52                             3DBE     3DBE       2E      35E       0
                text51                             1336     1336      630      35E       0
                text50                             3D60     3D60       30      35E       0
                text49                             3D30     3D30       30      35E       0
                text48                             3EDE     3EDE       18      35E       0
                text47                             3EC6     3EC6       18      35E       0
                text46                             3B5A     3B5A       56      35E       0
                text44                             3690     3690       A8      35E       0
                text43                             2076     2076      280      35E       0
                text42                             2996     2996      176      35E       0
                text41                             3E12     3E12       26      35E       0
                text40                             2692     2692      188      35E       0
                text39                             38FE     38FE       90      35E       0
                text38                             2DE2     2DE2      14C      35E       0
                text37                             3060     3060      102      35E       0
                text36                             342E     342E       D4      35E       0
                text35                             3502     3502       D2      35E       0
                text34                             3CF8     3CF8       38      35E       0
                text33                             3254     3254       F2      35E       0
                text32                             3346     3346       E8      35E       0
                text31                             3EAE     3EAE       18      35E       0
                text30                             3C82     3C82       3C      35E       0
                text29                             3F18     3F18        C      35E       0
                text28                             3F0A     3F0A        E      35E       0
                text27                             3BB0     3BB0       4E      35E       0
                text26                             3F2E     3F2E        4      35E       0
                text25                             3E38     3E38       22      35E       0
                text24                             3E7A     3E7A       1A      35E       0
                text23                             250A     250A      188      35E       0
                text22                             3738     3738       A4      35E       0
                text21                             3C46     3C46       3C      35E       0
                text20                             3BFE     3BFE       48      35E       0
                text19                             3162     3162       F2      35E       0
                text18                             37DC     37DC       92      35E       0
                text17                             2B0C     2B0C      16E      35E       0
                text16                             22F6     22F6      214      35E       0
                text15                             3A10     3A10       82      35E       0
                text14                             3DEC     3DEC       26      35E       0
                text13                             281A     281A      17C      35E       0
                text12                             398E     398E       82      35E       0
                text11                             3A92     3A92       6C      35E       0
                text10                             3AFE     3AFE       5C      35E       0
                text9                              2C7A     2C7A      168      35E       0
                text8                              2F2E     2F2E      132      35E       0
                text7                              386E     386E       90      35E       0
                text6                              1DDC     1DDC      29A      35E       0
                text5                              3E5A     3E5A       20      35E       0
                text4                              3CBE     3CBE       3A      35E       0
                text3                              3F24     3F24        A      35E       0
                text2                              1966     1966      476      35E       0
                text1                               6BC      6BC      C7A      35E       0
                text0                              35D4     35D4       BC      35E       0
                cstackCOMRAM                          1        1       2F        1       1
                cstackBANK0                          60       60       56       60       1
                cstackBANK2                         200      200       25      200       1
                bssBANK1                            100      100       E6      100       1
                bssBANK0                             B6       B6       42       60       1
                bssCOMRAM                            30       30       13        1       1
                cinit                              3D90     3D90       2E      35E       0
                nvCOMRAM                             43       43        3        1       1

TOTAL           Name                               Link     Load   Length     Space
        CLASS   STACK          

        CLASS   CODE           
                end_init                             A8       A8        4         0
                intcode                               8        8       A0         0
                reset_vec                             0        0        4         0
                text54                             3EF6     3EF6       14         0
                text53                             3E94     3E94       1A         0
                text52                             3DBE     3DBE       2E         0
                text51                             1336     1336      630         0
                text50                             3D60     3D60       30         0
                text49                             3D30     3D30       30         0
                text48                             3EDE     3EDE       18         0
                text47                             3EC6     3EC6       18         0
                text46                             3B5A     3B5A       56         0
                text44                             3690     3690       A8         0
                text43                             2076     2076      280         0
                text42                             2996     2996      176         0
                text41                             3E12     3E12       26         0
                text40                             2692     2692      188         0
                text39                             38FE     38FE       90         0
                text38                             2DE2     2DE2      14C         0
                text37                             3060     3060      102         0
                text36                             342E     342E       D4         0
                text35                             3502     3502       D2         0
                text34                             3CF8     3CF8       38         0
                text33                             3254     3254       F2         0
                text32                             3346     3346       E8         0
                text31                             3EAE     3EAE       18         0
                text30                             3C82     3C82       3C         0
                text29                             3F18     3F18        C         0
                text28                             3F0A     3F0A        E         0
                text27                             3BB0     3BB0       4E         0
                text26                             3F2E     3F2E        4         0
                text25                             3E38     3E38       22         0
                text24                             3E7A     3E7A       1A         0
                text23                             250A     250A      188         0
                text22                             3738     3738       A4         0
                text21                             3C46     3C46       3C         0
                text20                             3BFE     3BFE       48         0
                text19                             3162     3162       F2         0
                text18                             37DC     37DC       92         0
                text17                             2B0C     2B0C      16E         0
                text16                             22F6     22F6      214         0
                text15                             3A10     3A10       82         0
                text14                             3DEC     3DEC       26         0
                text13                             281A     281A      17C         0
                text12                             398E     398E       82         0
                text11                             3A92     3A92       6C         0
                text10                             3AFE     3AFE       5C         0
                text9                              2C7A     2C7A      168         0
                text8                              2F2E     2F2E      132         0
                text7                              386E     386E       90         0
                text6                              1DDC     1DDC      29A         0
                text5                              3E5A     3E5A       20         0
                text4                              3CBE     3CBE       3A         0
                text3                              3F24     3F24        A         0
                text2                              1966     1966      476         0
                text1                               6BC      6BC      C7A         0
                text0                              35D4     35D4       BC         0
                cinit                              3D90     3D90       2E         0

        CLASS   CONST          

        CLASS   SMALLCONST     
                smallconst                          600      600       BC         0

        CLASS   MEDIUMCONST    

        CLASS   COMRAM         
                cstackCOMRAM                          1        1       2F         1
                bssCOMRAM                            30       30       13         1
                nvCOMRAM                             43       43        3         1

        CLASS   ABS1           

        CLASS   BIGRAM         

        CLASS   RAM            

        CLASS   BANK0          
                cstackBANK0                          60       60       56         1
                bssBANK0                             B6       B6       42         1

        CLASS   BANK1          
                bssBANK1                            100      100       E6         1

        CLASS   BANK2          
                cstackBANK2                         200      200       25         1

        CLASS   BANK3          

        CLASS   BANK4          

        CLASS   BANK5          

        CLASS   SFR            

        CLASS   FARRAM         

        CLASS   CONFIG         
                config                           300000   300000        E         0

        CLASS   IDLOC          
                idloc                            200000   200000        8         0

        CLASS   EEDATA         



SEGMENTS        Name                           Load    Length   Top    Selector   Space  Class

                reset_vec                      000000  000004  000004         0       0  CODE    
                cstackCOMRAM                   000001  000045  000046         1       1  COMRAM  
                intcode                        000008  0000A4  0000AC         4       0  CODE    
                cstackBANK0                    000060  000098  0000F8        60       1  BANK0   
                bssBANK1                       000100  0000E6  0001E6       100       1  BANK1   
                cstackBANK2                    000200  000025  000225       200       1  BANK2   
                smallconst                     000600  0000BC  0006BC       300       0  SMALLCON
                text1                          0006BC  003876  003F32       35E       0  CODE    
                idloc                          200000  000008  200008    200000       0  IDLOC   
                config                         300000  00000E  30000E    300000       0  CONFIG  


UNUSED ADDRESS RANGES

        Name                Unused          Largest block    Delta
        BANK0            0000F8-0000FF                8
        BANK1            0001E6-0001FF               1A
        BANK2            000225-0002FF               DB
        BANK3            000300-0003FF              100
        BANK4            000400-0004FF              100
        BANK5            000500-0005FF              100
        BIGRAM           000046-00005F               1A
                         0000F8-0000FF                8
                         0001E6-0001FF               1A
                         000225-0005FF              3DB
        CODE             000004-000007                4
                         0000AC-0005FF              554
                         003F32-007FFF             40CE
        COMRAM           000046-00005F               1A
        CONST            000004-000007                4
                         0000AC-0005FF              554
                         003F32-007FFF             40CE
        EEDATA           F00000-F000FF              100
        MEDIUMCONST      003F32-007FFF             40CE
        RAM              0000F8-0000FF                8
                         0001E6-0001FF               1A
                         000225-0005FF              100
        SFR              000F38-000FFF               28
        SMALLCONST       003F32-007FFF              100
        STACK            000225-0005FF              3DB

                                  Symbol Table

?_ADC_GetConversionResult            cstackCOMRAM 000001
?_Battery_Get                        cstackBANK0  000060
?___altoft                           cstackCOMRAM 000023
?___awdiv                            cstackCOMRAM 000021
?___awmod                            cstackCOMRAM 00001B
?___awtoft                           cstackCOMRAM 000029
?___ftadd                            cstackBANK0  000085
?___ftdiv                            cstackBANK0  000060
?___ftmul                            cstackBANK0  00006C
?___ftneg                            cstackCOMRAM 00001B
?___ftpack                           cstackCOMRAM 00001B
?___ftsub                            cstackBANK0  000091
?___fttol                            cstackBANK0  000082
?___lldiv                            cstackCOMRAM 00001B
?___llmod                            cstackCOMRAM 000028
?___lltoft                           cstackCOMRAM 000023
?___wmul                             cstackCOMRAM 000029
?__div_to_l_                         cstackCOMRAM 00001B
?__tdiv_to_l_                        cstackCOMRAM 00001B
?_eval_poly                          cstackBANK0  000091
?_frexp                              cstackCOMRAM 00001B
?_fround                             cstackBANK0  00007B
?_log                                cstackBANK0  00009D
?_printf                             cstackBANK0  000097
?_scale                              cstackBANK0  00007B
ADC_ISR@ADC_Result                   cstackCOMRAM 00000B
ADC_StartConversion@channel          cstackCOMRAM 000002
Battery_Convert@x                    cstackBANK0  000095
Battery_Fault@fault                  cstackBANK0  000069
Battery_Fault@i                      cstackBANK0  00006A
Battery_Filter@x                     cstackBANK0  000091
Battery_Get@channelnum               cstackBANK0  000060
EUSART1_Write@txData                 cstackCOMRAM 00001B
RunBypas@batvolt                     cstackBANK0  00006B
RunBypas@cellbyp                     cstackBANK0  000069
RunBypas@i                           cstackBANK0  00006E
SetBypass@pin                        cstackCOMRAM 00001B
SetBypass@state                      cstackCOMRAM 00001D
Set_4051@Channel                     cstackCOMRAM 000001
Temp_Convert@steinhart               cstackBANK0  0000AA
Temp_Convert@x                       cstackBANK0  0000A8
Temp_Fault@fault                     cstackBANK0  000069
Temp_Fault@i                         cstackBANK0  00006A
Temp_Filter@x                        cstackBANK0  000091
_ADCON0                              (abs)        000FC2
_ADCON0bits                          (abs)        000FC2
_ADCON1                              (abs)        000FC1
_ADCON2                              (abs)        000FC0
_ADC_Buffer_Point                    bssCOMRAM    000038
_ADC_GetConversionResult             text54       003EF6
_ADC_ISR                             text51       001336
_ADC_Initialize                      text31       003EAE
_ADC_StartConversion                 text53       003E94
_ADRESH                              (abs)        000FC4
_ADRESL                              (abs)        000FC3
_ANSELA                              (abs)        000F38
_ANSELB                              (abs)        000F39
_ANSELC                              (abs)        000F3A
_ANSELD                              (abs)        000F3B
_ANSELE                              (abs)        000F3C
_BAUD1CON                            (abs)        000FB8
_Battery_Adc                         bssBANK0     0000B6
_Battery_Convert                     text37       003060
_Battery_Fault                       text35       003502
_Battery_Filter                      text40       002692
_Battery_Get                         text34       003CF8
_Battery_Read                        text48       003EDE
_Battery_Volt                        bssBANK1     000132
_CountCallBack                       bssCOMRAM    00003A
_EUSART1_Initialize                  text30       003C82
_EUSART1_Receive_ISR                 text50       003D60
_EUSART1_Transmit_ISR                text49       003D30
_EUSART1_Write                       text4        003CBE
_INTCON2bits                         (abs)        000FF1
_INTCONbits                          (abs)        000FF2
_INTERRUPT_Initialize                text29       003F18
_INTERRUPT_InterruptManager          intcode      000008
_IPR1bits                            (abs)        000F9F
_LATA                                (abs)        000F89
_LATA0                               (abs)        007C48
_LATA4                               (abs)        007C4C
_LATA6                               (abs)        007C4E
_LATB                                (abs)        000F8A
_LATB0                               (abs)        007C50
_LATB1                               (abs)        007C51
_LATB3                               (abs)        007C53
_LATC                                (abs)        000F8B
_LATC0                               (abs)        007C58
_LATC1                               (abs)        007C59
_LATC4                               (abs)        007C5C
_LATC5                               (abs)        007C5D
_LATD                                (abs)        000F8C
_LATD1                               (abs)        007C61
_LATD2                               (abs)        007C62
_LATD3                               (abs)        007C63
_LATD5                               (abs)        007C65
_LATE                                (abs)        000F8D
_OSCCON                              (abs)        000FD3
_OSCCON2                             (abs)        000FD2
_OSCILLATOR_Initialize               text28       003F0A
_OSCTUNE                             (abs)        000F9B
_PIE1bits                            (abs)        000F9D
_PIN_MANAGER_Initialize              text27       003BB0
_PIR1bits                            (abs)        000F9E
_PrevBattery_Volt                    bssBANK1     000150
_PrevTemp_DegF                       bssBANK1     00016E
_RC1STA                              (abs)        000FAB
_RC1STAbits                          (abs)        000FAB
_RCONbits                            (abs)        000FD0
_RCREG1                              (abs)        000FAE
_RunBypas                            text32       003346
_SPBRG1                              (abs)        000FAF
_SPBRGH1                             (abs)        000FB0
_SYSTEM_Initialize                   text24       003E7A
_SetBypass                           text33       003254
_Set_4051                            text52       003DBE
_T1CON                               (abs)        000FCD
_T1CONbits                           (abs)        000FCD
_T1GCON                              (abs)        000FCC
_T1GCONbits                          (abs)        000FCC
_TMR1                                (abs)        000FCE
_TMR1H                               (abs)        000FCF
_TMR1L                               (abs)        000FCE
_TMR1_ISR                            text46       003B5A
_TMR1_Initialize                     text25       003E38
_TMR1_StartTimer                     text26       003F2E
_TRISA                               (abs)        000F92
_TRISB                               (abs)        000F93
_TRISC                               (abs)        000F94
_TRISD                               (abs)        000F95
_TRISE                               (abs)        000F96
_TX1STA                              (abs)        000FAC
_TXREG1                              (abs)        000FAD
_TempBattery_Volt                    bssBANK1     0001AA
_Temp_Adc                            bssBANK0     0000E4
_Temp_Aquire                         bssCOMRAM    00003C
_Temp_Convert                        text16       0022F6
_Temp_Convert$1701                   cstackBANK0  0000A4
_Temp_Convert$1702                   cstackBANK0  0000A6
_Temp_DegF                           bssBANK1     00018C
_Temp_Done                           bssBANK0     0000DE
_Temp_Fault                          text15       003A10
_Temp_Filter                         text23       00250A
_Temp_Read                           text47       003EC6
_TmpTemp_DegF                        bssBANK1     0001C8
_Volt_Aquire                         bssCOMRAM    00003D
_Volt_Done                           bssBANK0     0000E0
_WPUB                                (abs)        000F61
__CFG_BOREN$SBORDIS                  (abs)        000000
__CFG_BORV$190                       (abs)        000000
__CFG_CCP2MX$PORTC1                  (abs)        000000
__CFG_CCP3MX$PORTB5                  (abs)        000000
__CFG_CP0$OFF                        (abs)        000000
__CFG_CP1$OFF                        (abs)        000000
__CFG_CP2$OFF                        (abs)        000000
__CFG_CP3$OFF                        (abs)        000000
__CFG_CPB$OFF                        (abs)        000000
__CFG_CPD$OFF                        (abs)        000000
__CFG_DEBUG$OFF                      (abs)        000000
__CFG_EBTR0$OFF                      (abs)        000000
__CFG_EBTR1$OFF                      (abs)        000000
__CFG_EBTR2$OFF                      (abs)        000000
__CFG_EBTR3$OFF                      (abs)        000000
__CFG_EBTRB$OFF                      (abs)        000000
__CFG_FCMEN$OFF                      (abs)        000000
__CFG_FOSC$INTIO67                   (abs)        000000
__CFG_HFOFST$ON                      (abs)        000000
__CFG_IESO$OFF                       (abs)        000000
__CFG_LVP$OFF                        (abs)        000000
__CFG_MCLRE$EXTMCLR                  (abs)        000000
__CFG_P2BMX$PORTD2                   (abs)        000000
__CFG_PBADEN$ON                      (abs)        000000
__CFG_PLLCFG$OFF                     (abs)        000000
__CFG_PRICLKEN$OFF                   (abs)        000000
__CFG_PWRTEN$OFF                     (abs)        000000
__CFG_STVREN$ON                      (abs)        000000
__CFG_T3CMX$PORTC0                   (abs)        000000
__CFG_WDTEN$OFF                      (abs)        000000
__CFG_WDTPS$32768                    (abs)        000000
__CFG_WRT0$OFF                       (abs)        000000
__CFG_WRT1$OFF                       (abs)        000000
__CFG_WRT2$OFF                       (abs)        000000
__CFG_WRT3$OFF                       (abs)        000000
__CFG_WRTB$OFF                       (abs)        000000
__CFG_WRTC$OFF                       (abs)        000000
__CFG_WRTD$OFF                       (abs)        000000
__CFG_XINST$OFF                      (abs)        000000
__HRAM                               (abs)        000000
__Habs1                              abs1         000000
__Hbank0                             bank0        000000
__Hbank1                             bank1        000000
__Hbank2                             bank2        000000
__Hbank3                             bank3        000000
__Hbank4                             bank4        000000
__Hbank5                             bank5        000000
__Hbigbss                            bigbss       000000
__Hbigdata                           bigdata      000000
__Hbigram                            bigram       000000
__Hbss                               bss          000000
__HbssBANK0                          bssBANK0     000000
__HbssBANK1                          bssBANK1     000000
__HbssCOMRAM                         bssCOMRAM    000000
__Hcinit                             cinit        000000
__Hclrtext                           clrtext      000000
__Hcomram                            comram       000000
__Hconfig                            config       30000E
__Hconst                             const        000000
__HcstackBANK0                       cstackBANK0  000000
__HcstackBANK2                       cstackBANK2  000000
__HcstackCOMRAM                      cstackCOMRAM 000000
__Hdata                              data         000000
__Heeprom_data                       eeprom_data  000000
__Hend_init                          end_init     0000AC
__Hfarbss                            farbss       000000
__Hfardata                           fardata      000000
__Hibigdata                          ibigdata     000000
__Hidata                             idata        000000
__Hidloc                             idloc        200008
__Hifardata                          ifardata     000000
__Hinit                              init         0000A8
__Hintcode                           intcode      0000A8
__Hintcode_body                      intcode_body 000000
__Hintcodelo                         intcodelo    0000A8
__Hintentry                          intentry     000000
__Hintret                            intret       000000
__Hintsave_regs                      intsave_regs 000000
__Hirdata                            irdata       000000
__Hmediumconst                       mediumconst  000000
__HnvCOMRAM                          nvCOMRAM     000000
__HnvFARRAM                          nvFARRAM     000000
__Hnvbit                             nvbit        000000
__Hnvrram                            nvrram       000000
__Hparam                             rparam       000000
__Hpowerup                           powerup      0000A8
__Hram                               ram          000000
__Hramtop                            ramtop       000600
__Hrbit                              rbit         000000
__Hrbss                              rbss         000000
__Hrdata                             rdata        000000
__Hreset_vec                         reset_vec    000004
__Hrparam                            rparam       000000
__Hsfr                               sfr          000000
__Hsmallconst                        smallconst   0006BC
__Hspace_0                           (abs)        30000E
__Hspace_1                           (abs)        000225
__Hspace_2                           (abs)        000000
__Hstack                             stack        000000
__Hstruct                            struct       000000
__Htemp                              temp         000000
__Htext                              text         000000
__Htext0                             text0        000000
__Htext1                             text1        000000
__Htext10                            text10       000000
__Htext11                            text11       000000
__Htext12                            text12       000000
__Htext13                            text13       000000
__Htext14                            text14       000000
__Htext15                            text15       000000
__Htext16                            text16       000000
__Htext17                            text17       000000
__Htext18                            text18       000000
__Htext19                            text19       000000
__Htext2                             text2        000000
__Htext20                            text20       000000
__Htext21                            text21       000000
__Htext22                            text22       000000
__Htext23                            text23       000000
__Htext24                            text24       000000
__Htext25                            text25       000000
__Htext26                            text26       000000
__Htext27                            text27       000000
__Htext28                            text28       000000
__Htext29                            text29       000000
__Htext3                             text3        000000
__Htext30                            text30       000000
__Htext31                            text31       000000
__Htext32                            text32       000000
__Htext33                            text33       000000
__Htext34                            text34       000000
__Htext35                            text35       000000
__Htext36                            text36       000000
__Htext37                            text37       000000
__Htext38                            text38       000000
__Htext39                            text39       000000
__Htext4                             text4        000000
__Htext40                            text40       000000
__Htext41                            text41       000000
__Htext42                            text42       000000
__Htext43                            text43       000000
__Htext44                            text44       000000
__Htext46                            text46       000000
__Htext47                            text47       000000
__Htext48                            text48       000000
__Htext49                            text49       000000
__Htext5                             text5        000000
__Htext50                            text50       000000
__Htext51                            text51       000000
__Htext52                            text52       000000
__Htext53                            text53       000000
__Htext54                            text54       000000
__Htext6                             text6        000000
__Htext7                             text7        000000
__Htext8                             text8        000000
__Htext9                             text9        000000
__LRAM                               (abs)        000001
__Labs1                              abs1         000000
__Lbank0                             bank0        000000
__Lbank1                             bank1        000000
__Lbank2                             bank2        000000
__Lbank3                             bank3        000000
__Lbank4                             bank4        000000
__Lbank5                             bank5        000000
__Lbigbss                            bigbss       000000
__Lbigdata                           bigdata      000000
__Lbigram                            bigram       000000
__Lbss                               bss          000000
__LbssBANK0                          bssBANK0     000000
__LbssBANK1                          bssBANK1     000000
__LbssCOMRAM                         bssCOMRAM    000000
__Lcinit                             cinit        000000
__Lclrtext                           clrtext      000000
__Lcomram                            comram       000000
__Lconfig                            config       300000
__Lconst                             const        000000
__LcstackBANK0                       cstackBANK0  000000
__LcstackBANK2                       cstackBANK2  000000
__LcstackCOMRAM                      cstackCOMRAM 000000
__Ldata                              data         000000
__Leeprom_data                       eeprom_data  000000
__Lend_init                          end_init     0000A8
__Lfarbss                            farbss       000000
__Lfardata                           fardata      000000
__Libigdata                          ibigdata     000000
__Lidata                             idata        000000
__Lidloc                             idloc        200000
__Lifardata                          ifardata     000000
__Linit                              init         0000A8
__Lintcode                           intcode      000008
__Lintcode_body                      intcode_body 000000
__Lintcodelo                         intcodelo    0000A8
__Lintentry                          intentry     000000
__Lintret                            intret       000000
__Lintsave_regs                      intsave_regs 000000
__Lirdata                            irdata       000000
__Lmediumconst                       mediumconst  000000
__LnvCOMRAM                          nvCOMRAM     000000
__LnvFARRAM                          nvFARRAM     000000
__Lnvbit                             nvbit        000000
__Lnvrram                            nvrram       000000
__Lparam                             rparam       000000
__Lpowerup                           powerup      0000A8
__Lram                               ram          000000
__Lramtop                            ramtop       000600
__Lrbit                              rbit         000000
__Lrbss                              rbss         000000
__Lrdata                             rdata        000000
__Lreset_vec                         reset_vec    000000
__Lrparam                            rparam       000000
__Lsfr                               sfr          000000
__Lsmallconst                        smallconst   000600
__Lspace_0                           (abs)        000000
__Lspace_1                           (abs)        000000
__Lspace_2                           (abs)        000000
__Lstack                             stack        000000
__Lstruct                            struct       000000
__Ltemp                              temp         000000
__Ltext                              text         000000
__Ltext0                             text0        000000
__Ltext1                             text1        000000
__Ltext10                            text10       000000
__Ltext11                            text11       000000
__Ltext12                            text12       000000
__Ltext13                            text13       000000
__Ltext14                            text14       000000
__Ltext15                            text15       000000
__Ltext16                            text16       000000
__Ltext17                            text17       000000
__Ltext18                            text18       000000
__Ltext19                            text19       000000
__Ltext2                             text2        000000
__Ltext20                            text20       000000
__Ltext21                            text21       000000
__Ltext22                            text22       000000
__Ltext23                            text23       000000
__Ltext24                            text24       000000
__Ltext25                            text25       000000
__Ltext26                            text26       000000
__Ltext27                            text27       000000
__Ltext28                            text28       000000
__Ltext29                            text29       000000
__Ltext3                             text3        000000
__Ltext30                            text30       000000
__Ltext31                            text31       000000
__Ltext32                            text32       000000
__Ltext33                            text33       000000
__Ltext34                            text34       000000
__Ltext35                            text35       000000
__Ltext36                            text36       000000
__Ltext37                            text37       000000
__Ltext38                            text38       000000
__Ltext39                            text39       000000
__Ltext4                             text4        000000
__Ltext40                            text40       000000
__Ltext41                            text41       000000
__Ltext42                            text42       000000
__Ltext43                            text43       000000
__Ltext44                            text44       000000
__Ltext46                            text46       000000
__Ltext47                            text47       000000
__Ltext48                            text48       000000
__Ltext49                            text49       000000
__Ltext5                             text5        000000
__Ltext50                            text50       000000
__Ltext51                            text51       000000
__Ltext52                            text52       000000
__Ltext53                            text53       000000
__Ltext54                            text54       000000
__Ltext6                             text6        000000
__Ltext7                             text7        000000
__Ltext8                             text8        000000
__Ltext9                             text9        000000
__S0                                 (abs)        30000E
__S1                                 (abs)        000225
__S2                                 (abs)        000000
___altoft                            text39       0038FE
___altoft@c                          cstackCOMRAM 000023
___altoft@exp                        cstackCOMRAM 00002B
___altoft@sign                       cstackCOMRAM 00002C
___awdiv                             text22       003738
___awdiv@counter                     cstackCOMRAM 000025
___awdiv@dividend                    cstackCOMRAM 000021
___awdiv@divisor                     cstackCOMRAM 000023
___awdiv@quotient                    cstackCOMRAM 000027
___awdiv@sign                        cstackCOMRAM 000026
___awmod                             text7        00386E
___awmod@counter                     cstackCOMRAM 00001F
___awmod@dividend                    cstackCOMRAM 00001B
___awmod@divisor                     cstackCOMRAM 00001D
___awmod@sign                        cstackCOMRAM 000020
___awtoft                            text20       003BFE
___awtoft@c                          cstackCOMRAM 000029
___awtoft@sign                       cstackCOMRAM 00002C
___ftadd                             text43       002076
___ftadd@exp1                        cstackBANK0  000090
___ftadd@exp2                        cstackBANK0  00008F
___ftadd@f1                          cstackBANK0  000085
___ftadd@f2                          cstackBANK0  000088
___ftadd@sign                        cstackBANK0  00008E
___ftdiv                             text38       002DE2
___ftdiv@cntr                        cstackBANK0  000066
___ftdiv@exp                         cstackBANK0  00006A
___ftdiv@f1                          cstackBANK0  000060
___ftdiv@f2                          cstackBANK0  000063
___ftdiv@f3                          cstackBANK0  000067
___ftdiv@sign                        cstackBANK0  00006B
___ftge                              text36       00342E
___ftge@ff1                          cstackBANK0  000060
___ftge@ff2                          cstackBANK0  000063
___ftmul                             text42       002996
___ftmul@cntr                        cstackBANK0  000079
___ftmul@exp                         cstackBANK0  000075
___ftmul@f1                          cstackBANK0  00006C
___ftmul@f2                          cstackBANK0  00006F
___ftmul@f3_as_product               cstackBANK0  000076
___ftmul@sign                        cstackBANK0  00007A
___ftneg                             text14       003DEC
___ftneg@f1                          cstackCOMRAM 00001B
___ftpack                            text44       003690
___ftpack@arg                        cstackCOMRAM 00001B
___ftpack@exp                        cstackCOMRAM 00001E
___ftpack@sign                       cstackCOMRAM 00001F
___ftsub                             text21       003C46
___ftsub@f1                          cstackBANK0  000091
___ftsub@f2                          cstackBANK0  000094
___fttol                             text13       00281A
___fttol@exp1                        cstackBANK0  000090
___fttol@f1                          cstackBANK0  000082
___fttol@lval                        cstackBANK0  00008C
___fttol@sign1                       cstackBANK0  00008B
___inthi_sp                          stack        000000
___intlo_sp                          stack        000000
___lldiv                             text12       00398E
___lldiv@counter                     cstackCOMRAM 000027
___lldiv@dividend                    cstackCOMRAM 00001B
___lldiv@divisor                     cstackCOMRAM 00001F
___lldiv@quotient                    cstackCOMRAM 000023
___llmod                             text11       003A92
___llmod@counter                     cstackBANK0  000060
___llmod@dividend                    cstackCOMRAM 000028
___llmod@divisor                     cstackCOMRAM 00002C
___lltoft                            text10       003AFE
___lltoft@c                          cstackCOMRAM 000023
___lltoft@exp                        cstackCOMRAM 00002B
___sp                                stack        000000
___wmul                              text41       003E12
___wmul@multiplicand                 cstackCOMRAM 00002B
___wmul@multiplier                   cstackCOMRAM 000029
___wmul@product                      cstackCOMRAM 00002D
__accesstop                          (abs)        000060
__activetblptr                       (abs)        000002
__div_to_l_                          text9        002C7A
__div_to_l_@cntr                     cstackCOMRAM 000029
__div_to_l_@exp1                     cstackCOMRAM 00002A
__div_to_l_@f1                       cstackCOMRAM 00001B
__div_to_l_@f2                       cstackCOMRAM 00001E
__div_to_l_@quot                     cstackCOMRAM 000025
__end_of_ADC_GetConversionResult     text54       003F0A
__end_of_ADC_ISR                     text51       001966
__end_of_ADC_Initialize              text31       003EC6
__end_of_ADC_StartConversion         text53       003EAE
__end_of_Battery_Convert             text37       003162
__end_of_Battery_Fault               text35       0035D4
__end_of_Battery_Filter              text40       00281A
__end_of_Battery_Get                 text34       003D30
__end_of_Battery_Read                text48       003EF6
__end_of_EUSART1_Initialize          text30       003CBE
__end_of_EUSART1_Receive_ISR         text50       003D90
__end_of_EUSART1_Transmit_ISR        text49       003D60
__end_of_EUSART1_Write               text4        003CF8
__end_of_INTERRUPT_Initialize        text29       003F24
__end_of_INTERRUPT_InterruptManager  intcode      0000A8
__end_of_OSCILLATOR_Initialize       text28       003F18
__end_of_PIN_MANAGER_Initialize      text27       003BFE
__end_of_RunBypas                    text32       00342E
__end_of_SYSTEM_Initialize           text24       003E94
__end_of_SetBypass                   text33       003346
__end_of_Set_4051                    text52       003DEC
__end_of_TMR1_ISR                    text46       003BB0
__end_of_TMR1_Initialize             text25       003E5A
__end_of_TMR1_StartTimer             text26       003F32
__end_of_Temp_Convert                text16       00250A
__end_of_Temp_Fault                  text15       003A92
__end_of_Temp_Filter                 text23       002692
__end_of_Temp_Read                   text47       003EDE
__end_of___altoft                    text39       00398E
__end_of___awdiv                     text22       0037DC
__end_of___awmod                     text7        0038FE
__end_of___awtoft                    text20       003C46
__end_of___ftadd                     text43       0022F6
__end_of___ftdiv                     text38       002F2E
__end_of___ftge                      text36       003502
__end_of___ftmul                     text42       002B0C
__end_of___ftneg                     text14       003E12
__end_of___ftpack                    text44       003738
__end_of___ftsub                     text21       003C82
__end_of___fttol                     text13       002996
__end_of___lldiv                     text12       003A10
__end_of___llmod                     text11       003AFE
__end_of___lltoft                    text10       003B5A
__end_of___wmul                      text41       003E38
__end_of__div_to_l_                  text9        002DE2
__end_of__initialization             cinit        003DB4
__end_of__npowers_                   smallconst   000650
__end_of__powers_                    smallconst   000677
__end_of__stringdata                 smallconst   0006BA
__end_of__tdiv_to_l_                 text8        003060
__end_of_dpowers                     smallconst   000629
__end_of_eval_poly                   text19       003254
__end_of_frexp                       text18       00386E
__end_of_fround                      text6        002076
__end_of_isdigit                     text5        003E7A
__end_of_log                         text17       002C7A
__end_of_main                        text0        003690
__end_of_printf                      text1        001336
__end_of_putch                       text3        003F2E
__end_of_scale                       text2        001DDC
__end_oflog@coeff                    smallconst   000692
__initialization                     cinit        003D90
__mediumconst                        mediumconst  000000
__npowers_                           smallconst   000629
__pbssBANK0                          bssBANK0     0000B6
__pbssBANK1                          bssBANK1     000100
__pbssCOMRAM                         bssCOMRAM    000030
__pcinit                             cinit        003D90
__pcstackBANK0                       cstackBANK0  000060
__pcstackBANK2                       cstackBANK2  000200
__pcstackCOMRAM                      cstackCOMRAM 000001
__pintcode                           intcode      000008
__pnvCOMRAM                          nvCOMRAM     000043
__powers_                            smallconst   000650
__psmallconst                        smallconst   000600
__ptext0                             text0        0035D4
__ptext1                             text1        0006BC
__ptext10                            text10       003AFE
__ptext11                            text11       003A92
__ptext12                            text12       00398E
__ptext13                            text13       00281A
__ptext14                            text14       003DEC
__ptext15                            text15       003A10
__ptext16                            text16       0022F6
__ptext17                            text17       002B0C
__ptext18                            text18       0037DC
__ptext19                            text19       003162
__ptext2                             text2        001966
__ptext20                            text20       003BFE
__ptext21                            text21       003C46
__ptext22                            text22       003738
__ptext23                            text23       00250A
__ptext24                            text24       003E7A
__ptext25                            text25       003E38
__ptext26                            text26       003F2E
__ptext27                            text27       003BB0
__ptext28                            text28       003F0A
__ptext29                            text29       003F18
__ptext3                             text3        003F24
__ptext30                            text30       003C82
__ptext31                            text31       003EAE
__ptext32                            text32       003346
__ptext33                            text33       003254
__ptext34                            text34       003CF8
__ptext35                            text35       003502
__ptext36                            text36       00342E
__ptext37                            text37       003060
__ptext38                            text38       002DE2
__ptext39                            text39       0038FE
__ptext4                             text4        003CBE
__ptext40                            text40       002692
__ptext41                            text41       003E12
__ptext42                            text42       002996
__ptext43                            text43       002076
__ptext44                            text44       003690
__ptext46                            text46       003B5A
__ptext47                            text47       003EC6
__ptext48                            text48       003EDE
__ptext49                            text49       003D30
__ptext5                             text5        003E5A
__ptext50                            text50       003D60
__ptext51                            text51       001336
__ptext52                            text52       003DBE
__ptext53                            text53       003E94
__ptext54                            text54       003EF6
__ptext6                             text6        001DDC
__ptext7                             text7        00386E
__ptext8                             text8        002F2E
__ptext9                             text9        002C7A
__ramtop                             ramtop       000600
__size_of_ADC_GetConversionResult    (abs)        000000
__size_of_ADC_ISR                    (abs)        000000
__size_of_ADC_Initialize             (abs)        000000
__size_of_ADC_StartConversion        (abs)        000000
__size_of_Battery_Convert            (abs)        000000
__size_of_Battery_Fault              (abs)        000000
__size_of_Battery_Filter             (abs)        000000
__size_of_Battery_Get                (abs)        000000
__size_of_Battery_Read               (abs)        000000
__size_of_EUSART1_Initialize         (abs)        000000
__size_of_EUSART1_Receive_ISR        (abs)        000000
__size_of_EUSART1_Transmit_ISR       (abs)        000000
__size_of_EUSART1_Write              (abs)        000000
__size_of_INTERRUPT_Initialize       (abs)        000000
__size_of_INTERRUPT_InterruptManager (abs)        000000
__size_of_OSCILLATOR_Initialize      (abs)        000000
__size_of_PIN_MANAGER_Initialize     (abs)        000000
__size_of_RunBypas                   (abs)        000000
__size_of_SYSTEM_Initialize          (abs)        000000
__size_of_SetBypass                  (abs)        000000
__size_of_Set_4051                   (abs)        000000
__size_of_TMR1_ISR                   (abs)        000000
__size_of_TMR1_Initialize            (abs)        000000
__size_of_TMR1_StartTimer            (abs)        000000
__size_of_Temp_Convert               (abs)        000000
__size_of_Temp_Fault                 (abs)        000000
__size_of_Temp_Filter                (abs)        000000
__size_of_Temp_Read                  (abs)        000000
__size_of___altoft                   (abs)        000000
__size_of___awdiv                    (abs)        000000
__size_of___awmod                    (abs)        000000
__size_of___awtoft                   (abs)        000000
__size_of___ftadd                    (abs)        000000
__size_of___ftdiv                    (abs)        000000
__size_of___ftge                     (abs)        000000
__size_of___ftmul                    (abs)        000000
__size_of___ftneg                    (abs)        000000
__size_of___ftpack                   (abs)        000000
__size_of___ftsub                    (abs)        000000
__size_of___fttol                    (abs)        000000
__size_of___lldiv                    (abs)        000000
__size_of___llmod                    (abs)        000000
__size_of___lltoft                   (abs)        000000
__size_of___wmul                     (abs)        000000
__size_of__div_to_l_                 (abs)        000000
__size_of__tdiv_to_l_                (abs)        000000
__size_of_eval_poly                  (abs)        000000
__size_of_frexp                      (abs)        000000
__size_of_fround                     (abs)        000000
__size_of_isdigit                    (abs)        000000
__size_of_log                        (abs)        000000
__size_of_main                       (abs)        000000
__size_of_printf                     (abs)        000000
__size_of_putch                      (abs)        000000
__size_of_scale                      (abs)        000000
__smallconst                         smallconst   000600
__stringdata                         smallconst   000692
__tdiv_to_l_                         text8        002F2E
__tdiv_to_l_@cntr                    cstackCOMRAM 000028
__tdiv_to_l_@exp1                    cstackCOMRAM 000029
__tdiv_to_l_@f1                      cstackCOMRAM 00001B
__tdiv_to_l_@f2                      cstackCOMRAM 00001E
__tdiv_to_l_@quot                    cstackCOMRAM 000024
_dpowers                             smallconst   000601
_errno                               bssBANK0     0000E2
_eusart1RxBuffer                     bssBANK1     000100
_eusart1RxCount                      bssCOMRAM    00003E
_eusart1RxHead                       bssCOMRAM    00003F
_eusart1RxTail                       bssCOMRAM    000040
_eusart1TxBuffer                     bssCOMRAM    000030
_eusart1TxBufferRemaining            nvCOMRAM     000045
_eusart1TxHead                       bssCOMRAM    000041
_eusart1TxTail                       bssCOMRAM    000042
_eval_poly                           text19       003162
_frexp                               text18       0037DC
_fround                              text6        001DDC
_fround$1703                         cstackBANK0  000081
_fround$1704                         cstackBANK0  00007E
_isdigit                             text5        003E5A
_isdigit$1336                        cstackCOMRAM 00001C
_log                                 text17       002B0C
_main                                text0        0035D4
_printf                              text1        0006BC
_printf$1053                         cstackBANK2  000203
_printf$1706                         cstackBANK2  000200
_putch                               text3        003F24
_scale                               text2        001966
_scale$1705                          cstackBANK0  00007E
_timer1ReloadVal                     nvCOMRAM     000043
end_of_initialization                cinit        003DB4
eval_poly@d                          cstackBANK0  000094
eval_poly@n                          cstackBANK0  000096
eval_poly@res                        cstackBANK0  00009A
eval_poly@x                          cstackBANK0  000091
frexp@eptr                           cstackCOMRAM 00001E
frexp@value                          cstackCOMRAM 00001B
fround@prec                          cstackBANK0  000084
intlevel0                            text         000000
intlevel1                            text         000000
intlevel2                            text         000000
intlevel3                            text         000000
isdigit@c                            cstackCOMRAM 00001D
log@coeff                            smallconst   000677
log@exponent                         cstackBANK0  0000A0
log@x                                cstackBANK0  00009D
main@x                               cstackBANK0  0000B2
main@x_971                           cstackBANK0  0000B4
printf@_val                          cstackBANK2  000214
printf@ap                            cstackBANK2  00020F
printf@c                             cstackBANK2  000224
printf@exp                           cstackBANK2  000219
printf@f                             cstackBANK0  000097
printf@flag                          cstackBANK2  00021B
printf@fval                          cstackBANK2  00021F
printf@integ                         cstackBANK2  000211
printf@prec                          cstackBANK2  000222
printf@vd                            cstackBANK2  000207
printf@vd_1055                       cstackBANK2  00020B
printf@width                         cstackBANK2  00021D
putch@txData                         cstackCOMRAM 00001C
scale@scl                            cstackBANK0  000081
stackhi                              (abs)        0005FF
stacklo                              (abs)        000225
start                                init         0000A8
start_initialization                 cinit        003D90


FUNCTION INFORMATION:

 *************** function _main *****************
 Defined at:
		line 30 in file "Main.c"
 Parameters:    Size  Location     Type
  argc            2   77[BANK0 ] int 
  argv            3   79[BANK0 ] PTR PTR unsigned char 
 Auto vars:     Size  Location     Type
  x               2   84[BANK0 ] int 
  x               2   82[BANK0 ] int 
 Return value:  Size  Location     Type
                  2   77[BANK0 ] int 
 Registers used:
		wreg, fsr1l, fsr1h, fsr2l, fsr2h, status,2, status,0, tblptrl, tblptrh, tblptru, prodl, prodh, cstack
 Tracked objects:
		On entry : 
		On exit  : 
		Unchanged: 
 Data sizes:     COMRAM   BANK0   BANK1   BANK2   BANK3   BANK4   BANK5
      Params:         0       5       0       0       0       0       0
      Locals:         0       4       0       0       0       0       0
      Temps:          0       0       0       0       0       0       0
      Totals:         0       9       0       0       0       0       0
Total ram usage:        9 bytes
 Hardware stack levels required when called:    9
 This function calls:
		_Battery_Convert
		_Battery_Fault
		_Battery_Get
		_RunBypas
		_SYSTEM_Initialize
		_Temp_Convert
		_Temp_Fault
		_printf
 This function is called by:
		Startup code after reset
 This function uses a non-reentrant model


 *************** function _printf *****************
 Defined at:
		line 464 in file "C:\Program Files (x86)\Microchip\xc8\v1.33\sources\common\doprnt.c"
 Parameters:    Size  Location     Type
  f               2   55[BANK0 ] PTR const unsigned char 
		 -> STR_2(23), STR_1(17), 
 Auto vars:     Size  Location     Type
  vd              4    7[BANK2 ] unsigned long 
  vd              4   11[BANK2 ] unsigned long 
  _val            5   20[BANK2 ] struct .
  fval            3   31[BANK2 ] struct .
  integ           3   17[BANK2 ] struct .
  ival            3    0        struct .
  prec            2   34[BANK2 ] int 
  width           2   29[BANK2 ] int 
  flag            2   27[BANK2 ] unsigned short 
  exp             2   25[BANK2 ] int 
  ap              2   15[BANK2 ] PTR void [1]
		 -> ?_printf(2), 
  c               1   36[BANK2 ] char 
  d               1    0        unsigned char 
 Return value:  Size  Location     Type
                  2   55[BANK0 ] int 
 Registers used:
		wreg, fsr2l, fsr2h, status,2, status,0, tblptrl, tblptrh, tblptru, prodl, prodh, cstack
 Tracked objects:
		On entry : 
		On exit  : 
		Unchanged: 
 Data sizes:     COMRAM   BANK0   BANK1   BANK2   BANK3   BANK4   BANK5
      Params:         0       7       0       0       0       0       0
      Locals:         0       0       0      37       0       0       0
      Temps:          0       6       0       0       0       0       0
      Totals:         0      13       0      37       0       0       0
Total ram usage:       50 bytes
 Hardware stack levels used:    1
 Hardware stack levels required when called:    7
 This function calls:
		___awdiv
		___ftadd
		___ftge
		___ftmul
		___ftneg
		___ftsub
		___fttol
		___lldiv
		___llmod
		___lltoft
		___wmul
		__div_to_l_
		__tdiv_to_l_
		_fround
		_isdigit
		_putch
		_scale
 This function is called by:
		_main
 This function uses a non-reentrant model


 *************** function _scale *****************
 Defined at:
		line 425 in file "C:\Program Files (x86)\Microchip\xc8\v1.33\sources\common\doprnt.c"
 Parameters:    Size  Location     Type
  scl             1    wreg     char 
 Auto vars:     Size  Location     Type
  scl             1   33[BANK0 ] char 
 Return value:  Size  Location     Type
                  3   27[BANK0 ] char 
 Registers used:
		wreg, status,2, status,0, tblptrl, tblptrh, tblptru, prodl, prodh, cstack
 Tracked objects:
		On entry : 
		On exit  : 
		Unchanged: 
 Data sizes:     COMRAM   BANK0   BANK1   BANK2   BANK3   BANK4   BANK5
      Params:         0       3       0       0       0       0       0
      Locals:         0       4       0       0       0       0       0
      Temps:          0       0       0       0       0       0       0
      Totals:         0       7       0       0       0       0       0
Total ram usage:        7 bytes
 Hardware stack levels used:    1
 Hardware stack levels required when called:    6
 This function calls:
		___awdiv
		___awmod
		___ftmul
		___wmul
 This function is called by:
		_printf
 This function uses a non-reentrant model


 *************** function _putch *****************
 Defined at:
		line 168 in file "mcc_generated_files/eusart1.c"
 Parameters:    Size  Location     Type
  txData          1    wreg     unsigned char 
 Auto vars:     Size  Location     Type
  txData          1   27[COMRAM] unsigned char 
 Return value:  Size  Location     Type
		None               void
 Registers used:
		wreg, fsr2l, fsr2h, status,2, status,0, prodl, prodh, cstack
 Tracked objects:
		On entry : 
		On exit  : 
		Unchanged: 
 Data sizes:     COMRAM   BANK0   BANK1   BANK2   BANK3   BANK4   BANK5
      Params:         0       0       0       0       0       0       0
      Locals:         1       0       0       0       0       0       0
      Temps:          0       0       0       0       0       0       0
      Totals:         1       0       0       0       0       0       0
Total ram usage:        1 bytes
 Hardware stack levels used:    1
 Hardware stack levels required when called:    5
 This function calls:
		_EUSART1_Write
 This function is called by:
		_printf
 This function uses a non-reentrant model


 *************** function _EUSART1_Write *****************
 Defined at:
		line 140 in file "mcc_generated_files/eusart1.c"
 Parameters:    Size  Location     Type
  txData          1    wreg     unsigned char 
 Auto vars:     Size  Location     Type
  txData          1   26[COMRAM] unsigned char 
 Return value:  Size  Location     Type
		None               void
 Registers used:
		wreg, fsr2l, fsr2h, status,2, status,0, prodl, prodh
 Tracked objects:
		On entry : 
		On exit  : 
		Unchanged: 
 Data sizes:     COMRAM   BANK0   BANK1   BANK2   BANK3   BANK4   BANK5
      Params:         0       0       0       0       0       0       0
      Locals:         1       0       0       0       0       0       0
      Temps:          0       0       0       0       0       0       0
      Totals:         1       0       0       0       0       0       0
Total ram usage:        1 bytes
 Hardware stack levels used:    1
 Hardware stack levels required when called:    4
 This function calls:
		Nothing
 This function is called by:
		_putch
 This function uses a non-reentrant model


 *************** function _isdigit *****************
 Defined at:
		line 8 in file "C:\Program Files (x86)\Microchip\xc8\v1.33\sources\common\isdigit.c"
 Parameters:    Size  Location     Type
  c               1    wreg     unsigned char 
 Auto vars:     Size  Location     Type
  c               1   28[COMRAM] unsigned char 
 Return value:  Size  Location     Type
		None               void
 Registers used:
		wreg, status,2, status,0
 Tracked objects:
		On entry : 
		On exit  : 
		Unchanged: 
 Data sizes:     COMRAM   BANK0   BANK1   BANK2   BANK3   BANK4   BANK5
      Params:         0       0       0       0       0       0       0
      Locals:         2       0       0       0       0       0       0
      Temps:          1       0       0       0       0       0       0
      Totals:         3       0       0       0       0       0       0
Total ram usage:        3 bytes
 Hardware stack levels used:    1
 Hardware stack levels required when called:    4
 This function calls:
		Nothing
 This function is called by:
		_printf
 This function uses a non-reentrant model


 *************** function _fround *****************
 Defined at:
		line 409 in file "C:\Program Files (x86)\Microchip\xc8\v1.33\sources\common\doprnt.c"
 Parameters:    Size  Location     Type
  prec            1    wreg     unsigned char 
 Auto vars:     Size  Location     Type
  prec            1   36[BANK0 ] unsigned char 
 Return value:  Size  Location     Type
                  3   27[BANK0 ] unsigned char 
 Registers used:
		wreg, status,2, status,0, tblptrl, tblptrh, tblptru, prodl, prodh, cstack
 Tracked objects:
		On entry : 
		On exit  : 
		Unchanged: 
 Data sizes:     COMRAM   BANK0   BANK1   BANK2   BANK3   BANK4   BANK5
      Params:         0       3       0       0       0       0       0
      Locals:         0       7       0       0       0       0       0
      Temps:          0       0       0       0       0       0       0
      Totals:         0      10       0       0       0       0       0
Total ram usage:       10 bytes
 Hardware stack levels used:    1
 Hardware stack levels required when called:    6
 This function calls:
		___awdiv
		___awmod
		___ftmul
		___wmul
 This function is called by:
		_printf
 This function uses a non-reentrant model


 *************** function ___awmod *****************
 Defined at:
		line 8 in file "C:\Program Files (x86)\Microchip\xc8\v1.33\sources\common\awmod.c"
 Parameters:    Size  Location     Type
  dividend        2   26[COMRAM] int 
  divisor         2   28[COMRAM] int 
 Auto vars:     Size  Location     Type
  sign            1   31[COMRAM] unsigned char 
  counter         1   30[COMRAM] unsigned char 
 Return value:  Size  Location     Type
                  2   26[COMRAM] int 
 Registers used:
		wreg, status,2, status,0, prodl
 Tracked objects:
		On entry : 
		On exit  : 
		Unchanged: 
 Data sizes:     COMRAM   BANK0   BANK1   BANK2   BANK3   BANK4   BANK5
      Params:         4       0       0       0       0       0       0
      Locals:         2       0       0       0       0       0       0
      Temps:          0       0       0       0       0       0       0
      Totals:         6       0       0       0       0       0       0
Total ram usage:        6 bytes
 Hardware stack levels used:    1
 Hardware stack levels required when called:    4
 This function calls:
		Nothing
 This function is called by:
		_fround
		_scale
 This function uses a non-reentrant model


 *************** function __tdiv_to_l_ *****************
 Defined at:
		line 60 in file "C:\Program Files (x86)\Microchip\xc8\v1.33\sources\common\ftdivl.c"
 Parameters:    Size  Location     Type
  f1              3   26[COMRAM] float 
  f2              3   29[COMRAM] float 
 Auto vars:     Size  Location     Type
  quot            4   35[COMRAM] unsigned long 
  exp1            1   40[COMRAM] unsigned char 
  cntr            1   39[COMRAM] unsigned char 
 Return value:  Size  Location     Type
                  4   26[COMRAM] unsigned long 
 Registers used:
		wreg, status,2, status,0
 Tracked objects:
		On entry : 
		On exit  : 
		Unchanged: 
 Data sizes:     COMRAM   BANK0   BANK1   BANK2   BANK3   BANK4   BANK5
      Params:         6       0       0       0       0       0       0
      Locals:         6       0       0       0       0       0       0
      Temps:          3       0       0       0       0       0       0
      Totals:        15       0       0       0       0       0       0
Total ram usage:       15 bytes
 Hardware stack levels used:    1
 Hardware stack levels required when called:    4
 This function calls:
		Nothing
 This function is called by:
		_printf
 This function uses a non-reentrant model


 *************** function __div_to_l_ *****************
 Defined at:
		line 60 in file "C:\Program Files (x86)\Microchip\xc8\v1.33\sources\common\fldivl.c"
 Parameters:    Size  Location     Type
  f1              3   26[COMRAM] unsigned long 
  f2              3   29[COMRAM] unsigned long 
 Auto vars:     Size  Location     Type
  quot            4   36[COMRAM] unsigned long 
  exp1            1   41[COMRAM] unsigned char 
  cntr            1   40[COMRAM] unsigned char 
 Return value:  Size  Location     Type
                  4   26[COMRAM] unsigned long 
 Registers used:
		wreg, status,2, status,0
 Tracked objects:
		On entry : 
		On exit  : 
		Unchanged: 
 Data sizes:     COMRAM   BANK0   BANK1   BANK2   BANK3   BANK4   BANK5
      Params:         6       0       0       0       0       0       0
      Locals:         6       0       0       0       0       0       0
      Temps:          4       0       0       0       0       0       0
      Totals:        16       0       0       0       0       0       0
Total ram usage:       16 bytes
 Hardware stack levels used:    1
 Hardware stack levels required when called:    4
 This function calls:
		Nothing
 This function is called by:
		_printf
 This function uses a non-reentrant model


 *************** function ___lltoft *****************
 Defined at:
		line 35 in file "C:\Program Files (x86)\Microchip\xc8\v1.33\sources\common\lltoft.c"
 Parameters:    Size  Location     Type
  c               4   34[COMRAM] unsigned long 
 Auto vars:     Size  Location     Type
  exp             1   42[COMRAM] unsigned char 
 Return value:  Size  Location     Type
                  3   34[COMRAM] float 
 Registers used:
		wreg, status,2, status,0, cstack
 Tracked objects:
		On entry : 
		On exit  : 
		Unchanged: 
 Data sizes:     COMRAM   BANK0   BANK1   BANK2   BANK3   BANK4   BANK5
      Params:         4       0       0       0       0       0       0
      Locals:         1       0       0       0       0       0       0
      Temps:          4       0       0       0       0       0       0
      Totals:         9       0       0       0       0       0       0
Total ram usage:        9 bytes
 Hardware stack levels used:    1
 Hardware stack levels required when called:    5
 This function calls:
		___ftpack
 This function is called by:
		_printf
 This function uses a non-reentrant model


 *************** function ___llmod *****************
 Defined at:
		line 8 in file "C:\Program Files (x86)\Microchip\xc8\v1.33\sources\common\llmod.c"
 Parameters:    Size  Location     Type
  dividend        4   39[COMRAM] unsigned long 
  divisor         4   43[COMRAM] unsigned long 
 Auto vars:     Size  Location     Type
  counter         1    0[BANK0 ] unsigned char 
 Return value:  Size  Location     Type
                  4   39[COMRAM] unsigned long 
 Registers used:
		wreg, status,2, status,0
 Tracked objects:
		On entry : 
		On exit  : 
		Unchanged: 
 Data sizes:     COMRAM   BANK0   BANK1   BANK2   BANK3   BANK4   BANK5
      Params:         8       0       0       0       0       0       0
      Locals:         0       1       0       0       0       0       0
      Temps:          0       0       0       0       0       0       0
      Totals:         8       1       0       0       0       0       0
Total ram usage:        9 bytes
 Hardware stack levels used:    1
 Hardware stack levels required when called:    4
 This function calls:
		Nothing
 This function is called by:
		_printf
 This function uses a non-reentrant model


 *************** function ___lldiv *****************
 Defined at:
		line 8 in file "C:\Program Files (x86)\Microchip\xc8\v1.33\sources\common\lldiv.c"
 Parameters:    Size  Location     Type
  dividend        4   26[COMRAM] unsigned long 
  divisor         4   30[COMRAM] unsigned long 
 Auto vars:     Size  Location     Type
  quotient        4   34[COMRAM] unsigned long 
  counter         1   38[COMRAM] unsigned char 
 Return value:  Size  Location     Type
                  4   26[COMRAM] unsigned long 
 Registers used:
		wreg, status,2, status,0
 Tracked objects:
		On entry : 
		On exit  : 
		Unchanged: 
 Data sizes:     COMRAM   BANK0   BANK1   BANK2   BANK3   BANK4   BANK5
      Params:         8       0       0       0       0       0       0
      Locals:         5       0       0       0       0       0       0
      Temps:          0       0       0       0       0       0       0
      Totals:        13       0       0       0       0       0       0
Total ram usage:       13 bytes
 Hardware stack levels used:    1
 Hardware stack levels required when called:    4
 This function calls:
		Nothing
 This function is called by:
		_printf
 This function uses a non-reentrant model


 *************** function ___fttol *****************
 Defined at:
		line 44 in file "C:\Program Files (x86)\Microchip\xc8\v1.33\sources\common\fttol.c"
 Parameters:    Size  Location     Type
  f1              3   34[BANK0 ] float 
 Auto vars:     Size  Location     Type
  lval            4   44[BANK0 ] unsigned long 
  exp1            1   48[BANK0 ] unsigned char 
  sign1           1   43[BANK0 ] unsigned char 
 Return value:  Size  Location     Type
                  4   34[BANK0 ] long 
 Registers used:
		wreg, status,2, status,0
 Tracked objects:
		On entry : 
		On exit  : 
		Unchanged: 
 Data sizes:     COMRAM   BANK0   BANK1   BANK2   BANK3   BANK4   BANK5
      Params:         0       4       0       0       0       0       0
      Locals:         0       6       0       0       0       0       0
      Temps:          0       5       0       0       0       0       0
      Totals:         0      15       0       0       0       0       0
Total ram usage:       15 bytes
 Hardware stack levels used:    1
 Hardware stack levels required when called:    4
 This function calls:
		Nothing
 This function is called by:
		_printf
 This function uses a non-reentrant model


 *************** function ___ftneg *****************
 Defined at:
		line 15 in file "C:\Program Files (x86)\Microchip\xc8\v1.33\sources\common\ftneg.c"
 Parameters:    Size  Location     Type
  f1              3   26[COMRAM] float 
 Auto vars:     Size  Location     Type
		None
 Return value:  Size  Location     Type
                  3   26[COMRAM] float 
 Registers used:
		wreg, status,2, status,0
 Tracked objects:
		On entry : 
		On exit  : 
		Unchanged: 
 Data sizes:     COMRAM   BANK0   BANK1   BANK2   BANK3   BANK4   BANK5
      Params:         3       0       0       0       0       0       0
      Locals:         0       0       0       0       0       0       0
      Temps:          0       0       0       0       0       0       0
      Totals:         3       0       0       0       0       0       0
Total ram usage:        3 bytes
 Hardware stack levels used:    1
 Hardware stack levels required when called:    4
[...]
		wreg, status,2, status,0, cstack
 Tracked objects:
		On entry : 
		On exit  : 
		Unchanged: 
 Data sizes:     COMRAM   BANK0   BANK1   BANK2   BANK3   BANK4   BANK5
      Params:         0       6       0       0       0       0       0
      Locals:         0       3       0       0       0       0       0
      Temps:          0       3       0       0       0       0       0
      Totals:         0      12       0       0       0       0       0
Total ram usage:       12 bytes
 Hardware stack levels used:    1
 Hardware stack levels required when called:    5
 This function calls:
		___ftpack
 This function is called by:
		_Battery_Convert
		_Battery_Filter
		_Temp_Filter
		_Temp_Convert
		_printf
		___ftsub
		_log
		_eval_poly
 This function uses a non-reentrant model


 *************** function ___ftpack *****************
 Defined at:
		line 62 in file "C:\Program Files (x86)\Microchip\xc8\v1.33\sources\common\float.c"
 Parameters:    Size  Location     Type
  arg             3   26[COMRAM] unsigned um
  exp             1   29[COMRAM] unsigned char 
  sign            1   30[COMRAM] unsigned char 
 Auto vars:     Size  Location     Type
		None
 Return value:  Size  Location     Type
                  3   26[COMRAM] float 
 Registers used:
		wreg, status,2, status,0
 Tracked objects:
		On entry : 
		On exit  : 
		Unchanged: 
 Data sizes:     COMRAM   BANK0   BANK1   BANK2   BANK3   BANK4   BANK5
      Params:         5       0       0       0       0       0       0
      Locals:         0       0       0       0       0       0       0
      Temps:          3       0       0       0       0       0       0
      Totals:         8       0       0       0       0       0       0
Total ram usage:        8 bytes
 Hardware stack levels used:    1
 Hardware stack levels required when called:    4
 This function calls:
		Nothing
 This function is called by:
		___altoft
		___awtoft
		___ftadd
		___ftdiv
		___ftmul
		___lltoft
 This function uses a non-reentrant model


 *************** function _INTERRUPT_InterruptManager *****************
 Defined at:
		line 69 in file "mcc_generated_files/interrupt_manager.c"
 Parameters:    Size  Location     Type
		None
 Auto vars:     Size  Location     Type
		None
 Return value:  Size  Location     Type
		None               void
 Registers used:
		wreg, fsr2l, fsr2h, status,2, status,0, prodl, prodh, cstack
 Tracked objects:
		On entry : 
		On exit  : 
		Unchanged: 
 Data sizes:     COMRAM   BANK0   BANK1   BANK2   BANK3   BANK4   BANK5
      Params:         0       0       0       0       0       0       0
      Locals:         0       0       0       0       0       0       0
      Temps:         14       0       0       0       0       0       0
      Totals:        14       0       0       0       0       0       0
Total ram usage:       14 bytes
 Hardware stack levels used:    1
 Hardware stack levels required when called:    3
 This function calls:
		_ADC_ISR
		_EUSART1_Receive_ISR
		_EUSART1_Transmit_ISR
		_TMR1_ISR
 This function is called by:
		Interrupt level 2
 This function uses a non-reentrant model


 *************** function _TMR1_ISR *****************
 Defined at:
		line 110 in file "mcc_generated_files/tmr1.c"
 Parameters:    Size  Location     Type
		None
 Auto vars:     Size  Location     Type
		None
 Return value:  Size  Location     Type
		None               void
 Registers used:
		wreg, fsr2l, fsr2h, status,2, status,0, cstack
 Tracked objects:
		On entry : 
		On exit  : 
		Unchanged: 
 Data sizes:     COMRAM   BANK0   BANK1   BANK2   BANK3   BANK4   BANK5
      Params:         0       0       0       0       0       0       0
      Locals:         0       0       0       0       0       0       0
      Temps:          3       0       0       0       0       0       0
      Totals:         3       0       0       0       0       0       0
Total ram usage:        3 bytes
 Hardware stack levels used:    1
 Hardware stack levels required when called:    2
 This function calls:
		_Battery_Read
		_Temp_Read
 This function is called by:
		_INTERRUPT_InterruptManager
 This function uses a non-reentrant model


 *************** function _Temp_Read *****************
 Defined at:
		line 27 in file "Tempeture.c"
 Parameters:    Size  Location     Type
		None
 Auto vars:     Size  Location     Type
		None
 Return value:  Size  Location     Type
                  2   28[COMRAM] int 
 Registers used:
		wreg, status,2, status,0, cstack
 Tracked objects:
		On entry : 
		On exit  : 
		Unchanged: 
 Data sizes:     COMRAM   BANK0   BANK1   BANK2   BANK3   BANK4   BANK5
      Params:         0       0       0       0       0       0       0
      Locals:         0       0       0       0       0       0       0
      Temps:          0       0       0       0       0       0       0
      Totals:         0       0       0       0       0       0       0
Total ram usage:        0 bytes
 Hardware stack levels used:    1
 Hardware stack levels required when called:    1
 This function calls:
		_ADC_StartConversion
 This function is called by:
		_TMR1_ISR
 This function uses a non-reentrant model


 *************** function _Battery_Read *****************
 Defined at:
		line 18 in file "Battery.c"
 Parameters:    Size  Location     Type
		None
 Auto vars:     Size  Location     Type
		None
 Return value:  Size  Location     Type
                  2   26[COMRAM] int 
 Registers used:
		wreg, status,2, status,0, cstack
 Tracked objects:
		On entry : 
		On exit  : 
		Unchanged: 
 Data sizes:     COMRAM   BANK0   BANK1   BANK2   BANK3   BANK4   BANK5
      Params:         0       0       0       0       0       0       0
      Locals:         0       0       0       0       0       0       0
      Temps:          0       0       0       0       0       0       0
      Totals:         0       0       0       0       0       0       0
Total ram usage:        0 bytes
 Hardware stack levels used:    1
 Hardware stack levels required when called:    1
 This function calls:
		_ADC_StartConversion
 This function is called by:
		_TMR1_ISR
 This function uses a non-reentrant model


 *************** function _EUSART1_Transmit_ISR *****************
 Defined at:
		line 173 in file "mcc_generated_files/eusart1.c"
 Parameters:    Size  Location     Type
		None
 Auto vars:     Size  Location     Type
		None
 Return value:  Size  Location     Type
		None               void
 Registers used:
		wreg, fsr2l, fsr2h, status,2, status,0, prodl, prodh
 Tracked objects:
		On entry : 
		On exit  : 
		Unchanged: 
 Data sizes:     COMRAM   BANK0   BANK1   BANK2   BANK3   BANK4   BANK5
      Params:         0       0       0       0       0       0       0
      Locals:         0       0       0       0       0       0       0
      Temps:          0       0       0       0       0       0       0
      Totals:         0       0       0       0       0       0       0
Total ram usage:        0 bytes
 Hardware stack levels used:    1
 This function calls:
		Nothing
 This function is called by:
		_INTERRUPT_InterruptManager
 This function uses a non-reentrant model


 *************** function _EUSART1_Receive_ISR *****************
 Defined at:
		line 192 in file "mcc_generated_files/eusart1.c"
 Parameters:    Size  Location     Type
		None
 Auto vars:     Size  Location     Type
		None
 Return value:  Size  Location     Type
		None               void
 Registers used:
		wreg, fsr2l, fsr2h, status,2, status,0, prodl, prodh
 Tracked objects:
		On entry : 
		On exit  : 
		Unchanged: 
 Data sizes:     COMRAM   BANK0   BANK1   BANK2   BANK3   BANK4   BANK5
      Params:         0       0       0       0       0       0       0
      Locals:         0       0       0       0       0       0       0
      Temps:          0       0       0       0       0       0       0
      Totals:         0       0       0       0       0       0       0
Total ram usage:        0 bytes
 Hardware stack levels used:    1
 This function calls:
		Nothing
 This function is called by:
		_INTERRUPT_InterruptManager
 This function uses a non-reentrant model


 *************** function _ADC_ISR *****************
 Defined at:
		line 82 in file "mcc_generated_files/adc.c"
 Parameters:    Size  Location     Type
		None
 Auto vars:     Size  Location     Type
  ADC_Result      2   10[COMRAM] int 
 Return value:  Size  Location     Type
		None               void
 Registers used:
		wreg, fsr2l, fsr2h, status,2, status,0, cstack
 Tracked objects:
		On entry : 
		On exit  : 
		Unchanged: 
 Data sizes:     COMRAM   BANK0   BANK1   BANK2   BANK3   BANK4   BANK5
      Params:         0       0       0       0       0       0       0
      Locals:         2       0       0       0       0       0       0
      Temps:          6       0       0       0       0       0       0
      Totals:         8       0       0       0       0       0       0
Total ram usage:        8 bytes
 Hardware stack levels used:    1
 Hardware stack levels required when called:    1
 This function calls:
		_ADC_GetConversionResult
		_ADC_StartConversion
		_Set_4051
 This function is called by:
		_INTERRUPT_InterruptManager
 This function uses a non-reentrant model


 *************** function _Set_4051 *****************
 Defined at:
		line 10 in file "Functions.c"
 Parameters:    Size  Location     Type
  Channel         2    0[COMRAM] int 
 Auto vars:     Size  Location     Type
		None
 Return value:  Size  Location     Type
		None               void
 Registers used:
		wreg, status,2, status,0
 Tracked objects:
		On entry : 
		On exit  : 
		Unchanged: 
 Data sizes:     COMRAM   BANK0   BANK1   BANK2   BANK3   BANK4   BANK5
      Params:         2       0       0       0       0       0       0
      Locals:         0       0       0       0       0       0       0
      Temps:          2       0       0       0       0       0       0
      Totals:         4       0       0       0       0       0       0
Total ram usage:        4 bytes
 Hardware stack levels used:    1
 This function calls:
		Nothing
 This function is called by:
		_ADC_ISR
 This function uses a non-reentrant model


 *************** function _ADC_StartConversion *****************
 Defined at:
		line 36 in file "mcc_generated_files/adc.c"
 Parameters:    Size  Location     Type
  channel         1    wreg     enum E8837
 Auto vars:     Size  Location     Type
  channel         1    1[COMRAM] enum E8837
 Return value:  Size  Location     Type
		None               void
 Registers used:
		wreg, status,2, status,0
 Tracked objects:
		On entry : 
		On exit  : 
		Unchanged: 
 Data sizes:     COMRAM   BANK0   BANK1   BANK2   BANK3   BANK4   BANK5
      Params:         0       0       0       0       0       0       0
      Locals:         1       0       0       0       0       0       0
      Temps:          1       0       0       0       0       0       0
      Totals:         2       0       0       0       0       0       0
Total ram usage:        2 bytes
 Hardware stack levels used:    1
 This function calls:
		Nothing
 This function is called by:
		_ADC_ISR
		_Battery_Read
		_Temp_Read
 This function uses a non-reentrant model


 *************** function _ADC_GetConversionResult *****************
 Defined at:
		line 55 in file "mcc_generated_files/adc.c"
 Parameters:    Size  Location     Type
		None
 Auto vars:     Size  Location     Type
		None
 Return value:  Size  Location     Type
                  2    0[COMRAM] unsigned int 
 Registers used:
		wreg, status,2, status,0
 Tracked objects:
		On entry : 
		On exit  : 
		Unchanged: 
 Data sizes:     COMRAM   BANK0   BANK1   BANK2   BANK3   BANK4   BANK5
      Params:         2       0       0       0       0       0       0
      Locals:         0       0       0       0       0       0       0
      Temps:          2       0       0       0       0       0       0
      Totals:         4       0       0       0       0       0       0
Total ram usage:        4 bytes
 Hardware stack levels used:    1
 This function calls:
		Nothing
 This function is called by:
		_ADC_ISR
 This function uses a non-reentrant model



MODULE INFORMATION

Module		Function		Class		Link	Load	Size
C:\Program Files (x86)\Microchip\xc8\v1.33\sources\common\ftneg.c
		___ftneg       		CODE           	3DEC	0000	38

C:\Program Files (x86)\Microchip\xc8\v1.33\sources\common\ftneg.c estimated size: 38

C:\Program Files (x86)\Microchip\xc8\v1.33\sources\common\ftge.c
		___ftge        		CODE           	342E	0000	212

C:\Program Files (x86)\Microchip\xc8\v1.33\sources\common\ftge.c estimated size: 212

C:\Program Files (x86)\Microchip\xc8\v1.33\sources\common\doprnt.c
		_scale         		CODE           	1966	0000	1142
		_printf        		CODE           	06BC	0000	3194
		_fround        		CODE           	1DDC	0000	666

C:\Program Files (x86)\Microchip\xc8\v1.33\sources\common\doprnt.c estimated size: 5002

C:\Program Files (x86)\Microchip\xc8\v1.33\sources\common\ftsub.c
		___ftsub       		CODE           	3C46	0000	60

C:\Program Files (x86)\Microchip\xc8\v1.33\sources\common\ftsub.c estimated size: 60

C:\Program Files (x86)\Microchip\xc8\v1.33\sources\common\float.c
		___ftpack      		CODE           	3690	0000	168

C:\Program Files (x86)\Microchip\xc8\v1.33\sources\common\float.c estimated size: 168

C:\Program Files (x86)\Microchip\xc8\v1.33\sources\common\evalpoly.c
		_eval_poly     		CODE           	3162	0000	242

C:\Program Files (x86)\Microchip\xc8\v1.33\sources\common\evalpoly.c estimated size: 242

C:\Program Files (x86)\Microchip\xc8\v1.33\sources\common\ftdivl.c
		__tdiv_to_l_   		CODE           	2F2E	0000	306

C:\Program Files (x86)\Microchip\xc8\v1.33\sources\common\ftdivl.c estimated size: 306

mcc_generated_files/interrupt_manager.c
		_INTERRUPT_Init		CODE           	3F18	0000	12
		_INTERRUPT_Inte		CODE           	0008	0000	160

mcc_generated_files/interrupt_manager.c estimated size: 172

C:\Program Files (x86)\Microchip\xc8\v1.33\sources\common\awmod.c
		___awmod       		CODE           	386E	0000	144

C:\Program Files (x86)\Microchip\xc8\v1.33\sources\common\awmod.c estimated size: 144

C:\Program Files (x86)\Microchip\xc8\v1.33\sources\common\log.c
		_log           		CODE           	2B0C	0000	366

C:\Program Files (x86)\Microchip\xc8\v1.33\sources\common\log.c estimated size: 366

C:\Program Files (x86)\Microchip\xc8\v1.33\sources\common\Umul16.c
		___wmul        		CODE           	3E12	0000	38

C:\Program Files (x86)\Microchip\xc8\v1.33\sources\common\Umul16.c estimated size: 38

C:\Program Files (x86)\Microchip\xc8\v1.33\sources\common\llmod.c
		___llmod       		CODE           	3A92	0000	108

C:\Program Files (x86)\Microchip\xc8\v1.33\sources\common\llmod.c estimated size: 108

mcc_generated_files/pin_manager.c
		_PIN_MANAGER_In		CODE           	3BB0	0000	78

mcc_generated_files/pin_manager.c estimated size: 78

C:\Program Files (x86)\Microchip\xc8\v1.33\sources\common\frexp.c
		_frexp         		CODE           	37DC	0000	146

C:\Program Files (x86)\Microchip\xc8\v1.33\sources\common\frexp.c estimated size: 146

Tempeture.c
		_Temp_Filter   		CODE           	250A	0000	392
		_Temp_Convert  		CODE           	22F6	0000	532
		_Temp_Read     		CODE           	3EC6	0000	24
		_Temp_Fault    		CODE           	3A10	0000	130

Tempeture.c estimated size: 1078

Bypass.c
		_SetBypass     		CODE           	3254	0000	242
		_RunBypas      		CODE           	3346	0000	232

Bypass.c estimated size: 474

mcc_generated_files/adc.c
		_ADC_Initialize		CODE           	3EAE	0000	24
		_ADC_GetConvers		CODE           	3EF6	0000	20
		_ADC_StartConve		CODE           	3E94	0000	26
		_ADC_ISR       		CODE           	1336	0000	1584

mcc_generated_files/adc.c estimated size: 1654

C:\Program Files (x86)\Microchip\xc8\v1.33\sources\common\ftmul.c
		___ftmul       		CODE           	2996	0000	374

C:\Program Files (x86)\Microchip\xc8\v1.33\sources\common\ftmul.c estimated size: 374

C:\Program Files (x86)\Microchip\xc8\v1.33\sources\common\ftdiv.c
		___ftdiv       		CODE           	2DE2	0000	332

C:\Program Files (x86)\Microchip\xc8\v1.33\sources\common\ftdiv.c estimated size: 332

C:\Program Files (x86)\Microchip\xc8\v1.33\sources\common\fldivl.c
		__div_to_l_    		CODE           	2C7A	0000	360

C:\Program Files (x86)\Microchip\xc8\v1.33\sources\common\fldivl.c estimated size: 360

C:\Program Files (x86)\Microchip\xc8\v1.33\sources\common\awdiv.c
		___awdiv       		CODE           	3738	0000	164

C:\Program Files (x86)\Microchip\xc8\v1.33\sources\common\awdiv.c estimated size: 164

Functions.c
		_Set_4051      		CODE           	3DBE	0000	46

Functions.c estimated size: 46

Main.c
		_main          		CODE           	35D4	0000	188

Main.c estimated size: 188

C:\Program Files (x86)\Microchip\xc8\v1.33\sources\common\lldiv.c
		___lldiv       		CODE           	398E	0000	130

C:\Program Files (x86)\Microchip\xc8\v1.33\sources\common\lldiv.c estimated size: 130

shared
		__stringdata   		SMALLCONST     	0692	0000	40
		__powers_      		SMALLCONST     	0650	0000	39
		_dpowers       		SMALLCONST     	0601	0000	40
		__npowers_     		SMALLCONST     	0629	0000	39
		__initializatio		CODE           	3D90	0000	36
		log@coeff      		SMALLCONST     	0677	0000	27

shared estimated size: 221

mcc_generated_files/eusart1.c
		_EUSART1_Initia		CODE           	3C82	0000	60
		_putch         		CODE           	3F24	0000	10
		_EUSART1_Write 		CODE           	3CBE	0000	58
		_EUSART1_Receiv		CODE           	3D60	0000	48
		_EUSART1_Transm		CODE           	3D30	0000	48

mcc_generated_files/eusart1.c estimated size: 224

mcc_generated_files/mcc.c
		_OSCILLATOR_Ini		CODE           	3F0A	0000	14
		_SYSTEM_Initial		CODE           	3E7A	0000	26

mcc_generated_files/mcc.c estimated size: 40

C:\Program Files (x86)\Microchip\xc8\v1.33\sources\common\fttol.c
		___fttol       		CODE           	281A	0000	380

C:\Program Files (x86)\Microchip\xc8\v1.33\sources\common\fttol.c estimated size: 380

C:\Program Files (x86)\Microchip\xc8\v1.33\sources\common\awtoft.c
		___awtoft      		CODE           	3BFE	0000	72

C:\Program Files (x86)\Microchip\xc8\v1.33\sources\common\awtoft.c estimated size: 72

mcc_generated_files/tmr1.c
		_TMR1_Initializ		CODE           	3E38	0000	34
		_TMR1_StartTime		CODE           	3F2E	0000	4
		_TMR1_ISR      		CODE           	3B5A	0000	86

mcc_generated_files/tmr1.c estimated size: 124

C:\Program Files (x86)\Microchip\xc8\v1.33\sources\common\altoft.c
		___altoft      		CODE           	38FE	0000	144

C:\Program Files (x86)\Microchip\xc8\v1.33\sources\common\altoft.c estimated size: 144

Battery.c
		_Battery_Conver		CODE           	3060	0000	258
		_Battery_Get   		CODE           	3CF8	0000	56
		_Battery_Read  		CODE           	3EDE	0000	24
		_Battery_Fault 		CODE           	3502	0000	210
		_Battery_Filter		CODE           	2692	0000	392

Battery.c estimated size: 940

C:\Program Files (x86)\Microchip\xc8\v1.33\sources\common\ftadd.c
		___ftadd       		CODE           	2076	0000	640

C:\Program Files (x86)\Microchip\xc8\v1.33\sources\common\ftadd.c estimated size: 640

C:\Program Files (x86)\Microchip\xc8\v1.33\sources\common\lltoft.c
		___lltoft      		CODE           	3AFE	0000	92

C:\Program Files (x86)\Microchip\xc8\v1.33\sources\common\lltoft.c estimated size: 92

C:\Program Files (x86)\Microchip\xc8\v1.33\sources\common\isdigit.c
		_isdigit       		CODE           	3E5A	0000	32

C:\Program Files (x86)\Microchip\xc8\v1.33\sources\common\isdigit.c estimated size: 32

