Microchip MPLAB XC8 Compiler V1.34 ()

Linker command line:

--edf=C:\Program Files (x86)\Microchip\xc8\v1.34\dat\en_msgs.txt -cs \
  -h+dist/default/production\BMS-HV.X.production.sym \
  --cmf=dist/default/production\BMS-HV.X.production.cmf -z -Q18F45K22 \
  -oC:\Users\RICHAR~1\AppData\Local\Temp\sb90.6 \
  -Mdist/default/production/BMS-HV.X.production.map -E1 -ver=XC8 \
  -ASTACK=01A4h-01ffh -pstack=STACK -ACODE=00h-07FFFh -ACONST=00h-07FFFh \
  -ASMALLCONST=0600h-06FFhx122 -AMEDIUMCONST=0600h-07FFFh -ACOMRAM=01h-05Fh \
  -AABS1=00h-05FFh -ABIGRAM=01h-05FFh -ARAM=060h-0FFh,0100h-01FFhx5 \
  -ABANK0=060h-0FFh -ABANK1=0100h-01FFh -ABANK2=0200h-02FFh \
  -ABANK3=0300h-03FFh -ABANK4=0400h-04FFh -ABANK5=0500h-05FFh \
  -ASFR=0F38h-0F5Fh,0F60h-0FFFh \
  -preset_vec=00h,intcode=08h,intcodelo,powerup,init,end_init \
  -pramtop=0600h -psmallconst=SMALLCONST -pmediumconst=MEDIUMCONST \
  -pconst=CONST -AFARRAM=00h-00h -ACONFIG=0300000h-030000Dh -pconfig=CONFIG \
  -AIDLOC=0200000h-0200007h -pidloc=IDLOC -AEEDATA=0F00000h-0F000FFh \
  -peeprom_data=EEDATA \
  -prdata=COMRAM,nvrram=COMRAM,nvbit=COMRAM,rbss=COMRAM,rbit=COMRAM \
  -pfarbss=FARRAM,fardata=FARRAM,nvFARRAM=FARRAM \
  -pintsave_regs=BIGRAM,bigbss=BIGRAM,bigdata=BIGRAM -pbss=RAM \
  -pidata=CODE,irdata=CODE,ibigdata=CODE,ifardata=CODE -prparam=COMRAM \
  C:\Users\RICHAR~1\AppData\Local\Temp\sb90.obj \
  dist/default/production\BMS-HV.X.production.obj 

Object code version is 3.11

Machine type is 18F45K22

Call graph: (short form)




                Name                               Link     Load   Length Selector   Space Scale
C:\Users\RICHAR~1\AppData\Local\Temp\sb90.obj
                end_init                             AA       AA        4        4       0
                reset_vec                             0        0        4        0       0
                idloc                            200000   200000        8   200000       0
                config                           300000   300000        E   300000       0
dist/default/production\BMS-HV.X.production.obj
                intcode                               8        8       A2        4       0
                smallconst                          600      600       1E      300       0
                text71                             3A5A     3A5A       16      30F       0
                text70                             39C8     39C8       1A      30F       0
                text69                             3708     3708       38      30F       0
                text68                              C56      C56      45C      30F       0
                text67                             388E     388E       2E      30F       0
                text66                             2540     2540      11C      30F       0
                text65                             39AA     39AA       1E      30F       0
                text64                             3180     3180       94      30F       0
                text63                             3A42     3A42       18      30F       0
                text62                             3740     3740       34      30F       0
                text61                             3A2A     3A2A       18      30F       0
                text60                             390A     390A       24      30F       0
                text59                             3600     3600       4C      30F       0
                text57                             38BC     38BC       28      30F       0
                text56                             2B04     2B04       E2      30F       0
                text55                             2D9A     2D9A       C6      30F       0
                text54                             32A6     32A6       7C      30F       0
                text53                             14B8     14B8      27E      30F       0
                text52                             2052     2052      152      30F       0
                text51                             1C2A     1C2A      16C      30F       0
                text50                             265C     265C      106      30F       0
                text49                             3056     3056       96      30F       0
                text48                             2F10     2F10       B0      30F       0
                text47                             37D4     37D4       30      30F       0
                text46                             2762     2762       F4      30F       0
                text45                             293E     293E       E4      30F       0
                text44                             3A12     3A12       18      30F       0
                text43                             3860     3860       2E      30F       0
                text42                             398C     398C       1E      30F       0
                text41                             36CC     36CC       3C      30F       0
                text40                             3AAA     3AAA        C      30F       0
                text39                             3A90     3A90        E      30F       0
                text38                             3512     3512       52      30F       0
                text37                             3AB6     3AB6        4      30F       0
                text36                             392E     392E       22      30F       0
                text35                             2FC0     2FC0       96      30F       0
                text34                             3462     3462       5E      30F       0
                text33                             3392     3392       6C      30F       0
                text32                             1946     1946      176      30F       0
                text31                             3564     3564       50      30F       0
                text30                             3690     3690       3C      30F       0
                text29                             2A22     2A22       E2      30F       0
                text28                             3214     3214       92      30F       0
                text27                             21A4     21A4      14E      30F       0
                text26                             1736     1736      210      30F       0
                text25                             3322     3322       70      30F       0
                text24                             35B4     35B4       4C      30F       0
                text23                             37A4     37A4       30      30F       0
                text22                             3832     3832       2E      30F       0
                text21                             1D96     1D96      16A      30F       0
                text20                             396E     396E       1E      30F       0
                text19                             1F00     1F00      152      30F       0
                text18                             34C0     34C0       52      30F       0
                text17                             39FA     39FA       18      30F       0
                text16                             39E2     39E2       18      30F       0
                text15                             3804     3804       2E      30F       0
                text14                             30EC     30EC       94      30F       0
                text13                             3A80     3A80       10      30F       0
                text12                             2856     2856       E8      30F       0
                text11                             2CC0     2CC0       DA      30F       0
                text10                             1ABC     1ABC      16E      30F       0
                text9                              38E4     38E4       26      30F       0
                text8                              3A70     3A70       10      30F       0
                text7                              2424     2424      11C      30F       0
                text6                              3774     3774       30      30F       0
                text5                               61E      61E      638      30F       0
                text4                              33FE     33FE       64      30F       0
                text3                              2BE6     2BE6       DA      30F       0
                text2                              22F2     22F2      132      30F       0
                text1                              10B2     10B2      406      30F       0
                text0                              364C     364C       44      30F       0
                cstackCOMRAM                          1        1       2C        1       1
                cstackBANK0                          C1       C1       33       60       1
                cstackBANK1                         18E      18E       16      100       1
                bssBANK5                            500      500       CE      500       1
                bssBANK4                            400      400       CE      400       1
                bssBANK3                            300      300       C8      300       1
                bssBANK2                            200      200       CE      200       1
                dataBANK1                           170      170       1E      100       1
                bssBANK1                            100      100       70      100       1
                dataBANK0                            F4       F4        C       60       1
                bssBANK0                             60       60       61       60       1
                dataCOMRAM                           45       45        1        1       1
                bssCOMRAM                            2D       2D       18        1       1
                cinit                              2E60     2E60       B0      30F       0
                idataBANK1                         3950     3950       1E      30F       0
                idataBANK0                         3A9E     3A9E        C      30F       0
                idataCOMRAM                        3ABA     3ABA        1      30F       0

TOTAL           Name                               Link     Load   Length     Space
        CLASS   STACK          

        CLASS   CODE           
                end_init                             AA       AA        4         0
                intcode                               8        8       A2         0
                reset_vec                             0        0        4         0
                text71                             3A5A     3A5A       16         0
                text70                             39C8     39C8       1A         0
                text69                             3708     3708       38         0
                text68                              C56      C56      45C         0
                text67                             388E     388E       2E         0
                text66                             2540     2540      11C         0
                text65                             39AA     39AA       1E         0
                text64                             3180     3180       94         0
                text63                             3A42     3A42       18         0
                text62                             3740     3740       34         0
                text61                             3A2A     3A2A       18         0
                text60                             390A     390A       24         0
                text59                             3600     3600       4C         0
                text57                             38BC     38BC       28         0
                text56                             2B04     2B04       E2         0
                text55                             2D9A     2D9A       C6         0
                text54                             32A6     32A6       7C         0
                text53                             14B8     14B8      27E         0
                text52                             2052     2052      152         0
                text51                             1C2A     1C2A      16C         0
                text50                             265C     265C      106         0
                text49                             3056     3056       96         0
                text48                             2F10     2F10       B0         0
                text47                             37D4     37D4       30         0
                text46                             2762     2762       F4         0
                text45                             293E     293E       E4         0
                text44                             3A12     3A12       18         0
                text43                             3860     3860       2E         0
                text42                             398C     398C       1E         0
                text41                             36CC     36CC       3C         0
                text40                             3AAA     3AAA        C         0
                text39                             3A90     3A90        E         0
                text38                             3512     3512       52         0
                text37                             3AB6     3AB6        4         0
                text36                             392E     392E       22         0
                text35                             2FC0     2FC0       96         0
                text34                             3462     3462       5E         0
                text33                             3392     3392       6C         0
                text32                             1946     1946      176         0
                text31                             3564     3564       50         0
                text30                             3690     3690       3C         0
                text29                             2A22     2A22       E2         0
                text28                             3214     3214       92         0
                text27                             21A4     21A4      14E         0
                text26                             1736     1736      210         0
                text25                             3322     3322       70         0
                text24                             35B4     35B4       4C         0
                text23                             37A4     37A4       30         0
                text22                             3832     3832       2E         0
                text21                             1D96     1D96      16A         0
                text20                             396E     396E       1E         0
                text19                             1F00     1F00      152         0
                text18                             34C0     34C0       52         0
                text17                             39FA     39FA       18         0
                text16                             39E2     39E2       18         0
                text15                             3804     3804       2E         0
                text14                             30EC     30EC       94         0
                text13                             3A80     3A80       10         0
                text12                             2856     2856       E8         0
                text11                             2CC0     2CC0       DA         0
                text10                             1ABC     1ABC      16E         0
                text9                              38E4     38E4       26         0
                text8                              3A70     3A70       10         0
                text7                              2424     2424      11C         0
                text6                              3774     3774       30         0
                text5                               61E      61E      638         0
                text4                              33FE     33FE       64         0
                text3                              2BE6     2BE6       DA         0
                text2                              22F2     22F2      132         0
                text1                              10B2     10B2      406         0
                text0                              364C     364C       44         0
                cinit                              2E60     2E60       B0         0
                idataBANK1                         3950     3950       1E         0
                idataBANK0                         3A9E     3A9E        C         0
                idataCOMRAM                        3ABA     3ABA        1         0

        CLASS   CONST          

        CLASS   SMALLCONST     
                smallconst                          600      600       1E         0

        CLASS   MEDIUMCONST    

        CLASS   COMRAM         
                cstackCOMRAM                          1        1       2C         1
                dataCOMRAM                           45       45        1         1
                bssCOMRAM                            2D       2D       18         1

        CLASS   ABS1           

        CLASS   BIGRAM         

        CLASS   RAM            

        CLASS   BANK0          
                cstackBANK0                          C1       C1       33         1
                dataBANK0                            F4       F4        C         1
                bssBANK0                             60       60       61         1

        CLASS   BANK1          
                cstackBANK1                         18E      18E       16         1
                dataBANK1                           170      170       1E         1
                bssBANK1                            100      100       70         1

        CLASS   BANK2          
                bssBANK2                            200      200       CE         1

        CLASS   BANK3          
                bssBANK3                            300      300       C8         1

        CLASS   BANK4          
                bssBANK4                            400      400       CE         1

        CLASS   BANK5          
                bssBANK5                            500      500       CE         1

        CLASS   SFR            

        CLASS   FARRAM         

        CLASS   CONFIG         
                config                           300000   300000        E         0

        CLASS   IDLOC          
                idloc                            200000   200000        8         0

        CLASS   EEDATA         



SEGMENTS        Name                           Load    Length   Top    Selector   Space  Class

                reset_vec                      000000  000004  000004         0       0  CODE    
                cstackCOMRAM                   000001  000045  000046         1       1  COMRAM  
                intcode                        000008  0000A6  0000AE         4       0  CODE    
                bssBANK0                       000060  0000A0  000100        60       1  BANK0   
                bssBANK1                       000100  0000A4  0001A4       100       1  BANK1   
                bssBANK2                       000200  0000CE  0002CE       200       1  BANK2   
                bssBANK3                       000300  0000C8  0003C8       300       1  BANK3   
                bssBANK4                       000400  0000CE  0004CE       400       1  BANK4   
                bssBANK5                       000500  0000CE  0005CE       500       1  BANK5   
                smallconst                     000600  00001E  00061E       300       0  SMALLCON
                text5                          00061E  00349D  003ABB       30F       0  CODE    
                idloc                          200000  000008  200008    200000       0  IDLOC   
                config                         300000  00000E  30000E    300000       0  CONFIG  


UNUSED ADDRESS RANGES

        Name                Unused          Largest block    Delta
        BANK1            0001A4-0001FF               5C
        BANK2            0002CE-0002FF               32
        BANK3            0003C8-0003FF               38
        BANK4            0004CE-0004FF               32
        BANK5            0005CE-0005FF               32
        BIGRAM           000046-00005F               1A
                         0001A4-0001FF               5C
                         0002CE-0002FF               32
                         0003C8-0003FF               38
                         0004CE-0004FF               32
                         0005CE-0005FF               32
        CODE             000004-000007                4
                         0000AE-0005FF              552
                         003ABB-007FFF             4545
        COMRAM           000046-00005F               1A
        CONST            000004-000007                4
                         0000AE-0005FF              552
                         003ABB-007FFF             4545
        EEDATA           F00000-F000FF              100
        MEDIUMCONST      003ABB-007FFF             4545
        RAM              0001A4-0001FF               5C
                         0002CE-0002FF               32
                         0003C8-0003FF               38
                         0004CE-0004FF               32
                         0005CE-0005FF               32
        SFR              000F38-000FFF               28
        SMALLCONST       003ABB-007FFF              100
        STACK            0001A4-0001FF               5C

                                  Symbol Table

?_ADC_GetConversionResult                cstackCOMRAM 000001
?_Battery_Get                            cstackCOMRAM 000021
?_FastTransfer_buffer_modulo_inc         cstackCOMRAM 00001B
?_Receive_available                      cstackCOMRAM 00001D
?_Tempeture_Get                          cstackCOMRAM 000021
?_UART_buff_modulo_inc                   cstackCOMRAM 00001B
?_UART_buff_size                         cstackCOMRAM 00001B
?___altoft                               cstackCOMRAM 000023
?___awdiv                                cstackCOMRAM 00001B
?___awtoft                               cstackCOMRAM 000023
?___ftadd                                cstackBANK0  0000DF
?___ftdiv                                cstackBANK0  0000C1
?___ftmul                                cstackBANK0  0000D0
?___ftpack                               cstackCOMRAM 00001B
?___ftsub                                cstackBANK0  0000EB
?___fttol                                cstackBANK0  0000DF
?___wmul                                 cstackCOMRAM 00001B
?_eval_poly                              cstackBANK0  0000EB
?_frexp                                  cstackCOMRAM 00001B
?_log                                    cstackBANK1  000191
?i2_UART_buff_modulo_inc                 cstackCOMRAM 000001
?i2_UART_buff_size                       cstackCOMRAM 000001
ADC_ISR@ADC_Result                       cstackCOMRAM 00000B
ADC_StartConversion@channel              cstackCOMRAM 000002
Battery_Convert@x                        cstackBANK0  0000ED
Battery_Fault@fault                      cstackCOMRAM 00002A
Battery_Fault@i                          cstackCOMRAM 00002B
Battery_Filter@x                         cstackCOMRAM 000021
Battery_Get@channelnum                   cstackCOMRAM 000021
CRC8@crc                                 cstackCOMRAM 000021
CRC8@data                                cstackCOMRAM 00001B
CRC8@extract                             cstackCOMRAM 00001F
CRC8@len                                 cstackCOMRAM 00001D
CRC8@sum                                 cstackCOMRAM 00001E
CRC8@tempI                               cstackCOMRAM 000020
CRCcheck@SentCRC                         cstackBANK0  0000C1
CRCcheck@arrayHolder                     cstackBANK0  0000C3
CRCcheck@calculatedCRC                   cstackBANK0  0000C2
CRCcheck@rt                              cstackBANK0  0000C6
Delay@d_lenth                            cstackCOMRAM 00001B
Delay@wait                               cstackCOMRAM 000020
EUSART1_Receive_ISR@data                 cstackCOMRAM 00000C
FastTransfer_buffer_flush@_this          cstackCOMRAM 000023
FastTransfer_buffer_flush@clearBuffer    cstackCOMRAM 000025
FastTransfer_buffer_modulo_inc@modulus   cstackCOMRAM 00001D
FastTransfer_buffer_modulo_inc@my_value  cstackCOMRAM 00001F
FastTransfer_buffer_modulo_inc@value     cstackCOMRAM 00001B
FastTransfer_buffer_put@_this            cstackCOMRAM 000021
FastTransfer_buffer_put@towhat           cstackCOMRAM 000024
FastTransfer_buffer_put@towhere          cstackCOMRAM 000023
RunBypas@batvolt                         cstackBANK0  0000C3
RunBypas@cellbyp                         cstackBANK0  0000C1
RunBypas@i                               cstackBANK0  0000C6
Send_put@_data                           cstackCOMRAM 000026
SetBypass@pin                            cstackCOMRAM 00001B
SetBypass@state                          cstackCOMRAM 00001D
Set_4051@Channel                         cstackCOMRAM 000001
Temp_Convert@steinhart                   cstackBANK1  00019C
Temp_Convert@x                           cstackBANK1  00019A
Temp_Fault@fault                         cstackCOMRAM 00002A
Temp_Fault@i                             cstackCOMRAM 00002B
Temp_Filter@x                            cstackBANK0  0000EB
Tempeture_Get@channelnum                 cstackCOMRAM 000021
ToSend@what                              cstackBANK0  0000EE
ToSend@where                             cstackBANK0  0000F0
UART_buff_get@_this                      cstackCOMRAM 000021
UART_buff_get@c                          cstackCOMRAM 000025
UART_buff_init@_this                     cstackCOMRAM 000023
UART_buff_modulo_inc@modulus             cstackCOMRAM 00001D
UART_buff_modulo_inc@my_value            cstackCOMRAM 00001F
UART_buff_modulo_inc@value               cstackCOMRAM 00001B
UART_buff_peek@_this                     cstackCOMRAM 00001B
UART_buff_put@_this                      cstackCOMRAM 000021
UART_buff_put@c                          cstackCOMRAM 000023
UART_buff_size@_this                     cstackCOMRAM 00001B
_ADCON0                                  (abs)        000FC2
_ADCON0bits                              (abs)        000FC2
_ADCON1                                  (abs)        000FC1
_ADCON2                                  (abs)        000FC0
_ADC_Buffer_Point                        bssCOMRAM    00002D
_ADC_GetConversionResult                 text71       003A5A
_ADC_ISR                                 text68       000C56
_ADC_Initialize                          text44       003A12
_ADC_StartConversion                     text70       0039C8
_ADRESH                                  (abs)        000FC4
_ADRESL                                  (abs)        000FC3
_AKNAKsend                               bssCOMRAM    000039
_ANSELA                                  (abs)        000F38
_ANSELB                                  (abs)        000F39
_ANSELC                                  (abs)        000F3A
_ANSELD                                  (abs)        000F3B
_ANSELE                                  (abs)        000F3C
_BAUD1CON                                (abs)        000FB8
_Battery_Adc                             bssBANK0     000060
_Battery_Convert                         text50       00265C
_Battery_Fault                           text48       002F10
_Battery_Filter                          text56       002B04
_Battery_Get                             text47       0037D4
_Battery_Read                            text61       003A2A
_Battery_Volt                            dataBANK1    000170
_CRC8                                    text18       0034C0
_CRCcheck                                text10       001ABC
_CountCallBack                           bssCOMRAM    00002F
_Delay                                   text24       0035B4
_EUSART1_Initialize                      text41       0036CC
_EUSART1_Receive_ISR                     text65       0039AA
_EUSART1_Transmit_ISR                    text62       003740
_FastTransfer_buffer_flush               text4        0033FE
_FastTransfer_buffer_modulo_inc          text22       003832
_FastTransfer_buffer_put                 text21       001D96
_INTCON2bits                             (abs)        000FF1
_INTCONbits                              (abs)        000FF2
_INTERRUPT_Initialize                    text40       003AAA
_INTERRUPT_InterruptManager              intcode      000008
_IPR1bits                                (abs)        000F9F
_LATA                                    (abs)        000F89
_LATA0                                   (abs)        007C48
_LATA4                                   (abs)        007C4C
_LATA6                                   (abs)        007C4E
_LATAbits                                (abs)        000F89
_LATB                                    (abs)        000F8A
_LATB0                                   (abs)        007C50
_LATB1                                   (abs)        007C51
_LATB3                                   (abs)        007C53
_LATC                                    (abs)        000F8B
_LATC0                                   (abs)        007C58
_LATC1                                   (abs)        007C59
_LATC4                                   (abs)        007C5C
_LATC5                                   (abs)        007C5D
_LATD                                    (abs)        000F8C
_LATD1                                   (abs)        007C61
_LATD2                                   (abs)        007C62
_LATD3                                   (abs)        007C63
_LATD5                                   (abs)        007C65
_LATE                                    (abs)        000F8D
_LATEbits                                (abs)        000F8D
_OSCCON                                  (abs)        000FD3
_OSCCON2                                 (abs)        000FD2
_OSCILLATOR_Initialize                   text39       003A90
_OSCTUNE                                 (abs)        000F9B
_PIE1bits                                (abs)        000F9D
_PIN_MANAGER_Initialize                  text38       003512
_PIR1bits                                (abs)        000F9E
_PrevBattery_Volt                        bssBANK1     000100
_PrevTemp_DegF                           bssBANK1     00013C
_RC1STA                                  (abs)        000FAB
_RC1STAbits                              (abs)        000FAB
_RCONbits                                (abs)        000FD0
_RCREG1                                  (abs)        000FAE
_Receive_available                       text16       0039E2
_Receive_get                             text13       003A80
_Receive_peek                            text8        003A70
_RunBypas                                text45       00293E
_SPBRG1                                  (abs)        000FAF
_SPBRGH1                                 (abs)        000FB0
_SYSTEM_Initialize                       text33       003392
_Send_put                                text6        003774
_SetBypass                               text46       002762
_Set_4051                                text69       003708
_T1CON                                   (abs)        000FCD
_T1CONbits                               (abs)        000FCD
_T1GCON                                  (abs)        000FCC
_T1GCONbits                              (abs)        000FCC
_TMR1                                    (abs)        000FCE
_TMR1H                                   (abs)        000FCF
_TMR1L                                   (abs)        000FCE
_TMR1_ISR                                text59       003600
_TMR1_Initialize                         text36       00392E
_TMR1_StartTimer                         text37       003AB6
_TRISA                                   (abs)        000F92
_TRISB                                   (abs)        000F93
_TRISC                                   (abs)        000F94
_TRISCbits                               (abs)        000F94
_TRISD                                   (abs)        000F95
_TRISE                                   (abs)        000F96
_TX1STA                                  (abs)        000FAC
_TXREG1                                  (abs)        000FAD
_TempBattery_Volt                        bssBANK1     00011E
_Temp_Adc                                bssBANK0     0000B9
_Temp_Aquire                             bssCOMRAM    00003A
_Temp_Convert                            text26       001736
_Temp_Convert$2202                       cstackBANK1  000196
_Temp_Convert$2203                       cstackBANK1  000198
_Temp_DegF                               dataBANK0    0000F4
_Temp_Done                               bssBANK0     000088
_Temp_Fault                              text25       003322
_Temp_Filter                             text32       001946
_Temp_Read                               text60       00390A
_Tempeture_Get                           text23       0037A4
_TmpTemp_DegF                            bssBANK0     0000AD
_ToSend                                  text20       00396E
_Transmit_stall                          dataCOMRAM   000045
_UART_buff_get                           text14       0030EC
_UART_buff_init                          text42       00398C
_UART_buff_modulo_inc                    text15       003804
_UART_buff_peek                          text9        0038E4
_UART_buff_put                           text7        002424
_UART_buff_size                          text17       0039FA
_Volt_Aquire                             bssCOMRAM    00003B
_Volt_Done                               bssBANK0     00008A
_WPUB                                    (abs)        000F61
__CFG_BOREN$SBORDIS                      (abs)        000000
__CFG_BORV$190                           (abs)        000000
__CFG_CCP2MX$PORTC1                      (abs)        000000
__CFG_CCP3MX$PORTB5                      (abs)        000000
__CFG_CP0$OFF                            (abs)        000000
__CFG_CP1$OFF                            (abs)        000000
__CFG_CP2$OFF                            (abs)        000000
__CFG_CP3$OFF                            (abs)        000000
__CFG_CPB$OFF                            (abs)        000000
__CFG_CPD$OFF                            (abs)        000000
__CFG_DEBUG$OFF                          (abs)        000000
__CFG_EBTR0$OFF                          (abs)        000000
__CFG_EBTR1$OFF                          (abs)        000000
__CFG_EBTR2$OFF                          (abs)        000000
__CFG_EBTR3$OFF                          (abs)        000000
__CFG_EBTRB$OFF                          (abs)        000000
__CFG_FCMEN$OFF                          (abs)        000000
__CFG_FOSC$INTIO67                       (abs)        000000
__CFG_HFOFST$ON                          (abs)        000000
__CFG_IESO$OFF                           (abs)        000000
__CFG_LVP$OFF                            (abs)        000000
__CFG_MCLRE$EXTMCLR                      (abs)        000000
__CFG_P2BMX$PORTD2                       (abs)        000000
__CFG_PBADEN$ON                          (abs)        000000
__CFG_PLLCFG$OFF                         (abs)        000000
__CFG_PRICLKEN$OFF                       (abs)        000000
__CFG_PWRTEN$OFF                         (abs)        000000
__CFG_STVREN$ON                          (abs)        000000
__CFG_T3CMX$PORTC0                       (abs)        000000
__CFG_WDTEN$OFF                          (abs)        000000
__CFG_WDTPS$32768                        (abs)        000000
__CFG_WRT0$OFF                           (abs)        000000
__CFG_WRT1$OFF                           (abs)        000000
__CFG_WRT2$OFF                           (abs)        000000
__CFG_WRT3$OFF                           (abs)        000000
__CFG_WRTB$OFF                           (abs)        000000
__CFG_WRTC$OFF                           (abs)        000000
__CFG_WRTD$OFF                           (abs)        000000
__CFG_XINST$OFF                          (abs)        000000
__HRAM                                   (abs)        000000
__Habs1                                  abs1         000000
__Hbank0                                 bank0        000000
__Hbank1                                 bank1        000000
__Hbank2                                 bank2        000000
__Hbank3                                 bank3        000000
__Hbank4                                 bank4        000000
__Hbank5                                 bank5        000000
__Hbigbss                                bigbss       000000
__Hbigdata                               bigdata      000000
__Hbigram                                bigram       000000
__Hbss                                   bss          000000
__HbssBANK0                              bssBANK0     000000
__HbssBANK1                              bssBANK1     000000
__HbssBANK2                              bssBANK2     000000
__HbssBANK3                              bssBANK3     000000
__HbssBANK4                              bssBANK4     000000
__HbssBANK5                              bssBANK5     000000
__HbssCOMRAM                             bssCOMRAM    000000
__Hcinit                                 cinit        000000
__Hclrtext                               clrtext      000000
__Hcomram                                comram       000000
__Hconfig                                config       30000E
__Hconst                                 const        000000
__HcstackBANK0                           cstackBANK0  000000
__HcstackBANK1                           cstackBANK1  000000
__HcstackCOMRAM                          cstackCOMRAM 000000
__Hdata                                  data         000000
__HdataBANK0                             dataBANK0    000000
__HdataBANK1                             dataBANK1    000000
__HdataCOMRAM                            dataCOMRAM   000000
__Heeprom_data                           eeprom_data  000000
__Hend_init                              end_init     0000AE
__Hfarbss                                farbss       000000
__Hfardata                               fardata      000000
__Hibigdata                              ibigdata     000000
__Hidata                                 idata        000000
__HidataBANK0                            idataBANK0   000000
__HidataBANK1                            idataBANK1   000000
__HidataCOMRAM                           idataCOMRAM  000000
__Hidloc                                 idloc        200008
__Hifardata                              ifardata     000000
__Hinit                                  init         0000AA
__Hintcode                               intcode      0000AA
__Hintcode_body                          intcode_body 000000
__Hintcodelo                             intcodelo    0000AA
__Hintentry                              intentry     000000
__Hintret                                intret       000000
__Hintsave_regs                          intsave_regs 000000
__Hirdata                                irdata       000000
__Hmediumconst                           mediumconst  000000
__HnvFARRAM                              nvFARRAM     000000
__Hnvbit                                 nvbit        000000
__Hnvrram                                nvrram       000000
__Hparam                                 rparam       000000
__Hpowerup                               powerup      0000AA
__Hram                                   ram          000000
__Hramtop                                ramtop       000600
__Hrbit                                  rbit         000000
__Hrbss                                  rbss         000000
__Hrdata                                 rdata        000000
__Hreset_vec                             reset_vec    000004
__Hrparam                                rparam       000000
__Hsfr                                   sfr          000000
__Hsmallconst                            smallconst   00061E
__Hspace_0                               (abs)        30000E
__Hspace_1                               (abs)        0005CE
__Hspace_2                               (abs)        000000
__Hstack                                 stack        000000
__Hstruct                                struct       000000
__Htemp                                  temp         000000
__Htext                                  text         000000
__Htext0                                 text0        000000
__Htext1                                 text1        000000
__Htext10                                text10       000000
__Htext11                                text11       000000
__Htext12                                text12       000000
__Htext13                                text13       000000
__Htext14                                text14       000000
__Htext15                                text15       000000
__Htext16                                text16       000000
__Htext17                                text17       000000
__Htext18                                text18       000000
__Htext19                                text19       000000
__Htext2                                 text2        000000
__Htext20                                text20       000000
__Htext21                                text21       000000
__Htext22                                text22       000000
__Htext23                                text23       000000
__Htext24                                text24       000000
__Htext25                                text25       000000
__Htext26                                text26       000000
__Htext27                                text27       000000
__Htext28                                text28       000000
__Htext29                                text29       000000
__Htext3                                 text3        000000
__Htext30                                text30       000000
__Htext31                                text31       000000
__Htext32                                text32       000000
__Htext33                                text33       000000
__Htext34                                text34       000000
__Htext35                                text35       000000
__Htext36                                text36       000000
__Htext37                                text37       000000
__Htext38                                text38       000000
__Htext39                                text39       000000
__Htext4                                 text4        000000
__Htext40                                text40       000000
__Htext41                                text41       000000
__Htext42                                text42       000000
__Htext43                                text43       000000
__Htext44                                text44       000000
__Htext45                                text45       000000
__Htext46                                text46       000000
__Htext47                                text47       000000
__Htext48                                text48       000000
__Htext49                                text49       000000
__Htext5                                 text5        000000
__Htext50                                text50       000000
__Htext51                                text51       000000
__Htext52                                text52       000000
__Htext53                                text53       000000
__Htext54                                text54       000000
__Htext55                                text55       000000
__Htext56                                text56       000000
__Htext57                                text57       000000
__Htext59                                text59       000000
__Htext6                                 text6        000000
__Htext60                                text60       000000
__Htext61                                text61       000000
__Htext62                                text62       000000
__Htext63                                text63       000000
__Htext64                                text64       000000
__Htext65                                text65       000000
__Htext66                                text66       000000
__Htext67                                text67       000000
__Htext68                                text68       000000
__Htext69                                text69       000000
__Htext7                                 text7        000000
__Htext70                                text70       000000
__Htext71                                text71       000000
__Htext72                                text72       000000
__Htext8                                 text8        000000
__Htext9                                 text9        000000
__LRAM                                   (abs)        000001
__Labs1                                  abs1         000000
__Lbank0                                 bank0        000000
__Lbank1                                 bank1        000000
__Lbank2                                 bank2        000000
__Lbank3                                 bank3        000000
__Lbank4                                 bank4        000000
__Lbank5                                 bank5        000000
__Lbigbss                                bigbss       000000
__Lbigdata                               bigdata      000000
__Lbigram                                bigram       000000
__Lbss                                   bss          000000
__LbssBANK0                              bssBANK0     000000
__LbssBANK1                              bssBANK1     000000
__LbssBANK2                              bssBANK2     000000
__LbssBANK3                              bssBANK3     000000
__LbssBANK4                              bssBANK4     000000
__LbssBANK5                              bssBANK5     000000
__LbssCOMRAM                             bssCOMRAM    000000
__Lcinit                                 cinit        000000
__Lclrtext                               clrtext      000000
__Lcomram                                comram       000000
__Lconfig                                config       300000
__Lconst                                 const        000000
__LcstackBANK0                           cstackBANK0  000000
__LcstackBANK1                           cstackBANK1  000000
__LcstackCOMRAM                          cstackCOMRAM 000000
__Ldata                                  data         000000
__LdataBANK0                             dataBANK0    000000
__LdataBANK1                             dataBANK1    000000
__LdataCOMRAM                            dataCOMRAM   000000
__Leeprom_data                           eeprom_data  000000
__Lend_init                              end_init     0000AA
__Lfarbss                                farbss       000000
__Lfardata                               fardata      000000
__Libigdata                              ibigdata     000000
__Lidata                                 idata        000000
__LidataBANK0                            idataBANK0   000000
__LidataBANK1                            idataBANK1   000000
__LidataCOMRAM                           idataCOMRAM  000000
__Lidloc                                 idloc        200000
__Lifardata                              ifardata     000000
__Linit                                  init         0000AA
__Lintcode                               intcode      000008
__Lintcode_body                          intcode_body 000000
__Lintcodelo                             intcodelo    0000AA
__Lintentry                              intentry     000000
__Lintret                                intret       000000
__Lintsave_regs                          intsave_regs 000000
__Lirdata                                irdata       000000
__Lmediumconst                           mediumconst  000000
__LnvFARRAM                              nvFARRAM     000000
__Lnvbit                                 nvbit        000000
__Lnvrram                                nvrram       000000
__Lparam                                 rparam       000000
__Lpowerup                               powerup      0000AA
__Lram                                   ram          000000
__Lramtop                                ramtop       000600
__Lrbit                                  rbit         000000
__Lrbss                                  rbss         000000
__Lrdata                                 rdata        000000
__Lreset_vec                             reset_vec    000000
__Lrparam                                rparam       000000
__Lsfr                                   sfr          000000
__Lsmallconst                            smallconst   000600
__Lspace_0                               (abs)        000000
__Lspace_1                               (abs)        000000
__Lspace_2                               (abs)        000000
__Lstack                                 stack        000000
__Lstruct                                struct       000000
__Ltemp                                  temp         000000
__Ltext                                  text         000000
__Ltext0                                 text0        000000
__Ltext1                                 text1        000000
__Ltext10                                text10       000000
__Ltext11                                text11       000000
__Ltext12                                text12       000000
__Ltext13                                text13       000000
__Ltext14                                text14       000000
__Ltext15                                text15       000000
__Ltext16                                text16       000000
__Ltext17                                text17       000000
__Ltext18                                text18       000000
__Ltext19                                text19       000000
__Ltext2                                 text2        000000
__Ltext20                                text20       000000
__Ltext21                                text21       000000
__Ltext22                                text22       000000
__Ltext23                                text23       000000
__Ltext24                                text24       000000
__Ltext25                                text25       000000
__Ltext26                                text26       000000
__Ltext27                                text27       000000
__Ltext28                                text28       000000
__Ltext29                                text29       000000
__Ltext3                                 text3        000000
__Ltext30                                text30       000000
__Ltext31                                text31       000000
__Ltext32                                text32       000000
__Ltext33                                text33       000000
__Ltext34                                text34       000000
__Ltext35                                text35       000000
__Ltext36                                text36       000000
__Ltext37                                text37       000000
__Ltext38                                text38       000000
__Ltext39                                text39       000000
__Ltext4                                 text4        000000
__Ltext40                                text40       000000
__Ltext41                                text41       000000
__Ltext42                                text42       000000
__Ltext43                                text43       000000
__Ltext44                                text44       000000
__Ltext45                                text45       000000
__Ltext46                                text46       000000
__Ltext47                                text47       000000
__Ltext48                                text48       000000
__Ltext49                                text49       000000
__Ltext5                                 text5        000000
__Ltext50                                text50       000000
__Ltext51                                text51       000000
__Ltext52                                text52       000000
__Ltext53                                text53       000000
__Ltext54                                text54       000000
__Ltext55                                text55       000000
__Ltext56                                text56       000000
__Ltext57                                text57       000000
__Ltext59                                text59       000000
__Ltext6                                 text6        000000
__Ltext60                                text60       000000
__Ltext61                                text61       000000
__Ltext62                                text62       000000
__Ltext63                                text63       000000
__Ltext64                                text64       000000
__Ltext65                                text65       000000
__Ltext66                                text66       000000
__Ltext67                                text67       000000
__Ltext68                                text68       000000
__Ltext69                                text69       000000
__Ltext7                                 text7        000000
__Ltext70                                text70       000000
__Ltext71                                text71       000000
__Ltext72                                text72       000000
__Ltext8                                 text8        000000
__Ltext9                                 text9        000000
__S0                                     (abs)        30000E
__S1                                     (abs)        0005CE
__S2                                     (abs)        000000
___altoft                                text54       0032A6
___altoft@c                              cstackCOMRAM 000023
___altoft@exp                            cstackCOMRAM 00002B
___altoft@sign                           cstackCOMRAM 00002C
___awdiv                                 text35       002FC0
___awdiv@counter                         cstackCOMRAM 00001F
___awdiv@dividend                        cstackCOMRAM 00001B
___awdiv@divisor                         cstackCOMRAM 00001D
___awdiv@quotient                        cstackCOMRAM 000021
___awdiv@sign                            cstackCOMRAM 000020
___awtoft                                text30       003690
___awtoft@c                              cstackCOMRAM 000023
___awtoft@sign                           cstackCOMRAM 000026
___ftadd                                 text53       0014B8
___ftadd@exp1                            cstackBANK0  0000EA
___ftadd@exp2                            cstackBANK0  0000E9
___ftadd@f1                              cstackBANK0  0000DF
___ftadd@f2                              cstackBANK0  0000E2
___ftadd@sign                            cstackBANK0  0000E8
___ftdiv                                 text52       002052
___ftdiv@cntr                            cstackBANK0  0000CA
___ftdiv@exp                             cstackBANK0  0000CE
___ftdiv@f1                              cstackBANK0  0000C1
___ftdiv@f2                              cstackBANK0  0000C4
___ftdiv@f3                              cstackBANK0  0000CB
___ftdiv@sign                            cstackBANK0  0000CF
___ftge                                  text49       003056
___ftge@ff1                              cstackCOMRAM 000021
___ftge@ff2                              cstackCOMRAM 000024
___ftmul                                 text51       001C2A
___ftmul@cntr                            cstackBANK0  0000DD
___ftmul@exp                             cstackBANK0  0000D9
___ftmul@f1                              cstackBANK0  0000D0
___ftmul@f2                              cstackBANK0  0000D3
___ftmul@f3_as_product                   cstackBANK0  0000DA
___ftmul@sign                            cstackBANK0  0000DE
___ftpack                                text55       002D9A
___ftpack@arg                            cstackCOMRAM 00001B
___ftpack@exp                            cstackCOMRAM 00001E
___ftpack@sign                           cstackCOMRAM 00001F
___ftsub                                 text31       003564
___ftsub@f1                              cstackBANK0  0000EB
___ftsub@f2                              cstackBANK0  0000EE
___fttol                                 text19       001F00
___fttol@exp1                            cstackBANK0  0000ED
___fttol@f1                              cstackBANK0  0000DF
___fttol@lval                            cstackBANK0  0000E9
___fttol@sign1                           cstackBANK0  0000E8
___inthi_sp                              stack        000000
___intlo_sp                              stack        000000
___param_bank                            (abs)        000010
___rparam_used                           (abs)        000001
___sp                                    stack        000000
___wmul                                  text57       0038BC
___wmul@multiplicand                     cstackCOMRAM 00001D
___wmul@multiplier                       cstackCOMRAM 00001B
___wmul@product                          cstackCOMRAM 00001F
__accesstop                              (abs)        000060
__activetblptr                           (abs)        000002
__end_of_ADC_GetConversionResult         text71       003A70
__end_of_ADC_ISR                         text68       0010B2
__end_of_ADC_Initialize                  text44       003A2A
__end_of_ADC_StartConversion             text70       0039E2
__end_of_Battery_Convert                 text50       002762
__end_of_Battery_Fault                   text48       002FC0
__end_of_Battery_Filter                  text56       002BE6
__end_of_Battery_Get                     text47       003804
__end_of_Battery_Read                    text61       003A42
__end_of_CRC8                            text18       003512
__end_of_CRCcheck                        text10       001C2A
__end_of_Delay                           text24       003600
__end_of_EUSART1_Initialize              text41       003708
__end_of_EUSART1_Receive_ISR             text65       0039C8
__end_of_EUSART1_Transmit_ISR            text62       003774
__end_of_FastTransfer_buffer_flush       text4        003462
__end_of_FastTransfer_buffer_modulo_inc  text22       003860
__end_of_FastTransfer_buffer_put         text21       001F00
__end_of_INTERRUPT_Initialize            text40       003AB6
__end_of_INTERRUPT_InterruptManager      intcode      0000AA
__end_of_OSCILLATOR_Initialize           text39       003A9E
__end_of_PIN_MANAGER_Initialize          text38       003564
__end_of_Receive_available               text16       0039FA
__end_of_Receive_get                     text13       003A90
__end_of_Receive_peek                    text8        003A80
__end_of_RunBypas                        text45       002A22
__end_of_SYSTEM_Initialize               text33       0033FE
__end_of_Send_put                        text6        0037A4
__end_of_SetBypass                       text46       002856
__end_of_Set_4051                        text69       003740
__end_of_TMR1_ISR                        text59       00364C
__end_of_TMR1_Initialize                 text36       003950
__end_of_TMR1_StartTimer                 text37       003ABA
__end_of_Temp_Convert                    text26       001946
__end_of_Temp_Fault                      text25       003392
__end_of_Temp_Filter                     text32       001ABC
__end_of_Temp_Read                       text60       00392E
__end_of_Tempeture_Get                   text23       0037D4
__end_of_ToSend                          text20       00398C
__end_of_UART_buff_get                   text14       003180
__end_of_UART_buff_init                  text42       0039AA
__end_of_UART_buff_modulo_inc            text15       003832
__end_of_UART_buff_peek                  text9        00390A
__end_of_UART_buff_put                   text7        002540
__end_of_UART_buff_size                  text17       003A12
__end_of___altoft                        text54       003322
__end_of___awdiv                         text35       003056
__end_of___awtoft                        text30       0036CC
__end_of___ftadd                         text53       001736
__end_of___ftdiv                         text52       0021A4
__end_of___ftge                          text49       0030EC
__end_of___ftmul                         text51       001D96
__end_of___ftpack                        text55       002E60
__end_of___ftsub                         text31       0035B4
__end_of___fttol                         text19       002052
__end_of___wmul                          text57       0038E4
__end_of__initialization                 cinit        002F06
__end_of_begin                           text34       0034C0
__end_of_crcBufS_get                     text12       00293E
__end_of_crcBufS_put                     text3        002CC0
__end_of_crcBufS_status_put              text11       002D9A
__end_of_eval_poly                       text29       002B04
__end_of_frexp                           text28       0032A6
__end_of_log                             text27       0022F2
__end_of_main                            text0        003690
__end_of_memset                          text43       00388E
__end_of_receiveData                     text5        000C56
__end_of_sendData                        text2        002424
__end_of_updateComms                     text1        0014B8
__end_ofi2_UART_buff_get                 text64       003214
__end_ofi2_UART_buff_modulo_inc          text67       0038BC
__end_ofi2_UART_buff_put                 text66       00265C
__end_ofi2_UART_buff_size                text63       003A5A
__end_oflog@coeff                        smallconst   00061C
__initialization                         cinit        002E60
__mediumconst                            mediumconst  000000
__pbssBANK0                              bssBANK0     000060
__pbssBANK1                              bssBANK1     000100
__pbssBANK2                              bssBANK2     000200
__pbssBANK3                              bssBANK3     000300
__pbssBANK4                              bssBANK4     000400
__pbssBANK5                              bssBANK5     000500
__pbssCOMRAM                             bssCOMRAM    00002D
__pcinit                                 cinit        002E60
__pcstackBANK0                           cstackBANK0  0000C1
__pcstackBANK1                           cstackBANK1  00018E
__pcstackCOMRAM                          cstackCOMRAM 000001
__pdataBANK0                             dataBANK0    0000F4
__pdataBANK1                             dataBANK1    000170
__pdataCOMRAM                            dataCOMRAM   000045
__pidataBANK0                            idataBANK0   003A9E
__pidataBANK1                            idataBANK1   003950
__pidataCOMRAM                           idataCOMRAM  003ABA
__pintcode                               intcode      000008
__psmallconst                            smallconst   000600
__ptext0                                 text0        00364C
__ptext1                                 text1        0010B2
__ptext10                                text10       001ABC
__ptext11                                text11       002CC0
__ptext12                                text12       002856
__ptext13                                text13       003A80
__ptext14                                text14       0030EC
__ptext15                                text15       003804
__ptext16                                text16       0039E2
__ptext17                                text17       0039FA
__ptext18                                text18       0034C0
__ptext19                                text19       001F00
__ptext2                                 text2        0022F2
__ptext20                                text20       00396E
__ptext21                                text21       001D96
__ptext22                                text22       003832
__ptext23                                text23       0037A4
__ptext24                                text24       0035B4
__ptext25                                text25       003322
__ptext26                                text26       001736
__ptext27                                text27       0021A4
__ptext28                                text28       003214
__ptext29                                text29       002A22
__ptext3                                 text3        002BE6
__ptext30                                text30       003690
__ptext31                                text31       003564
__ptext32                                text32       001946
__ptext33                                text33       003392
__ptext34                                text34       003462
__ptext35                                text35       002FC0
__ptext36                                text36       00392E
__ptext37                                text37       003AB6
__ptext38                                text38       003512
__ptext39                                text39       003A90
__ptext4                                 text4        0033FE
__ptext40                                text40       003AAA
__ptext41                                text41       0036CC
__ptext42                                text42       00398C
__ptext43                                text43       003860
__ptext44                                text44       003A12
__ptext45                                text45       00293E
__ptext46                                text46       002762
__ptext47                                text47       0037D4
__ptext48                                text48       002F10
__ptext49                                text49       003056
__ptext5                                 text5        00061E
__ptext50                                text50       00265C
__ptext51                                text51       001C2A
__ptext52                                text52       002052
__ptext53                                text53       0014B8
__ptext54                                text54       0032A6
__ptext55                                text55       002D9A
__ptext56                                text56       002B04
__ptext57                                text57       0038BC
__ptext59                                text59       003600
__ptext6                                 text6        003774
__ptext60                                text60       00390A
__ptext61                                text61       003A2A
__ptext62                                text62       003740
__ptext63                                text63       003A42
__ptext64                                text64       003180
__ptext65                                text65       0039AA
__ptext66                                text66       002540
__ptext67                                text67       00388E
__ptext68                                text68       000C56
__ptext69                                text69       003708
__ptext7                                 text7        002424
__ptext70                                text70       0039C8
__ptext71                                text71       003A5A
__ptext72                                text72       000000
__ptext8                                 text8        003A70
__ptext9                                 text9        0038E4
__ramtop                                 ramtop       000600
__size_of_ADC_GetConversionResult        (abs)        000000
__size_of_ADC_ISR                        (abs)        000000
__size_of_ADC_Initialize                 (abs)        000000
__size_of_ADC_StartConversion            (abs)        000000
__size_of_Battery_Convert                (abs)        000000
__size_of_Battery_Fault                  (abs)        000000
__size_of_Battery_Filter                 (abs)        000000
__size_of_Battery_Get                    (abs)        000000
__size_of_Battery_Read                   (abs)        000000
__size_of_CRC8                           (abs)        000000
__size_of_CRCcheck                       (abs)        000000
__size_of_Delay                          (abs)        000000
__size_of_EUSART1_Initialize             (abs)        000000
__size_of_EUSART1_Receive_ISR            (abs)        000000
__size_of_EUSART1_Transmit_ISR           (abs)        000000
__size_of_FastTransfer_buffer_flush      (abs)        000000
__size_of_FastTransfer_buffer_modulo_inc (abs)        000000
__size_of_FastTransfer_buffer_put        (abs)        000000
__size_of_INTERRUPT_Initialize           (abs)        000000
__size_of_INTERRUPT_InterruptManager     (abs)        000000
__size_of_OSCILLATOR_Initialize          (abs)        000000
__size_of_PIN_MANAGER_Initialize         (abs)        000000
__size_of_Receive_available              (abs)        000000
__size_of_Receive_get                    (abs)        000000
__size_of_Receive_peek                   (abs)        000000
__size_of_RunBypas                       (abs)        000000
__size_of_SYSTEM_Initialize              (abs)        000000
__size_of_Send_put                       (abs)        000000
__size_of_SetBypass                      (abs)        000000
__size_of_Set_4051                       (abs)        000000
__size_of_TMR1_ISR                       (abs)        000000
__size_of_TMR1_Initialize                (abs)        000000
__size_of_TMR1_StartTimer                (abs)        000000
__size_of_Temp_Convert                   (abs)        000000
__size_of_Temp_Fault                     (abs)        000000
__size_of_Temp_Filter                    (abs)        000000
__size_of_Temp_Read                      (abs)        000000
__size_of_Tempeture_Get                  (abs)        000000
__size_of_ToSend                         (abs)        000000
__size_of_UART_buff_get                  (abs)        000000
__size_of_UART_buff_init                 (abs)        000000
__size_of_UART_buff_modulo_inc           (abs)        000000
__size_of_UART_buff_peek                 (abs)        000000
__size_of_UART_buff_put                  (abs)        000000
__size_of_UART_buff_size                 (abs)        000000
__size_of___altoft                       (abs)        000000
__size_of___awdiv                        (abs)        000000
__size_of___awtoft                       (abs)        000000
__size_of___ftadd                        (abs)        000000
__size_of___ftdiv                        (abs)        000000
__size_of___ftge                         (abs)        000000
__size_of___ftmul                        (abs)        000000
__size_of___ftpack                       (abs)        000000
__size_of___ftsub                        (abs)        000000
__size_of___fttol                        (abs)        000000
__size_of___wmul                         (abs)        000000
__size_of_begin                          (abs)        000000
__size_of_crcBufS_get                    (abs)        000000
__size_of_crcBufS_put                    (abs)        000000
__size_of_crcBufS_status_put             (abs)        000000
__size_of_eval_poly                      (abs)        000000
__size_of_frexp                          (abs)        000000
__size_of_log                            (abs)        000000
__size_of_main                           (abs)        000000
__size_of_memset                         (abs)        000000
__size_of_receiveData                    (abs)        000000
__size_of_sendData                       (abs)        000000
__size_of_updateComms                    (abs)        000000
__size_ofi2_UART_buff_get                (abs)        000000
__size_ofi2_UART_buff_modulo_inc         (abs)        000000
__size_ofi2_UART_buff_put                (abs)        000000
__size_ofi2_UART_buff_size               (abs)        000000
__smallconst                             smallconst   000600
_addressErrorCounter                     bssBANK0     00008C
_alignErrorCounter                       bssBANK0     00008E
_begin                                   text34       003462
_calc_CS                                 bssCOMRAM    00003C
_crcBufS_get                             text12       002856
_crcBufS_put                             text3        002BE6
_crcBufS_status_put                      text11       002CC0
_crcErrorCounter                         bssBANK0     000090
_crc_buffer                              bssBANK0     00009C
_dataAdressErrorCounter                  bssBANK0     000092
_errno                                   bssBANK0     000094
_eval_poly                               text29       002A22
_frexp                                   text28       003214
_group                                   bssCOMRAM    000043
_input_buffer                            bssBANK4     000400
_log                                     text27       0021A4
_main                                    text0        00364C
_maxDataAddress                          bssCOMRAM    00003D
_memset                                  text43       003860
_moduleAddress                           bssCOMRAM    00003E
_output_buffer                           bssBANK5     000500
_receiveArray                            bssBANK1     000148
_receiveArrayAddress                     bssBANK0     000096
_receiveData                             text5        00061E
_returnAddress                           bssCOMRAM    00003F
_ring_buffer                             bssBANK2     000200
_rx_address                              bssCOMRAM    000040
_rx_array_inx                            bssCOMRAM    000041
_rx_buffer                               bssBANK3     000300
_rx_len                                  bssCOMRAM    000042
_sendData                                text2        0022F2
_sendStructAddress                       bssBANK0     000098
_serial_available                        bssCOMRAM    000031
_serial_peek                             bssBANK0     00009A
_serial_read                             bssCOMRAM    000033
_serial_write                            bssCOMRAM    000035
_timer1ReloadVal                         bssCOMRAM    000037
_updateComms                             text1        0010B2
begin@error                              cstackBANK0  0000C5
begin@givenAddress                       cstackBANK0  0000C4
begin@maxSize                            cstackBANK0  0000C3
begin@ptr                                cstackBANK0  0000C1
begin@stuffavailable                     cstackBANK0  0000CA
begin@stuffpeek                          cstackBANK0  0000CC
begin@stufftoreceive                     cstackBANK0  0000C8
begin@stufftosend                        cstackBANK0  0000C6
crcBufS_get@_this                        cstackCOMRAM 00001B
crcBufS_get@space                        cstackCOMRAM 00001E
crcBufS_get@time                         cstackCOMRAM 00001D
crcBufS_get@wantedTime                   cstackCOMRAM 000025
crcBufS_put@_this                        cstackCOMRAM 00001B
crcBufS_put@address                      cstackCOMRAM 00001D
crcBufS_put@oldCRC                       cstackCOMRAM 00001E
crcBufS_put@status                       cstackCOMRAM 00001F
crcBufS_status_put@_this                 cstackCOMRAM 00001B
crcBufS_status_put@status                cstackCOMRAM 00001E
crcBufS_status_put@time                  cstackCOMRAM 00001D
crcBufS_status_put@wantedTime            cstackCOMRAM 000023
end_of_initialization                    cinit        002F06
eval_poly@d                              cstackBANK0  0000EE
eval_poly@n                              cstackBANK0  0000F0
eval_poly@res                            cstackBANK1  00018E
eval_poly@x                              cstackBANK0  0000EB
frexp@eptr                               cstackCOMRAM 00001E
frexp@value                              cstackCOMRAM 00001B
i2UART_buff_get@_this                    cstackCOMRAM 000007
i2UART_buff_get@c                        cstackCOMRAM 00000B
i2UART_buff_modulo_inc@modulus           cstackCOMRAM 000003
i2UART_buff_modulo_inc@my_value          cstackCOMRAM 000005
i2UART_buff_modulo_inc@value             cstackCOMRAM 000001
i2UART_buff_put@_this                    cstackCOMRAM 000007
i2UART_buff_put@c                        cstackCOMRAM 000009
i2UART_buff_size@_this                   cstackCOMRAM 000001
i2_UART_buff_get                         text64       003180
i2_UART_buff_modulo_inc                  text67       00388E
i2_UART_buff_put                         text66       002540
i2_UART_buff_size                        text63       003A42
intlevel0                                text         000000
intlevel1                                text         000000
intlevel2                                text         000000
intlevel3                                text         000000
log@coeff                                smallconst   000601
log@exponent                             cstackBANK1  000194
log@x                                    cstackBANK1  000191
memset@c                                 cstackCOMRAM 00001D
memset@n                                 cstackCOMRAM 00001F
memset@p                                 cstackCOMRAM 000021
memset@p1                                cstackCOMRAM 00001B
receiveData@crcHolder                    cstackBANK0  0000CE
receiveData@crcHolder_1132               cstackBANK0  0000CF
receiveData@holder                       cstackBANK0  0000C8
receiveData@holder_1131                  cstackBANK0  0000CB
receiveData@r                            cstackBANK0  0000D2
receiveData@u                            cstackBANK0  0000D0
sendData@CS                              cstackCOMRAM 000029
sendData@i                               cstackCOMRAM 00002A
sendData@whereToSend                     cstackCOMRAM 000028
stackhi                                  (abs)        0001FF
stacklo                                  (abs)        0001A4
[...]
 This function is called by:
		_INTERRUPT_InterruptManager
 This function uses a non-reentrant model


 *************** function _Temp_Read *****************
 Defined at:
		line 32 in file "Tempeture.c"
 Parameters:    Size  Location     Type
		None
 Auto vars:     Size  Location     Type
		None
 Return value:  Size  Location     Type
		None               void
 Registers used:
		wreg, status,2, status,0, cstack
 Tracked objects:
		On entry : 
		On exit  : 
		Unchanged: 
 Data sizes:     COMRAM   BANK0   BANK1   BANK2   BANK3   BANK4   BANK5
      Params:         0       0       0       0       0       0       0
      Locals:         0       0       0       0       0       0       0
      Temps:          0       0       0       0       0       0       0
      Totals:         0       0       0       0       0       0       0
Total ram usage:        0 bytes
 Hardware stack levels used:    1
 Hardware stack levels required when called:    1
 This function calls:
		_ADC_StartConversion
		_Set_4051
 This function is called by:
		_TMR1_ISR
 This function uses a non-reentrant model


 *************** function _Battery_Read *****************
 Defined at:
		line 18 in file "Battery.c"
 Parameters:    Size  Location     Type
		None
 Auto vars:     Size  Location     Type
		None
 Return value:  Size  Location     Type
		None               void
 Registers used:
		wreg, status,2, status,0, cstack
 Tracked objects:
		On entry : 
		On exit  : 
		Unchanged: 
 Data sizes:     COMRAM   BANK0   BANK1   BANK2   BANK3   BANK4   BANK5
      Params:         0       0       0       0       0       0       0
      Locals:         0       0       0       0       0       0       0
      Temps:          0       0       0       0       0       0       0
      Totals:         0       0       0       0       0       0       0
Total ram usage:        0 bytes
 Hardware stack levels used:    1
 Hardware stack levels required when called:    1
 This function calls:
		_ADC_StartConversion
 This function is called by:
		_TMR1_ISR
 This function uses a non-reentrant model


 *************** function _EUSART1_Transmit_ISR *****************
 Defined at:
		line 157 in file "UART.c"
 Parameters:    Size  Location     Type
		None
 Auto vars:     Size  Location     Type
		None
 Return value:  Size  Location     Type
		None               void
 Registers used:
		wreg, fsr2l, fsr2h, status,2, status,0, cstack
 Tracked objects:
		On entry : 
		On exit  : 
		Unchanged: 
 Data sizes:     COMRAM   BANK0   BANK1   BANK2   BANK3   BANK4   BANK5
      Params:         0       0       0       0       0       0       0
      Locals:         0       0       0       0       0       0       0
      Temps:          0       0       0       0       0       0       0
      Totals:         0       0       0       0       0       0       0
Total ram usage:        0 bytes
 Hardware stack levels used:    1
 Hardware stack levels required when called:    2
 This function calls:
		i2_UART_buff_get
		i2_UART_buff_size
 This function is called by:
		_INTERRUPT_InterruptManager
 This function uses a non-reentrant model


 *************** function i2_UART_buff_size *****************
 Defined at:
		line 102 in file "UART.c"
 Parameters:    Size  Location     Type
  _this           2    0[COMRAM] PTR struct UART_ring_buf
		 -> output_buffer(206), input_buffer(206), 
 Auto vars:     Size  Location     Type
		None
 Return value:  Size  Location     Type
                  2    0[COMRAM] int 
 Registers used:
		wreg, fsr2l, fsr2h, status,2, status,0
 Tracked objects:
		On entry : 
		On exit  : 
		Unchanged: 
 Data sizes:     COMRAM   BANK0   BANK1   BANK2   BANK3   BANK4   BANK5
      Params:         2       0       0       0       0       0       0
      Locals:         0       0       0       0       0       0       0
      Temps:          0       0       0       0       0       0       0
      Totals:         2       0       0       0       0       0       0
Total ram usage:        2 bytes
 Hardware stack levels used:    1
 This function calls:
		Nothing
 This function is called by:
		_EUSART1_Transmit_ISR
 This function uses a non-reentrant model


 *************** function i2_UART_buff_get *****************
 Defined at:
		line 81 in file "UART.c"
 Parameters:    Size  Location     Type
  _this           2    6[COMRAM] PTR struct UART_ring_buf
		 -> output_buffer(206), input_buffer(206), 
 Auto vars:     Size  Location     Type
  UART_buff_ge    1   10[COMRAM] unsigned char 
 Return value:  Size  Location     Type
                  1    wreg      unsigned char 
 Registers used:
		wreg, fsr2l, fsr2h, status,2, status,0, cstack
 Tracked objects:
		On entry : 
		On exit  : 
		Unchanged: 
 Data sizes:     COMRAM   BANK0   BANK1   BANK2   BANK3   BANK4   BANK5
      Params:         2       0       0       0       0       0       0
      Locals:         1       0       0       0       0       0       0
      Temps:          2       0       0       0       0       0       0
      Totals:         5       0       0       0       0       0       0
Total ram usage:        5 bytes
 Hardware stack levels used:    1
 Hardware stack levels required when called:    1
 This function calls:
		i2_UART_buff_modulo_inc
 This function is called by:
		_EUSART1_Transmit_ISR
 This function uses a non-reentrant model


 *************** function _EUSART1_Receive_ISR *****************
 Defined at:
		line 139 in file "UART.c"
 Parameters:    Size  Location     Type
		None
 Auto vars:     Size  Location     Type
  data            1   11[COMRAM] unsigned char 
 Return value:  Size  Location     Type
		None               void
 Registers used:
		wreg, fsr2l, fsr2h, status,2, status,0, cstack
 Tracked objects:
		On entry : 
		On exit  : 
		Unchanged: 
 Data sizes:     COMRAM   BANK0   BANK1   BANK2   BANK3   BANK4   BANK5
      Params:         0       0       0       0       0       0       0
      Locals:         1       0       0       0       0       0       0
      Temps:          0       0       0       0       0       0       0
      Totals:         1       0       0       0       0       0       0
Total ram usage:        1 bytes
 Hardware stack levels used:    1
 Hardware stack levels required when called:    2
 This function calls:
		i2_UART_buff_put
 This function is called by:
		_INTERRUPT_InterruptManager
 This function uses a non-reentrant model


 *************** function i2_UART_buff_put *****************
 Defined at:
		line 68 in file "UART.c"
 Parameters:    Size  Location     Type
  _this           2    6[COMRAM] PTR struct UART_ring_buf
		 -> output_buffer(206), input_buffer(206), 
  c               1    8[COMRAM] const unsigned char 
 Auto vars:     Size  Location     Type
		None
 Return value:  Size  Location     Type
		None               void
 Registers used:
		wreg, fsr2l, fsr2h, status,2, status,0, cstack
 Tracked objects:
		On entry : 
		On exit  : 
		Unchanged: 
 Data sizes:     COMRAM   BANK0   BANK1   BANK2   BANK3   BANK4   BANK5
      Params:         3       0       0       0       0       0       0
      Locals:         0       0       0       0       0       0       0
      Temps:          2       0       0       0       0       0       0
      Totals:         5       0       0       0       0       0       0
Total ram usage:        5 bytes
 Hardware stack levels used:    1
 Hardware stack levels required when called:    1
 This function calls:
		i2_UART_buff_modulo_inc
 This function is called by:
		_EUSART1_Receive_ISR
 This function uses a non-reentrant model


 *************** function i2_UART_buff_modulo_inc *****************
 Defined at:
		line 106 in file "UART.c"
 Parameters:    Size  Location     Type
  value           2    0[COMRAM] const unsigned int 
  modulus         2    2[COMRAM] const unsigned int 
 Auto vars:     Size  Location     Type
  UART_buff_mo    2    4[COMRAM] unsigned int 
 Return value:  Size  Location     Type
                  2    0[COMRAM] unsigned int 
 Registers used:
		wreg, status,2, status,0
 Tracked objects:
		On entry : 
		On exit  : 
		Unchanged: 
 Data sizes:     COMRAM   BANK0   BANK1   BANK2   BANK3   BANK4   BANK5
      Params:         4       0       0       0       0       0       0
      Locals:         2       0       0       0       0       0       0
      Temps:          0       0       0       0       0       0       0
      Totals:         6       0       0       0       0       0       0
Total ram usage:        6 bytes
 Hardware stack levels used:    1
 This function calls:
		Nothing
 This function is called by:
		i2_UART_buff_put
		i2_UART_buff_get
 This function uses a non-reentrant model


 *************** function _ADC_ISR *****************
 Defined at:
		line 82 in file "mcc_generated_files/adc.c"
 Parameters:    Size  Location     Type
		None
 Auto vars:     Size  Location     Type
  ADC_Result      2   10[COMRAM] int 
 Return value:  Size  Location     Type
		None               void
 Registers used:
		wreg, fsr2l, fsr2h, status,2, status,0, cstack
 Tracked objects:
		On entry : 
		On exit  : 
		Unchanged: 
 Data sizes:     COMRAM   BANK0   BANK1   BANK2   BANK3   BANK4   BANK5
      Params:         0       0       0       0       0       0       0
      Locals:         2       0       0       0       0       0       0
      Temps:          6       0       0       0       0       0       0
      Totals:         8       0       0       0       0       0       0
Total ram usage:        8 bytes
 Hardware stack levels used:    1
 Hardware stack levels required when called:    1
 This function calls:
		_ADC_GetConversionResult
		_ADC_StartConversion
		_Set_4051
 This function is called by:
		_INTERRUPT_InterruptManager
 This function uses a non-reentrant model


 *************** function _Set_4051 *****************
 Defined at:
		line 15 in file "Functions.c"
 Parameters:    Size  Location     Type
  Channel         2    0[COMRAM] int 
 Auto vars:     Size  Location     Type
		None
 Return value:  Size  Location     Type
		None               void
 Registers used:
		wreg, status,2, status,0
 Tracked objects:
		On entry : 
		On exit  : 
		Unchanged: 
 Data sizes:     COMRAM   BANK0   BANK1   BANK2   BANK3   BANK4   BANK5
      Params:         2       0       0       0       0       0       0
      Locals:         0       0       0       0       0       0       0
      Temps:          2       0       0       0       0       0       0
      Totals:         4       0       0       0       0       0       0
Total ram usage:        4 bytes
 Hardware stack levels used:    1
 This function calls:
		Nothing
 This function is called by:
		_ADC_ISR
		_Temp_Read
 This function uses a non-reentrant model


 *************** function _ADC_StartConversion *****************
 Defined at:
		line 36 in file "mcc_generated_files/adc.c"
 Parameters:    Size  Location     Type
  channel         1    wreg     enum E8837
 Auto vars:     Size  Location     Type
  channel         1    1[COMRAM] enum E8837
 Return value:  Size  Location     Type
		None               void
 Registers used:
		wreg, status,2, status,0
 Tracked objects:
		On entry : 
		On exit  : 
		Unchanged: 
 Data sizes:     COMRAM   BANK0   BANK1   BANK2   BANK3   BANK4   BANK5
      Params:         0       0       0       0       0       0       0
      Locals:         1       0       0       0       0       0       0
      Temps:          1       0       0       0       0       0       0
      Totals:         2       0       0       0       0       0       0
Total ram usage:        2 bytes
 Hardware stack levels used:    1
 This function calls:
		Nothing
 This function is called by:
		_ADC_ISR
		_Battery_Read
		_Temp_Read
 This function uses a non-reentrant model


 *************** function _ADC_GetConversionResult *****************
 Defined at:
		line 55 in file "mcc_generated_files/adc.c"
 Parameters:    Size  Location     Type
		None
 Auto vars:     Size  Location     Type
		None
 Return value:  Size  Location     Type
                  2    0[COMRAM] unsigned int 
 Registers used:
		wreg, status,2, status,0
 Tracked objects:
		On entry : 
		On exit  : 
		Unchanged: 
 Data sizes:     COMRAM   BANK0   BANK1   BANK2   BANK3   BANK4   BANK5
      Params:         2       0       0       0       0       0       0
      Locals:         0       0       0       0       0       0       0
      Temps:          2       0       0       0       0       0       0
      Totals:         4       0       0       0       0       0       0
Total ram usage:        4 bytes
 Hardware stack levels used:    1
 This function calls:
		Nothing
 This function is called by:
		_ADC_ISR
 This function uses a non-reentrant model



MODULE INFORMATION

Module		Function		Class		Link	Load	Size
C:\Program Files (x86)\Microchip\xc8\v1.34\sources\common\ftge.c
		___ftge        		CODE           	3056	0000	151

C:\Program Files (x86)\Microchip\xc8\v1.34\sources\common\ftge.c estimated size: 151

FastTransfer.c
		_FastTransfer_b		CODE           	1D96	0000	363
		_CRC8          		CODE           	34C0	0000	83
		_receiveData   		CODE           	061E	0000	1593
		_begin         		CODE           	3462	0000	95
		_sendData      		CODE           	22F2	0000	307
		_CRCcheck      		CODE           	1ABC	0000	367
		_FastTransfer_b		CODE           	3832	0000	47
		_crcBufS_status		CODE           	2CC0	0000	219
		_crcBufS_get   		CODE           	2856	0000	233
		_crcBufS_put   		CODE           	2BE6	0000	219
		_FastTransfer_b		CODE           	33FE	0000	101
		_ToSend        		CODE           	396E	0000	31

FastTransfer.c estimated size: 3658

UART.c
		_EUSART1_Initia		CODE           	36CC	0000	61
		_Receive_get   		CODE           	3A80	0000	17
		_Receive_peek  		CODE           	3A70	0000	17
		_UART_buff_modu		CODE           	3804	0000	47
		_Receive_availa		CODE           	39E2	0000	25
		_EUSART1_Receiv		CODE           	39AA	0000	31
		_UART_buff_get 		CODE           	30EC	0000	149
		_UART_buff_put 		CODE           	2424	0000	285
		_Send_put      		CODE           	3774	0000	49
		_EUSART1_Transm		CODE           	3740	0000	53
		_UART_buff_peek		CODE           	38E4	0000	39
		_UART_buff_size		CODE           	39FA	0000	25
		_UART_buff_init		CODE           	398C	0000	31

UART.c estimated size: 829

Communications.c
		_updateComms   		CODE           	10B2	0000	1031

Communications.c estimated size: 1031

mcc_generated_files/interrupt_manager.c
		_INTERRUPT_Init		CODE           	3AAA	0000	13
		_INTERRUPT_Inte		CODE           	0008	0000	163

mcc_generated_files/interrupt_manager.c estimated size: 176

C:\Program Files (x86)\Microchip\xc8\v1.34\sources\common\ftsub.c
		___ftsub       		CODE           	3564	0000	81

C:\Program Files (x86)\Microchip\xc8\v1.34\sources\common\ftsub.c estimated size: 81

C:\Program Files (x86)\Microchip\xc8\v1.34\sources\common\float.c
		___ftpack      		CODE           	2D9A	0000	199

C:\Program Files (x86)\Microchip\xc8\v1.34\sources\common\float.c estimated size: 199

mcc_generated_files/pin_manager.c
		_PIN_MANAGER_In		CODE           	3512	0000	83

mcc_generated_files/pin_manager.c estimated size: 83

C:\Program Files (x86)\Microchip\xc8\v1.34\sources\common\evalpoly.c
		_eval_poly     		CODE           	2A22	0000	227

C:\Program Files (x86)\Microchip\xc8\v1.34\sources\common\evalpoly.c estimated size: 227

Tempeture.c
		_Temp_Filter   		CODE           	1946	0000	375
		_Temp_Convert  		CODE           	1736	0000	529
		_Tempeture_Get 		CODE           	37A4	0000	49
		_Temp_Read     		CODE           	390A	0000	37
		_Temp_Fault    		CODE           	3322	0000	113

Tempeture.c estimated size: 1103

Bypass.c
		_SetBypass     		CODE           	2762	0000	245
		_RunBypas      		CODE           	293E	0000	229

Bypass.c estimated size: 474

C:\Program Files (x86)\Microchip\xc8\v1.34\sources\common\awtoft.c
		___awtoft      		CODE           	3690	0000	61

C:\Program Files (x86)\Microchip\xc8\v1.34\sources\common\awtoft.c estimated size: 61

mcc_generated_files/adc.c
		_ADC_Initialize		CODE           	3A12	0000	25
		_ADC_GetConvers		CODE           	3A5A	0000	23
		_ADC_StartConve		CODE           	39C8	0000	27
		_ADC_ISR       		CODE           	0C56	0000	1117

mcc_generated_files/adc.c estimated size: 1192

C:\Program Files (x86)\Microchip\xc8\v1.34\sources\common\frexp.c
		_frexp         		CODE           	3214	0000	147

C:\Program Files (x86)\Microchip\xc8\v1.34\sources\common\frexp.c estimated size: 147

C:\Program Files (x86)\Microchip\xc8\v1.34\sources\common\ftmul.c
		___ftmul       		CODE           	1C2A	0000	365

C:\Program Files (x86)\Microchip\xc8\v1.34\sources\common\ftmul.c estimated size: 365

Functions.c
		_Set_4051      		CODE           	3708	0000	57
		_Delay         		CODE           	35B4	0000	77

Functions.c estimated size: 134

Main.c
		_main          		CODE           	364C	0000	69

Main.c estimated size: 69

C:\Program Files (x86)\Microchip\xc8\v1.34\sources\common\ftdiv.c
		___ftdiv       		CODE           	2052	0000	339

C:\Program Files (x86)\Microchip\xc8\v1.34\sources\common\ftdiv.c estimated size: 339

shared
		i2_UART_buff_mo		CODE           	388E	0000	47
		i2_UART_buff_si		CODE           	3A42	0000	25
		__initializatio		CODE           	2E60	0000	167
		log@coeff      		SMALLCONST     	0601	0000	28
		i2_UART_buff_ge		CODE           	3180	0000	149
		i2_UART_buff_pu		CODE           	2540	0000	285

shared estimated size: 701

C:\Program Files (x86)\Microchip\xc8\v1.34\sources\common\log.c
		_log           		CODE           	21A4	0000	335

C:\Program Files (x86)\Microchip\xc8\v1.34\sources\common\log.c estimated size: 335

mcc_generated_files/mcc.c
		_OSCILLATOR_Ini		CODE           	3A90	0000	15
		_SYSTEM_Initial		CODE           	3392	0000	109

mcc_generated_files/mcc.c estimated size: 124

C:\Program Files (x86)\Microchip\xc8\v1.34\sources\common\altoft.c
		___altoft      		CODE           	32A6	0000	125

C:\Program Files (x86)\Microchip\xc8\v1.34\sources\common\altoft.c estimated size: 125

C:\Program Files (x86)\Microchip\xc8\v1.34\sources\common\memset.c
		_memset        		CODE           	3860	0000	47

C:\Program Files (x86)\Microchip\xc8\v1.34\sources\common\memset.c estimated size: 47

C:\Program Files (x86)\Microchip\xc8\v1.34\sources\common\awdiv.c
		___awdiv       		CODE           	2FC0	0000	151

C:\Program Files (x86)\Microchip\xc8\v1.34\sources\common\awdiv.c estimated size: 151

mcc_generated_files/tmr1.c
		_TMR1_Initializ		CODE           	392E	0000	35
		_TMR1_StartTime		CODE           	3AB6	0000	5
		_TMR1_ISR      		CODE           	3600	0000	77

mcc_generated_files/tmr1.c estimated size: 117

Battery.c
		_Battery_Conver		CODE           	265C	0000	263
		_Battery_Get   		CODE           	37D4	0000	49
		_Battery_Read  		CODE           	3A2A	0000	25
		_Battery_Fault 		CODE           	2F10	0000	177
		_Battery_Filter		CODE           	2B04	0000	227

Battery.c estimated size: 741

C:\Program Files (x86)\Microchip\xc8\v1.34\sources\common\fttol.c
		___fttol       		CODE           	1F00	0000	339

C:\Program Files (x86)\Microchip\xc8\v1.34\sources\common\fttol.c estimated size: 339

C:\Program Files (x86)\Microchip\xc8\v1.34\sources\common\Umul16.c
		___wmul        		CODE           	38BC	0000	41

C:\Program Files (x86)\Microchip\xc8\v1.34\sources\common\Umul16.c estimated size: 41

C:\Program Files (x86)\Microchip\xc8\v1.34\sources\common\ftadd.c
		___ftadd       		CODE           	14B8	0000	639

C:\Program Files (x86)\Microchip\xc8\v1.34\sources\common\ftadd.c estimated size: 639

