Microchip MPLAB XC8 Compiler V1.33 ()

Linker command line:

--edf=C:\Program Files (x86)\Microchip\xc8\v1.33\dat\en_msgs.txt -cs \
  -h+dist/default/production\BMS-HV.X.production.sym \
  --cmf=dist/default/production\BMS-HV.X.production.cmf -z -Q18F45K22 \
  -oC:\Users\Rick\AppData\Local\Temp\s6a0.6 \
  -Mdist/default/production/BMS-HV.X.production.map -E1 -ver=XC8 \
  -ASTACK=01EBh-05ffh -pstack=STACK -ACODE=00h-07FFFh -ACONST=00h-07FFFh \
  -ASMALLCONST=0600h-06FFhx122 -AMEDIUMCONST=0600h-07FFFh -ACOMRAM=01h-05Fh \
  -AABS1=00h-05FFh -ABIGRAM=01h-05FFh -ARAM=060h-0FFh,0100h-01FFhx5 \
  -ABANK0=060h-0FFh -ABANK1=0100h-01FFh -ABANK2=0200h-02FFh \
  -ABANK3=0300h-03FFh -ABANK4=0400h-04FFh -ABANK5=0500h-05FFh \
  -ASFR=0F38h-0F5Fh,0F60h-0FFFh \
  -preset_vec=00h,intcode=08h,intcodelo,powerup,init,end_init \
  -pramtop=0600h -psmallconst=SMALLCONST -pmediumconst=MEDIUMCONST \
  -pconst=CONST -AFARRAM=00h-00h -ACONFIG=0300000h-030000Dh -pconfig=CONFIG \
  -AIDLOC=0200000h-0200007h -pidloc=IDLOC -AEEDATA=0F00000h-0F000FFh \
  -peeprom_data=EEDATA \
  -prdata=COMRAM,nvrram=COMRAM,nvbit=COMRAM,rbss=COMRAM,rbit=COMRAM \
  -pfarbss=FARRAM,fardata=FARRAM,nvFARRAM=FARRAM \
  -pintsave_regs=BIGRAM,bigbss=BIGRAM,bigdata=BIGRAM -pbss=RAM \
  -pidata=CODE,irdata=CODE,ibigdata=CODE,ifardata=CODE \
  C:\Users\Rick\AppData\Local\Temp\s6a0.obj \
  dist/default/production\BMS-HV.X.production.obj 

Object code version is 3.11

Machine type is 18F45K22

Call graph: (short form)




                Name                               Link     Load   Length Selector   Space Scale
C:\Users\Rick\AppData\Local\Temp\s6a0.obj
                end_init                             A8       A8        4        4       0
                reset_vec                             0        0        4        0       0
                idloc                            200000   200000        8   200000       0
                config                           300000   300000        E   300000       0
dist/default/production\BMS-HV.X.production.obj
                intcode                               8        8       A0        4       0
                smallconst                          600      600       B8      300       0
                text52                             3772     3772       14      35C       0
                text51                             3710     3710       1A      35C       0
                text50                             365A     365A       2E      35C       0
                text49                              F40      F40      4C8      35C       0
                text48                             35FC     35FC       30      35C       0
                text47                             35CC     35CC       30      35C       0
                text46                             375A     375A       18      35C       0
                text45                             3742     3742       18      35C       0
                text44                             3456     3456       4A      35C       0
                text42                             2F50     2F50       A8      35C       0
                text41                             1B18     1B18      280      35C       0
                text40                             257A     257A      16A      35C       0
                text39                             36AE     36AE       26      35C       0
                text38                             2294     2294      178      35C       0
                text37                             2FF8     2FF8       A4      35C       0
                text36                             34A0     34A0       48      35C       0
                text35                             2E9A     2E9A       B6      35C       0
                text34                             31BE     31BE       90      35C       0
                text33                             2DE0     2DE0       BA      35C       0
                text32                             359A     359A       32      35C       0
                text31                             297E     297E       F2      35C       0
                text30                             2B5A     2B5A       E8      35C       0
                text29                             372A     372A       18      35C       0
                text28                             3524     3524       3C      35C       0
                text27                             3794     3794        C      35C       0
                text26                             3786     3786        E      35C       0
                text25                             3408     3408       4E      35C       0
                text24                             37AA     37AA        4      35C       0
                text23                             36D4     36D4       22      35C       0
                text22                             36F6     36F6       1A      35C       0
                text21                             211C     211C      178      35C       0
                text20                             2C42     2C42       E2      35C       0
                text19                             34E8     34E8       3C      35C       0
                text18                             2A70     2A70       EA      35C       0
                text17                             309C     309C       92      35C       0
                text16                             240C     240C      16E      35C       0
                text15                             1D98     1D98      208      35C       0
                text14                             32D0     32D0       76      35C       0
                text13                             3688     3688       26      35C       0
                text12                             1FA0     1FA0      17C      35C       0
                text11                             324E     324E       82      35C       0
                text10                             3346     3346       66      35C       0
                text9                              33AC     33AC       5C      35C       0
                text8                              26E4     26E4      168      35C       0
                text7                              284C     284C      132      35C       0
                text6                              312E     312E       90      35C       0
                text5                              187E     187E      29A      35C       0
                text4                              3560     3560       3A      35C       0
                text3                              37A0     37A0        A      35C       0
                text2                              1408     1408      476      35C       0
                text1                               6B8      6B8      888      35C       0
                text0                              2D24     2D24       BC      35C       0
                cstackCOMRAM                          1        1       33        1       1
                cstackBANK0                          AC       AC       45       60       1
                cstackBANK1                         1C8      1C8       23      100       1
                bssBANK1                            100      100       C8      100       1
                bssBANK0                             60       60       4C       60       1
                bssCOMRAM                            34       34       13        1       1
                cinit                              362C     362C       2E      35C       0
                nvCOMRAM                             47       47        3        1       1

TOTAL           Name                               Link     Load   Length     Space
        CLASS   STACK          

        CLASS   CODE           
                end_init                             A8       A8        4         0
                intcode                               8        8       A0         0
                reset_vec                             0        0        4         0
                text52                             3772     3772       14         0
                text51                             3710     3710       1A         0
                text50                             365A     365A       2E         0
                text49                              F40      F40      4C8         0
                text48                             35FC     35FC       30         0
                text47                             35CC     35CC       30         0
                text46                             375A     375A       18         0
                text45                             3742     3742       18         0
                text44                             3456     3456       4A         0
                text42                             2F50     2F50       A8         0
                text41                             1B18     1B18      280         0
                text40                             257A     257A      16A         0
                text39                             36AE     36AE       26         0
                text38                             2294     2294      178         0
                text37                             2FF8     2FF8       A4         0
                text36                             34A0     34A0       48         0
                text35                             2E9A     2E9A       B6         0
                text34                             31BE     31BE       90         0
                text33                             2DE0     2DE0       BA         0
                text32                             359A     359A       32         0
                text31                             297E     297E       F2         0
                text30                             2B5A     2B5A       E8         0
                text29                             372A     372A       18         0
                text28                             3524     3524       3C         0
                text27                             3794     3794        C         0
                text26                             3786     3786        E         0
                text25                             3408     3408       4E         0
                text24                             37AA     37AA        4         0
                text23                             36D4     36D4       22         0
                text22                             36F6     36F6       1A         0
                text21                             211C     211C      178         0
                text20                             2C42     2C42       E2         0
                text19                             34E8     34E8       3C         0
                text18                             2A70     2A70       EA         0
                text17                             309C     309C       92         0
                text16                             240C     240C      16E         0
                text15                             1D98     1D98      208         0
                text14                             32D0     32D0       76         0
                text13                             3688     3688       26         0
                text12                             1FA0     1FA0      17C         0
                text11                             324E     324E       82         0
                text10                             3346     3346       66         0
                text9                              33AC     33AC       5C         0
                text8                              26E4     26E4      168         0
                text7                              284C     284C      132         0
                text6                              312E     312E       90         0
                text5                              187E     187E      29A         0
                text4                              3560     3560       3A         0
                text3                              37A0     37A0        A         0
                text2                              1408     1408      476         0
                text1                               6B8      6B8      888         0
                text0                              2D24     2D24       BC         0
                cinit                              362C     362C       2E         0

        CLASS   CONST          

        CLASS   SMALLCONST     
                smallconst                          600      600       B8         0

        CLASS   MEDIUMCONST    

        CLASS   COMRAM         
                cstackCOMRAM                          1        1       33         1
                bssCOMRAM                            34       34       13         1
                nvCOMRAM                             47       47        3         1

        CLASS   ABS1           

        CLASS   BIGRAM         

        CLASS   RAM            

        CLASS   BANK0          
                cstackBANK0                          AC       AC       45         1
                bssBANK0                             60       60       4C         1

        CLASS   BANK1          
                cstackBANK1                         1C8      1C8       23         1
                bssBANK1                            100      100       C8         1

        CLASS   BANK2          

        CLASS   BANK3          

        CLASS   BANK4          

        CLASS   BANK5          

        CLASS   SFR            

        CLASS   FARRAM         

        CLASS   CONFIG         
                config                           300000   300000        E         0

        CLASS   IDLOC          
                idloc                            200000   200000        8         0

        CLASS   EEDATA         



SEGMENTS        Name                           Load    Length   Top    Selector   Space  Class

                reset_vec                      000000  000004  000004         0       0  CODE    
                cstackCOMRAM                   000001  000049  00004A         1       1  COMRAM  
                intcode                        000008  0000A4  0000AC         4       0  CODE    
                bssBANK0                       000060  000091  0000F1        60       1  BANK0   
                bssBANK1                       000100  0000EB  0001EB       100       1  BANK1   
                smallconst                     000600  0000B8  0006B8       300       0  SMALLCON
                text1                          0006B8  0030F6  0037AE       35C       0  CODE    
                idloc                          200000  000008  200008    200000       0  IDLOC   
                config                         300000  00000E  30000E    300000       0  CONFIG  


UNUSED ADDRESS RANGES

        Name                Unused          Largest block    Delta
        BANK0            0000F1-0000FF                F
        BANK1            0001EB-0001FF               15
        BANK2            000200-0002FF              100
        BANK3            000300-0003FF              100
        BANK4            000400-0004FF              100
        BANK5            000500-0005FF              100
        BIGRAM           00004A-00005F               16
                         0000F1-0000FF                F
                         0001EB-0005FF              415
        CODE             000004-000007                4
                         0000AC-0005FF              554
                         0037AE-007FFF             4852
        COMRAM           00004A-00005F               16
        CONST            000004-000007                4
                         0000AC-0005FF              554
                         0037AE-007FFF             4852
        EEDATA           F00000-F000FF              100
        MEDIUMCONST      0037AE-007FFF             4852
        RAM              0000F1-0000FF                F
                         0001EB-0005FF              100
        SFR              000F38-000FFF               28
        SMALLCONST       0037AE-007FFF              100
        STACK            0001EB-0005FF              415

                                  Symbol Table

?_ADC_GetConversionResult            cstackCOMRAM 000001
?_Battery_Get                        cstackCOMRAM 00002B
?___awdiv                            cstackCOMRAM 00001D
?___awmod                            cstackCOMRAM 000017
?___awtoft                           cstackCOMRAM 00002B
?___ftadd                            cstackBANK0  0000C2
?___ftdiv                            cstackCOMRAM 00001F
?___ftmul                            cstackBANK0  0000AC
?___ftneg                            cstackCOMRAM 000017
?___ftpack                           cstackCOMRAM 000017
?___ftsub                            cstackBANK0  0000CE
?___fttol                            cstackBANK0  0000BF
?___lldiv                            cstackCOMRAM 000017
?___llmod                            cstackCOMRAM 000024
?___lltoft                           cstackCOMRAM 00001F
?___wmul                             cstackCOMRAM 000025
?__div_to_l_                         cstackCOMRAM 000017
?__tdiv_to_l_                        cstackCOMRAM 000017
?_eval_poly                          cstackBANK0  0000CE
?_frexp                              cstackCOMRAM 000017
?_fround                             cstackBANK0  0000B8
?_log                                cstackBANK0  0000D8
?_printf                             cstackBANK0  0000D4
?_scale                              cstackBANK0  0000B8
ADC_ISR@ADC_Result                   cstackCOMRAM 000007
ADC_StartConversion@channel          cstackCOMRAM 000002
Battery_Convert@x                    cstackBANK0  0000D0
Battery_Fault@fault                  cstackBANK0  0000AC
Battery_Fault@i                      cstackBANK0  0000AD
Battery_Filter@x                     cstackCOMRAM 000032
Battery_Get@channelnum               cstackCOMRAM 00002B
EUSART1_Write@txData                 cstackCOMRAM 000017
RunBypas@batvolt                     cstackBANK0  0000AE
RunBypas@cellbyp                     cstackBANK0  0000AC
RunBypas@i                           cstackBANK0  0000B1
SetBypas@pin                         cstackCOMRAM 000017
SetBypas@state                       cstackCOMRAM 000019
Set_4051@Channel                     cstackCOMRAM 000001
TMR1_ISR@CountCallBack               bssCOMRAM    00003C
Temp_Convert@steinhart               cstackBANK0  0000E5
Temp_Convert@x                       cstackBANK0  0000E3
Temp_Fault@fault                     cstackBANK0  0000AC
Temp_Fault@i                         cstackBANK0  0000AD
Temp_Filter@x                        cstackCOMRAM 000032
_ADCON0                              (abs)        000FC2
_ADCON0bits                          (abs)        000FC2
_ADCON1                              (abs)        000FC1
_ADCON2                              (abs)        000FC0
_ADC_Buffer_Point                    bssCOMRAM    00003E
_ADC_GetConversionResult             text52       003772
_ADC_ISR                             text49       000F40
_ADC_Initialize                      text29       00372A
_ADC_StartConversion                 text51       003710
_ADRESH                              (abs)        000FC4
_ADRESL                              (abs)        000FC3
_ANSELA                              (abs)        000F38
_ANSELB                              (abs)        000F39
_ANSELC                              (abs)        000F3A
_ANSELD                              (abs)        000F3B
_ANSELE                              (abs)        000F3C
_BAUD1CON                            (abs)        000FB8
_Battery_Adc                         bssBANK0     00007E
_Battery_Convert                     text35       002E9A
_Battery_Fault                       text33       002DE0
_Battery_Filter                      text38       002294
_Battery_Get                         text32       00359A
_Battery_Read                        text46       00375A
_Battery_Volt                        bssBANK0     000060
_EUSART1_Initialize                  text28       003524
_EUSART1_Receive_ISR                 text48       0035FC
_EUSART1_Transmit_ISR                text47       0035CC
_EUSART1_Write                       text4        003560
_INTCON2bits                         (abs)        000FF1
_INTCONbits                          (abs)        000FF2
_INTERRUPT_Initialize                text27       003794
_INTERRUPT_InterruptManager          intcode      000008
_IPR1bits                            (abs)        000F9F
_LATA                                (abs)        000F89
_LATA0                               (abs)        007C48
_LATA4                               (abs)        007C4C
_LATA6                               (abs)        007C4E
_LATB                                (abs)        000F8A
_LATB0                               (abs)        007C50
_LATB1                               (abs)        007C51
_LATB3                               (abs)        007C53
_LATC                                (abs)        000F8B
_LATC0                               (abs)        007C58
_LATC1                               (abs)        007C59
_LATC4                               (abs)        007C5C
_LATC5                               (abs)        007C5D
_LATD                                (abs)        000F8C
_LATD1                               (abs)        007C61
_LATD2                               (abs)        007C62
_LATD3                               (abs)        007C63
_LATD5                               (abs)        007C65
_LATE                                (abs)        000F8D
_OSCCON                              (abs)        000FD3
_OSCCON2                             (abs)        000FD2
_OSCILLATOR_Initialize               text26       003786
_OSCTUNE                             (abs)        000F9B
_PIE1bits                            (abs)        000F9D
_PIN_MANAGER_Initialize              text25       003408
_PIR1bits                            (abs)        000F9E
_PrevBattery_Volt                    bssBANK1     000132
_PrevTemp_DegF                       bssBANK1     000150
_RC1REG                              (abs)        000FAE
_RC1STA                              (abs)        000FAB
_RC1STAbits                          (abs)        000FAB
_RCONbits                            (abs)        000FD0
_RCREG1                              (abs)        000FAE
_RunBypas                            text30       002B5A
_SPBRG1                              (abs)        000FAF
_SPBRGH1                             (abs)        000FB0
_SYSTEM_Initialize                   text22       0036F6
_SetBypas                            text31       00297E
_Set_4051                            text50       00365A
_T1CON                               (abs)        000FCD
_T1CONbits                           (abs)        000FCD
_T1GCON                              (abs)        000FCC
_T1GCONbits                          (abs)        000FCC
_TMR1                                (abs)        000FCE
_TMR1H                               (abs)        000FCF
_TMR1L                               (abs)        000FCE
_TMR1_ISR                            text44       003456
_TMR1_Initialize                     text23       0036D4
_TMR1_StartTimer                     text24       0037AA
_TRISA                               (abs)        000F92
_TRISB                               (abs)        000F93
_TRISC                               (abs)        000F94
_TRISD                               (abs)        000F95
_TRISE                               (abs)        000F96
_TX1REG                              (abs)        000FAD
_TX1STA                              (abs)        000FAC
_TXREG1                              (abs)        000FAD
_TempBattery_Volt                    bssBANK1     00018C
_Temp_Adc                            bssBANK0     000098
_Temp_Aquire                         bssCOMRAM    000040
_Temp_Convert                        text15       001D98
_Temp_Convert$1682                   cstackBANK0  0000DF
_Temp_Convert$1683                   cstackBANK0  0000E1
_Temp_DegF                           bssBANK1     00016E
_Temp_Done                           bssBANK0     000092
_Temp_Fault                          text14       0032D0
_Temp_Filter                         text21       00211C
_Temp_Read                           text45       003742
_TmpTemp_DegF                        bssBANK1     0001AA
_Volt_Aquire                         bssCOMRAM    000041
_Volt_Done                           bssBANK0     000094
_WPUB                                (abs)        000F61
__CFG_BOREN$SBORDIS                  (abs)        000000
__CFG_BORV$190                       (abs)        000000
__CFG_CCP2MX$PORTC1                  (abs)        000000
__CFG_CCP3MX$PORTB5                  (abs)        000000
__CFG_CP0$OFF                        (abs)        000000
__CFG_CP1$OFF                        (abs)        000000
__CFG_CP2$OFF                        (abs)        000000
__CFG_CP3$OFF                        (abs)        000000
__CFG_CPB$OFF                        (abs)        000000
__CFG_CPD$OFF                        (abs)        000000
__CFG_DEBUG$OFF                      (abs)        000000
__CFG_EBTR0$OFF                      (abs)        000000
__CFG_EBTR1$OFF                      (abs)        000000
__CFG_EBTR2$OFF                      (abs)        000000
__CFG_EBTR3$OFF                      (abs)        000000
__CFG_EBTRB$OFF                      (abs)        000000
__CFG_FCMEN$OFF                      (abs)        000000
__CFG_FOSC$INTIO67                   (abs)        000000
__CFG_HFOFST$ON                      (abs)        000000
__CFG_IESO$OFF                       (abs)        000000
__CFG_LVP$OFF                        (abs)        000000
__CFG_MCLRE$EXTMCLR                  (abs)        000000
__CFG_P2BMX$PORTD2                   (abs)        000000
__CFG_PBADEN$ON                      (abs)        000000
__CFG_PLLCFG$OFF                     (abs)        000000
__CFG_PRICLKEN$OFF                   (abs)        000000
__CFG_PWRTEN$OFF                     (abs)        000000
__CFG_STVREN$ON                      (abs)        000000
__CFG_T3CMX$PORTC0                   (abs)        000000
__CFG_WDTEN$OFF                      (abs)        000000
__CFG_WDTPS$32768                    (abs)        000000
__CFG_WRT0$OFF                       (abs)        000000
__CFG_WRT1$OFF                       (abs)        000000
__CFG_WRT2$OFF                       (abs)        000000
__CFG_WRT3$OFF                       (abs)        000000
__CFG_WRTB$OFF                       (abs)        000000
__CFG_WRTC$OFF                       (abs)        000000
__CFG_WRTD$OFF                       (abs)        000000
__CFG_XINST$OFF                      (abs)        000000
__HRAM                               (abs)        000000
__Habs1                              abs1         000000
__Hbank0                             bank0        000000
__Hbank1                             bank1        000000
__Hbank2                             bank2        000000
__Hbank3                             bank3        000000
__Hbank4                             bank4        000000
__Hbank5                             bank5        000000
__Hbigbss                            bigbss       000000
__Hbigdata                           bigdata      000000
__Hbigram                            bigram       000000
__Hbss                               bss          000000
__HbssBANK0                          bssBANK0     000000
__HbssBANK1                          bssBANK1     000000
__HbssCOMRAM                         bssCOMRAM    000000
__Hcinit                             cinit        000000
__Hclrtext                           clrtext      000000
__Hcomram                            comram       000000
__Hconfig                            config       30000E
__Hconst                             const        000000
__HcstackBANK0                       cstackBANK0  000000
__HcstackBANK1                       cstackBANK1  000000
__HcstackCOMRAM                      cstackCOMRAM 000000
__Hdata                              data         000000
__Heeprom_data                       eeprom_data  000000
__Hend_init                          end_init     0000AC
__Hfarbss                            farbss       000000
__Hfardata                           fardata      000000
__Hibigdata                          ibigdata     000000
__Hidata                             idata        000000
__Hidloc                             idloc        200008
__Hifardata                          ifardata     000000
__Hinit                              init         0000A8
__Hintcode                           intcode      0000A8
__Hintcode_body                      intcode_body 000000
__Hintcodelo                         intcodelo    0000A8
__Hintentry                          intentry     000000
__Hintret                            intret       000000
__Hintsave_regs                      intsave_regs 000000
__Hirdata                            irdata       000000
__Hmediumconst                       mediumconst  000000
__HnvCOMRAM                          nvCOMRAM     000000
__HnvFARRAM                          nvFARRAM     000000
__Hnvbit                             nvbit        000000
__Hnvrram                            nvrram       000000
__Hparam                             rparam       000000
__Hpowerup                           powerup      0000A8
__Hram                               ram          000000
__Hramtop                            ramtop       000600
__Hrbit                              rbit         000000
__Hrbss                              rbss         000000
__Hrdata                             rdata        000000
__Hreset_vec                         reset_vec    000004
__Hrparam                            rparam       000000
__Hsfr                               sfr          000000
__Hsmallconst                        smallconst   0006B8
__Hspace_0                           (abs)        30000E
__Hspace_1                           (abs)        0001EB
__Hspace_2                           (abs)        000000
__Hstack                             stack        000000
__Hstruct                            struct       000000
__Htemp                              temp         000000
__Htext                              text         000000
__Htext0                             text0        000000
__Htext1                             text1        000000
__Htext10                            text10       000000
__Htext11                            text11       000000
__Htext12                            text12       000000
__Htext13                            text13       000000
__Htext14                            text14       000000
__Htext15                            text15       000000
__Htext16                            text16       000000
__Htext17                            text17       000000
__Htext18                            text18       000000
__Htext19                            text19       000000
__Htext2                             text2        000000
__Htext20                            text20       000000
__Htext21                            text21       000000
__Htext22                            text22       000000
__Htext23                            text23       000000
__Htext24                            text24       000000
__Htext25                            text25       000000
__Htext26                            text26       000000
__Htext27                            text27       000000
__Htext28                            text28       000000
__Htext29                            text29       000000
__Htext3                             text3        000000
__Htext30                            text30       000000
__Htext31                            text31       000000
__Htext32                            text32       000000
__Htext33                            text33       000000
__Htext34                            text34       000000
__Htext35                            text35       000000
__Htext36                            text36       000000
__Htext37                            text37       000000
__Htext38                            text38       000000
__Htext39                            text39       000000
__Htext4                             text4        000000
__Htext40                            text40       000000
__Htext41                            text41       000000
__Htext42                            text42       000000
__Htext44                            text44       000000
__Htext45                            text45       000000
__Htext46                            text46       000000
__Htext47                            text47       000000
__Htext48                            text48       000000
__Htext49                            text49       000000
__Htext5                             text5        000000
__Htext50                            text50       000000
__Htext51                            text51       000000
__Htext52                            text52       000000
__Htext6                             text6        000000
__Htext7                             text7        000000
__Htext8                             text8        000000
__Htext9                             text9        000000
__LRAM                               (abs)        000001
__Labs1                              abs1         000000
__Lbank0                             bank0        000000
__Lbank1                             bank1        000000
__Lbank2                             bank2        000000
__Lbank3                             bank3        000000
__Lbank4                             bank4        000000
__Lbank5                             bank5        000000
__Lbigbss                            bigbss       000000
__Lbigdata                           bigdata      000000
__Lbigram                            bigram       000000
__Lbss                               bss          000000
__LbssBANK0                          bssBANK0     000000
__LbssBANK1                          bssBANK1     000000
__LbssCOMRAM                         bssCOMRAM    000000
__Lcinit                             cinit        000000
__Lclrtext                           clrtext      000000
__Lcomram                            comram       000000
__Lconfig                            config       300000
__Lconst                             const        000000
__LcstackBANK0                       cstackBANK0  000000
__LcstackBANK1                       cstackBANK1  000000
__LcstackCOMRAM                      cstackCOMRAM 000000
__Ldata                              data         000000
__Leeprom_data                       eeprom_data  000000
__Lend_init                          end_init     0000A8
__Lfarbss                            farbss       000000
__Lfardata                           fardata      000000
__Libigdata                          ibigdata     000000
__Lidata                             idata        000000
__Lidloc                             idloc        200000
__Lifardata                          ifardata     000000
__Linit                              init         0000A8
__Lintcode                           intcode      000008
__Lintcode_body                      intcode_body 000000
__Lintcodelo                         intcodelo    0000A8
__Lintentry                          intentry     000000
__Lintret                            intret       000000
__Lintsave_regs                      intsave_regs 000000
__Lirdata                            irdata       000000
__Lmediumconst                       mediumconst  000000
__LnvCOMRAM                          nvCOMRAM     000000
__LnvFARRAM                          nvFARRAM     000000
__Lnvbit                             nvbit        000000
__Lnvrram                            nvrram       000000
__Lparam                             rparam       000000
__Lpowerup                           powerup      0000A8
__Lram                               ram          000000
__Lramtop                            ramtop       000600
__Lrbit                              rbit         000000
__Lrbss                              rbss         000000
__Lrdata                             rdata        000000
__Lreset_vec                         reset_vec    000000
__Lrparam                            rparam       000000
__Lsfr                               sfr          000000
__Lsmallconst                        smallconst   000600
__Lspace_0                           (abs)        000000
__Lspace_1                           (abs)        000000
__Lspace_2                           (abs)        000000
__Lstack                             stack        000000
__Lstruct                            struct       000000
__Ltemp                              temp         000000
__Ltext                              text         000000
__Ltext0                             text0        000000
__Ltext1                             text1        000000
__Ltext10                            text10       000000
__Ltext11                            text11       000000
__Ltext12                            text12       000000
__Ltext13                            text13       000000
__Ltext14                            text14       000000
__Ltext15                            text15       000000
__Ltext16                            text16       000000
__Ltext17                            text17       000000
__Ltext18                            text18       000000
__Ltext19                            text19       000000
__Ltext2                             text2        000000
__Ltext20                            text20       000000
__Ltext21                            text21       000000
__Ltext22                            text22       000000
__Ltext23                            text23       000000
__Ltext24                            text24       000000
__Ltext25                            text25       000000
__Ltext26                            text26       000000
__Ltext27                            text27       000000
__Ltext28                            text28       000000
__Ltext29                            text29       000000
__Ltext3                             text3        000000
__Ltext30                            text30       000000
__Ltext31                            text31       000000
__Ltext32                            text32       000000
__Ltext33                            text33       000000
__Ltext34                            text34       000000
__Ltext35                            text35       000000
__Ltext36                            text36       000000
__Ltext37                            text37       000000
__Ltext38                            text38       000000
__Ltext39                            text39       000000
__Ltext4                             text4        000000
__Ltext40                            text40       000000
__Ltext41                            text41       000000
__Ltext42                            text42       000000
__Ltext44                            text44       000000
__Ltext45                            text45       000000
__Ltext46                            text46       000000
__Ltext47                            text47       000000
__Ltext48                            text48       000000
__Ltext49                            text49       000000
__Ltext5                             text5        000000
__Ltext50                            text50       000000
__Ltext51                            text51       000000
__Ltext52                            text52       000000
__Ltext6                             text6        000000
__Ltext7                             text7        000000
__Ltext8                             text8        000000
__Ltext9                             text9        000000
__S0                                 (abs)        30000E
__S1                                 (abs)        0001EB
__S2                                 (abs)        000000
___awdiv                             text37       002FF8
___awdiv@counter                     cstackCOMRAM 000021
___awdiv@dividend                    cstackCOMRAM 00001D
___awdiv@divisor                     cstackCOMRAM 00001F
___awdiv@quotient                    cstackCOMRAM 000023
___awdiv@sign                        cstackCOMRAM 000022
___awmod                             text6        00312E
___awmod@counter                     cstackCOMRAM 00001B
___awmod@dividend                    cstackCOMRAM 000017
___awmod@divisor                     cstackCOMRAM 000019
___awmod@sign                        cstackCOMRAM 00001C
___awtoft                            text36       0034A0
___awtoft@c                          cstackCOMRAM 00002B
___awtoft@sign                       cstackCOMRAM 00002E
___ftadd                             text41       001B18
___ftadd@exp1                        cstackBANK0  0000CD
___ftadd@exp2                        cstackBANK0  0000CC
___ftadd@f1                          cstackBANK0  0000C2
___ftadd@f2                          cstackBANK0  0000C5
___ftadd@sign                        cstackBANK0  0000CB
___ftdiv                             text20       002C42
___ftdiv@cntr                        cstackCOMRAM 000028
___ftdiv@exp                         cstackCOMRAM 00002C
___ftdiv@f1                          cstackCOMRAM 00001F
___ftdiv@f2                          cstackCOMRAM 000022
___ftdiv@f3                          cstackCOMRAM 000029
___ftdiv@sign                        cstackCOMRAM 00002D
___ftge                              text34       0031BE
___ftge@ff1                          cstackCOMRAM 00002B
___ftge@ff2                          cstackCOMRAM 00002E
___ftmul                             text40       00257A
___ftmul@cntr                        cstackBANK0  0000B6
___ftmul@exp                         cstackBANK0  0000B2
___ftmul@f1                          cstackBANK0  0000AC
___ftmul@f2                          cstackBANK0  0000AF
___ftmul@f3_as_product               cstackBANK0  0000B3
___ftmul@sign                        cstackBANK0  0000B7
___ftneg                             text13       003688
___ftneg@f1                          cstackCOMRAM 000017
___ftpack                            text42       002F50
___ftpack@arg                        cstackCOMRAM 000017
___ftpack@exp                        cstackCOMRAM 00001A
___ftpack@sign                       cstackCOMRAM 00001B
___ftsub                             text19       0034E8
___ftsub@f1                          cstackBANK0  0000CE
___ftsub@f2                          cstackBANK0  0000D1
___fttol                             text12       001FA0
___fttol@exp1                        cstackBANK0  0000CD
___fttol@f1                          cstackBANK0  0000BF
___fttol@lval                        cstackBANK0  0000C9
___fttol@sign1                       cstackBANK0  0000C8
___inthi_sp                          stack        000000
___intlo_sp                          stack        000000
___lldiv                             text11       00324E
___lldiv@counter                     cstackCOMRAM 000023
___lldiv@dividend                    cstackCOMRAM 000017
___lldiv@divisor                     cstackCOMRAM 00001B
___lldiv@quotient                    cstackCOMRAM 00001F
___llmod                             text10       003346
___llmod@counter                     cstackCOMRAM 00002C
___llmod@dividend                    cstackCOMRAM 000024
___llmod@divisor                     cstackCOMRAM 000028
___lltoft                            text9        0033AC
___lltoft@c                          cstackCOMRAM 00001F
___lltoft@exp                        cstackCOMRAM 000027
___sp                                stack        000000
___wmul                              text39       0036AE
___wmul@multiplicand                 cstackCOMRAM 000027
___wmul@multiplier                   cstackCOMRAM 000025
___wmul@product                      cstackCOMRAM 000029
__accesstop                          (abs)        000060
__activetblptr                       (abs)        000002
__div_to_l_                          text8        0026E4
__div_to_l_@cntr                     cstackCOMRAM 000025
__div_to_l_@exp1                     cstackCOMRAM 000026
__div_to_l_@f1                       cstackCOMRAM 000017
__div_to_l_@f2                       cstackCOMRAM 00001A
__div_to_l_@quot                     cstackCOMRAM 000021
__end_of_ADC_GetConversionResult     text52       003786
__end_of_ADC_ISR                     text49       001408
__end_of_ADC_Initialize              text29       003742
__end_of_ADC_StartConversion         text51       00372A
__end_of_Battery_Convert             text35       002F50
__end_of_Battery_Fault               text33       002E9A
__end_of_Battery_Filter              text38       00240C
__end_of_Battery_Get                 text32       0035CC
__end_of_Battery_Read                text46       003772
__end_of_EUSART1_Initialize          text28       003560
__end_of_EUSART1_Receive_ISR         text48       00362C
__end_of_EUSART1_Transmit_ISR        text47       0035FC
__end_of_EUSART1_Write               text4        00359A
__end_of_INTERRUPT_Initialize        text27       0037A0
__end_of_INTERRUPT_InterruptManager  intcode      0000A8
__end_of_OSCILLATOR_Initialize       text26       003794
__end_of_PIN_MANAGER_Initialize      text25       003456
__end_of_RunBypas                    text30       002C42
__end_of_SYSTEM_Initialize           text22       003710
__end_of_SetBypas                    text31       002A70
__end_of_Set_4051                    text50       003688
__end_of_TMR1_ISR                    text44       0034A0
__end_of_TMR1_Initialize             text23       0036F6
__end_of_TMR1_StartTimer             text24       0037AE
__end_of_Temp_Convert                text15       001FA0
__end_of_Temp_Fault                  text14       003346
__end_of_Temp_Filter                 text21       002294
__end_of_Temp_Read                   text45       00375A
__end_of___awdiv                     text37       00309C
__end_of___awmod                     text6        0031BE
__end_of___awtoft                    text36       0034E8
__end_of___ftadd                     text41       001D98
__end_of___ftdiv                     text20       002D24
__end_of___ftge                      text34       00324E
__end_of___ftmul                     text40       0026E4
__end_of___ftneg                     text13       0036AE
__end_of___ftpack                    text42       002FF8
__end_of___ftsub                     text19       003524
__end_of___fttol                     text12       00211C
__end_of___lldiv                     text11       0032D0
__end_of___llmod                     text10       0033AC
__end_of___lltoft                    text9        003408
__end_of___wmul                      text39       0036D4
__end_of__div_to_l_                  text8        00284C
__end_of__initialization             cinit        003650
__end_of__npowers_                   smallconst   000650
__end_of__powers_                    smallconst   000677
__end_of__stringdata                 smallconst   0006B6
__end_of__tdiv_to_l_                 text7        00297E
__end_of_dpowers                     smallconst   000629
__end_of_eval_poly                   text18       002B5A
__end_of_frexp                       text17       00312E
__end_of_fround                      text5        001B18
__end_of_log                         text16       00257A
__end_of_main                        text0        002DE0
__end_of_printf                      text1        000F40
__end_of_putch                       text3        0037AA
__end_of_scale                       text2        00187E
__end_oflog@coeff                    smallconst   000692
__initialization                     cinit        00362C
__mediumconst                        mediumconst  000000
__npowers_                           smallconst   000629
__pbssBANK0                          bssBANK0     000060
__pbssBANK1                          bssBANK1     000100
__pbssCOMRAM                         bssCOMRAM    000034
__pcinit                             cinit        00362C
__pcstackBANK0                       cstackBANK0  0000AC
__pcstackBANK1                       cstackBANK1  0001C8
__pcstackCOMRAM                      cstackCOMRAM 000001
__pintcode                           intcode      000008
__pnvCOMRAM                          nvCOMRAM     000047
__powers_                            smallconst   000650
__psmallconst                        smallconst   000600
__ptext0                             text0        002D24
__ptext1                             text1        0006B8
__ptext10                            text10       003346
__ptext11                            text11       00324E
__ptext12                            text12       001FA0
__ptext13                            text13       003688
__ptext14                            text14       0032D0
__ptext15                            text15       001D98
__ptext16                            text16       00240C
__ptext17                            text17       00309C
__ptext18                            text18       002A70
__ptext19                            text19       0034E8
__ptext2                             text2        001408
__ptext20                            text20       002C42
__ptext21                            text21       00211C
__ptext22                            text22       0036F6
__ptext23                            text23       0036D4
__ptext24                            text24       0037AA
__ptext25                            text25       003408
__ptext26                            text26       003786
__ptext27                            text27       003794
__ptext28                            text28       003524
__ptext29                            text29       00372A
__ptext3                             text3        0037A0
__ptext30                            text30       002B5A
__ptext31                            text31       00297E
__ptext32                            text32       00359A
__ptext33                            text33       002DE0
__ptext34                            text34       0031BE
__ptext35                            text35       002E9A
__ptext36                            text36       0034A0
__ptext37                            text37       002FF8
__ptext38                            text38       002294
__ptext39                            text39       0036AE
__ptext4                             text4        003560
__ptext40                            text40       00257A
__ptext41                            text41       001B18
__ptext42                            text42       002F50
__ptext44                            text44       003456
__ptext45                            text45       003742
__ptext46                            text46       00375A
__ptext47                            text47       0035CC
__ptext48                            text48       0035FC
__ptext49                            text49       000F40
__ptext5                             text5        00187E
__ptext50                            text50       00365A
__ptext51                            text51       003710
__ptext52                            text52       003772
__ptext6                             text6        00312E
__ptext7                             text7        00284C
__ptext8                             text8        0026E4
__ptext9                             text9        0033AC
__ramtop                             ramtop       000600
__size_of_ADC_GetConversionResult    (abs)        000000
__size_of_ADC_ISR                    (abs)        000000
__size_of_ADC_Initialize             (abs)        000000
__size_of_ADC_StartConversion        (abs)        000000
__size_of_Battery_Convert            (abs)        000000
__size_of_Battery_Fault              (abs)        000000
__size_of_Battery_Filter             (abs)        000000
__size_of_Battery_Get                (abs)        000000
__size_of_Battery_Read               (abs)        000000
__size_of_EUSART1_Initialize         (abs)        000000
__size_of_EUSART1_Receive_ISR        (abs)        000000
__size_of_EUSART1_Transmit_ISR       (abs)        000000
__size_of_EUSART1_Write              (abs)        000000
__size_of_INTERRUPT_Initialize       (abs)        000000
__size_of_INTERRUPT_InterruptManager (abs)        000000
__size_of_OSCILLATOR_Initialize      (abs)        000000
__size_of_PIN_MANAGER_Initialize     (abs)        000000
__size_of_RunBypas                   (abs)        000000
__size_of_SYSTEM_Initialize          (abs)        000000
__size_of_SetBypas                   (abs)        000000
__size_of_Set_4051                   (abs)        000000
__size_of_TMR1_ISR                   (abs)        000000
__size_of_TMR1_Initialize            (abs)        000000
__size_of_TMR1_StartTimer            (abs)        000000
__size_of_Temp_Convert               (abs)        000000
__size_of_Temp_Fault                 (abs)        000000
__size_of_Temp_Filter                (abs)        000000
__size_of_Temp_Read                  (abs)        000000
__size_of___awdiv                    (abs)        000000
__size_of___awmod                    (abs)        000000
__size_of___awtoft                   (abs)        000000
__size_of___ftadd                    (abs)        000000
__size_of___ftdiv                    (abs)        000000
__size_of___ftge                     (abs)        000000
__size_of___ftmul                    (abs)        000000
__size_of___ftneg                    (abs)        000000
__size_of___ftpack                   (abs)        000000
__size_of___ftsub                    (abs)        000000
__size_of___fttol                    (abs)        000000
__size_of___lldiv                    (abs)        000000
__size_of___llmod                    (abs)        000000
__size_of___lltoft                   (abs)        000000
__size_of___wmul                     (abs)        000000
__size_of__div_to_l_                 (abs)        000000
__size_of__tdiv_to_l_                (abs)        000000
__size_of_eval_poly                  (abs)        000000
__size_of_frexp                      (abs)        000000
__size_of_fround                     (abs)        000000
__size_of_log                        (abs)        000000
__size_of_main                       (abs)        000000
__size_of_printf                     (abs)        000000
__size_of_putch                      (abs)        000000
__size_of_scale                      (abs)        000000
__smallconst                         smallconst   000600
__stringdata                         smallconst   000692
__tdiv_to_l_                         text7        00284C
__tdiv_to_l_@cntr                    cstackCOMRAM 000024
__tdiv_to_l_@exp1                    cstackCOMRAM 000025
__tdiv_to_l_@f1                      cstackCOMRAM 000017
__tdiv_to_l_@f2                      cstackCOMRAM 00001A
__tdiv_to_l_@quot                    cstackCOMRAM 000020
_dpowers                             smallconst   000601
_errno                               bssBANK0     000096
_eusart1RxBuffer                     bssBANK1     000100
_eusart1RxCount                      bssCOMRAM    000042
_eusart1RxHead                       bssCOMRAM    000043
_eusart1RxTail                       bssCOMRAM    000044
_eusart1TxBuffer                     bssCOMRAM    000034
_eusart1TxBufferRemaining            nvCOMRAM     000049
_eusart1TxHead                       bssCOMRAM    000045
_eusart1TxTail                       bssCOMRAM    000046
_eval_poly                           text18       002A70
_frexp                               text17       00309C
_fround                              text5        00187E
_fround$1684                         cstackBANK0  0000BE
_fround$1685                         cstackBANK0  0000BB
_log                                 text16       00240C
_main                                text0        002D24
_printf                              text1        0006B8
_printf$1040                         cstackBANK1  0001CB
_printf$1687                         cstackBANK1  0001C8
_putch                               text3        0037A0
_scale                               text2        001408
_scale$1686                          cstackBANK0  0000BB
_timer1ReloadVal                     nvCOMRAM     000047
end_of_initialization                cinit        003650
eval_poly@d                          cstackBANK0  0000D1
eval_poly@n                          cstackBANK0  0000D3
eval_poly@res                        cstackBANK0  0000D5
eval_poly@x                          cstackBANK0  0000CE
frexp@eptr                           cstackCOMRAM 00001A
frexp@value                          cstackCOMRAM 000017
fround@prec                          cstackBANK0  0000C1
intlevel0                            text         000000
intlevel1                            text         000000
intlevel2                            text         000000
intlevel3                            text         000000
log@coeff                            smallconst   000677
log@exponent                         cstackBANK0  0000DB
log@x                                cstackBANK0  0000D8
main@x                               cstackBANK0  0000ED
main@x_963                           cstackBANK0  0000EF
printf@_val                          cstackBANK1  0001E0
printf@ap                            cstackBANK1  0001D7
printf@c                             cstackBANK1  0001EA
printf@exp                           cstackBANK1  0001E5
printf@f                             cstackBANK0  0000D4
printf@flag                          cstackBANK1  0001D9
printf@fval                          cstackBANK1  0001E7
printf@integ                         cstackBANK1  0001DB
printf@prec                          cstackBANK1  0001DE
printf@vd                            cstackBANK1  0001CF
printf@vd_1042                       cstackBANK1  0001D3
putch@txData                         cstackCOMRAM 000018
scale@scl                            cstackBANK0  0000BE
stackhi                              (abs)        0005FF
stacklo                              (abs)        0001EB
start                                init         0000A8
start_initialization                 cinit        00362C


FUNCTION INFORMATION:

 *************** function _main *****************
 Defined at:
		line 31 in file "Main.c"
 Parameters:    Size  Location     Type
  argc            2   60[BANK0 ] int 
  argv            3   62[BANK0 ] PTR PTR unsigned char 
 Auto vars:     Size  Location     Type
  x               2   67[BANK0 ] int 
  x               2   65[BANK0 ] int 
 Return value:  Size  Location     Type
                  2   60[BANK0 ] int 
 Registers used:
		wreg, fsr1l, fsr1h, fsr2l, fsr2h, status,2, status,0, tblptrl, tblptrh, tblptru, prodl, prodh, cstack
 Tracked objects:
		On entry : 
		On exit  : 
		Unchanged: 
 Data sizes:     COMRAM   BANK0   BANK1   BANK2   BANK3   BANK4   BANK5
      Params:         0       5       0       0       0       0       0
      Locals:         0       4       0       0       0       0       0
      Temps:          0       0       0       0       0       0       0
      Totals:         0       9       0       0       0       0       0
Total ram usage:        9 bytes
 Hardware stack levels required when called:    9
 This function calls:
		_Battery_Convert
		_Battery_Fault
		_Battery_Get
		_RunBypas
		_SYSTEM_Initialize
		_Temp_Convert
		_Temp_Fault
		_printf
 This function is called by:
		Startup code after reset
 This function uses a non-reentrant model


 *************** function _printf *****************
 Defined at:
		line 464 in file "C:\Program Files (x86)\Microchip\xc8\v1.33\sources\common\doprnt.c"
 Parameters:    Size  Location     Type
  f               2   40[BANK0 ] PTR const unsigned char 
		 -> STR_2(19), STR_1(17), 
 Auto vars:     Size  Location     Type
  vd              4    7[BANK1 ] unsigned long 
  vd              4   11[BANK1 ] unsigned long 
  _val            5   24[BANK1 ] struct .
  fval            3   31[BANK1 ] struct .
  integ           3   19[BANK1 ] struct .
  ival            3    0        struct .
  exp             2   29[BANK1 ] int 
  prec            2   22[BANK1 ] int 
  flag            2   17[BANK1 ] unsigned short 
  ap              2   15[BANK1 ] PTR void [1]
		 -> ?_printf(2), 
  width           2    0        int 
  c               1   34[BANK1 ] char 
  d               1    0        unsigned char 
 Return value:  Size  Location     Type
                  2   40[BANK0 ] int 
 Registers used:
		wreg, fsr2l, fsr2h, status,2, status,0, tblptrl, tblptrh, tblptru, prodl, prodh, cstack
 Tracked objects:
		On entry : 
		On exit  : 
		Unchanged: 
 Data sizes:     COMRAM   BANK0   BANK1   BANK2   BANK3   BANK4   BANK5
      Params:         0       7       0       0       0       0       0
      Locals:         0       0      35       0       0       0       0
      Temps:          0       6       0       0       0       0       0
      Totals:         0      13      35       0       0       0       0
Total ram usage:       48 bytes
 Hardware stack levels used:    1
 Hardware stack levels required when called:    7
 This function calls:
		___awdiv
		___ftadd
		___ftge
		___ftmul
		___ftneg
		___ftsub
		___fttol
		___lldiv
		___llmod
		___lltoft
		___wmul
		__div_to_l_
		__tdiv_to_l_
		_fround
		_putch
		_scale
 This function is called by:
		_main
 This function uses a non-reentrant model


 *************** function _scale *****************
 Defined at:
		line 425 in file "C:\Program Files (x86)\Microchip\xc8\v1.33\sources\common\doprnt.c"
 Parameters:    Size  Location     Type
  scl             1    wreg     char 
 Auto vars:     Size  Location     Type
  scl             1   18[BANK0 ] char 
 Return value:  Size  Location     Type
                  3   12[BANK0 ] char 
 Registers used:
		wreg, status,2, status,0, tblptrl, tblptrh, tblptru, prodl, prodh, cstack
 Tracked objects:
		On entry : 
		On exit  : 
		Unchanged: 
 Data sizes:     COMRAM   BANK0   BANK1   BANK2   BANK3   BANK4   BANK5
      Params:         0       3       0       0       0       0       0
      Locals:         0       4       0       0       0       0       0
      Temps:          0       0       0       0       0       0       0
      Totals:         0       7       0       0       0       0       0
Total ram usage:        7 bytes
 Hardware stack levels used:    1
 Hardware stack levels required when called:    6
 This function calls:
		___awdiv
		___awmod
		___ftmul
		___wmul
 This function is called by:
		_printf
 This function uses a non-reentrant model


 *************** function _putch *****************
 Defined at:
		line 168 in file "mcc_generated_files/eusart1.c"
 Parameters:    Size  Location     Type
  txData          1    wreg     unsigned char 
 Auto vars:     Size  Location     Type
  txData          1   23[COMRAM] unsigned char 
 Return value:  Size  Location     Type
		None               void
 Registers used:
		wreg, fsr2l, fsr2h, status,2, status,0, prodl, prodh, cstack
 Tracked objects:
		On entry : 
		On exit  : 
		Unchanged: 
 Data sizes:     COMRAM   BANK0   BANK1   BANK2   BANK3   BANK4   BANK5
      Params:         0       0       0       0       0       0       0
      Locals:         1       0       0       0       0       0       0
      Temps:          0       0       0       0       0       0       0
      Totals:         1       0       0       0       0       0       0
Total ram usage:        1 bytes
 Hardware stack levels used:    1
 Hardware stack levels required when called:    5
 This function calls:
		_EUSART1_Write
 This function is called by:
		_printf
 This function uses a non-reentrant model


 *************** function _EUSART1_Write *****************
 Defined at:
		line 140 in file "mcc_generated_files/eusart1.c"
 Parameters:    Size  Location     Type
  txData          1    wreg     unsigned char 
 Auto vars:     Size  Location     Type
  txData          1   22[COMRAM] unsigned char 
 Return value:  Size  Location     Type
		None               void
 Registers used:
		wreg, fsr2l, fsr2h, status,2, status,0, prodl, prodh
 Tracked objects:
		On entry : 
		On exit  : 
		Unchanged: 
 Data sizes:     COMRAM   BANK0   BANK1   BANK2   BANK3   BANK4   BANK5
      Params:         0       0       0       0       0       0       0
      Locals:         1       0       0       0       0       0       0
      Temps:          0       0       0       0       0       0       0
      Totals:         1       0       0       0       0       0       0
Total ram usage:        1 bytes
 Hardware stack levels used:    1
 Hardware stack levels required when called:    4
 This function calls:
		Nothing
 This function is called by:
		_putch
 This function uses a non-reentrant model


 *************** function _fround *****************
 Defined at:
		line 409 in file "C:\Program Files (x86)\Microchip\xc8\v1.33\sources\common\doprnt.c"
 Parameters:    Size  Location     Type
  prec            1    wreg     unsigned char 
 Auto vars:     Size  Location     Type
  prec            1   21[BANK0 ] unsigned char 
 Return value:  Size  Location     Type
                  3   12[BANK0 ] unsigned char 
 Registers used:
		wreg, status,2, status,0, tblptrl, tblptrh, tblptru, prodl, prodh, cstack
 Tracked objects:
		On entry : 
		On exit  : 
		Unchanged: 
 Data sizes:     COMRAM   BANK0   BANK1   BANK2   BANK3   BANK4   BANK5
      Params:         0       3       0       0       0       0       0
      Locals:         0       7       0       0       0       0       0
      Temps:          0       0       0       0       0       0       0
      Totals:         0      10       0       0       0       0       0
Total ram usage:       10 bytes
 Hardware stack levels used:    1
 Hardware stack levels required when called:    6
 This function calls:
		___awdiv
		___awmod
		___ftmul
		___wmul
 This function is called by:
		_printf
 This function uses a non-reentrant model


 *************** function ___awmod *****************
 Defined at:
		line 8 in file "C:\Program Files (x86)\Microchip\xc8\v1.33\sources\common\awmod.c"
 Parameters:    Size  Location     Type
  dividend        2   22[COMRAM] int 
  divisor         2   24[COMRAM] int 
 Auto vars:     Size  Location     Type
  sign            1   27[COMRAM] unsigned char 
  counter         1   26[COMRAM] unsigned char 
 Return value:  Size  Location     Type
                  2   22[COMRAM] int 
 Registers used:
		wreg, status,2, status,0, prodl
 Tracked objects:
		On entry : 
		On exit  : 
		Unchanged: 
 Data sizes:     COMRAM   BANK0   BANK1   BANK2   BANK3   BANK4   BANK5
      Params:         4       0       0       0       0       0       0
      Locals:         2       0       0       0       0       0       0
      Temps:          0       0       0       0       0       0       0
      Totals:         6       0       0       0       0       0       0
Total ram usage:        6 bytes
 Hardware stack levels used:    1
 Hardware stack levels required when called:    4
 This function calls:
		Nothing
 This function is called by:
		_fround
		_scale
 This function uses a non-reentrant model


 *************** function __tdiv_to_l_ *****************
 Defined at:
		line 60 in file "C:\Program Files (x86)\Microchip\xc8\v1.33\sources\common\ftdivl.c"
 Parameters:    Size  Location     Type
  f1              3   22[COMRAM] float 
  f2              3   25[COMRAM] float 
 Auto vars:     Size  Location     Type
  quot            4   31[COMRAM] unsigned long 
  exp1            1   36[COMRAM] unsigned char 
  cntr            1   35[COMRAM] unsigned char 
 Return value:  Size  Location     Type
                  4   22[COMRAM] unsigned long 
 Registers used:
		wreg, status,2, status,0
 Tracked objects:
		On entry : 
		On exit  : 
		Unchanged: 
 Data sizes:     COMRAM   BANK0   BANK1   BANK2   BANK3   BANK4   BANK5
      Params:         6       0       0       0       0       0       0
      Locals:         6       0       0       0       0       0       0
      Temps:          3       0       0       0       0       0       0
      Totals:        15       0       0       0       0       0       0
Total ram usage:       15 bytes
 Hardware stack levels used:    1
 Hardware stack levels required when called:    4
 This function calls:
		Nothing
 This function is called by:
		_printf
 This function uses a non-reentrant model


 *************** function __div_to_l_ *****************
 Defined at:
		line 60 in file "C:\Program Files (x86)\Microchip\xc8\v1.33\sources\common\fldivl.c"
 Parameters:    Size  Location     Type
  f1              3   22[COMRAM] unsigned long 
  f2              3   25[COMRAM] unsigned long 
 Auto vars:     Size  Location     Type
  quot            4   32[COMRAM] unsigned long 
  exp1            1   37[COMRAM] unsigned char 
  cntr            1   36[COMRAM] unsigned char 
 Return value:  Size  Location     Type
                  4   22[COMRAM] unsigned long 
 Registers used:
		wreg, status,2, status,0
 Tracked objects:
		On entry : 
		On exit  : 
		Unchanged: 
 Data sizes:     COMRAM   BANK0   BANK1   BANK2   BANK3   BANK4   BANK5
      Params:         6       0       0       0       0       0       0
      Locals:         6       0       0       0       0       0       0
      Temps:          4       0       0       0       0       0       0
      Totals:        16       0       0       0       0       0       0
Total ram usage:       16 bytes
 Hardware stack levels used:    1
 Hardware stack levels required when called:    4
 This function calls:
		Nothing
 This function is called by:
		_printf
 This function uses a non-reentrant model


 *************** function ___lltoft *****************
 Defined at:
		line 35 in file "C:\Program Files (x86)\Microchip\xc8\v1.33\sources\common\lltoft.c"
 Parameters:    Size  Location     Type
  c               4   30[COMRAM] unsigned long 
 Auto vars:     Size  Location     Type
  exp             1   38[COMRAM] unsigned char 
 Return value:  Size  Location     Type
                  3   30[COMRAM] float 
 Registers used:
		wreg, status,2, status,0, cstack
 Tracked objects:
		On entry : 
		On exit  : 
		Unchanged: 
 Data sizes:     COMRAM   BANK0   BANK1   BANK2   BANK3   BANK4   BANK5
      Params:         4       0       0       0       0       0       0
      Locals:         1       0       0       0       0       0       0
      Temps:          4       0       0       0       0       0       0
      Totals:         9       0       0       0       0       0       0
Total ram usage:        9 bytes
 Hardware stack levels used:    1
 Hardware stack levels required when called:    5
 This function calls:
		___ftpack
 This function is called by:
		_printf
 This function uses a non-reentrant model


 *************** function ___llmod *****************
 Defined at:
		line 8 in file "C:\Program Files (x86)\Microchip\xc8\v1.33\sources\common\llmod.c"
 Parameters:    Size  Location     Type
  dividend        4   35[COMRAM] unsigned long 
  divisor         4   39[COMRAM] unsigned long 
 Auto vars:     Size  Location     Type
  counter         1   43[COMRAM] unsigned char 
 Return value:  Size  Location     Type
                  4   35[COMRAM] unsigned long 
 Registers used:
		wreg, status,2, status,0
 Tracked objects:
		On entry : 
		On exit  : 
		Unchanged: 
 Data sizes:     COMRAM   BANK0   BANK1   BANK2   BANK3   BANK4   BANK5
      Params:         8       0       0       0       0       0       0
      Locals:         1       0       0       0       0       0       0
      Temps:          0       0       0       0       0       0       0
      Totals:         9       0       0       0       0       0       0
Total ram usage:        9 bytes
 Hardware stack levels used:    1
 Hardware stack levels required when called:    4
 This function calls:
		Nothing
 This function is called by:
		_printf
 This function uses a non-reentrant model


 *************** function ___lldiv *****************
 Defined at:
		line 8 in file "C:\Program Files (x86)\Microchip\xc8\v1.33\sources\common\lldiv.c"
 Parameters:    Size  Location     Type
  dividend        4   22[COMRAM] unsigned long 
  divisor         4   26[COMRAM] unsigned long 
 Auto vars:     Size  Location     Type
  quotient        4   30[COMRAM] unsigned long 
  counter         1   34[COMRAM] unsigned char 
 Return value:  Size  Location     Type
                  4   22[COMRAM] unsigned long 
 Registers used:
		wreg, status,2, status,0
 Tracked objects:
		On entry : 
		On exit  : 
		Unchanged: 
 Data sizes:     COMRAM   BANK0   BANK1   BANK2   BANK3   BANK4   BANK5
      Params:         8       0       0       0       0       0       0
      Locals:         5       0       0       0       0       0       0
      Temps:          0       0       0       0       0       0       0
      Totals:        13       0       0       0       0       0       0
Total ram usage:       13 bytes
 Hardware stack levels used:    1
 Hardware stack levels required when called:    4
 This function calls:
		Nothing
 This function is called by:
		_printf
 This function uses a non-reentrant model


 *************** function ___fttol *****************
 Defined at:
		line 44 in file "C:\Program Files (x86)\Microchip\xc8\v1.33\sources\common\fttol.c"
 Parameters:    Size  Location     Type
  f1              3   19[BANK0 ] float 
 Auto vars:     Size  Location     Type
  lval            4   29[BANK0 ] unsigned long 
  exp1            1   33[BANK0 ] unsigned char 
  sign1           1   28[BANK0 ] unsigned char 
 Return value:  Size  Location     Type
                  4   19[BANK0 ] long 
 Registers used:
		wreg, status,2, status,0
 Tracked objects:
		On entry : 
		On exit  : 
		Unchanged: 
 Data sizes:     COMRAM   BANK0   BANK1   BANK2   BANK3   BANK4   BANK5
      Params:         0       4       0       0       0       0       0
      Locals:         0       6       0       0       0       0       0
      Temps:          0       5       0       0       0       0       0
      Totals:         0      15       0       0       0       0       0
Total ram usage:       15 bytes
 Hardware stack levels used:    1
 Hardware stack levels required when called:    4
 This function calls:
		Nothing
 This function is called by:
		_printf
 This function uses a non-reentrant model


 *************** function ___ftneg *****************
 Defined at:
		line 15 in file "C:\Program Files (x86)\Microchip\xc8\v1.33\sources\common\ftneg.c"
 Parameters:    Size  Location     Type
  f1              3   22[COMRAM] float 
 Auto vars:     Size  Location     Type
		None
 Return value:  Size  Location     Type
                  3   22[COMRAM] float 
 Registers used:
		wreg, status,2, status,0
 Tracked objects:
		On entry : 
		On exit  : 
		Unchanged: 
 Data sizes:     COMRAM   BANK0   BANK1   BANK2   BANK3   BANK4   BANK5
      Params:         3       0       0       0       0       0       0
      Locals:         0       0       0       0       0       0       0
      Temps:          0       0       0       0       0       0       0
      Totals:         3       0       0       0       0       0       0
Total ram usage:        3 bytes
 Hardware stack levels used:    1
 Hardware stack levels required when called:    4
 This function calls:
		Nothing
 This function is called by:
		_printf
 This function uses a non-reentrant model


 *************** function _Temp_Fault *****************
 Defined at:
		line 12 in file "Tempeture.c"
 Parameters:    Size  Location     Type
		None
 Auto vars:     Size  Location     Type
  i               2    1[BANK0 ] int 
  fault           1    0[BANK0 ] unsigned char 
 Return value:  Size  Location     Type
                  1    wreg      unsigned char 
 Registers used:
		wreg, fsr2l, fsr2h, status,2, status,0, prodl, prodh, cstack
 Tracked objects:
		On entry : 
		On exit  : 
		Unchanged: 
 Data sizes:     COMRAM   BANK0   BANK1   BANK2   BANK3   BANK4   BANK5
      Params:         0       0       0       0       0       0       0
      Locals:         0       3       0       0       0       0       0
      Temps:          0       0       0       0       0       0       0
      Totals:         0       3       0       0       0       0       0
Total ram usage:        3 bytes
 Hardware stack levels used:    1
 Hardware stack levels required when called:    5
 This function calls:
		___ftge
		___wmul
 This function is called by:
		_main
 This function uses a non-reentrant model


 *************** function _Temp_Convert *****************
 Defined at:
		line 50 in file "Tempeture.c"
 Parameters:    Size  Location     Type
		None
 Auto vars:     Size  Location     Type
  steinhart       3   57[BANK0 ] float 
  x               2   55[BANK0 ] int 
 Return value:  Size  Location     Type
		None               void
 Registers used:
		wreg, fsr1l, fsr1h, fsr2l, fsr2h, status,2, status,0, tblptrl, tblptrh, tblptru, prodl, prodh, cstack
 Tracked objects:
		On entry : 
		On exit  : 
		Unchanged: 
 Data sizes:     COMRAM   BANK0   BANK1   BANK2   BANK3   BANK4   BANK5
      Params:         0       0       0       0       0       0       0
      Locals:         0       9       0       0       0       0       0
      Temps:          0       2       0       0       0       0       0
      Totals:         0      11       0       0       0       0       0
Total ram usage:       11 bytes
 Hardware stack levels used:    1
 Hardware stack levels required when called:    8
 This function calls:
		_Temp_Filter
		___awdiv
		___awtoft
		___ftadd
		___ftdiv
		___ftmul
		___ftsub
		___wmul
		_log
 This function is called by:
		_main
 This function uses a non-reentrant model


 *************** function _log *****************
 Defined at:
		line 5 in file "C:\Program Files (x86)\Microchip\xc8\v1.33\sources\common\log.c"
 Parameters:    Size  Location     Type
[...]
 Parameters:    Size  Location     Type
  f1              3   22[BANK0 ] float 
  f2              3   25[BANK0 ] float 
 Auto vars:     Size  Location     Type
  exp1            1   33[BANK0 ] unsigned char 
  exp2            1   32[BANK0 ] unsigned char 
  sign            1   31[BANK0 ] unsigned char 
 Return value:  Size  Location     Type
                  3   22[BANK0 ] float 
 Registers used:
		wreg, status,2, status,0, cstack
 Tracked objects:
		On entry : 
		On exit  : 
		Unchanged: 
 Data sizes:     COMRAM   BANK0   BANK1   BANK2   BANK3   BANK4   BANK5
      Params:         0       6       0       0       0       0       0
      Locals:         0       3       0       0       0       0       0
      Temps:          0       3       0       0       0       0       0
      Totals:         0      12       0       0       0       0       0
Total ram usage:       12 bytes
 Hardware stack levels used:    1
 Hardware stack levels required when called:    5
 This function calls:
		___ftpack
 This function is called by:
		_Battery_Filter
		_Temp_Filter
		_Temp_Convert
		_printf
		___ftsub
		_log
		_eval_poly
 This function uses a non-reentrant model


 *************** function ___ftpack *****************
 Defined at:
		line 62 in file "C:\Program Files (x86)\Microchip\xc8\v1.33\sources\common\float.c"
 Parameters:    Size  Location     Type
  arg             3   22[COMRAM] unsigned um
  exp             1   25[COMRAM] unsigned char 
  sign            1   26[COMRAM] unsigned char 
 Auto vars:     Size  Location     Type
		None
 Return value:  Size  Location     Type
                  3   22[COMRAM] float 
 Registers used:
		wreg, status,2, status,0
 Tracked objects:
		On entry : 
		On exit  : 
		Unchanged: 
 Data sizes:     COMRAM   BANK0   BANK1   BANK2   BANK3   BANK4   BANK5
      Params:         5       0       0       0       0       0       0
      Locals:         0       0       0       0       0       0       0
      Temps:          3       0       0       0       0       0       0
      Totals:         8       0       0       0       0       0       0
Total ram usage:        8 bytes
 Hardware stack levels used:    1
 Hardware stack levels required when called:    4
 This function calls:
		Nothing
 This function is called by:
		___awtoft
		___ftadd
		___ftdiv
		___ftmul
		___lltoft
 This function uses a non-reentrant model


 *************** function _INTERRUPT_InterruptManager *****************
 Defined at:
		line 69 in file "mcc_generated_files/interrupt_manager.c"
 Parameters:    Size  Location     Type
		None
 Auto vars:     Size  Location     Type
		None
 Return value:  Size  Location     Type
		None               void
 Registers used:
		wreg, fsr2l, fsr2h, status,2, status,0, prodl, prodh, cstack
 Tracked objects:
		On entry : 
		On exit  : 
		Unchanged: 
 Data sizes:     COMRAM   BANK0   BANK1   BANK2   BANK3   BANK4   BANK5
      Params:         0       0       0       0       0       0       0
      Locals:         0       0       0       0       0       0       0
      Temps:         14       0       0       0       0       0       0
      Totals:        14       0       0       0       0       0       0
Total ram usage:       14 bytes
 Hardware stack levels used:    1
 Hardware stack levels required when called:    3
 This function calls:
		_ADC_ISR
		_EUSART1_Receive_ISR
		_EUSART1_Transmit_ISR
		_TMR1_ISR
 This function is called by:
		Interrupt level 2
 This function uses a non-reentrant model


 *************** function _TMR1_ISR *****************
 Defined at:
		line 109 in file "mcc_generated_files/tmr1.c"
 Parameters:    Size  Location     Type
		None
 Auto vars:     Size  Location     Type
		None
 Return value:  Size  Location     Type
		None               void
 Registers used:
		wreg, status,2, status,0, cstack
 Tracked objects:
		On entry : 
		On exit  : 
		Unchanged: 
 Data sizes:     COMRAM   BANK0   BANK1   BANK2   BANK3   BANK4   BANK5
      Params:         0       0       0       0       0       0       0
      Locals:         0       0       0       0       0       0       0
      Temps:          3       0       0       0       0       0       0
      Totals:         3       0       0       0       0       0       0
Total ram usage:        3 bytes
 Hardware stack levels used:    1
 Hardware stack levels required when called:    2
 This function calls:
		_Battery_Read
		_Temp_Read
 This function is called by:
		_INTERRUPT_InterruptManager
 This function uses a non-reentrant model


 *************** function _Temp_Read *****************
 Defined at:
		line 27 in file "Tempeture.c"
 Parameters:    Size  Location     Type
		None
 Auto vars:     Size  Location     Type
		None
 Return value:  Size  Location     Type
                  2   26[COMRAM] int 
 Registers used:
		wreg, status,2, status,0, cstack
 Tracked objects:
		On entry : 
		On exit  : 
		Unchanged: 
 Data sizes:     COMRAM   BANK0   BANK1   BANK2   BANK3   BANK4   BANK5
      Params:         0       0       0       0       0       0       0
      Locals:         0       0       0       0       0       0       0
      Temps:          0       0       0       0       0       0       0
      Totals:         0       0       0       0       0       0       0
Total ram usage:        0 bytes
 Hardware stack levels used:    1
 Hardware stack levels required when called:    1
 This function calls:
		_ADC_StartConversion
 This function is called by:
		_TMR1_ISR
 This function uses a non-reentrant model


 *************** function _Battery_Read *****************
 Defined at:
		line 12 in file "Battery.c"
 Parameters:    Size  Location     Type
		None
 Auto vars:     Size  Location     Type
		None
 Return value:  Size  Location     Type
                  2   24[COMRAM] int 
 Registers used:
		wreg, status,2, status,0, cstack
 Tracked objects:
		On entry : 
		On exit  : 
		Unchanged: 
 Data sizes:     COMRAM   BANK0   BANK1   BANK2   BANK3   BANK4   BANK5
      Params:         0       0       0       0       0       0       0
      Locals:         0       0       0       0       0       0       0
      Temps:          0       0       0       0       0       0       0
      Totals:         0       0       0       0       0       0       0
Total ram usage:        0 bytes
 Hardware stack levels used:    1
 Hardware stack levels required when called:    1
 This function calls:
		_ADC_StartConversion
 This function is called by:
		_TMR1_ISR
 This function uses a non-reentrant model


 *************** function _EUSART1_Transmit_ISR *****************
 Defined at:
		line 173 in file "mcc_generated_files/eusart1.c"
 Parameters:    Size  Location     Type
		None
 Auto vars:     Size  Location     Type
		None
 Return value:  Size  Location     Type
		None               void
 Registers used:
		wreg, fsr2l, fsr2h, status,2, status,0, prodl, prodh
 Tracked objects:
		On entry : 
		On exit  : 
		Unchanged: 
 Data sizes:     COMRAM   BANK0   BANK1   BANK2   BANK3   BANK4   BANK5
      Params:         0       0       0       0       0       0       0
      Locals:         0       0       0       0       0       0       0
      Temps:          0       0       0       0       0       0       0
      Totals:         0       0       0       0       0       0       0
Total ram usage:        0 bytes
 Hardware stack levels used:    1
 This function calls:
		Nothing
 This function is called by:
		_INTERRUPT_InterruptManager
 This function uses a non-reentrant model


 *************** function _EUSART1_Receive_ISR *****************
 Defined at:
		line 192 in file "mcc_generated_files/eusart1.c"
 Parameters:    Size  Location     Type
		None
 Auto vars:     Size  Location     Type
		None
 Return value:  Size  Location     Type
		None               void
 Registers used:
		wreg, fsr2l, fsr2h, status,2, status,0, prodl, prodh
 Tracked objects:
		On entry : 
		On exit  : 
		Unchanged: 
 Data sizes:     COMRAM   BANK0   BANK1   BANK2   BANK3   BANK4   BANK5
      Params:         0       0       0       0       0       0       0
      Locals:         0       0       0       0       0       0       0
      Temps:          0       0       0       0       0       0       0
      Totals:         0       0       0       0       0       0       0
Total ram usage:        0 bytes
 Hardware stack levels used:    1
 This function calls:
		Nothing
 This function is called by:
		_INTERRUPT_InterruptManager
 This function uses a non-reentrant model


 *************** function _ADC_ISR *****************
 Defined at:
		line 82 in file "mcc_generated_files/adc.c"
 Parameters:    Size  Location     Type
		None
 Auto vars:     Size  Location     Type
  ADC_Result      2    6[COMRAM] int 
 Return value:  Size  Location     Type
		None               void
 Registers used:
		wreg, fsr2l, fsr2h, status,2, status,0, cstack
 Tracked objects:
		On entry : 
		On exit  : 
		Unchanged: 
 Data sizes:     COMRAM   BANK0   BANK1   BANK2   BANK3   BANK4   BANK5
      Params:         0       0       0       0       0       0       0
      Locals:         2       0       0       0       0       0       0
      Temps:          2       0       0       0       0       0       0
      Totals:         4       0       0       0       0       0       0
Total ram usage:        4 bytes
 Hardware stack levels used:    1
 Hardware stack levels required when called:    1
 This function calls:
		_ADC_GetConversionResult
		_ADC_StartConversion
		_Set_4051
 This function is called by:
		_INTERRUPT_InterruptManager
 This function uses a non-reentrant model


 *************** function _Set_4051 *****************
 Defined at:
		line 7 in file "Functions.c"
 Parameters:    Size  Location     Type
  Channel         2    0[COMRAM] int 
 Auto vars:     Size  Location     Type
		None
 Return value:  Size  Location     Type
		None               void
 Registers used:
		wreg, status,2, status,0
 Tracked objects:
		On entry : 
		On exit  : 
		Unchanged: 
 Data sizes:     COMRAM   BANK0   BANK1   BANK2   BANK3   BANK4   BANK5
      Params:         2       0       0       0       0       0       0
      Locals:         0       0       0       0       0       0       0
      Temps:          2       0       0       0       0       0       0
      Totals:         4       0       0       0       0       0       0
Total ram usage:        4 bytes
 Hardware stack levels used:    1
 This function calls:
		Nothing
 This function is called by:
		_ADC_ISR
 This function uses a non-reentrant model


 *************** function _ADC_StartConversion *****************
 Defined at:
		line 36 in file "mcc_generated_files/adc.c"
 Parameters:    Size  Location     Type
  channel         1    wreg     enum E8837
 Auto vars:     Size  Location     Type
  channel         1    1[COMRAM] enum E8837
 Return value:  Size  Location     Type
		None               void
 Registers used:
		wreg, status,2, status,0
 Tracked objects:
		On entry : 
		On exit  : 
		Unchanged: 
 Data sizes:     COMRAM   BANK0   BANK1   BANK2   BANK3   BANK4   BANK5
      Params:         0       0       0       0       0       0       0
      Locals:         1       0       0       0       0       0       0
      Temps:          1       0       0       0       0       0       0
      Totals:         2       0       0       0       0       0       0
Total ram usage:        2 bytes
 Hardware stack levels used:    1
 This function calls:
		Nothing
 This function is called by:
		_ADC_ISR
		_Battery_Read
		_Temp_Read
 This function uses a non-reentrant model


 *************** function _ADC_GetConversionResult *****************
 Defined at:
		line 55 in file "mcc_generated_files/adc.c"
 Parameters:    Size  Location     Type
		None
 Auto vars:     Size  Location     Type
		None
 Return value:  Size  Location     Type
                  2    0[COMRAM] unsigned int 
 Registers used:
		wreg, status,2, status,0
 Tracked objects:
		On entry : 
		On exit  : 
		Unchanged: 
 Data sizes:     COMRAM   BANK0   BANK1   BANK2   BANK3   BANK4   BANK5
      Params:         2       0       0       0       0       0       0
      Locals:         0       0       0       0       0       0       0
      Temps:          2       0       0       0       0       0       0
      Totals:         4       0       0       0       0       0       0
Total ram usage:        4 bytes
 Hardware stack levels used:    1
 This function calls:
		Nothing
 This function is called by:
		_ADC_ISR
 This function uses a non-reentrant model



MODULE INFORMATION

Module		Function		Class		Link	Load	Size
C:\Program Files (x86)\Microchip\xc8\v1.33\sources\common\ftneg.c
		___ftneg       		CODE           	3688	0000	38

C:\Program Files (x86)\Microchip\xc8\v1.33\sources\common\ftneg.c estimated size: 38

C:\Program Files (x86)\Microchip\xc8\v1.33\sources\common\ftge.c
		___ftge        		CODE           	31BE	0000	144

C:\Program Files (x86)\Microchip\xc8\v1.33\sources\common\ftge.c estimated size: 144

C:\Program Files (x86)\Microchip\xc8\v1.33\sources\common\doprnt.c
		_scale         		CODE           	1408	0000	1142
		_printf        		CODE           	06B8	0000	2184
		_fround        		CODE           	187E	0000	666

C:\Program Files (x86)\Microchip\xc8\v1.33\sources\common\doprnt.c estimated size: 3992

C:\Program Files (x86)\Microchip\xc8\v1.33\sources\common\ftsub.c
		___ftsub       		CODE           	34E8	0000	60

C:\Program Files (x86)\Microchip\xc8\v1.33\sources\common\ftsub.c estimated size: 60

C:\Program Files (x86)\Microchip\xc8\v1.33\sources\common\float.c
		___ftpack      		CODE           	2F50	0000	168

C:\Program Files (x86)\Microchip\xc8\v1.33\sources\common\float.c estimated size: 168

C:\Program Files (x86)\Microchip\xc8\v1.33\sources\common\evalpoly.c
		_eval_poly     		CODE           	2A70	0000	234

C:\Program Files (x86)\Microchip\xc8\v1.33\sources\common\evalpoly.c estimated size: 234

C:\Program Files (x86)\Microchip\xc8\v1.33\sources\common\ftdivl.c
		__tdiv_to_l_   		CODE           	284C	0000	306

C:\Program Files (x86)\Microchip\xc8\v1.33\sources\common\ftdivl.c estimated size: 306

mcc_generated_files/interrupt_manager.c
		_INTERRUPT_Init		CODE           	3794	0000	12
		_INTERRUPT_Inte		CODE           	0008	0000	160

mcc_generated_files/interrupt_manager.c estimated size: 172

C:\Program Files (x86)\Microchip\xc8\v1.33\sources\common\awmod.c
		___awmod       		CODE           	312E	0000	144

C:\Program Files (x86)\Microchip\xc8\v1.33\sources\common\awmod.c estimated size: 144

C:\Program Files (x86)\Microchip\xc8\v1.33\sources\common\log.c
		_log           		CODE           	240C	0000	366

C:\Program Files (x86)\Microchip\xc8\v1.33\sources\common\log.c estimated size: 366

C:\Program Files (x86)\Microchip\xc8\v1.33\sources\common\Umul16.c
		___wmul        		CODE           	36AE	0000	38

C:\Program Files (x86)\Microchip\xc8\v1.33\sources\common\Umul16.c estimated size: 38

C:\Program Files (x86)\Microchip\xc8\v1.33\sources\common\llmod.c
		___llmod       		CODE           	3346	0000	102

C:\Program Files (x86)\Microchip\xc8\v1.33\sources\common\llmod.c estimated size: 102

mcc_generated_files/pin_manager.c
		_PIN_MANAGER_In		CODE           	3408	0000	78

mcc_generated_files/pin_manager.c estimated size: 78

C:\Program Files (x86)\Microchip\xc8\v1.33\sources\common\frexp.c
		_frexp         		CODE           	309C	0000	146

C:\Program Files (x86)\Microchip\xc8\v1.33\sources\common\frexp.c estimated size: 146

Tempeture.c
		_Temp_Filter   		CODE           	211C	0000	376
		_Temp_Convert  		CODE           	1D98	0000	520
		_Temp_Read     		CODE           	3742	0000	24
		_Temp_Fault    		CODE           	32D0	0000	118

Tempeture.c estimated size: 1038

Bypass.c
		_SetBypas      		CODE           	297E	0000	242
		_RunBypas      		CODE           	2B5A	0000	232

Bypass.c estimated size: 474

mcc_generated_files/adc.c
		_ADC_Initialize		CODE           	372A	0000	24
		_ADC_GetConvers		CODE           	3772	0000	20
		_ADC_StartConve		CODE           	3710	0000	26
		_ADC_ISR       		CODE           	0F40	0000	1224

mcc_generated_files/adc.c estimated size: 1294

C:\Program Files (x86)\Microchip\xc8\v1.33\sources\common\ftmul.c
		___ftmul       		CODE           	257A	0000	362

C:\Program Files (x86)\Microchip\xc8\v1.33\sources\common\ftmul.c estimated size: 362

C:\Program Files (x86)\Microchip\xc8\v1.33\sources\common\ftdiv.c
		___ftdiv       		CODE           	2C42	0000	226

C:\Program Files (x86)\Microchip\xc8\v1.33\sources\common\ftdiv.c estimated size: 226

C:\Program Files (x86)\Microchip\xc8\v1.33\sources\common\fldivl.c
		__div_to_l_    		CODE           	26E4	0000	360

C:\Program Files (x86)\Microchip\xc8\v1.33\sources\common\fldivl.c estimated size: 360

C:\Program Files (x86)\Microchip\xc8\v1.33\sources\common\awdiv.c
		___awdiv       		CODE           	2FF8	0000	164

C:\Program Files (x86)\Microchip\xc8\v1.33\sources\common\awdiv.c estimated size: 164

Functions.c
		_Set_4051      		CODE           	365A	0000	46

Functions.c estimated size: 46

Main.c
		_main          		CODE           	2D24	0000	188

Main.c estimated size: 188

C:\Program Files (x86)\Microchip\xc8\v1.33\sources\common\lldiv.c
		___lldiv       		CODE           	324E	0000	130

C:\Program Files (x86)\Microchip\xc8\v1.33\sources\common\lldiv.c estimated size: 130

shared
		__stringdata   		SMALLCONST     	0692	0000	36
		__powers_      		SMALLCONST     	0650	0000	39
		_dpowers       		SMALLCONST     	0601	0000	40
		__npowers_     		SMALLCONST     	0629	0000	39
		__initializatio		CODE           	362C	0000	36
		log@coeff      		SMALLCONST     	0677	0000	27

shared estimated size: 217

mcc_generated_files/eusart1.c
		_EUSART1_Initia		CODE           	3524	0000	60
		_putch         		CODE           	37A0	0000	10
		_EUSART1_Write 		CODE           	3560	0000	58
		_EUSART1_Receiv		CODE           	35FC	0000	48
		_EUSART1_Transm		CODE           	35CC	0000	48

mcc_generated_files/eusart1.c estimated size: 224

mcc_generated_files/mcc.c
		_OSCILLATOR_Ini		CODE           	3786	0000	14
		_SYSTEM_Initial		CODE           	36F6	0000	26

mcc_generated_files/mcc.c estimated size: 40

C:\Program Files (x86)\Microchip\xc8\v1.33\sources\common\fttol.c
		___fttol       		CODE           	1FA0	0000	380

C:\Program Files (x86)\Microchip\xc8\v1.33\sources\common\fttol.c estimated size: 380

C:\Program Files (x86)\Microchip\xc8\v1.33\sources\common\awtoft.c
		___awtoft      		CODE           	34A0	0000	72

C:\Program Files (x86)\Microchip\xc8\v1.33\sources\common\awtoft.c estimated size: 72

mcc_generated_files/tmr1.c
		_TMR1_Initializ		CODE           	36D4	0000	34
		_TMR1_StartTime		CODE           	37AA	0000	4
		_TMR1_ISR      		CODE           	3456	0000	74

mcc_generated_files/tmr1.c estimated size: 112

Battery.c
		_Battery_Conver		CODE           	2E9A	0000	182
		_Battery_Get   		CODE           	359A	0000	50
		_Battery_Read  		CODE           	375A	0000	24
		_Battery_Fault 		CODE           	2DE0	0000	186
		_Battery_Filter		CODE           	2294	0000	376

Battery.c estimated size: 818

C:\Program Files (x86)\Microchip\xc8\v1.33\sources\common\ftadd.c
		___ftadd       		CODE           	1B18	0000	640

C:\Program Files (x86)\Microchip\xc8\v1.33\sources\common\ftadd.c estimated size: 640

C:\Program Files (x86)\Microchip\xc8\v1.33\sources\common\lltoft.c
		___lltoft      		CODE           	33AC	0000	92

C:\Program Files (x86)\Microchip\xc8\v1.33\sources\common\lltoft.c estimated size: 92

