Microchip MPLAB XC8 Compiler V1.33 ()

Linker command line:

--edf=C:\Program Files (x86)\Microchip\xc8\v1.33\dat\en_msgs.txt -cs \
  -h+dist/default/production\BMS-HV.X.production.sym \
  --cmf=dist/default/production\BMS-HV.X.production.cmf -z -Q18F45K22 \
  -oC:\Users\Rick\AppData\Local\Temp\s6kk.6 \
  -Mdist/default/production/BMS-HV.X.production.map -E1 -ver=XC8 \
  -ASTACK=01AAh-05ffh -pstack=STACK -ACODE=00h-07FFFh -ACONST=00h-07FFFh \
  -ASMALLCONST=0600h-06FFhx122 -AMEDIUMCONST=0600h-07FFFh -ACOMRAM=01h-05Fh \
  -AABS1=00h-05FFh -ABIGRAM=01h-05FFh -ARAM=060h-0FFh,0100h-01FFhx5 \
  -ABANK0=060h-0FFh -ABANK1=0100h-01FFh -ABANK2=0200h-02FFh \
  -ABANK3=0300h-03FFh -ABANK4=0400h-04FFh -ABANK5=0500h-05FFh \
  -ASFR=0F38h-0F5Fh,0F60h-0FFFh \
  -preset_vec=00h,intcode=08h,intcodelo,powerup,init,end_init \
  -pramtop=0600h -psmallconst=SMALLCONST -pmediumconst=MEDIUMCONST \
  -pconst=CONST -AFARRAM=00h-00h -ACONFIG=0300000h-030000Dh -pconfig=CONFIG \
  -AIDLOC=0200000h-0200007h -pidloc=IDLOC -AEEDATA=0F00000h-0F000FFh \
  -peeprom_data=EEDATA \
  -prdata=COMRAM,nvrram=COMRAM,nvbit=COMRAM,rbss=COMRAM,rbit=COMRAM \
  -pfarbss=FARRAM,fardata=FARRAM,nvFARRAM=FARRAM \
  -pintsave_regs=BIGRAM,bigbss=BIGRAM,bigdata=BIGRAM -pbss=RAM \
  -pidata=CODE,irdata=CODE,ibigdata=CODE,ifardata=CODE \
  C:\Users\Rick\AppData\Local\Temp\s6kk.obj \
  dist/default/production\BMS-HV.X.production.obj 

Object code version is 3.11

Machine type is 18F45K22

Call graph: (short form)




                Name                               Link     Load   Length Selector   Space Scale
C:\Users\Rick\AppData\Local\Temp\s6kk.obj
                end_init                             A8       A8        4        4       0
                reset_vec                             0        0        4        0       0
                idloc                            200000   200000        8   200000       0
                config                           300000   300000        E   300000       0
dist/default/production\BMS-HV.X.production.obj
                intcode                               8        8       A0        4       0
                smallconst                          600      600       1E      300       0
                text38                             1F7E     1F7E       14      30F       0
                text37                             1F4C     1F4C       1A      30F       0
                text36                             1EA2     1EA2       2E      30F       0
                text35                              61E      61E      4C8      30F       0
                text34                             1E44     1E44       30      30F       0
                text33                             1E14     1E14       30      30F       0
                text32                             1FB0     1FB0        4      30F       0
                text31                             1F32     1F32       1A      30F       0
                text29                             19CA     19CA       A8      30F       0
                text28                              AE6      AE6      268      30F       0
                text27                             1392     1392      122      30F       0
                text26                             1ED0     1ED0       26      30F       0
                text25                             10C0     10C0      170      30F       0
                text24                             1A72     1A72       A4      30F       0
                text23                             1CF0     1CF0       48      30F       0
                text22                             177A     177A       D8      30F       0
                text21                             1BA8     1BA8       90      30F       0
                text20                             191C     191C       AE      30F       0
                text19                             1DE2     1DE2       32      30F       0
                text18                             15A6     15A6       F2      30F       0
                text17                             1852     1852       CA      30F       0
                text16                             1F66     1F66       18      30F       0
                text15                             1D74     1D74       3C      30F       0
                text14                             1FA0     1FA0        C      30F       0
                text13                             1F92     1F92        E      30F       0
                text12                             1CA2     1CA2       4E      30F       0
                text11                             1FAC     1FAC        4      30F       0
                text10                             1EF6     1EF6       22      30F       0
                text9                              1F18     1F18       1A      30F       0
                text8                               F50      F50      170      30F       0
                text7                              1698     1698       E2      30F       0
                text6                              1D38     1D38       3C      30F       0
                text5                              14B4     14B4       F2      30F       0
                text4                              1B16     1B16       92      30F       0
                text3                              1230     1230      162      30F       0
                text2                               D4E      D4E      202      30F       0
                text1                              1C38     1C38       6A      30F       0
                text0                              1DB0     1DB0       32      30F       0
                cstackCOMRAM                          1        1       34        1       1
                cstackBANK0                          CA       CA       30       60       1
                bssBANK1                            100      100       AA      100       1
                bssBANK0                             60       60       6A       60       1
                bssCOMRAM                            35       35       11        1       1
                cinit                              1E74     1E74       2E      30F       0
                nvCOMRAM                             46       46        3        1       1

TOTAL           Name                               Link     Load   Length     Space
        CLASS   STACK          

        CLASS   CODE           
                end_init                             A8       A8        4         0
                intcode                               8        8       A0         0
                reset_vec                             0        0        4         0
                text38                             1F7E     1F7E       14         0
                text37                             1F4C     1F4C       1A         0
                text36                             1EA2     1EA2       2E         0
                text35                              61E      61E      4C8         0
                text34                             1E44     1E44       30         0
                text33                             1E14     1E14       30         0
                text32                             1FB0     1FB0        4         0
                text31                             1F32     1F32       1A         0
                text29                             19CA     19CA       A8         0
                text28                              AE6      AE6      268         0
                text27                             1392     1392      122         0
                text26                             1ED0     1ED0       26         0
                text25                             10C0     10C0      170         0
                text24                             1A72     1A72       A4         0
                text23                             1CF0     1CF0       48         0
                text22                             177A     177A       D8         0
                text21                             1BA8     1BA8       90         0
                text20                             191C     191C       AE         0
                text19                             1DE2     1DE2       32         0
                text18                             15A6     15A6       F2         0
                text17                             1852     1852       CA         0
                text16                             1F66     1F66       18         0
                text15                             1D74     1D74       3C         0
                text14                             1FA0     1FA0        C         0
                text13                             1F92     1F92        E         0
                text12                             1CA2     1CA2       4E         0
                text11                             1FAC     1FAC        4         0
                text10                             1EF6     1EF6       22         0
                text9                              1F18     1F18       1A         0
                text8                               F50      F50      170         0
                text7                              1698     1698       E2         0
                text6                              1D38     1D38       3C         0
                text5                              14B4     14B4       F2         0
                text4                              1B16     1B16       92         0
                text3                              1230     1230      162         0
                text2                               D4E      D4E      202         0
                text1                              1C38     1C38       6A         0
                text0                              1DB0     1DB0       32         0
                cinit                              1E74     1E74       2E         0

        CLASS   CONST          

        CLASS   SMALLCONST     
                smallconst                          600      600       1E         0

        CLASS   MEDIUMCONST    

        CLASS   COMRAM         
                cstackCOMRAM                          1        1       34         1
                bssCOMRAM                            35       35       11         1
                nvCOMRAM                             46       46        3         1

        CLASS   ABS1           

        CLASS   BIGRAM         

        CLASS   RAM            

        CLASS   BANK0          
                cstackBANK0                          CA       CA       30         1
                bssBANK0                             60       60       6A         1

        CLASS   BANK1          
                bssBANK1                            100      100       AA         1

        CLASS   BANK2          

        CLASS   BANK3          

        CLASS   BANK4          

        CLASS   BANK5          

        CLASS   SFR            

        CLASS   FARRAM         

        CLASS   CONFIG         
                config                           300000   300000        E         0

        CLASS   IDLOC          
                idloc                            200000   200000        8         0

        CLASS   EEDATA         



SEGMENTS        Name                           Load    Length   Top    Selector   Space  Class

                reset_vec                      000000  000004  000004         0       0  CODE    
                cstackCOMRAM                   000001  000048  000049         1       1  COMRAM  
                intcode                        000008  0000A4  0000AC         4       0  CODE    
                bssBANK0                       000060  00009A  0000FA        60       1  BANK0   
                bssBANK1                       000100  0000AA  0001AA       100       1  BANK1   
                smallconst                     000600  00001E  00061E       300       0  SMALLCON
                text35                         00061E  001996  001FB4       30F       0  CODE    
                idloc                          200000  000008  200008    200000       0  IDLOC   
                config                         300000  00000E  30000E    300000       0  CONFIG  


UNUSED ADDRESS RANGES

        Name                Unused          Largest block    Delta
        BANK0            0000FA-0000FF                6
        BANK1            0001AA-0001FF               56
        BANK2            000200-0002FF              100
        BANK3            000300-0003FF              100
        BANK4            000400-0004FF              100
        BANK5            000500-0005FF              100
        BIGRAM           000049-00005F               17
                         0000FA-0000FF                6
                         0001AA-0005FF              456
        CODE             000004-000007                4
                         0000AC-0005FF              554
                         001FB4-007FFF             604C
        COMRAM           000049-00005F               17
        CONST            000004-000007                4
                         0000AC-0005FF              554
                         001FB4-007FFF             604C
        EEDATA           F00000-F000FF              100
        MEDIUMCONST      001FB4-007FFF             604C
        RAM              0000FA-0000FF                6
                         0001AA-0005FF              100
        SFR              000F38-000FFF               28
        SMALLCONST       001FB4-007FFF              100
        STACK            0001AA-0005FF              456

                                  Symbol Table

?_ADC_GetConversionResult            cstackCOMRAM 000001
?_Battery_Get                        cstackCOMRAM 000025
?___awdiv                            cstackCOMRAM 000017
?___awtoft                           cstackCOMRAM 000025
?___ftadd                            cstackBANK0  0000D0
?___ftdiv                            cstackCOMRAM 00001F
?___ftmul                            cstackCOMRAM 000029
?___ftpack                           cstackCOMRAM 000017
?___ftsub                            cstackBANK0  0000D9
?___wmul                             cstackCOMRAM 00001F
?_eval_poly                          cstackBANK0  0000D9
?_frexp                              cstackCOMRAM 000017
?_log                                cstackBANK0  0000E5
ADC_ISR@ADC_Result                   cstackCOMRAM 000007
ADC_StartConversion@channel          cstackCOMRAM 000002
Battery_Convert@x                    cstackBANK0  0000DD
Battery_Fault@fault                  cstackCOMRAM 00002E
Battery_Fault@i                      cstackCOMRAM 00002F
Battery_Filter@x                     cstackBANK0  0000D9
Battery_Get@channelnum               cstackCOMRAM 000025
RunBypas@batvolt                     cstackCOMRAM 000030
RunBypas@cellbyp                     cstackCOMRAM 00002E
RunBypas@i                           cstackCOMRAM 000033
SetBypas@pin                         cstackCOMRAM 000017
SetBypas@state                       cstackCOMRAM 000019
Set_4051@Channel                     cstackCOMRAM 000001
Temp_Convert@steinhart               cstackBANK0  0000F2
Temp_Convert@x                       cstackBANK0  0000F0
Temp_Fault@fault                     cstackCOMRAM 00002E
Temp_Fault@i                         cstackCOMRAM 00002F
Temp_Filter@x                        cstackBANK0  0000D9
_ADCON0                              (abs)        000FC2
_ADCON0bits                          (abs)        000FC2
_ADCON1                              (abs)        000FC1
_ADCON2                              (abs)        000FC0
_ADC_Buffer_Point                    bssCOMRAM    00003D
_ADC_GetConversionResult             text38       001F7E
_ADC_ISR                             text35       00061E
_ADC_Initialize                      text16       001F66
_ADC_StartConversion                 text37       001F4C
_ADRESH                              (abs)        000FC4
_ADRESL                              (abs)        000FC3
_ANSELA                              (abs)        000F38
_ANSELB                              (abs)        000F39
_ANSELC                              (abs)        000F3A
_ANSELD                              (abs)        000F3B
_ANSELE                              (abs)        000F3C
_BAUD1CON                            (abs)        000FB8
_Battery_Adc                         bssBANK0     00009C
_Battery_Convert                     text22       00177A
_Battery_Fault                       text20       00191C
_Battery_Filter                      text25       0010C0
_Battery_Get                         text19       001DE2
_Battery_Volt                        bssBANK0     000060
_EUSART1_Initialize                  text15       001D74
_EUSART1_Receive_ISR                 text34       001E44
_EUSART1_Transmit_ISR                text33       001E14
_INTCON2bits                         (abs)        000FF1
_INTCONbits                          (abs)        000FF2
_INTERRUPT_Initialize                text14       001FA0
_INTERRUPT_InterruptManager          intcode      000008
_IPR1bits                            (abs)        000F9F
_LATA                                (abs)        000F89
_LATA0                               (abs)        007C48
_LATA4                               (abs)        007C4C
_LATA6                               (abs)        007C4E
_LATB                                (abs)        000F8A
_LATB0                               (abs)        007C50
_LATB1                               (abs)        007C51
_LATB3                               (abs)        007C53
_LATC                                (abs)        000F8B
_LATC0                               (abs)        007C58
_LATC1                               (abs)        007C59
_LATC4                               (abs)        007C5C
_LATC5                               (abs)        007C5D
_LATD                                (abs)        000F8C
_LATD1                               (abs)        007C61
_LATD2                               (abs)        007C62
_LATD3                               (abs)        007C63
_LATD5                               (abs)        007C65
_LATE                                (abs)        000F8D
_OSCCON                              (abs)        000FD3
_OSCCON2                             (abs)        000FD2
_OSCILLATOR_Initialize               text13       001F92
_OSCTUNE                             (abs)        000F9B
_PIE1bits                            (abs)        000F9D
_PIN_MANAGER_Initialize              text12       001CA2
_PIR1bits                            (abs)        000F9E
_PrevBattery_Volt                    bssBANK1     000132
_PrevTemp_DegF                       bssBANK1     000150
_RC1REG                              (abs)        000FAE
_RC1STA                              (abs)        000FAB
_RC1STAbits                          (abs)        000FAB
_RCONbits                            (abs)        000FD0
_RCREG1                              (abs)        000FAE
_RunBypas                            text17       001852
_SPBRG1                              (abs)        000FAF
_SPBRGH1                             (abs)        000FB0
_SYSTEM_Initialize                   text9        001F18
_SetBypas                            text18       0015A6
_Set_4051                            text36       001EA2
_T1CON                               (abs)        000FCD
_T1CONbits                           (abs)        000FCD
_T1GCON                              (abs)        000FCC
_T1GCONbits                          (abs)        000FCC
_TMR1                                (abs)        000FCE
_TMR1H                               (abs)        000FCF
_TMR1L                               (abs)        000FCE
_TMR1_CallBack                       text32       001FB0
_TMR1_ISR                            text31       001F32
_TMR1_Initialize                     text10       001EF6
_TMR1_StartTimer                     text11       001FAC
_TRISA                               (abs)        000F92
_TRISB                               (abs)        000F93
_TRISC                               (abs)        000F94
_TRISD                               (abs)        000F95
_TRISE                               (abs)        000F96
_TX1REG                              (abs)        000FAD
_TX1STA                              (abs)        000FAC
_TXREG1                              (abs)        000FAD
_TempBattery_Volt                    bssBANK1     00016E
_Temp_Adc                            bssBANK0     0000B6
_Temp_Aquire                         bssCOMRAM    00003F
_Temp_Convert                        text2        000D4E
_Temp_Convert$1594                   cstackBANK0  0000EC
_Temp_Convert$1595                   cstackBANK0  0000EE
_Temp_DegF                           bssBANK0     00007E
_Temp_Done                           bssBANK0     0000B0
_Temp_Fault                          text1        001C38
_Temp_Filter                         text8        000F50
_TmpTemp_DegF                        bssBANK1     00018C
_Volt_Aquire                         bssCOMRAM    000040
_Volt_Done                           bssBANK0     0000B2
_WPUB                                (abs)        000F61
__CFG_BOREN$SBORDIS                  (abs)        000000
__CFG_BORV$190                       (abs)        000000
__CFG_CCP2MX$PORTC1                  (abs)        000000
__CFG_CCP3MX$PORTB5                  (abs)        000000
__CFG_CP0$OFF                        (abs)        000000
__CFG_CP1$OFF                        (abs)        000000
__CFG_CP2$OFF                        (abs)        000000
__CFG_CP3$OFF                        (abs)        000000
__CFG_CPB$OFF                        (abs)        000000
__CFG_CPD$OFF                        (abs)        000000
__CFG_DEBUG$OFF                      (abs)        000000
__CFG_EBTR0$OFF                      (abs)        000000
__CFG_EBTR1$OFF                      (abs)        000000
__CFG_EBTR2$OFF                      (abs)        000000
__CFG_EBTR3$OFF                      (abs)        000000
__CFG_EBTRB$OFF                      (abs)        000000
__CFG_FCMEN$OFF                      (abs)        000000
__CFG_FOSC$INTIO67                   (abs)        000000
__CFG_HFOFST$ON                      (abs)        000000
__CFG_IESO$OFF                       (abs)        000000
__CFG_LVP$OFF                        (abs)        000000
__CFG_MCLRE$EXTMCLR                  (abs)        000000
__CFG_P2BMX$PORTD2                   (abs)        000000
__CFG_PBADEN$ON                      (abs)        000000
__CFG_PLLCFG$OFF                     (abs)        000000
__CFG_PRICLKEN$OFF                   (abs)        000000
__CFG_PWRTEN$OFF                     (abs)        000000
__CFG_STVREN$ON                      (abs)        000000
__CFG_T3CMX$PORTC0                   (abs)        000000
__CFG_WDTEN$OFF                      (abs)        000000
__CFG_WDTPS$32768                    (abs)        000000
__CFG_WRT0$OFF                       (abs)        000000
__CFG_WRT1$OFF                       (abs)        000000
__CFG_WRT2$OFF                       (abs)        000000
__CFG_WRT3$OFF                       (abs)        000000
__CFG_WRTB$OFF                       (abs)        000000
__CFG_WRTC$OFF                       (abs)        000000
__CFG_WRTD$OFF                       (abs)        000000
__CFG_XINST$OFF                      (abs)        000000
__HRAM                               (abs)        000000
__Habs1                              abs1         000000
__Hbank0                             bank0        000000
__Hbank1                             bank1        000000
__Hbank2                             bank2        000000
__Hbank3                             bank3        000000
__Hbank4                             bank4        000000
__Hbank5                             bank5        000000
__Hbigbss                            bigbss       000000
__Hbigdata                           bigdata      000000
__Hbigram                            bigram       000000
__Hbss                               bss          000000
__HbssBANK0                          bssBANK0     000000
__HbssBANK1                          bssBANK1     000000
__HbssCOMRAM                         bssCOMRAM    000000
__Hcinit                             cinit        000000
__Hclrtext                           clrtext      000000
__Hcomram                            comram       000000
__Hconfig                            config       30000E
__Hconst                             const        000000
__HcstackBANK0                       cstackBANK0  000000
__HcstackCOMRAM                      cstackCOMRAM 000000
__Hdata                              data         000000
__Heeprom_data                       eeprom_data  000000
__Hend_init                          end_init     0000AC
__Hfarbss                            farbss       000000
__Hfardata                           fardata      000000
__Hibigdata                          ibigdata     000000
__Hidata                             idata        000000
__Hidloc                             idloc        200008
__Hifardata                          ifardata     000000
__Hinit                              init         0000A8
__Hintcode                           intcode      0000A8
__Hintcode_body                      intcode_body 000000
__Hintcodelo                         intcodelo    0000A8
__Hintentry                          intentry     000000
__Hintret                            intret       000000
__Hintsave_regs                      intsave_regs 000000
__Hirdata                            irdata       000000
__Hmediumconst                       mediumconst  000000
__HnvCOMRAM                          nvCOMRAM     000000
__HnvFARRAM                          nvFARRAM     000000
__Hnvbit                             nvbit        000000
__Hnvrram                            nvrram       000000
__Hparam                             rparam       000000
__Hpowerup                           powerup      0000A8
__Hram                               ram          000000
__Hramtop                            ramtop       000600
__Hrbit                              rbit         000000
__Hrbss                              rbss         000000
__Hrdata                             rdata        000000
__Hreset_vec                         reset_vec    000004
__Hrparam                            rparam       000000
__Hsfr                               sfr          000000
__Hsmallconst                        smallconst   00061E
__Hspace_0                           (abs)        30000E
__Hspace_1                           (abs)        0001AA
__Hspace_2                           (abs)        000000
__Hstack                             stack        000000
__Hstruct                            struct       000000
__Htemp                              temp         000000
__Htext                              text         000000
__Htext0                             text0        000000
__Htext1                             text1        000000
__Htext10                            text10       000000
__Htext11                            text11       000000
__Htext12                            text12       000000
__Htext13                            text13       000000
__Htext14                            text14       000000
__Htext15                            text15       000000
__Htext16                            text16       000000
__Htext17                            text17       000000
__Htext18                            text18       000000
__Htext19                            text19       000000
__Htext2                             text2        000000
__Htext20                            text20       000000
__Htext21                            text21       000000
__Htext22                            text22       000000
__Htext23                            text23       000000
__Htext24                            text24       000000
__Htext25                            text25       000000
__Htext26                            text26       000000
__Htext27                            text27       000000
__Htext28                            text28       000000
__Htext29                            text29       000000
__Htext3                             text3        000000
__Htext31                            text31       000000
__Htext32                            text32       000000
__Htext33                            text33       000000
__Htext34                            text34       000000
__Htext35                            text35       000000
__Htext36                            text36       000000
__Htext37                            text37       000000
__Htext38                            text38       000000
__Htext4                             text4        000000
__Htext5                             text5        000000
__Htext6                             text6        000000
__Htext7                             text7        000000
__Htext8                             text8        000000
__Htext9                             text9        000000
__LRAM                               (abs)        000001
__Labs1                              abs1         000000
__Lbank0                             bank0        000000
__Lbank1                             bank1        000000
__Lbank2                             bank2        000000
__Lbank3                             bank3        000000
__Lbank4                             bank4        000000
__Lbank5                             bank5        000000
__Lbigbss                            bigbss       000000
__Lbigdata                           bigdata      000000
__Lbigram                            bigram       000000
__Lbss                               bss          000000
__LbssBANK0                          bssBANK0     000000
__LbssBANK1                          bssBANK1     000000
__LbssCOMRAM                         bssCOMRAM    000000
__Lcinit                             cinit        000000
__Lclrtext                           clrtext      000000
__Lcomram                            comram       000000
__Lconfig                            config       300000
__Lconst                             const        000000
__LcstackBANK0                       cstackBANK0  000000
__LcstackCOMRAM                      cstackCOMRAM 000000
__Ldata                              data         000000
__Leeprom_data                       eeprom_data  000000
__Lend_init                          end_init     0000A8
__Lfarbss                            farbss       000000
__Lfardata                           fardata      000000
__Libigdata                          ibigdata     000000
__Lidata                             idata        000000
__Lidloc                             idloc        200000
__Lifardata                          ifardata     000000
__Linit                              init         0000A8
__Lintcode                           intcode      000008
__Lintcode_body                      intcode_body 000000
__Lintcodelo                         intcodelo    0000A8
__Lintentry                          intentry     000000
__Lintret                            intret       000000
__Lintsave_regs                      intsave_regs 000000
__Lirdata                            irdata       000000
__Lmediumconst                       mediumconst  000000
__LnvCOMRAM                          nvCOMRAM     000000
__LnvFARRAM                          nvFARRAM     000000
__Lnvbit                             nvbit        000000
__Lnvrram                            nvrram       000000
__Lparam                             rparam       000000
__Lpowerup                           powerup      0000A8
__Lram                               ram          000000
__Lramtop                            ramtop       000600
__Lrbit                              rbit         000000
__Lrbss                              rbss         000000
__Lrdata                             rdata        000000
__Lreset_vec                         reset_vec    000000
__Lrparam                            rparam       000000
__Lsfr                               sfr          000000
__Lsmallconst                        smallconst   000600
__Lspace_0                           (abs)        000000
__Lspace_1                           (abs)        000000
__Lspace_2                           (abs)        000000
__Lstack                             stack        000000
__Lstruct                            struct       000000
__Ltemp                              temp         000000
__Ltext                              text         000000
__Ltext0                             text0        000000
__Ltext1                             text1        000000
__Ltext10                            text10       000000
__Ltext11                            text11       000000
__Ltext12                            text12       000000
__Ltext13                            text13       000000
__Ltext14                            text14       000000
__Ltext15                            text15       000000
__Ltext16                            text16       000000
__Ltext17                            text17       000000
__Ltext18                            text18       000000
__Ltext19                            text19       000000
__Ltext2                             text2        000000
__Ltext20                            text20       000000
__Ltext21                            text21       000000
__Ltext22                            text22       000000
__Ltext23                            text23       000000
__Ltext24                            text24       000000
__Ltext25                            text25       000000
__Ltext26                            text26       000000
__Ltext27                            text27       000000
__Ltext28                            text28       000000
__Ltext29                            text29       000000
__Ltext3                             text3        000000
__Ltext31                            text31       000000
__Ltext32                            text32       000000
__Ltext33                            text33       000000
__Ltext34                            text34       000000
__Ltext35                            text35       000000
__Ltext36                            text36       000000
__Ltext37                            text37       000000
__Ltext38                            text38       000000
__Ltext4                             text4        000000
__Ltext5                             text5        000000
__Ltext6                             text6        000000
__Ltext7                             text7        000000
__Ltext8                             text8        000000
__Ltext9                             text9        000000
__S0                                 (abs)        30000E
__S1                                 (abs)        0001AA
__S2                                 (abs)        000000
___awdiv                             text24       001A72
___awdiv@counter                     cstackCOMRAM 00001B
___awdiv@dividend                    cstackCOMRAM 000017
___awdiv@divisor                     cstackCOMRAM 000019
___awdiv@quotient                    cstackCOMRAM 00001D
___awdiv@sign                        cstackCOMRAM 00001C
___awtoft                            text23       001CF0
___awtoft@c                          cstackCOMRAM 000025
___awtoft@sign                       cstackCOMRAM 000028
___ftadd                             text28       000AE6
___ftadd@exp1                        cstackBANK0  0000D8
___ftadd@exp2                        cstackBANK0  0000D7
___ftadd@f1                          cstackBANK0  0000D0
___ftadd@f2                          cstackBANK0  0000D3
___ftadd@sign                        cstackBANK0  0000D6
___ftdiv                             text7        001698
___ftdiv@cntr                        cstackCOMRAM 000028
___ftdiv@exp                         cstackCOMRAM 00002C
___ftdiv@f1                          cstackCOMRAM 00001F
___ftdiv@f2                          cstackCOMRAM 000022
___ftdiv@f3                          cstackCOMRAM 000029
___ftdiv@sign                        cstackCOMRAM 00002D
___ftge                              text21       001BA8
___ftge@ff1                          cstackCOMRAM 000025
___ftge@ff2                          cstackCOMRAM 000028
___ftmul                             text27       001392
___ftmul@cntr                        cstackBANK0  0000CE
___ftmul@exp                         cstackBANK0  0000CA
___ftmul@f1                          cstackCOMRAM 000029
___ftmul@f2                          cstackCOMRAM 00002C
___ftmul@f3_as_product               cstackBANK0  0000CB
___ftmul@sign                        cstackBANK0  0000CF
___ftpack                            text29       0019CA
___ftpack@arg                        cstackCOMRAM 000017
___ftpack@exp                        cstackCOMRAM 00001A
___ftpack@sign                       cstackCOMRAM 00001B
___ftsub                             text6        001D38
___ftsub@f1                          cstackBANK0  0000D9
___ftsub@f2                          cstackBANK0  0000DC
___inthi_sp                          stack        000000
___intlo_sp                          stack        000000
___sp                                stack        000000
___wmul                              text26       001ED0
___wmul@multiplicand                 cstackCOMRAM 000021
___wmul@multiplier                   cstackCOMRAM 00001F
___wmul@product                      cstackCOMRAM 000023
__accesstop                          (abs)        000060
__activetblptr                       (abs)        000002
__end_of_ADC_GetConversionResult     text38       001F92
__end_of_ADC_ISR                     text35       000AE6
__end_of_ADC_Initialize              text16       001F7E
__end_of_ADC_StartConversion         text37       001F66
__end_of_Battery_Convert             text22       001852
__end_of_Battery_Fault               text20       0019CA
__end_of_Battery_Filter              text25       001230
__end_of_Battery_Get                 text19       001E14
__end_of_EUSART1_Initialize          text15       001DB0
__end_of_EUSART1_Receive_ISR         text34       001E74
__end_of_EUSART1_Transmit_ISR        text33       001E44
__end_of_INTERRUPT_Initialize        text14       001FAC
__end_of_INTERRUPT_InterruptManager  intcode      0000A8
__end_of_OSCILLATOR_Initialize       text13       001FA0
__end_of_PIN_MANAGER_Initialize      text12       001CF0
__end_of_RunBypas                    text17       00191C
__end_of_SYSTEM_Initialize           text9        001F32
__end_of_SetBypas                    text18       001698
__end_of_Set_4051                    text36       001ED0
__end_of_TMR1_CallBack               text32       001FB4
__end_of_TMR1_ISR                    text31       001F4C
__end_of_TMR1_Initialize             text10       001F18
__end_of_TMR1_StartTimer             text11       001FB0
__end_of_Temp_Convert                text2        000F50
__end_of_Temp_Fault                  text1        001CA2
__end_of_Temp_Filter                 text8        0010C0
__end_of___awdiv                     text24       001B16
__end_of___awtoft                    text23       001D38
__end_of___ftadd                     text28       000D4E
__end_of___ftdiv                     text7        00177A
__end_of___ftge                      text21       001C38
__end_of___ftmul                     text27       0014B4
__end_of___ftpack                    text29       001A72
__end_of___ftsub                     text6        001D74
__end_of___wmul                      text26       001EF6
__end_of__initialization             cinit        001E98
__end_of_eval_poly                   text5        0015A6
__end_of_frexp                       text4        001BA8
__end_of_log                         text3        001392
__end_of_main                        text0        001DE2
__end_oflog@coeff                    smallconst   00061C
__initialization                     cinit        001E74
__mediumconst                        mediumconst  000000
__pbssBANK0                          bssBANK0     000060
__pbssBANK1                          bssBANK1     000100
__pbssCOMRAM                         bssCOMRAM    000035
__pcinit                             cinit        001E74
__pcstackBANK0                       cstackBANK0  0000CA
__pcstackCOMRAM                      cstackCOMRAM 000001
__pintcode                           intcode      000008
__pnvCOMRAM                          nvCOMRAM     000046
__psmallconst                        smallconst   000600
__ptext0                             text0        001DB0
__ptext1                             text1        001C38
__ptext10                            text10       001EF6
__ptext11                            text11       001FAC
__ptext12                            text12       001CA2
__ptext13                            text13       001F92
__ptext14                            text14       001FA0
__ptext15                            text15       001D74
__ptext16                            text16       001F66
__ptext17                            text17       001852
__ptext18                            text18       0015A6
__ptext19                            text19       001DE2
__ptext2                             text2        000D4E
__ptext20                            text20       00191C
__ptext21                            text21       001BA8
__ptext22                            text22       00177A
__ptext23                            text23       001CF0
__ptext24                            text24       001A72
__ptext25                            text25       0010C0
__ptext26                            text26       001ED0
__ptext27                            text27       001392
__ptext28                            text28       000AE6
__ptext29                            text29       0019CA
__ptext3                             text3        001230
__ptext31                            text31       001F32
__ptext32                            text32       001FB0
__ptext33                            text33       001E14
__ptext34                            text34       001E44
__ptext35                            text35       00061E
__ptext36                            text36       001EA2
__ptext37                            text37       001F4C
__ptext38                            text38       001F7E
__ptext4                             text4        001B16
__ptext5                             text5        0014B4
__ptext6                             text6        001D38
__ptext7                             text7        001698
__ptext8                             text8        000F50
__ptext9                             text9        001F18
__ramtop                             ramtop       000600
__size_of_ADC_GetConversionResult    (abs)        000000
__size_of_ADC_ISR                    (abs)        000000
__size_of_ADC_Initialize             (abs)        000000
__size_of_ADC_StartConversion        (abs)        000000
__size_of_Battery_Convert            (abs)        000000
__size_of_Battery_Fault              (abs)        000000
__size_of_Battery_Filter             (abs)        000000
__size_of_Battery_Get                (abs)        000000
__size_of_EUSART1_Initialize         (abs)        000000
__size_of_EUSART1_Receive_ISR        (abs)        000000
__size_of_EUSART1_Transmit_ISR       (abs)        000000
__size_of_INTERRUPT_Initialize       (abs)        000000
__size_of_INTERRUPT_InterruptManager (abs)        000000
__size_of_OSCILLATOR_Initialize      (abs)        000000
__size_of_PIN_MANAGER_Initialize     (abs)        000000
__size_of_RunBypas                   (abs)        000000
__size_of_SYSTEM_Initialize          (abs)        000000
__size_of_SetBypas                   (abs)        000000
__size_of_Set_4051                   (abs)        000000
__size_of_TMR1_CallBack              (abs)        000000
__size_of_TMR1_ISR                   (abs)        000000
__size_of_TMR1_Initialize            (abs)        000000
__size_of_TMR1_StartTimer            (abs)        000000
__size_of_Temp_Convert               (abs)        000000
__size_of_Temp_Fault                 (abs)        000000
__size_of_Temp_Filter                (abs)        000000
__size_of___awdiv                    (abs)        000000
__size_of___awtoft                   (abs)        000000
__size_of___ftadd                    (abs)        000000
__size_of___ftdiv                    (abs)        000000
__size_of___ftge                     (abs)        000000
__size_of___ftmul                    (abs)        000000
__size_of___ftpack                   (abs)        000000
__size_of___ftsub                    (abs)        000000
__size_of___wmul                     (abs)        000000
__size_of_eval_poly                  (abs)        000000
__size_of_frexp                      (abs)        000000
__size_of_log                        (abs)        000000
__size_of_main                       (abs)        000000
__smallconst                         smallconst   000600
_errno                               bssBANK0     0000B4
_eusart1RxBuffer                     bssBANK1     000100
_eusart1RxCount                      bssCOMRAM    000041
_eusart1RxHead                       bssCOMRAM    000042
_eusart1RxTail                       bssCOMRAM    000043
_eusart1TxBuffer                     bssCOMRAM    000035
_eusart1TxBufferRemaining            nvCOMRAM     000048
_eusart1TxHead                       bssCOMRAM    000044
_eusart1TxTail                       bssCOMRAM    000045
_eval_poly                           text5        0014B4
_frexp                               text4        001B16
_log                                 text3        001230
_main                                text0        001DB0
_timer1ReloadVal                     nvCOMRAM     000046
end_of_initialization                cinit        001E98
eval_poly@d                          cstackBANK0  0000DC
eval_poly@n                          cstackBANK0  0000DE
eval_poly@res                        cstackBANK0  0000E2
eval_poly@x                          cstackBANK0  0000D9
frexp@eptr                           cstackCOMRAM 00001A
frexp@value                          cstackCOMRAM 000017
intlevel0                            text         000000
intlevel1                            text         000000
intlevel2                            text         000000
intlevel3                            text         000000
log@coeff                            smallconst   000601
log@exponent                         cstackBANK0  0000E8
log@x                                cstackBANK0  0000E5
stackhi                              (abs)        0005FF
stacklo                              (abs)        0001AA
start                                init         0000A8
start_initialization                 cinit        001E74


FUNCTION INFORMATION:

 *************** function _main *****************
 Defined at:
		line 31 in file "Main.c"
 Parameters:    Size  Location     Type
  argc            2   43[BANK0 ] int 
  argv            3   45[BANK0 ] PTR PTR unsigned char 
 Auto vars:     Size  Location     Type
		None
 Return value:  Size  Location     Type
                  2   43[BANK0 ] int 
 Registers used:
		wreg, fsr1l, fsr1h, fsr2l, fsr2h, status,2, status,0, tblptrl, tblptrh, tblptru, prodl, prodh, cstack
 Tracked objects:
		On entry : 
		On exit  : 
		Unchanged: 
 Data sizes:     COMRAM   BANK0   BANK1   BANK2   BANK3   BANK4   BANK5
      Params:         0       5       0       0       0       0       0
      Locals:         0       0       0       0       0       0       0
      Temps:          0       0       0       0       0       0       0
      Totals:         0       5       0       0       0       0       0
Total ram usage:        5 bytes
 Hardware stack levels required when called:    8
 This function calls:
		_Battery_Convert
		_Battery_Fault
		_RunBypas
		_SYSTEM_Initialize
		_Temp_Convert
		_Temp_Fault
 This function is called by:
		Startup code after reset
 This function uses a non-reentrant model


 *************** function _Temp_Fault *****************
 Defined at:
		line 12 in file "Tempeture.c"
 Parameters:    Size  Location     Type
		None
 Auto vars:     Size  Location     Type
  i               2   46[COMRAM] int 
  fault           1   45[COMRAM] unsigned char 
 Return value:  Size  Location     Type
                  1    wreg      unsigned char 
 Registers used:
		wreg, fsr2l, fsr2h, status,2, status,0, prodl, prodh, cstack
 Tracked objects:
		On entry : 
		On exit  : 
		Unchanged: 
 Data sizes:     COMRAM   BANK0   BANK1   BANK2   BANK3   BANK4   BANK5
      Params:         0       0       0       0       0       0       0
      Locals:         3       0       0       0       0       0       0
      Temps:          0       0       0       0       0       0       0
      Totals:         3       0       0       0       0       0       0
Total ram usage:        3 bytes
 Hardware stack levels used:    1
 Hardware stack levels required when called:    4
 This function calls:
		___ftge
		___wmul
 This function is called by:
		_main
 This function uses a non-reentrant model


 *************** function _Temp_Convert *****************
 Defined at:
		line 50 in file "Tempeture.c"
 Parameters:    Size  Location     Type
		None
 Auto vars:     Size  Location     Type
  steinhart       3   40[BANK0 ] float 
  x               2   38[BANK0 ] int 
 Return value:  Size  Location     Type
		None               void
 Registers used:
		wreg, fsr1l, fsr1h, fsr2l, fsr2h, status,2, status,0, tblptrl, tblptrh, tblptru, prodl, prodh, cstack
 Tracked objects:
		On entry : 
		On exit  : 
		Unchanged: 
 Data sizes:     COMRAM   BANK0   BANK1   BANK2   BANK3   BANK4   BANK5
      Params:         0       0       0       0       0       0       0
      Locals:         0       9       0       0       0       0       0
      Temps:          0       2       0       0       0       0       0
      Totals:         0      11       0       0       0       0       0
Total ram usage:       11 bytes
 Hardware stack levels used:    1
 Hardware stack levels required when called:    7
 This function calls:
		_Temp_Filter
		___awdiv
		___awtoft
		___ftadd
		___ftdiv
		___ftmul
		___ftsub
		___wmul
		_log
 This function is called by:
		_main
 This function uses a non-reentrant model


 *************** function _log *****************
 Defined at:
		line 5 in file "C:\Program Files (x86)\Microchip\xc8\v1.33\sources\common\log.c"
 Parameters:    Size  Location     Type
  x               3   27[BANK0 ] int 
 Auto vars:     Size  Location     Type
  exponent        2   30[BANK0 ] int 
 Return value:  Size  Location     Type
                  3   27[BANK0 ] int 
 Registers used:
		wreg, fsr2l, fsr2h, status,2, status,0, tblptrl, tblptrh, tblptru, prodl, prodh, cstack
 Tracked objects:
		On entry : 
		On exit  : 
		Unchanged: 
 Data sizes:     COMRAM   BANK0   BANK1   BANK2   BANK3   BANK4   BANK5
      Params:         0       3       0       0       0       0       0
      Locals:         0       2       0       0       0       0       0
      Temps:          0       0       0       0       0       0       0
      Totals:         0       5       0       0       0       0       0
Total ram usage:        5 bytes
 Hardware stack levels used:    1
 Hardware stack levels required when called:    6
 This function calls:
		___awtoft
		___ftadd
		___ftmul
		_eval_poly
		_frexp
 This function is called by:
		_Temp_Convert
 This function uses a non-reentrant model


 *************** function _frexp *****************
 Defined at:
		line 254 in file "C:\Program Files (x86)\Microchip\xc8\v1.33\sources\common\frexp.c"
 Parameters:    Size  Location     Type
  value           3   22[COMRAM] int 
  eptr            2   25[COMRAM] PTR int 
		 -> log@exponent(2), 
 Auto vars:     Size  Location     Type
		None
 Return value:  Size  Location     Type
                  3   22[COMRAM] PTR int 
 Registers used:
		wreg, fsr2l, fsr2h, status,2, status,0
 Tracked objects:
		On entry : 
		On exit  : 
		Unchanged: 
 Data sizes:     COMRAM   BANK0   BANK1   BANK2   BANK3   BANK4   BANK5
      Params:         5       0       0       0       0       0       0
      Locals:         0       0       0       0       0       0       0
      Temps:          2       0       0       0       0       0       0
      Totals:         7       0       0       0       0       0       0
Total ram usage:        7 bytes
 Hardware stack levels used:    1
 Hardware stack levels required when called:    3
 This function calls:
		Nothing
 This function is called by:
		_log
 This function uses a non-reentrant model


 *************** function _eval_poly *****************
 Defined at:
		line 4 in file "C:\Program Files (x86)\Microchip\xc8\v1.33\sources\common\evalpoly.c"
 Parameters:    Size  Location     Type
  x               3   15[BANK0 ] PTR int 
  d               2   18[BANK0 ] PTR const 
		 -> log@coeff(27), 
  n               2   20[BANK0 ] int 
 Auto vars:     Size  Location     Type
  res             3   24[BANK0 ] int 
 Return value:  Size  Location     Type
                  3   15[BANK0 ] int 
 Registers used:
		wreg, status,2, status,0, tblptrl, tblptrh, tblptru, prodl, prodh, cstack
 Tracked objects:
		On entry : 
		On exit  : 
		Unchanged: 
 Data sizes:     COMRAM   BANK0   BANK1   BANK2   BANK3   BANK4   BANK5
      Params:         0       7       0       0       0       0       0
      Locals:         0       3       0       0       0       0       0
      Temps:          0       2       0       0       0       0       0
      Totals:         0      12       0       0       0       0       0
Total ram usage:       12 bytes
 Hardware stack levels used:    1
 Hardware stack levels required when called:    5
 This function calls:
		___ftadd
		___ftmul
		___wmul
 This function is called by:
		_log
 This function uses a non-reentrant model


 *************** function ___ftsub *****************
 Defined at:
		line 20 in file "C:\Program Files (x86)\Microchip\xc8\v1.33\sources\common\ftsub.c"
 Parameters:    Size  Location     Type
  f1              3   15[BANK0 ] float 
  f2              3   18[BANK0 ] float 
 Auto vars:     Size  Location     Type
		None
 Return value:  Size  Location     Type
                  3   15[BANK0 ] float 
 Registers used:
		wreg, status,2, status,0, cstack
 Tracked objects:
		On entry : 
		On exit  : 
		Unchanged: 
 Data sizes:     COMRAM   BANK0   BANK1   BANK2   BANK3   BANK4   BANK5
      Params:         0       6       0       0       0       0       0
      Locals:         0       0       0       0       0       0       0
      Temps:          0       0       0       0       0       0       0
      Totals:         0       6       0       0       0       0       0
Total ram usage:        6 bytes
 Hardware stack levels used:    1
 Hardware stack levels required when called:    5
 This function calls:
		___ftadd
 This function is called by:
		_Temp_Convert
 This function uses a non-reentrant model


 *************** function ___ftdiv *****************
 Defined at:
		line 49 in file "C:\Program Files (x86)\Microchip\xc8\v1.33\sources\common\ftdiv.c"
 Parameters:    Size  Location     Type
  f1              3   30[COMRAM] float 
  f2              3   33[COMRAM] float 
 Auto vars:     Size  Location     Type
  f3              3   40[COMRAM] float 
  sign            1   44[COMRAM] unsigned char 
  exp             1   43[COMRAM] unsigned char 
  cntr            1   39[COMRAM] unsigned char 
 Return value:  Size  Location     Type
                  3   30[COMRAM] float 
 Registers used:
		wreg, status,2, status,0, cstack
 Tracked objects:
		On entry : 
		On exit  : 
		Unchanged: 
 Data sizes:     COMRAM   BANK0   BANK1   BANK2   BANK3   BANK4   BANK5
      Params:         6       0       0       0       0       0       0
      Locals:         6       0       0       0       0       0       0
      Temps:          3       0       0       0       0       0       0
      Totals:        15       0       0       0       0       0       0
Total ram usage:       15 bytes
 Hardware stack levels used:    1
 Hardware stack levels required when called:    4
 This function calls:
		___ftpack
 This function is called by:
		_Temp_Convert
 This function uses a non-reentrant model


 *************** function _Temp_Filter *****************
 Defined at:
		line 36 in file "Tempeture.c"
 Parameters:    Size  Location     Type
		None
 Auto vars:     Size  Location     Type
  x               2   15[BANK0 ] int 
 Return value:  Size  Location     Type
		None               void
 Registers used:
		wreg, fsr1l, fsr1h, fsr2l, fsr2h, status,2, status,0, prodl, prodh, cstack
 Tracked objects:
		On entry : 
		On exit  : 
		Unchanged: 
 Data sizes:     COMRAM   BANK0   BANK1   BANK2   BANK3   BANK4   BANK5
      Params:         0       0       0       0       0       0       0
      Locals:         0       2       0       0       0       0       0
      Temps:          0       0       0       0       0       0       0
      Totals:         0       2       0       0       0       0       0
Total ram usage:        2 bytes
 Hardware stack levels used:    1
 Hardware stack levels required when called:    5
 This function calls:
		___ftadd
		___ftmul
		___wmul
 This function is called by:
		_Temp_Convert
 This function uses a non-reentrant model


 *************** function _SYSTEM_Initialize *****************
 Defined at:
		line 112 in file "mcc_generated_files/mcc.c"
 Parameters:    Size  Location     Type
		None
 Auto vars:     Size  Location     Type
		None
 Return value:  Size  Location     Type
		None               void
 Registers used:
		wreg, status,2, cstack
 Tracked objects:
		On entry : 
		On exit  : 
		Unchanged: 
 Data sizes:     COMRAM   BANK0   BANK1   BANK2   BANK3   BANK4   BANK5
      Params:         0       0       0       0       0       0       0
      Locals:         0       0       0       0       0       0       0
      Temps:          0       0       0       0       0       0       0
      Totals:         0       0       0       0       0       0       0
Total ram usage:        0 bytes
 Hardware stack levels used:    1
 Hardware stack levels required when called:    5
 This function calls:
		_ADC_Initialize
		_EUSART1_Initialize
		_INTERRUPT_Initialize
		_OSCILLATOR_Initialize
		_PIN_MANAGER_Initialize
		_TMR1_Initialize
 This function is called by:
		_main
 This function uses a non-reentrant model


 *************** function _TMR1_Initialize *****************
 Defined at:
		line 15 in file "mcc_generated_files/tmr1.c"
 Parameters:    Size  Location     Type
		None
 Auto vars:     Size  Location     Type
		None
 Return value:  Size  Location     Type
		None               void
 Registers used:
		wreg, status,2, cstack
 Tracked objects:
		On entry : 
		On exit  : 
		Unchanged: 
 Data sizes:     COMRAM   BANK0   BANK1   BANK2   BANK3   BANK4   BANK5
      Params:         0       0       0       0       0       0       0
      Locals:         0       0       0       0       0       0       0
      Temps:          0       0       0       0       0       0       0
      Totals:         0       0       0       0       0       0       0
Total ram usage:        0 bytes
 Hardware stack levels used:    1
 Hardware stack levels required when called:    4
 This function calls:
		_TMR1_StartTimer
 This function is called by:
		_SYSTEM_Initialize
 This function uses a non-reentrant model


 *************** function _TMR1_StartTimer *****************
 Defined at:
		line 44 in file "mcc_generated_files/tmr1.c"
 Parameters:    Size  Location     Type
		None
 Auto vars:     Size  Location     Type
		None
 Return value:  Size  Location     Type
		None               void
 Registers used:
		None
 Tracked objects:
		On entry : 
		On exit  : 
		Unchanged: 
 Data sizes:     COMRAM   BANK0   BANK1   BANK2   BANK3   BANK4   BANK5
      Params:         0       0       0       0       0       0       0
      Locals:         0       0       0       0       0       0       0
      Temps:          0       0       0       0       0       0       0
      Totals:         0       0       0       0       0       0       0
Total ram usage:        0 bytes
 Hardware stack levels used:    1
 Hardware stack levels required when called:    3
 This function calls:
		Nothing
 This function is called by:
		_TMR1_Initialize
 This function uses a non-reentrant model


 *************** function _PIN_MANAGER_Initialize *****************
 Defined at:
		line 50 in file "mcc_generated_files/pin_manager.c"
 Parameters:    Size  Location     Type
		None
 Auto vars:     Size  Location     Type
		None
 Return value:  Size  Location     Type
		None               void
 Registers used:
		wreg, status,2
 Tracked objects:
		On entry : 
		On exit  : 
		Unchanged: 
 Data sizes:     COMRAM   BANK0   BANK1   BANK2   BANK3   BANK4   BANK5
      Params:         0       0       0       0       0       0       0
      Locals:         0       0       0       0       0       0       0
      Temps:          0       0       0       0       0       0       0
      Totals:         0       0       0       0       0       0       0
Total ram usage:        0 bytes
 Hardware stack levels used:    1
 Hardware stack levels required when called:    3
 This function calls:
		Nothing
 This function is called by:
		_SYSTEM_Initialize
 This function uses a non-reentrant model


 *************** function _OSCILLATOR_Initialize *****************
 Defined at:
		line 122 in file "mcc_generated_files/mcc.c"
 Parameters:    Size  Location     Type
		None
 Auto vars:     Size  Location     Type
		None
 Return value:  Size  Location     Type
		None               void
 Registers used:
		wreg, status,2
 Tracked objects:
		On entry : 
		On exit  : 
		Unchanged: 
 Data sizes:     COMRAM   BANK0   BANK1   BANK2   BANK3   BANK4   BANK5
      Params:         0       0       0       0       0       0       0
      Locals:         0       0       0       0       0       0       0
      Temps:          0       0       0       0       0       0       0
      Totals:         0       0       0       0       0       0       0
Total ram usage:        0 bytes
 Hardware stack levels used:    1
 Hardware stack levels required when called:    3
 This function calls:
		Nothing
 This function is called by:
		_SYSTEM_Initialize
 This function uses a non-reentrant model


 *************** function _INTERRUPT_Initialize *****************
 Defined at:
		line 52 in file "mcc_generated_files/interrupt_manager.c"
 Parameters:    Size  Location     Type
		None
 Auto vars:     Size  Location     Type
		None
 Return value:  Size  Location     Type
		None               void
 Registers used:
		None
 Tracked objects:
		On entry : 
		On exit  : 
		Unchanged: 
 Data sizes:     COMRAM   BANK0   BANK1   BANK2   BANK3   BANK4   BANK5
      Params:         0       0       0       0       0       0       0
      Locals:         0       0       0       0       0       0       0
      Temps:          0       0       0       0       0       0       0
      Totals:         0       0       0       0       0       0       0
Total ram usage:        0 bytes
 Hardware stack levels used:    1
 Hardware stack levels required when called:    3
 This function calls:
		Nothing
 This function is called by:
		_SYSTEM_Initialize
 This function uses a non-reentrant model


 *************** function _EUSART1_Initialize *****************
 Defined at:
		line 76 in file "mcc_generated_files/eusart1.c"
 Parameters:    Size  Location     Type
		None
 Auto vars:     Size  Location     Type
		None
 Return value:  Size  Location     Type
		None               void
 Registers used:
		wreg, status,2
 Tracked objects:
		On entry : 
		On exit  : 
		Unchanged: 
 Data sizes:     COMRAM   BANK0   BANK1   BANK2   BANK3   BANK4   BANK5
      Params:         0       0       0       0       0       0       0
      Locals:         0       0       0       0       0       0       0
      Temps:          0       0       0       0       0       0       0
      Totals:         0       0       0       0       0       0       0
Total ram usage:        0 bytes
 Hardware stack levels used:    1
 Hardware stack levels required when called:    3
 This function calls:
		Nothing
 This function is called by:
		_SYSTEM_Initialize
 This function uses a non-reentrant model


 *************** function _ADC_Initialize *****************
 Defined at:
		line 13 in file "mcc_generated_files/adc.c"
 Parameters:    Size  Location     Type
		None
 Auto vars:     Size  Location     Type
		None
 Return value:  Size  Location     Type
		None               void
 Registers used:
		wreg, status,2
 Tracked objects:
		On entry : 
		On exit  : 
		Unchanged: 
 Data sizes:     COMRAM   BANK0   BANK1   BANK2   BANK3   BANK4   BANK5
      Params:         0       0       0       0       0       0       0
      Locals:         0       0       0       0       0       0       0
      Temps:          0       0       0       0       0       0       0
      Totals:         0       0       0       0       0       0       0
Total ram usage:        0 bytes
 Hardware stack levels used:    1
 Hardware stack levels required when called:    3
 This function calls:
		Nothing
 This function is called by:
		_SYSTEM_Initialize
 This function uses a non-reentrant model


 *************** function _RunBypas *****************
 Defined at:
		line 114 in file "Bypass.c"
 Parameters:    Size  Location     Type
		None
 Auto vars:     Size  Location     Type
  batvolt         3   47[COMRAM] float 
  i               2   50[COMRAM] int 
  cellbyp         2   45[COMRAM] int 
 Return value:  Size  Location     Type
                  2  438[COMRAM] int 
 Registers used:
		wreg, fsr2l, fsr2h, status,2, status,0, prodl, prodh, cstack
 Tracked objects:
		On entry : 
		On exit  : 
		Unchanged: 
 Data sizes:     COMRAM   BANK0   BANK1   BANK2   BANK3   BANK4   BANK5
      Params:         0       0       0       0       0       0       0
      Locals:         7       0       0       0       0       0       0
      Temps:          0       0       0       0       0       0       0
      Totals:         7       0       0       0       0       0       0
Total ram usage:        7 bytes
 Hardware stack levels used:    1
 Hardware stack levels required when called:    5
 This function calls:
		_Battery_Get
		_SetBypas
		___ftge
 This function is called by:
		_main
 This function uses a non-reentrant model


 *************** function _SetBypas *****************
 Defined at:
		line 8 in file "Bypass.c"
 Parameters:    Size  Location     Type
  pin             2   22[COMRAM] int 
  state           2   24[COMRAM] int 
 Auto vars:     Size  Location     Type
		None
 Return value:  Size  Location     Type
                  2   22[COMRAM] int 
 Registers used:
		wreg, status,2, status,0
 Tracked objects:
		On entry : 
		On exit  : 
		Unchanged: 
 Data sizes:     COMRAM   BANK0   BANK1   BANK2   BANK3   BANK4   BANK5
      Params:         4       0       0       0       0       0       0
      Locals:         0       0       0       0       0       0       0
      Temps:          2       0       0       0       0       0       0
      Totals:         6       0       0       0       0       0       0
Total ram usage:        6 bytes
 Hardware stack levels used:    1
 Hardware stack levels required when called:    3
 This function calls:
		Nothing
 This function is called by:
		_RunBypas
 This function uses a non-reentrant model


 *************** function _Battery_Get *****************
 Defined at:
		line 57 in file "Battery.c"
 Parameters:    Size  Location     Type
  channelnum      2   36[COMRAM] int 
 Auto vars:     Size  Location     Type
		None
 Return value:  Size  Location     Type
                  3   36[COMRAM] float 
 Registers used:
		wreg, fsr2l, fsr2h, status,2, status,0, prodl, prodh, cstack
 Tracked objects:
		On entry : 
		On exit  : 
		Unchanged: 
 Data sizes:     COMRAM   BANK0   BANK1   BANK2   BANK3   BANK4   BANK5
      Params:         3       0       0       0       0       0       0
      Locals:         0       0       0       0       0       0       0
      Temps:          0       0       0       0       0       0       0
      Totals:         3       0       0       0       0       0       0
Total ram usage:        3 bytes
 Hardware stack levels used:    1
 Hardware stack levels required when called:    4
 This function calls:
		___wmul
 This function is called by:
		_RunBypas
 This function uses a non-reentrant model


 *************** function _Battery_Fault *****************
 Defined at:
		line 11 in file "Battery.c"
 Parameters:    Size  Location     Type
		None
 Auto vars:     Size  Location     Type
  i               2   46[COMRAM] int 
  fault           1   45[COMRAM] unsigned char 
 Return value:  Size  Location     Type
                  1    wreg      unsigned char 
 Registers used:
		wreg, fsr2l, fsr2h, status,2, status,0, prodl, prodh, cstack
 Tracked objects:
		On entry : 
		On exit  : 
		Unchanged: 
 Data sizes:     COMRAM   BANK0   BANK1   BANK2   BANK3   BANK4   BANK5
      Params:         0       0       0       0       0       0       0
      Locals:         3       0       0       0       0       0       0
      Temps:          0       0       0       0       0       0       0
      Totals:         3       0       0       0       0       0       0
Total ram usage:        3 bytes
 Hardware stack levels used:    1
 Hardware stack levels required when called:    4
 This function calls:
		___ftge
		___wmul
 This function is called by:
		_main
 This function uses a non-reentrant model


 *************** function ___ftge *****************
 Defined at:
		line 4 in file "C:\Program Files (x86)\Microchip\xc8\v1.33\sources\common\ftge.c"
 Parameters:    Size  Location     Type
  ff1             3   36[COMRAM] float 
  ff2             3   39[COMRAM] float 
 Auto vars:     Size  Location     Type
		None
 Return value:  Size  Location     Type
		None               void
 Registers used:
		wreg, status,2, status,0
 Tracked objects:
		On entry : 
		On exit  : 
		Unchanged: 
 Data sizes:     COMRAM   BANK0   BANK1   BANK2   BANK3   BANK4   BANK5
      Params:         6       0       0       0       0       0       0
      Locals:         0       0       0       0       0       0       0
      Temps:          3       0       0       0       0       0       0
      Totals:         9       0       0       0       0       0       0
Total ram usage:        9 bytes
 Hardware stack levels used:    1
 Hardware stack levels required when called:    3
 This function calls:
		Nothing
 This function is called by:
		_Battery_Fault
		_Temp_Fault
		_RunBypas
 This function uses a non-reentrant model


 *************** function _Battery_Convert *****************
 Defined at:
		line 47 in file "Battery.c"
 Parameters:    Size  Location     Type
		None
 Auto vars:     Size  Location     Type
  x               2   19[BANK0 ] int 
 Return value:  Size  Location     Type
		None               void
 Registers used:
		wreg, fsr1l, fsr1h, fsr2l, fsr2h, status,2, status,0, prodl, prodh, cstack
 Tracked objects:
		On entry : 
		On exit  : 
		Unchanged: 
 Data sizes:     COMRAM   BANK0   BANK1   BANK2   BANK3   BANK4   BANK5
      Params:         0       0       0       0       0       0       0
      Locals:         0       2       0       0       0       0       0
      Temps:          0       2       0       0       0       0       0
      Totals:         0       4       0       0       0       0       0
Total ram usage:        4 bytes
 Hardware stack levels used:    1
 Hardware stack levels required when called:    6
 This function calls:
		_Battery_Filter
		___awdiv
		___awtoft
		___ftadd
		___wmul
 This function is called by:
		_main
 This function uses a non-reentrant model


 *************** function ___awtoft *****************
 Defined at:
		line 32 in file "C:\Program Files (x86)\Microchip\xc8\v1.33\sources\common\awtoft.c"
 Parameters:    Size  Location     Type
  c               2   36[COMRAM] int 
 Auto vars:     Size  Location     Type
  sign            1   39[COMRAM] unsigned char 
 Return value:  Size  Location     Type
                  3   36[COMRAM] float 
 Registers used:
		wreg, status,2, status,0, prodl, cstack
 Tracked objects:
		On entry : 
		On exit  : 
		Unchanged: 
 Data sizes:     COMRAM   BANK0   BANK1   BANK2   BANK3   BANK4   BANK5
      Params:         3       0       0       0       0       0       0
      Locals:         1       0       0       0       0       0       0
      Temps:          0       0       0       0       0       0       0
      Totals:         4       0       0       0       0       0       0
Total ram usage:        4 bytes
 Hardware stack levels used:    1
 Hardware stack levels required when called:    4
 This function calls:
		___ftpack
 This function is called by:
		_Battery_Convert
		_Temp_Convert
		_log
 This function uses a non-reentrant model


 *************** function ___awdiv *****************
 Defined at:
		line 8 in file "C:\Program Files (x86)\Microchip\xc8\v1.33\sources\common\awdiv.c"
 Parameters:    Size  Location     Type
  dividend        2   22[COMRAM] int 
  divisor         2   24[COMRAM] int 
 Auto vars:     Size  Location     Type
  quotient        2   28[COMRAM] int 
  sign            1   27[COMRAM] unsigned char 
  counter         1   26[COMRAM] unsigned char 
 Return value:  Size  Location     Type
                  2   22[COMRAM] int 
 Registers used:
		wreg, status,2, status,0, prodl
 Tracked objects:
		On entry : 
		On exit  : 
		Unchanged: 
 Data sizes:     COMRAM   BANK0   BANK1   BANK2   BANK3   BANK4   BANK5
      Params:         4       0       0       0       0       0       0
      Locals:         4       0       0       0       0       0       0
      Temps:          0       0       0       0       0       0       0
      Totals:         8       0       0       0       0       0       0
Total ram usage:        8 bytes
 Hardware stack levels used:    1
 Hardware stack levels required when called:    3
 This function calls:
		Nothing
 This function is called by:
		_Battery_Convert
		_Temp_Convert
 This function uses a non-reentrant model


 *************** function _Battery_Filter *****************
 Defined at:
		line 33 in file "Battery.c"
 Parameters:    Size  Location     Type
		None
 Auto vars:     Size  Location     Type
  x               2   15[BANK0 ] int 
 Return value:  Size  Location     Type
		None               void
 Registers used:
		wreg, fsr1l, fsr1h, fsr2l, fsr2h, status,2, status,0, prodl, prodh, cstack
 Tracked objects:
		On entry : 
		On exit  : 
		Unchanged: 
 Data sizes:     COMRAM   BANK0   BANK1   BANK2   BANK3   BANK4   BANK5
      Params:         0       0       0       0       0       0       0
      Locals:         0       2       0       0       0       0       0
      Temps:          0       0       0       0       0       0       0
      Totals:         0       2       0       0       0       0       0
Total ram usage:        2 bytes
 Hardware stack levels used:    1
 Hardware stack levels required when called:    5
 This function calls:
		___ftadd
		___ftmul
		___wmul
 This function is called by:
		_Battery_Convert
 This function uses a non-reentrant model


 *************** function ___wmul *****************
 Defined at:
		line 15 in file "C:\Program Files (x86)\Microchip\xc8\v1.33\sources\common\Umul16.c"
 Parameters:    Size  Location     Type
  multiplier      2   30[COMRAM] unsigned int 
  multiplicand    2   32[COMRAM] unsigned int 
 Auto vars:     Size  Location     Type
  product         2   34[COMRAM] unsigned int 
 Return value:  Size  Location     Type
                  2   30[COMRAM] unsigned int 
 Registers used:
		wreg, status,2, status,0, prodl, prodh
 Tracked objects:
		On entry : 
		On exit  : 
		Unchanged: 
 Data sizes:     COMRAM   BANK0   BANK1   BANK2   BANK3   BANK4   BANK5
      Params:         4       0       0       0       0       0       0
      Locals:         2       0       0       0       0       0       0
      Temps:          0       0       0       0       0       0       0
      Totals:         6       0       0       0       0       0       0
Total ram usage:        6 bytes
 Hardware stack levels used:    1
 Hardware stack levels required when called:    3
 This function calls:
		Nothing
 This function is called by:
		_Battery_Fault
		_Battery_Filter
		_Battery_Convert
		_Battery_Get
		_Temp_Fault
		_Temp_Filter
		_Temp_Convert
		_eval_poly
		_Tempeture_Get
 This function uses a non-reentrant model


 *************** function ___ftmul *****************
 Defined at:
		line 62 in file "C:\Program Files (x86)\Microchip\xc8\v1.33\sources\common\ftmul.c"
 Parameters:    Size  Location     Type
  f1              3   40[COMRAM] float 
  f2              3   43[COMRAM] float 
 Auto vars:     Size  Location     Type
  f3_as_produc    3    1[BANK0 ] unsigned um
  sign            1    5[BANK0 ] unsigned char 
  cntr            1    4[BANK0 ] unsigned char 
  exp             1    0[BANK0 ] unsigned char 
 Return value:  Size  Location     Type
                  3   40[COMRAM] float 
 Registers used:
		wreg, status,2, status,0, cstack
 Tracked objects:
		On entry : 
		On exit  : 
		Unchanged: 
 Data sizes:     COMRAM   BANK0   BANK1   BANK2   BANK3   BANK4   BANK5
      Params:         6       0       0       0       0       0       0
      Locals:         0       6       0       0       0       0       0
      Temps:          3       0       0       0       0       0       0
      Totals:         9       6       0       0       0       0       0
Total ram usage:       15 bytes
 Hardware stack levels used:    1
 Hardware stack levels required when called:    4
 This function calls:
		___ftpack
 This function is called by:
		_Battery_Filter
		_Temp_Filter
		_Temp_Convert
		_log
		_eval_poly
 This function uses a non-reentrant model


 *************** function ___ftadd *****************
 Defined at:
		line 86 in file "C:\Program Files (x86)\Microchip\xc8\v1.33\sources\common\ftadd.c"
 Parameters:    Size  Location     Type
  f1              3    6[BANK0 ] float 
  f2              3    9[BANK0 ] float 
 Auto vars:     Size  Location     Type
  exp1            1   14[BANK0 ] unsigned char 
  exp2            1   13[BANK0 ] unsigned char 
  sign            1   12[BANK0 ] unsigned char 
 Return value:  Size  Location     Type
                  3    6[BANK0 ] float 
 Registers used:
		wreg, status,2, status,0, cstack
 Tracked objects:
		On entry : 
		On exit  : 
		Unchanged: 
 Data sizes:     COMRAM   BANK0   BANK1   BANK2   BANK3   BANK4   BANK5
      Params:         0       6       0       0       0       0       0
      Locals:         0       3       0       0       0       0       0
      Temps:          3       0       0       0       0       0       0
      Totals:         3       9       0       0       0       0       0
Total ram usage:       12 bytes
 Hardware stack levels used:    1
 Hardware stack levels required when called:    4
 This function calls:
		___ftpack
 This function is called by:
		_Battery_Filter
		_Battery_Convert
		_Temp_Filter
		_Temp_Convert
		___ftsub
		_log
		_eval_poly
 This function uses a non-reentrant model


 *************** function ___ftpack *****************
 Defined at:
		line 62 in file "C:\Program Files (x86)\Microchip\xc8\v1.33\sources\common\float.c"
 Parameters:    Size  Location     Type
  arg             3   22[COMRAM] unsigned um
  exp             1   25[COMRAM] unsigned char 
  sign            1   26[COMRAM] unsigned char 
 Auto vars:     Size  Location     Type
		None
 Return value:  Size  Location     Type
                  3   22[COMRAM] float 
 Registers used:
		wreg, status,2, status,0
 Tracked objects:
		On entry : 
		On exit  : 
		Unchanged: 
 Data sizes:     COMRAM   BANK0   BANK1   BANK2   BANK3   BANK4   BANK5
      Params:         5       0       0       0       0       0       0
      Locals:         0       0       0       0       0       0       0
      Temps:          3       0       0       0       0       0       0
      Totals:         8       0       0       0       0       0       0
Total ram usage:        8 bytes
 Hardware stack levels used:    1
 Hardware stack levels required when called:    3
 This function calls:
		Nothing
 This function is called by:
		___awtoft
		___ftadd
		___ftdiv
		___ftmul
 This function uses a non-reentrant model


 *************** function _INTERRUPT_InterruptManager *****************
 Defined at:
		line 69 in file "mcc_generated_files/interrupt_manager.c"
 Parameters:    Size  Location     Type
		None
 Auto vars:     Size  Location     Type
		None
 Return value:  Size  Location     Type
		None               void
 Registers used:
		wreg, fsr2l, fsr2h, status,2, status,0, prodl, prodh, cstack
 Tracked objects:
		On entry : 
		On exit  : 
		Unchanged: 
 Data sizes:     COMRAM   BANK0   BANK1   BANK2   BANK3   BANK4   BANK5
      Params:         0       0       0       0       0       0       0
      Locals:         0       0       0       0       0       0       0
      Temps:         14       0       0       0       0       0       0
      Totals:        14       0       0       0       0       0       0
Total ram usage:       14 bytes
 Hardware stack levels used:    1
 Hardware stack levels required when called:    2
 This function calls:
		_ADC_ISR
		_EUSART1_Receive_ISR
		_EUSART1_Transmit_ISR
		_TMR1_ISR
 This function is called by:
		Interrupt level 2
 This function uses a non-reentrant model


 *************** function _TMR1_ISR *****************
 Defined at:
		line 109 in file "mcc_generated_files/tmr1.c"
 Parameters:    Size  Location     Type
		None
 Auto vars:     Size  Location     Type
		None
 Return value:  Size  Location     Type
		None               void
 Registers used:
		wreg, status,2, cstack
 Tracked objects:
		On entry : 
		On exit  : 
		Unchanged: 
 Data sizes:     COMRAM   BANK0   BANK1   BANK2   BANK3   BANK4   BANK5
      Params:         0       0       0       0       0       0       0
      Locals:         0       0       0       0       0       0       0
      Temps:          3       0       0       0       0       0       0
      Totals:         3       0       0       0       0       0       0
Total ram usage:        3 bytes
 Hardware stack levels used:    1
 Hardware stack levels required when called:    1
 This function calls:
		_TMR1_CallBack
 This function is called by:
		_INTERRUPT_InterruptManager
 This function uses a non-reentrant model


 *************** function _TMR1_CallBack *****************
 Defined at:
		line 125 in file "mcc_generated_files/tmr1.c"
 Parameters:    Size  Location     Type
		None
 Auto vars:     Size  Location     Type
		None
 Return value:  Size  Location     Type
		None               void
 Registers used:
		None
 Tracked objects:
		On entry : 
		On exit  : 
		Unchanged: 
 Data sizes:     COMRAM   BANK0   BANK1   BANK2   BANK3   BANK4   BANK5
      Params:         0       0       0       0       0       0       0
      Locals:         0       0       0       0       0       0       0
      Temps:          0       0       0       0       0       0       0
      Totals:         0       0       0       0       0       0       0
Total ram usage:        0 bytes
 Hardware stack levels used:    1
 This function calls:
		Nothing
 This function is called by:
		_TMR1_ISR
 This function uses a non-reentrant model


 *************** function _EUSART1_Transmit_ISR *****************
 Defined at:
		line 173 in file "mcc_generated_files/eusart1.c"
 Parameters:    Size  Location     Type
		None
 Auto vars:     Size  Location     Type
		None
 Return value:  Size  Location     Type
		None               void
 Registers used:
		wreg, fsr2l, fsr2h, status,2, status,0, prodl, prodh
 Tracked objects:
		On entry : 
		On exit  : 
		Unchanged: 
 Data sizes:     COMRAM   BANK0   BANK1   BANK2   BANK3   BANK4   BANK5
      Params:         0       0       0       0       0       0       0
      Locals:         0       0       0       0       0       0       0
      Temps:          0       0       0       0       0       0       0
      Totals:         0       0       0       0       0       0       0
Total ram usage:        0 bytes
 Hardware stack levels used:    1
 This function calls:
		Nothing
 This function is called by:
		_INTERRUPT_InterruptManager
 This function uses a non-reentrant model


 *************** function _EUSART1_Receive_ISR *****************
 Defined at:
		line 192 in file "mcc_generated_files/eusart1.c"
 Parameters:    Size  Location     Type
		None
 Auto vars:     Size  Location     Type
		None
 Return value:  Size  Location     Type
		None               void
 Registers used:
		wreg, fsr2l, fsr2h, status,2, status,0, prodl, prodh
 Tracked objects:
		On entry : 
		On exit  : 
		Unchanged: 
 Data sizes:     COMRAM   BANK0   BANK1   BANK2   BANK3   BANK4   BANK5
      Params:         0       0       0       0       0       0       0
      Locals:         0       0       0       0       0       0       0
      Temps:          0       0       0       0       0       0       0
      Totals:         0       0       0       0       0       0       0
Total ram usage:        0 bytes
 Hardware stack levels used:    1
 This function calls:
		Nothing
 This function is called by:
		_INTERRUPT_InterruptManager
 This function uses a non-reentrant model


 *************** function _ADC_ISR *****************
 Defined at:
		line 82 in file "mcc_generated_files/adc.c"
 Parameters:    Size  Location     Type
		None
 Auto vars:     Size  Location     Type
  ADC_Result      2    6[COMRAM] int 
 Return value:  Size  Location     Type
		None               void
 Registers used:
		wreg, fsr2l, fsr2h, status,2, status,0, cstack
 Tracked objects:
		On entry : 
		On exit  : 
		Unchanged: 
 Data sizes:     COMRAM   BANK0   BANK1   BANK2   BANK3   BANK4   BANK5
      Params:         0       0       0       0       0       0       0
      Locals:         2       0       0       0       0       0       0
      Temps:          2       0       0       0       0       0       0
      Totals:         4       0       0       0       0       0       0
Total ram usage:        4 bytes
 Hardware stack levels used:    1
 Hardware stack levels required when called:    1
 This function calls:
		_ADC_GetConversionResult
		_ADC_StartConversion
		_Set_4051
 This function is called by:
		_INTERRUPT_InterruptManager
 This function uses a non-reentrant model


 *************** function _Set_4051 *****************
 Defined at:
		line 7 in file "Functions.c"
 Parameters:    Size  Location     Type
  Channel         2    0[COMRAM] int 
 Auto vars:     Size  Location     Type
		None
 Return value:  Size  Location     Type
		None               void
 Registers used:
		wreg, status,2, status,0
 Tracked objects:
		On entry : 
		On exit  : 
		Unchanged: 
 Data sizes:     COMRAM   BANK0   BANK1   BANK2   BANK3   BANK4   BANK5
      Params:         2       0       0       0       0       0       0
      Locals:         0       0       0       0       0       0       0
      Temps:          2       0       0       0       0       0       0
      Totals:         4       0       0       0       0       0       0
Total ram usage:        4 bytes
 Hardware stack levels used:    1
 This function calls:
		Nothing
 This function is called by:
		_ADC_ISR
 This function uses a non-reentrant model


 *************** function _ADC_StartConversion *****************
 Defined at:
		line 36 in file "mcc_generated_files/adc.c"
 Parameters:    Size  Location     Type
  channel         1    wreg     enum E8837
 Auto vars:     Size  Location     Type
  channel         1    1[COMRAM] enum E8837
 Return value:  Size  Location     Type
		None               void
 Registers used:
		wreg, status,2, status,0
 Tracked objects:
		On entry : 
		On exit  : 
		Unchanged: 
 Data sizes:     COMRAM   BANK0   BANK1   BANK2   BANK3   BANK4   BANK5
      Params:         0       0       0       0       0       0       0
      Locals:         1       0       0       0       0       0       0
      Temps:          1       0       0       0       0       0       0
      Totals:         2       0       0       0       0       0       0
Total ram usage:        2 bytes
 Hardware stack levels used:    1
 This function calls:
		Nothing
 This function is called by:
		_ADC_ISR
		_Battery_Read
		_Temp_Read
 This function uses a non-reentrant model


 *************** function _ADC_GetConversionResult *****************
 Defined at:
		line 55 in file "mcc_generated_files/adc.c"
 Parameters:    Size  Location     Type
		None
 Auto vars:     Size  Location     Type
		None
 Return value:  Size  Location     Type
                  2    0[COMRAM] unsigned int 
 Registers used:
		wreg, status,2, status,0
 Tracked objects:
		On entry : 
		On exit  : 
		Unchanged: 
 Data sizes:     COMRAM   BANK0   BANK1   BANK2   BANK3   BANK4   BANK5
      Params:         2       0       0       0       0       0       0
      Locals:         0       0       0       0       0       0       0
      Temps:          2       0       0       0       0       0       0
      Totals:         4       0       0       0       0       0       0
Total ram usage:        4 bytes
 Hardware stack levels used:    1
 This function calls:
		Nothing
 This function is called by:
		_ADC_ISR
 This function uses a non-reentrant model



MODULE INFORMATION

Module		Function		Class		Link	Load	Size
C:\Program Files (x86)\Microchip\xc8\v1.33\sources\common\ftge.c
		___ftge        		CODE           	1BA8	0000	144

C:\Program Files (x86)\Microchip\xc8\v1.33\sources\common\ftge.c estimated size: 144

C:\Program Files (x86)\Microchip\xc8\v1.33\sources\common\ftsub.c
		___ftsub       		CODE           	1D38	0000	60

C:\Program Files (x86)\Microchip\xc8\v1.33\sources\common\ftsub.c estimated size: 60

C:\Program Files (x86)\Microchip\xc8\v1.33\sources\common\float.c
		___ftpack      		CODE           	19CA	0000	168

C:\Program Files (x86)\Microchip\xc8\v1.33\sources\common\float.c estimated size: 168

C:\Program Files (x86)\Microchip\xc8\v1.33\sources\common\evalpoly.c
		_eval_poly     		CODE           	14B4	0000	242

C:\Program Files (x86)\Microchip\xc8\v1.33\sources\common\evalpoly.c estimated size: 242

mcc_generated_files/interrupt_manager.c
		_INTERRUPT_Init		CODE           	1FA0	0000	12
		_INTERRUPT_Inte		CODE           	0008	0000	160

mcc_generated_files/interrupt_manager.c estimated size: 172

C:\Program Files (x86)\Microchip\xc8\v1.33\sources\common\log.c
		_log           		CODE           	1230	0000	354

C:\Program Files (x86)\Microchip\xc8\v1.33\sources\common\log.c estimated size: 354

C:\Program Files (x86)\Microchip\xc8\v1.33\sources\common\Umul16.c
		___wmul        		CODE           	1ED0	0000	38

C:\Program Files (x86)\Microchip\xc8\v1.33\sources\common\Umul16.c estimated size: 38

mcc_generated_files/pin_manager.c
		_PIN_MANAGER_In		CODE           	1CA2	0000	78

mcc_generated_files/pin_manager.c estimated size: 78

C:\Program Files (x86)\Microchip\xc8\v1.33\sources\common\frexp.c
		_frexp         		CODE           	1B16	0000	146

C:\Program Files (x86)\Microchip\xc8\v1.33\sources\common\frexp.c estimated size: 146

Tempeture.c
		_Temp_Filter   		CODE           	0F50	0000	368
		_Temp_Convert  		CODE           	0D4E	0000	514
		_Temp_Fault    		CODE           	1C38	0000	106

Tempeture.c estimated size: 988

Bypass.c
		_SetBypas      		CODE           	15A6	0000	242
		_RunBypas      		CODE           	1852	0000	202

Bypass.c estimated size: 444

mcc_generated_files/adc.c
		_ADC_Initialize		CODE           	1F66	0000	24
		_ADC_GetConvers		CODE           	1F7E	0000	20
		_ADC_StartConve		CODE           	1F4C	0000	26
		_ADC_ISR       		CODE           	061E	0000	1224

mcc_generated_files/adc.c estimated size: 1294

C:\Program Files (x86)\Microchip\xc8\v1.33\sources\common\ftmul.c
		___ftmul       		CODE           	1392	0000	290

C:\Program Files (x86)\Microchip\xc8\v1.33\sources\common\ftmul.c estimated size: 290

C:\Program Files (x86)\Microchip\xc8\v1.33\sources\common\ftdiv.c
		___ftdiv       		CODE           	1698	0000	226

C:\Program Files (x86)\Microchip\xc8\v1.33\sources\common\ftdiv.c estimated size: 226

C:\Program Files (x86)\Microchip\xc8\v1.33\sources\common\awdiv.c
		___awdiv       		CODE           	1A72	0000	164

C:\Program Files (x86)\Microchip\xc8\v1.33\sources\common\awdiv.c estimated size: 164

Functions.c
		_Set_4051      		CODE           	1EA2	0000	46

Functions.c estimated size: 46

Main.c
		_main          		CODE           	1DB0	0000	50

Main.c estimated size: 50

shared
		__initializatio		CODE           	1E74	0000	36
		log@coeff      		SMALLCONST     	0601	0000	27

shared estimated size: 63

mcc_generated_files/eusart1.c
		_EUSART1_Initia		CODE           	1D74	0000	60
		_EUSART1_Receiv		CODE           	1E44	0000	48
		_EUSART1_Transm		CODE           	1E14	0000	48

mcc_generated_files/eusart1.c estimated size: 156

mcc_generated_files/mcc.c
		_OSCILLATOR_Ini		CODE           	1F92	0000	14
		_SYSTEM_Initial		CODE           	1F18	0000	26

mcc_generated_files/mcc.c estimated size: 40

C:\Program Files (x86)\Microchip\xc8\v1.33\sources\common\awtoft.c
		___awtoft      		CODE           	1CF0	0000	72

C:\Program Files (x86)\Microchip\xc8\v1.33\sources\common\awtoft.c estimated size: 72

mcc_generated_files/tmr1.c
		_TMR1_Initializ		CODE           	1EF6	0000	34
		_TMR1_CallBack 		CODE           	1FB0	0000	4
		_TMR1_StartTime		CODE           	1FAC	0000	4
		_TMR1_ISR      		CODE           	1F32	0000	26

mcc_generated_files/tmr1.c estimated size: 68

Battery.c
		_Battery_Conver		CODE           	177A	0000	216
		_Battery_Get   		CODE           	1DE2	0000	50
		_Battery_Fault 		CODE           	191C	0000	174
		_Battery_Filter		CODE           	10C0	0000	368

Battery.c estimated size: 808

C:\Program Files (x86)\Microchip\xc8\v1.33\sources\common\ftadd.c
		___ftadd       		CODE           	0AE6	0000	616

C:\Program Files (x86)\Microchip\xc8\v1.33\sources\common\ftadd.c estimated size: 616

