Microchip MPLAB XC8 Compiler V1.34 ()

Linker command line:

--edf=C:\Program Files (x86)\Microchip\xc8\v1.34\dat\en_msgs.txt -cs \
  -h+dist/default/production\BMS-HV.X.production.sym \
  --cmf=dist/default/production\BMS-HV.X.production.cmf -z -Q18F45K22 \
  -oC:\Users\User\AppData\Local\Temp\s4uc.6 \
  -Mdist/default/production/BMS-HV.X.production.map -E1 -ver=XC8 \
  -ASTACK=03C8h-03ffh -pstack=STACK -ACODE=00h-07FFFh -ACONST=00h-07FFFh \
  -ASMALLCONST=0600h-06FFhx122 -AMEDIUMCONST=0600h-07FFFh -ACOMRAM=01h-05Fh \
  -AABS1=00h-05FFh -ABIGRAM=01h-05FFh -ARAM=060h-0FFh,0100h-01FFhx5 \
  -ABANK0=060h-0FFh -ABANK1=0100h-01FFh -ABANK2=0200h-02FFh \
  -ABANK3=0300h-03FFh -ABANK4=0400h-04FFh -ABANK5=0500h-05FFh \
  -ASFR=0F38h-0F5Fh,0F60h-0FFFh \
  -preset_vec=00h,intcode=08h,intcodelo,powerup,init,end_init \
  -pramtop=0600h -psmallconst=SMALLCONST -pmediumconst=MEDIUMCONST \
  -pconst=CONST -AFARRAM=00h-00h -ACONFIG=0300000h-030000Dh -pconfig=CONFIG \
  -AIDLOC=0200000h-0200007h -pidloc=IDLOC -AEEDATA=0F00000h-0F000FFh \
  -peeprom_data=EEDATA \
  -prdata=COMRAM,nvrram=COMRAM,nvbit=COMRAM,rbss=COMRAM,rbit=COMRAM \
  -pfarbss=FARRAM,fardata=FARRAM,nvFARRAM=FARRAM \
  -pintsave_regs=BIGRAM,bigbss=BIGRAM,bigdata=BIGRAM -pbss=RAM \
  -pidata=CODE,irdata=CODE,ibigdata=CODE,ifardata=CODE -prparam=COMRAM \
  C:\Users\User\AppData\Local\Temp\s4uc.obj \
  dist/default/production\BMS-HV.X.production.obj 

Object code version is 3.11

Machine type is 18F45K22

Call graph: (short form)




                Name                               Link     Load   Length Selector   Space Scale
C:\Users\User\AppData\Local\Temp\s4uc.obj
                end_init                             AA       AA        4        4       0
                reset_vec                             0        0        4        0       0
                idloc                            200000   200000        8   200000       0
                config                           300000   300000        E   300000       0
dist/default/production\BMS-HV.X.production.obj
                intcode                               8        8       A2        4       0
                smallconst                          600      600       B2      300       0
                text75                             4E6E     4E6E       16      359       0
                text74                             4DC4     4DC4       1A      359       0
                text73                             4B6E     4B6E       38      359       0
                text72                             1A14     1A14      5BC      359       0
                text71                             4CCC     4CCC       2E      359       0
                text70                             3904     3904      11C      359       0
                text69                             4DA6     4DA6       1E      359       0
                text68                             44D6     44D6       94      359       0
                text67                             4E56     4E56       18      359       0
                text66                             4C10     4C10       32      359       0
                text65                             4E3E     4E3E       18      359       0
                text64                             4E26     4E26       18      359       0
                text63                             4AA4     4AA4       4E      359       0
                text61                             4248     4248       C6      359       0
                text60                             26DA     26DA      27E      359       0
                text59                             301C     301C      16C      359       0
                text58                             4BDC     4BDC       34      359       0
                text57                             2D0E     2D0E      1A0      359       0
                text56                             4714     4714       84      359       0
                text55                             32DA     32DA      152      359       0
                text54                             3A20     3A20      10C      359       0
                text53                             417A     417A       CE      359       0
                text52                             40A0     40A0       DA      359       0
                text51                             4BA6     4BA6       36      359       0
                text50                             3C20     3C20       F4      359       0
                text49                             3B2C     3B2C       F4      359       0
                text48                             4E0E     4E0E       18      359       0
                text47                             4EB2     4EB2        C      359       0
                text46                             4EA4     4EA4        E      359       0
                text45                             4A56     4A56       4E      359       0
                text44                             4ED0     4ED0        4      359       0
                text43                             4D66     4D66       22      359       0
                text42                             4C9E     4C9E       2E      359       0
                text41                             4D88     4D88       1E      359       0
                text40                             4B32     4B32       3C      359       0
                text39                             43AC     43AC       96      359       0
                text38                             495A     495A       5A      359       0
                text37                             488A     488A       6C      359       0
                text36                             2B6E     2B6E      1A0      359       0
                text35                             4A06     4A06       50      359       0
                text34                             4AF2     4AF2       40      359       0
                text33                             3D14     3D14       EE      359       0
                text32                             456A     456A       92      359       0
                text31                             342C     342C      14E      359       0
                text30                             2958     2958      216      359       0
                text29                             4688     4688       8C      359       0
                text28                             4D20     4D20       24      359       0
                text27                             3188     3188      152      359       0
                text26                             45FC     45FC       8C      359       0
                text25                             430E     430E       9E      359       0
                text24                             48F6     48F6       64      359       0
                text23                             36B4     36B4      134      359       0
                text22                             357A     357A      13A      359       0
                text21                             4798     4798       82      359       0
                text20                             2448     2448      292      359       0
                text19                             4D44     4D44       22      359       0
                text18                             4C70     4C70       2E      359       0
                text17                             4442     4442       94      359       0
                text16                             37E8     37E8      11C      359       0
                text15                             4C42     4C42       2E      359       0
                text14                             4EBE     4EBE        A      359       0
                text13                             1FD0     1FD0      478      359       0
                text12                              6B2      6B2      C8C      359       0
                text11                             49B4     49B4       52      359       0
                text10                             4DF6     4DF6       18      359       0
                text9                              4DDE     4DDE       18      359       0
                text8                              4E94     4E94       10      359       0
                text7                              3E02     3E02       E8      359       0
                text6                              3FC6     3FC6       DA      359       0
                text5                              2EAE     2EAE      16E      359       0
                text4                              4CFA     4CFA       26      359       0
                text3                              4E84     4E84       10      359       0
                text2                              133E     133E      6D6      359       0
                text1                              4EC8     4EC8        8      359       0
                text0                              3EEA     3EEA       DC      359       0
                cstackCOMRAM                          1        1       2A        1       1
                cstackBANK0                          60       60       50       60       1
                cstackBANK1                         1ED      1ED        9      100       1
                cstackBANK2                         2CE      2CE       19      200       1
                bssBANK5                            500      500       CE      500       1
                bssBANK4                            400      400       CE      400       1
                bssBANK3                            300      300       C8      300       1
                bssBANK2                            200      200       CE      200       1
                bssBANK1                            100      100       ED      100       1
                bssBANK0                             B0       B0       4E       60       1
                dataCOMRAM                           45       45        1        1       1
                bssCOMRAM                            2B       2B       1A        1       1
                cinit                              481A     481A       70      359       0
                idataCOMRAM                        4ED4     4ED4        1      359       0

TOTAL           Name                               Link     Load   Length     Space
        CLASS   STACK          

        CLASS   CODE           
                end_init                             AA       AA        4         0
                intcode                               8        8       A2         0
                reset_vec                             0        0        4         0
                text75                             4E6E     4E6E       16         0
                text74                             4DC4     4DC4       1A         0
                text73                             4B6E     4B6E       38         0
                text72                             1A14     1A14      5BC         0
                text71                             4CCC     4CCC       2E         0
                text70                             3904     3904      11C         0
                text69                             4DA6     4DA6       1E         0
                text68                             44D6     44D6       94         0
                text67                             4E56     4E56       18         0
                text66                             4C10     4C10       32         0
                text65                             4E3E     4E3E       18         0
                text64                             4E26     4E26       18         0
                text63                             4AA4     4AA4       4E         0
                text61                             4248     4248       C6         0
                text60                             26DA     26DA      27E         0
                text59                             301C     301C      16C         0
                text58                             4BDC     4BDC       34         0
                text57                             2D0E     2D0E      1A0         0
                text56                             4714     4714       84         0
                text55                             32DA     32DA      152         0
                text54                             3A20     3A20      10C         0
                text53                             417A     417A       CE         0
                text52                             40A0     40A0       DA         0
                text51                             4BA6     4BA6       36         0
                text50                             3C20     3C20       F4         0
                text49                             3B2C     3B2C       F4         0
                text48                             4E0E     4E0E       18         0
                text47                             4EB2     4EB2        C         0
                text46                             4EA4     4EA4        E         0
                text45                             4A56     4A56       4E         0
                text44                             4ED0     4ED0        4         0
                text43                             4D66     4D66       22         0
                text42                             4C9E     4C9E       2E         0
                text41                             4D88     4D88       1E         0
                text40                             4B32     4B32       3C         0
                text39                             43AC     43AC       96         0
                text38                             495A     495A       5A         0
                text37                             488A     488A       6C         0
                text36                             2B6E     2B6E      1A0         0
                text35                             4A06     4A06       50         0
                text34                             4AF2     4AF2       40         0
                text33                             3D14     3D14       EE         0
                text32                             456A     456A       92         0
                text31                             342C     342C      14E         0
                text30                             2958     2958      216         0
                text29                             4688     4688       8C         0
                text28                             4D20     4D20       24         0
                text27                             3188     3188      152         0
                text26                             45FC     45FC       8C         0
                text25                             430E     430E       9E         0
                text24                             48F6     48F6       64         0
                text23                             36B4     36B4      134         0
                text22                             357A     357A      13A         0
                text21                             4798     4798       82         0
                text20                             2448     2448      292         0
                text19                             4D44     4D44       22         0
                text18                             4C70     4C70       2E         0
                text17                             4442     4442       94         0
                text16                             37E8     37E8      11C         0
                text15                             4C42     4C42       2E         0
                text14                             4EBE     4EBE        A         0
                text13                             1FD0     1FD0      478         0
                text12                              6B2      6B2      C8C         0
                text11                             49B4     49B4       52         0
                text10                             4DF6     4DF6       18         0
                text9                              4DDE     4DDE       18         0
                text8                              4E94     4E94       10         0
                text7                              3E02     3E02       E8         0
                text6                              3FC6     3FC6       DA         0
                text5                              2EAE     2EAE      16E         0
                text4                              4CFA     4CFA       26         0
                text3                              4E84     4E84       10         0
                text2                              133E     133E      6D6         0
                text1                              4EC8     4EC8        8         0
                text0                              3EEA     3EEA       DC         0
                cinit                              481A     481A       70         0
                idataCOMRAM                        4ED4     4ED4        1         0

        CLASS   CONST          

        CLASS   SMALLCONST     
                smallconst                          600      600       B2         0

        CLASS   MEDIUMCONST    

        CLASS   COMRAM         
                cstackCOMRAM                          1        1       2A         1
                dataCOMRAM                           45       45        1         1
                bssCOMRAM                            2B       2B       1A         1

        CLASS   ABS1           

        CLASS   BIGRAM         

        CLASS   RAM            

        CLASS   BANK0          
                cstackBANK0                          60       60       50         1
                bssBANK0                             B0       B0       4E         1

        CLASS   BANK1          
                cstackBANK1                         1ED      1ED        9         1
                bssBANK1                            100      100       ED         1

        CLASS   BANK2          
                cstackBANK2                         2CE      2CE       19         1
                bssBANK2                            200      200       CE         1

        CLASS   BANK3          
                bssBANK3                            300      300       C8         1

        CLASS   BANK4          
                bssBANK4                            400      400       CE         1

        CLASS   BANK5          
                bssBANK5                            500      500       CE         1

        CLASS   SFR            

        CLASS   FARRAM         

        CLASS   CONFIG         
                config                           300000   300000        E         0

        CLASS   IDLOC          
                idloc                            200000   200000        8         0

        CLASS   EEDATA         



SEGMENTS        Name                           Load    Length   Top    Selector   Space  Class

                reset_vec                      000000  000004  000004         0       0  CODE    
                cstackCOMRAM                   000001  000045  000046         1       1  COMRAM  
                intcode                        000008  0000A6  0000AE         4       0  CODE    
                cstackBANK0                    000060  00009E  0000FE        60       1  BANK0   
                bssBANK1                       000100  0000F6  0001F6       100       1  BANK1   
                bssBANK2                       000200  0000E7  0002E7       200       1  BANK2   
                bssBANK3                       000300  0000C8  0003C8       300       1  BANK3   
                bssBANK4                       000400  0000CE  0004CE       400       1  BANK4   
                bssBANK5                       000500  0000CE  0005CE       500       1  BANK5   
                smallconst                     000600  0000B2  0006B2       300       0  SMALLCON
                text12                         0006B2  004823  004ED5       359       0  CODE    
                idloc                          200000  000008  200008    200000       0  IDLOC   
                config                         300000  00000E  30000E    300000       0  CONFIG  


UNUSED ADDRESS RANGES

        Name                Unused          Largest block    Delta
        BANK0            0000FE-0000FF                2
        BANK1            0001F6-0001FF                A
        BANK2            0002E7-0002FF               19
        BANK3            0003C8-0003FF               38
        BANK4            0004CE-0004FF               32
        BANK5            0005CE-0005FF               32
        BIGRAM           000046-00005F               1A
                         0000FE-0000FF                2
                         0001F6-0001FF                A
                         0002E7-0002FF               19
                         0003C8-0003FF               38
                         0004CE-0004FF               32
                         0005CE-0005FF               32
        CODE             000004-000007                4
                         0000AE-0005FF              552
                         004ED5-007FFF             312B
        COMRAM           000046-00005F               1A
        CONST            000004-000007                4
                         0000AE-0005FF              552
                         004ED5-007FFF             312B
        EEDATA           F00000-F000FF              100
        MEDIUMCONST      004ED5-007FFF             312B
        RAM              0000FE-0000FF                2
                         0001F6-0001FF                A
                         0002E7-0002FF               19
                         0003C8-0003FF               38
                         0004CE-0004FF               32
                         0005CE-0005FF               32
        SFR              000F38-000FFF               28
        SMALLCONST       004ED5-007FFF              100
        STACK            0003C8-0003FF               38

                                  Symbol Table

?_ADC_GetConversionResult            cstackCOMRAM 000001
?_Battery_Get                        cstackBANK0  000064
?_Receive_available                  cstackCOMRAM 00001D
?_UART_buff_modulo_inc               cstackCOMRAM 00001B
?_UART_buff_size                     cstackCOMRAM 00001B
?___altoft                           cstackCOMRAM 000023
?___awdiv                            cstackCOMRAM 000021
?___awmod                            cstackCOMRAM 00001B
?___awtoft                           cstackBANK0  000060
?___ftadd                            cstackBANK0  00008A
?___ftdiv                            cstackBANK0  000062
?___ftmul                            cstackBANK0  000071
?___ftneg                            cstackCOMRAM 00001B
?___ftpack                           cstackCOMRAM 00001B
?___ftsub                            cstackBANK0  000096
?___fttol                            cstackBANK0  000087
?___lldiv                            cstackCOMRAM 00001B
?___llmod                            cstackBANK0  000060
?___lltoft                           cstackCOMRAM 000023
?___wmul                             cstackBANK0  000060
?__div_to_l_                         cstackCOMRAM 00001B
?__tdiv_to_l_                        cstackCOMRAM 00001B
?_eval_poly                          cstackBANK0  000096
?_frexp                              cstackCOMRAM 00001B
?_fround                             cstackBANK0  000080
?_log                                cstackBANK0  0000A2
?_printf                             cstackBANK0  00009C
?_scale                              cstackBANK0  000080
?i2_UART_buff_modulo_inc             cstackCOMRAM 000001
?i2_UART_buff_size                   cstackCOMRAM 000001
ADC_ISR@ADC_Result                   cstackCOMRAM 00000B
ADC_StartConversion@channel          cstackCOMRAM 000002
Battery_Convert@x                    cstackBANK0  00009A
Battery_Fault@fault                  cstackBANK0  00006D
Battery_Fault@i                      cstackBANK0  00006E
Battery_Filter@x                     cstackBANK0  000096
Battery_Get@channelnum               cstackBANK0  000064
CRC8@crc                             cstackCOMRAM 000021
CRC8@data                            cstackCOMRAM 00001B
CRC8@extract                         cstackCOMRAM 00001F
CRC8@len                             cstackCOMRAM 00001D
CRC8@sum                             cstackCOMRAM 00001E
CRC8@tempI                           cstackCOMRAM 000020
CRCcheck@SentCRC                     cstackBANK0  000060
CRCcheck@arrayHolder                 cstackBANK0  000062
CRCcheck@calculatedCRC               cstackBANK0  000061
CRCcheck@rt                          cstackBANK0  000065
EUSART1_Receive_ISR@data             cstackCOMRAM 00000C
RunBypas@batvolt                     cstackBANK0  00006F
RunBypas@cellbyp                     cstackBANK0  00006D
RunBypas@i                           cstackBANK0  000072
Send_put@_data                       cstackCOMRAM 000026
SetBypass@pin                        cstackCOMRAM 00001B
SetBypass@state                      cstackCOMRAM 00001D
Set_4051@Channel                     cstackCOMRAM 000001
Temp_Convert@steinhart               cstackBANK0  0000AD
Temp_Convert@x                       cstackBANK0  0000AB
Temp_Fault@fault                     cstackBANK0  00006D
Temp_Fault@i                         cstackBANK0  00006E
Temp_Filter@x                        cstackBANK0  000096
UART_buff_get@_this                  cstackCOMRAM 000021
UART_buff_get@c                      cstackCOMRAM 000025
UART_buff_init@_this                 cstackCOMRAM 000023
UART_buff_modulo_inc@modulus         cstackCOMRAM 00001D
UART_buff_modulo_inc@my_value        cstackCOMRAM 00001F
UART_buff_modulo_inc@value           cstackCOMRAM 00001B
UART_buff_peek@_this                 cstackCOMRAM 00001B
UART_buff_put@_this                  cstackCOMRAM 000021
UART_buff_put@c                      cstackCOMRAM 000023
UART_buff_size@_this                 cstackCOMRAM 00001B
_ADCON0                              (abs)        000FC2
_ADCON0bits                          (abs)        000FC2
_ADCON1                              (abs)        000FC1
_ADCON2                              (abs)        000FC0
_ADC_Buffer_Point                    bssCOMRAM    00002B
_ADC_GetConversionResult             text75       004E6E
_ADC_ISR                             text72       001A14
_ADC_Initialize                      text48       004E0E
_ADC_StartConversion                 text74       004DC4
_ADRESH                              (abs)        000FC4
_ADRESL                              (abs)        000FC3
_AKNAKsend                           bssCOMRAM    000039
_ANSELA                              (abs)        000F38
_ANSELB                              (abs)        000F39
_ANSELC                              (abs)        000F3A
_ANSELD                              (abs)        000F3B
_ANSELE                              (abs)        000F3C
_BAUD1CON                            (abs)        000FB8
_Battery_Adc                         bssBANK0     0000B0
_Battery_Convert                     text54       003A20
_Battery_Fault                       text52       0040A0
_Battery_Filter                      text57       002D0E
_Battery_Get                         text51       004BA6
_Battery_Read                        text65       004E3E
_Battery_Volt                        bssBANK1     000100
_CRC8                                text11       0049B4
_CRCcheck                            text5        002EAE
_CountCallBack                       bssCOMRAM    00002D
_EUSART1_Receive_ISR                 text69       004DA6
_EUSART1_Transmit_ISR                text66       004C10
_INTCON2bits                         (abs)        000FF1
_INTCONbits                          (abs)        000FF2
_INTERRUPT_Initialize                text47       004EB2
_INTERRUPT_InterruptManager          intcode      000008
_IPR1bits                            (abs)        000F9F
_LATA                                (abs)        000F89
_LATA0                               (abs)        007C48
_LATA4                               (abs)        007C4C
_LATA6                               (abs)        007C4E
_LATB                                (abs)        000F8A
_LATB0                               (abs)        007C50
_LATB1                               (abs)        007C51
_LATB3                               (abs)        007C53
_LATC                                (abs)        000F8B
_LATC0                               (abs)        007C58
_LATC1                               (abs)        007C59
_LATC4                               (abs)        007C5C
_LATC5                               (abs)        007C5D
_LATD                                (abs)        000F8C
_LATD1                               (abs)        007C61
_LATD2                               (abs)        007C62
_LATD3                               (abs)        007C63
_LATD5                               (abs)        007C65
_LATE                                (abs)        000F8D
_OSCCON                              (abs)        000FD3
_OSCCON2                             (abs)        000FD2
_OSCILLATOR_Initialize               text46       004EA4
_OSCTUNE                             (abs)        000F9B
_PIE1bits                            (abs)        000F9D
_PIN_MANAGER_Initialize              text45       004A56
_PIR1bits                            (abs)        000F9E
_PrevBattery_Volt                    bssBANK1     00011E
_PrevTemp_DegF                       bssBANK1     00013C
_RC1STA                              (abs)        000FAB
_RC1STAbits                          (abs)        000FAB
_RCONbits                            (abs)        000FD0
_RCREG1                              (abs)        000FAE
_Receive_available                   text9        004DDE
_Receive_get                         text8        004E94
_Receive_peek                        text3        004E84
_RunBypas                            text49       003B2C
_SPBRG1                              (abs)        000FAF
_SPBRGH1                             (abs)        000FB0
_SYSTEM_Initialize                   text37       00488A
_Send_put                            text15       004C42
_SetBypass                           text50       003C20
_Set_4051                            text73       004B6E
_T1CON                               (abs)        000FCD
_T1CONbits                           (abs)        000FCD
_T1GCON                              (abs)        000FCC
_T1GCONbits                          (abs)        000FCC
_TMR1                                (abs)        000FCE
_TMR1H                               (abs)        000FCF
_TMR1L                               (abs)        000FCE
_TMR1_ISR                            text63       004AA4
_TMR1_Initialize                     text43       004D66
_TMR1_StartTimer                     text44       004ED0
_TRISA                               (abs)        000F92
_TRISB                               (abs)        000F93
_TRISC                               (abs)        000F94
_TRISD                               (abs)        000F95
_TRISE                               (abs)        000F96
_TX1STA                              (abs)        000FAC
_TXREG1                              (abs)        000FAD
_TempBattery_Volt                    bssBANK1     0001A0
_Temp_Adc                            bssBANK0     0000EA
_Temp_Aquire                         bssCOMRAM    00003A
_Temp_Convert                        text30       002958
_Temp_Convert$2051                   cstackBANK0  0000A7
_Temp_Convert$2052                   cstackBANK0  0000A9
_Temp_DegF                           bssBANK1     00015A
_Temp_Done                           bssBANK0     0000D8
_Temp_Fault                          text29       004688
_Temp_Filter                         text36       002B6E
_Temp_Read                           text64       004E26
_TmpTemp_DegF                        bssBANK1     0001BE
_Transmit_stall                      dataCOMRAM   000045
_UART_buff_get                       text17       004442
_UART_buff_init                      text41       004D88
_UART_buff_modulo_inc                text18       004C70
_UART_buff_peek                      text4        004CFA
_UART_buff_put                       text16       0037E8
_UART_buff_size                      text10       004DF6
_UART_init                           text40       004B32
_Volt_Aquire                         bssCOMRAM    00003B
_Volt_Done                           bssBANK0     0000DA
_WPUB                                (abs)        000F61
__CFG_BOREN$SBORDIS                  (abs)        000000
__CFG_BORV$190                       (abs)        000000
__CFG_CCP2MX$PORTC1                  (abs)        000000
__CFG_CCP3MX$PORTB5                  (abs)        000000
__CFG_CP0$OFF                        (abs)        000000
__CFG_CP1$OFF                        (abs)        000000
__CFG_CP2$OFF                        (abs)        000000
__CFG_CP3$OFF                        (abs)        000000
__CFG_CPB$OFF                        (abs)        000000
__CFG_CPD$OFF                        (abs)        000000
__CFG_DEBUG$OFF                      (abs)        000000
__CFG_EBTR0$OFF                      (abs)        000000
__CFG_EBTR1$OFF                      (abs)        000000
__CFG_EBTR2$OFF                      (abs)        000000
__CFG_EBTR3$OFF                      (abs)        000000
__CFG_EBTRB$OFF                      (abs)        000000
__CFG_FCMEN$OFF                      (abs)        000000
__CFG_FOSC$INTIO67                   (abs)        000000
__CFG_HFOFST$ON                      (abs)        000000
__CFG_IESO$OFF                       (abs)        000000
__CFG_LVP$OFF                        (abs)        000000
__CFG_MCLRE$EXTMCLR                  (abs)        000000
__CFG_P2BMX$PORTD2                   (abs)        000000
__CFG_PBADEN$ON                      (abs)        000000
__CFG_PLLCFG$OFF                     (abs)        000000
__CFG_PRICLKEN$OFF                   (abs)        000000
__CFG_PWRTEN$OFF                     (abs)        000000
__CFG_STVREN$ON                      (abs)        000000
__CFG_T3CMX$PORTC0                   (abs)        000000
__CFG_WDTEN$OFF                      (abs)        000000
__CFG_WDTPS$32768                    (abs)        000000
__CFG_WRT0$OFF                       (abs)        000000
__CFG_WRT1$OFF                       (abs)        000000
__CFG_WRT2$OFF                       (abs)        000000
__CFG_WRT3$OFF                       (abs)        000000
__CFG_WRTB$OFF                       (abs)        000000
__CFG_WRTC$OFF                       (abs)        000000
__CFG_WRTD$OFF                       (abs)        000000
__CFG_XINST$OFF                      (abs)        000000
__HRAM                               (abs)        000000
__Habs1                              abs1         000000
__Hbank0                             bank0        000000
__Hbank1                             bank1        000000
__Hbank2                             bank2        000000
__Hbank3                             bank3        000000
__Hbank4                             bank4        000000
__Hbank5                             bank5        000000
__Hbigbss                            bigbss       000000
__Hbigdata                           bigdata      000000
__Hbigram                            bigram       000000
__Hbss                               bss          000000
__HbssBANK0                          bssBANK0     000000
__HbssBANK1                          bssBANK1     000000
__HbssBANK2                          bssBANK2     000000
__HbssBANK3                          bssBANK3     000000
__HbssBANK4                          bssBANK4     000000
__HbssBANK5                          bssBANK5     000000
__HbssCOMRAM                         bssCOMRAM    000000
__Hcinit                             cinit        000000
__Hclrtext                           clrtext      000000
__Hcomram                            comram       000000
__Hconfig                            config       30000E
__Hconst                             const        000000
__HcstackBANK0                       cstackBANK0  000000
__HcstackBANK1                       cstackBANK1  000000
__HcstackBANK2                       cstackBANK2  000000
__HcstackCOMRAM                      cstackCOMRAM 000000
__Hdata                              data         000000
__HdataCOMRAM                        dataCOMRAM   000000
__Heeprom_data                       eeprom_data  000000
__Hend_init                          end_init     0000AE
__Hfarbss                            farbss       000000
__Hfardata                           fardata      000000
__Hibigdata                          ibigdata     000000
__Hidata                             idata        000000
__HidataCOMRAM                       idataCOMRAM  000000
__Hidloc                             idloc        200008
__Hifardata                          ifardata     000000
__Hinit                              init         0000AA
__Hintcode                           intcode      0000AA
__Hintcode_body                      intcode_body 000000
__Hintcodelo                         intcodelo    0000AA
__Hintentry                          intentry     000000
__Hintret                            intret       000000
__Hintsave_regs                      intsave_regs 000000
__Hirdata                            irdata       000000
__Hmediumconst                       mediumconst  000000
__HnvFARRAM                          nvFARRAM     000000
__Hnvbit                             nvbit        000000
__Hnvrram                            nvrram       000000
__Hparam                             rparam       000000
__Hpowerup                           powerup      0000AA
__Hram                               ram          000000
__Hramtop                            ramtop       000600
__Hrbit                              rbit         000000
__Hrbss                              rbss         000000
__Hrdata                             rdata        000000
__Hreset_vec                         reset_vec    000004
__Hrparam                            rparam       000000
__Hsfr                               sfr          000000
__Hsmallconst                        smallconst   0006B2
__Hspace_0                           (abs)        30000E
__Hspace_1                           (abs)        0005CE
__Hspace_2                           (abs)        000000
__Hstack                             stack        000000
__Hstruct                            struct       000000
__Htemp                              temp         000000
__Htext                              text         000000
__Htext0                             text0        000000
__Htext1                             text1        000000
__Htext10                            text10       000000
__Htext11                            text11       000000
__Htext12                            text12       000000
__Htext13                            text13       000000
__Htext14                            text14       000000
__Htext15                            text15       000000
__Htext16                            text16       000000
__Htext17                            text17       000000
__Htext18                            text18       000000
__Htext19                            text19       000000
__Htext2                             text2        000000
__Htext20                            text20       000000
__Htext21                            text21       000000
__Htext22                            text22       000000
__Htext23                            text23       000000
__Htext24                            text24       000000
__Htext25                            text25       000000
__Htext26                            text26       000000
__Htext27                            text27       000000
__Htext28                            text28       000000
__Htext29                            text29       000000
__Htext3                             text3        000000
__Htext30                            text30       000000
__Htext31                            text31       000000
__Htext32                            text32       000000
__Htext33                            text33       000000
__Htext34                            text34       000000
__Htext35                            text35       000000
__Htext36                            text36       000000
__Htext37                            text37       000000
__Htext38                            text38       000000
__Htext39                            text39       000000
__Htext4                             text4        000000
__Htext40                            text40       000000
__Htext41                            text41       000000
__Htext42                            text42       000000
__Htext43                            text43       000000
__Htext44                            text44       000000
__Htext45                            text45       000000
__Htext46                            text46       000000
__Htext47                            text47       000000
__Htext48                            text48       000000
__Htext49                            text49       000000
__Htext5                             text5        000000
__Htext50                            text50       000000
__Htext51                            text51       000000
__Htext52                            text52       000000
__Htext53                            text53       000000
__Htext54                            text54       000000
__Htext55                            text55       000000
__Htext56                            text56       000000
__Htext57                            text57       000000
__Htext58                            text58       000000
__Htext59                            text59       000000
__Htext6                             text6        000000
__Htext60                            text60       000000
__Htext61                            text61       000000
__Htext63                            text63       000000
__Htext64                            text64       000000
__Htext65                            text65       000000
__Htext66                            text66       000000
__Htext67                            text67       000000
__Htext68                            text68       000000
__Htext69                            text69       000000
__Htext7                             text7        000000
__Htext70                            text70       000000
__Htext71                            text71       000000
__Htext72                            text72       000000
__Htext73                            text73       000000
__Htext74                            text74       000000
__Htext75                            text75       000000
__Htext76                            text76       000000
__Htext8                             text8        000000
__Htext9                             text9        000000
__LRAM                               (abs)        000001
__Labs1                              abs1         000000
__Lbank0                             bank0        000000
__Lbank1                             bank1        000000
__Lbank2                             bank2        000000
__Lbank3                             bank3        000000
__Lbank4                             bank4        000000
__Lbank5                             bank5        000000
__Lbigbss                            bigbss       000000
__Lbigdata                           bigdata      000000
__Lbigram                            bigram       000000
__Lbss                               bss          000000
__LbssBANK0                          bssBANK0     000000
__LbssBANK1                          bssBANK1     000000
__LbssBANK2                          bssBANK2     000000
__LbssBANK3                          bssBANK3     000000
__LbssBANK4                          bssBANK4     000000
__LbssBANK5                          bssBANK5     000000
__LbssCOMRAM                         bssCOMRAM    000000
__Lcinit                             cinit        000000
__Lclrtext                           clrtext      000000
__Lcomram                            comram       000000
__Lconfig                            config       300000
__Lconst                             const        000000
__LcstackBANK0                       cstackBANK0  000000
__LcstackBANK1                       cstackBANK1  000000
__LcstackBANK2                       cstackBANK2  000000
__LcstackCOMRAM                      cstackCOMRAM 000000
__Ldata                              data         000000
__LdataCOMRAM                        dataCOMRAM   000000
__Leeprom_data                       eeprom_data  000000
__Lend_init                          end_init     0000AA
__Lfarbss                            farbss       000000
__Lfardata                           fardata      000000
__Libigdata                          ibigdata     000000
__Lidata                             idata        000000
__LidataCOMRAM                       idataCOMRAM  000000
__Lidloc                             idloc        200000
__Lifardata                          ifardata     000000
__Linit                              init         0000AA
__Lintcode                           intcode      000008
__Lintcode_body                      intcode_body 000000
__Lintcodelo                         intcodelo    0000AA
__Lintentry                          intentry     000000
__Lintret                            intret       000000
__Lintsave_regs                      intsave_regs 000000
__Lirdata                            irdata       000000
__Lmediumconst                       mediumconst  000000
__LnvFARRAM                          nvFARRAM     000000
__Lnvbit                             nvbit        000000
__Lnvrram                            nvrram       000000
__Lparam                             rparam       000000
__Lpowerup                           powerup      0000AA
__Lram                               ram          000000
__Lramtop                            ramtop       000600
__Lrbit                              rbit         000000
__Lrbss                              rbss         000000
__Lrdata                             rdata        000000
__Lreset_vec                         reset_vec    000000
__Lrparam                            rparam       000000
__Lsfr                               sfr          000000
__Lsmallconst                        smallconst   000600
__Lspace_0                           (abs)        000000
__Lspace_1                           (abs)        000000
__Lspace_2                           (abs)        000000
__Lstack                             stack        000000
__Lstruct                            struct       000000
__Ltemp                              temp         000000
__Ltext                              text         000000
__Ltext0                             text0        000000
__Ltext1                             text1        000000
__Ltext10                            text10       000000
__Ltext11                            text11       000000
__Ltext12                            text12       000000
__Ltext13                            text13       000000
__Ltext14                            text14       000000
__Ltext15                            text15       000000
__Ltext16                            text16       000000
__Ltext17                            text17       000000
__Ltext18                            text18       000000
__Ltext19                            text19       000000
__Ltext2                             text2        000000
__Ltext20                            text20       000000
__Ltext21                            text21       000000
__Ltext22                            text22       000000
__Ltext23                            text23       000000
__Ltext24                            text24       000000
__Ltext25                            text25       000000
__Ltext26                            text26       000000
__Ltext27                            text27       000000
__Ltext28                            text28       000000
__Ltext29                            text29       000000
__Ltext3                             text3        000000
__Ltext30                            text30       000000
__Ltext31                            text31       000000
__Ltext32                            text32       000000
__Ltext33                            text33       000000
__Ltext34                            text34       000000
__Ltext35                            text35       000000
__Ltext36                            text36       000000
__Ltext37                            text37       000000
__Ltext38                            text38       000000
__Ltext39                            text39       000000
__Ltext4                             text4        000000
__Ltext40                            text40       000000
__Ltext41                            text41       000000
__Ltext42                            text42       000000
__Ltext43                            text43       000000
__Ltext44                            text44       000000
__Ltext45                            text45       000000
__Ltext46                            text46       000000
__Ltext47                            text47       000000
__Ltext48                            text48       000000
__Ltext49                            text49       000000
__Ltext5                             text5        000000
__Ltext50                            text50       000000
__Ltext51                            text51       000000
__Ltext52                            text52       000000
__Ltext53                            text53       000000
__Ltext54                            text54       000000
__Ltext55                            text55       000000
__Ltext56                            text56       000000
__Ltext57                            text57       000000
__Ltext58                            text58       000000
__Ltext59                            text59       000000
__Ltext6                             text6        000000
__Ltext60                            text60       000000
__Ltext61                            text61       000000
__Ltext63                            text63       000000
__Ltext64                            text64       000000
__Ltext65                            text65       000000
__Ltext66                            text66       000000
__Ltext67                            text67       000000
__Ltext68                            text68       000000
__Ltext69                            text69       000000
__Ltext7                             text7        000000
__Ltext70                            text70       000000
__Ltext71                            text71       000000
__Ltext72                            text72       000000
__Ltext73                            text73       000000
__Ltext74                            text74       000000
__Ltext75                            text75       000000
__Ltext76                            text76       000000
__Ltext8                             text8        000000
__Ltext9                             text9        000000
__S0                                 (abs)        30000E
__S1                                 (abs)        0005CE
__S2                                 (abs)        000000
___altoft                            text56       004714
___altoft@c                          cstackCOMRAM 000023
___altoft@exp                        cstackBANK0  000060
___altoft@sign                       cstackBANK0  000061
___awdiv                             text39       0043AC
___awdiv@counter                     cstackCOMRAM 000025
___awdiv@dividend                    cstackCOMRAM 000021
___awdiv@divisor                     cstackCOMRAM 000023
___awdiv@quotient                    cstackCOMRAM 000027
___awdiv@sign                        cstackCOMRAM 000026
___awmod                             text21       004798
___awmod@counter                     cstackCOMRAM 00001F
___awmod@dividend                    cstackCOMRAM 00001B
___awmod@divisor                     cstackCOMRAM 00001D
___awmod@sign                        cstackCOMRAM 000020
___awtoft                            text34       004AF2
___awtoft@c                          cstackBANK0  000060
___awtoft@sign                       cstackCOMRAM 000029
___ftadd                             text60       0026DA
___ftadd@exp1                        cstackBANK0  000095
___ftadd@exp2                        cstackBANK0  000094
___ftadd@f1                          cstackBANK0  00008A
___ftadd@f2                          cstackBANK0  00008D
___ftadd@sign                        cstackBANK0  000093
___ftdiv                             text55       0032DA
___ftdiv@cntr                        cstackBANK0  00006B
___ftdiv@exp                         cstackBANK0  00006F
___ftdiv@f1                          cstackBANK0  000062
___ftdiv@f2                          cstackBANK0  000065
___ftdiv@f3                          cstackBANK0  00006C
___ftdiv@sign                        cstackBANK0  000070
___ftge                              text53       00417A
___ftge@ff1                          cstackBANK0  000064
___ftge@ff2                          cstackBANK0  000067
___ftmul                             text59       00301C
___ftmul@cntr                        cstackBANK0  00007E
___ftmul@exp                         cstackBANK0  00007A
___ftmul@f1                          cstackBANK0  000071
___ftmul@f2                          cstackBANK0  000074
___ftmul@f3_as_product               cstackBANK0  00007B
___ftmul@sign                        cstackBANK0  00007F
___ftneg                             text28       004D20
___ftneg@f1                          cstackCOMRAM 00001B
___ftpack                            text61       004248
___ftpack@arg                        cstackCOMRAM 00001B
___ftpack@exp                        cstackCOMRAM 00001E
___ftpack@sign                       cstackCOMRAM 00001F
___ftsub                             text35       004A06
___ftsub@f1                          cstackBANK0  000096
___ftsub@f2                          cstackBANK0  000099
___fttol                             text27       003188
___fttol@exp1                        cstackBANK0  000095
___fttol@f1                          cstackBANK0  000087
___fttol@lval                        cstackBANK0  000091
___fttol@sign1                       cstackBANK0  000090
___inthi_sp                          stack        000000
___intlo_sp                          stack        000000
___lldiv                             text26       0045FC
___lldiv@counter                     cstackCOMRAM 000027
___lldiv@dividend                    cstackCOMRAM 00001B
___lldiv@divisor                     cstackCOMRAM 00001F
___lldiv@quotient                    cstackCOMRAM 000023
___llmod                             text25       00430E
___llmod@counter                     cstackCOMRAM 000028
___llmod@dividend                    cstackBANK0  000060
___llmod@divisor                     cstackBANK0  000064
___lltoft                            text24       0048F6
___lltoft@c                          cstackCOMRAM 000023
___lltoft@exp                        cstackBANK0  000060
___param_bank                        (abs)        000010
___rparam_used                       (abs)        000001
___sp                                stack        000000
___wmul                              text58       004BDC
___wmul@multiplicand                 cstackBANK0  000062
___wmul@multiplier                   cstackBANK0  000060
___wmul@product                      cstackCOMRAM 000029
__accesstop                          (abs)        000060
__activetblptr                       (abs)        000002
__div_to_l_                          text23       0036B4
__div_to_l_@cntr                     cstackCOMRAM 000025
__div_to_l_@exp1                     cstackCOMRAM 000026
__div_to_l_@f1                       cstackCOMRAM 00001B
__div_to_l_@f2                       cstackCOMRAM 00001E
__div_to_l_@quot                     cstackCOMRAM 000021
__end_of_ADC_GetConversionResult     text75       004E84
__end_of_ADC_ISR                     text72       001FD0
__end_of_ADC_Initialize              text48       004E26
__end_of_ADC_StartConversion         text74       004DDE
__end_of_Battery_Convert             text54       003B2C
__end_of_Battery_Fault               text52       00417A
__end_of_Battery_Filter              text57       002EAE
__end_of_Battery_Get                 text51       004BDC
__end_of_Battery_Read                text65       004E56
__end_of_CRC8                        text11       004A06
__end_of_CRCcheck                    text5        00301C
__end_of_EUSART1_Receive_ISR         text69       004DC4
__end_of_EUSART1_Transmit_ISR        text66       004C42
__end_of_INTERRUPT_Initialize        text47       004EBE
__end_of_INTERRUPT_InterruptManager  intcode      0000AA
__end_of_OSCILLATOR_Initialize       text46       004EB2
__end_of_PIN_MANAGER_Initialize      text45       004AA4
__end_of_Receive_available           text9        004DF6
__end_of_Receive_get                 text8        004EA4
__end_of_Receive_peek                text3        004E94
__end_of_RunBypas                    text49       003C20
__end_of_SYSTEM_Initialize           text37       0048F6
__end_of_Send_put                    text15       004C70
__end_of_SetBypass                   text50       003D14
__end_of_Set_4051                    text73       004BA6
__end_of_TMR1_ISR                    text63       004AF2
__end_of_TMR1_Initialize             text43       004D88
__end_of_TMR1_StartTimer             text44       004ED4
__end_of_Temp_Convert                text30       002B6E
__end_of_Temp_Fault                  text29       004714
__end_of_Temp_Filter                 text36       002D0E
__end_of_Temp_Read                   text64       004E3E
__end_of_UART_buff_get               text17       0044D6
__end_of_UART_buff_init              text41       004DA6
__end_of_UART_buff_modulo_inc        text18       004C9E
__end_of_UART_buff_peek              text4        004D20
__end_of_UART_buff_put               text16       003904
__end_of_UART_buff_size              text10       004E0E
__end_of_UART_init                   text40       004B6E
__end_of___altoft                    text56       004798
__end_of___awdiv                     text39       004442
__end_of___awmod                     text21       00481A
__end_of___awtoft                    text34       004B32
__end_of___ftadd                     text60       002958
__end_of___ftdiv                     text55       00342C
__end_of___ftge                      text53       004248
__end_of___ftmul                     text59       003188
__end_of___ftneg                     text28       004D44
__end_of___ftpack                    text61       00430E
__end_of___ftsub                     text35       004A56
__end_of___fttol                     text27       0032DA
__end_of___lldiv                     text26       004688
__end_of___llmod                     text25       0043AC
__end_of___lltoft                    text24       00495A
__end_of___wmul                      text58       004C10
__end_of__div_to_l_                  text23       0037E8
__end_of__initialization             cinit        004880
__end_of__npowers_                   smallconst   000650
__end_of__powers_                    smallconst   000677
__end_of__tdiv_to_l_                 text22       0036B4
__end_of_begin                       text38       0049B4
__end_of_crcBufS_get                 text7        003EEA
__end_of_crcBufS_status_put          text6        0040A0
__end_of_dpowers                     smallconst   000629
__end_of_eval_poly                   text33       003E02
__end_of_frexp                       text32       0045FC
__end_of_fround                      text20       0026DA
__end_of_isdigit                     text19       004D66
__end_of_log                         text31       00357A
__end_of_main                        text0        003FC6
__end_of_memset                      text42       004CCC
__end_of_printf                      text12       00133E
__end_of_putch                       text14       004EC8
__end_of_receiveData                 text2        001A14
__end_of_scale                       text13       002448
__end_of_updateComms                 text1        004ED0
__end_ofi2_UART_buff_get             text68       00456A
__end_ofi2_UART_buff_modulo_inc      text71       004CFA
__end_ofi2_UART_buff_put             text70       003A20
__end_ofi2_UART_buff_size            text67       004E6E
__end_oflog@coeff                    smallconst   000692
__initialization                     cinit        00481A
__mediumconst                        mediumconst  000000
__npowers_                           smallconst   000629
__pbssBANK0                          bssBANK0     0000B0
__pbssBANK1                          bssBANK1     000100
__pbssBANK2                          bssBANK2     000200
__pbssBANK3                          bssBANK3     000300
__pbssBANK4                          bssBANK4     000400
__pbssBANK5                          bssBANK5     000500
__pbssCOMRAM                         bssCOMRAM    00002B
__pcinit                             cinit        00481A
__pcstackBANK0                       cstackBANK0  000060
__pcstackBANK1                       cstackBANK1  0001ED
__pcstackBANK2                       cstackBANK2  0002CE
__pcstackCOMRAM                      cstackCOMRAM 000001
__pdataCOMRAM                        dataCOMRAM   000045
__pidataCOMRAM                       idataCOMRAM  004ED4
__pintcode                           intcode      000008
__powers_                            smallconst   000650
__psmallconst                        smallconst   000600
__ptext0                             text0        003EEA
__ptext1                             text1        004EC8
__ptext10                            text10       004DF6
__ptext11                            text11       0049B4
__ptext12                            text12       0006B2
__ptext13                            text13       001FD0
__ptext14                            text14       004EBE
__ptext15                            text15       004C42
__ptext16                            text16       0037E8
__ptext17                            text17       004442
__ptext18                            text18       004C70
__ptext19                            text19       004D44
__ptext2                             text2        00133E
__ptext20                            text20       002448
__ptext21                            text21       004798
__ptext22                            text22       00357A
__ptext23                            text23       0036B4
__ptext24                            text24       0048F6
__ptext25                            text25       00430E
__ptext26                            text26       0045FC
__ptext27                            text27       003188
__ptext28                            text28       004D20
__ptext29                            text29       004688
__ptext3                             text3        004E84
__ptext30                            text30       002958
__ptext31                            text31       00342C
__ptext32                            text32       00456A
__ptext33                            text33       003D14
__ptext34                            text34       004AF2
__ptext35                            text35       004A06
__ptext36                            text36       002B6E
__ptext37                            text37       00488A
__ptext38                            text38       00495A
__ptext39                            text39       0043AC
__ptext4                             text4        004CFA
__ptext40                            text40       004B32
__ptext41                            text41       004D88
__ptext42                            text42       004C9E
__ptext43                            text43       004D66
__ptext44                            text44       004ED0
__ptext45                            text45       004A56
__ptext46                            text46       004EA4
__ptext47                            text47       004EB2
__ptext48                            text48       004E0E
__ptext49                            text49       003B2C
__ptext5                             text5        002EAE
__ptext50                            text50       003C20
__ptext51                            text51       004BA6
__ptext52                            text52       0040A0
__ptext53                            text53       00417A
__ptext54                            text54       003A20
__ptext55                            text55       0032DA
__ptext56                            text56       004714
__ptext57                            text57       002D0E
__ptext58                            text58       004BDC
__ptext59                            text59       00301C
__ptext6                             text6        003FC6
__ptext60                            text60       0026DA
__ptext61                            text61       004248
__ptext63                            text63       004AA4
__ptext64                            text64       004E26
__ptext65                            text65       004E3E
__ptext66                            text66       004C10
__ptext67                            text67       004E56
__ptext68                            text68       0044D6
__ptext69                            text69       004DA6
__ptext7                             text7        003E02
__ptext70                            text70       003904
__ptext71                            text71       004CCC
__ptext72                            text72       001A14
__ptext73                            text73       004B6E
__ptext74                            text74       004DC4
__ptext75                            text75       004E6E
__ptext76                            text76       000000
__ptext8                             text8        004E94
__ptext9                             text9        004DDE
__ramtop                             ramtop       000600
__size_of_ADC_GetConversionResult    (abs)        000000
__size_of_ADC_ISR                    (abs)        000000
__size_of_ADC_Initialize             (abs)        000000
__size_of_ADC_StartConversion        (abs)        000000
__size_of_Battery_Convert            (abs)        000000
__size_of_Battery_Fault              (abs)        000000
__size_of_Battery_Filter             (abs)        000000
__size_of_Battery_Get                (abs)        000000
__size_of_Battery_Read               (abs)        000000
__size_of_CRC8                       (abs)        000000
__size_of_CRCcheck                   (abs)        000000
__size_of_EUSART1_Receive_ISR        (abs)        000000
__size_of_EUSART1_Transmit_ISR       (abs)        000000
__size_of_INTERRUPT_Initialize       (abs)        000000
__size_of_INTERRUPT_InterruptManager (abs)        000000
__size_of_OSCILLATOR_Initialize      (abs)        000000
__size_of_PIN_MANAGER_Initialize     (abs)        000000
__size_of_Receive_available          (abs)        000000
__size_of_Receive_get                (abs)        000000
__size_of_Receive_peek               (abs)        000000
__size_of_RunBypas                   (abs)        000000
__size_of_SYSTEM_Initialize          (abs)        000000
__size_of_Send_put                   (abs)        000000
__size_of_SetBypass                  (abs)        000000
__size_of_Set_4051                   (abs)        000000
__size_of_TMR1_ISR                   (abs)        000000
__size_of_TMR1_Initialize            (abs)        000000
__size_of_TMR1_StartTimer            (abs)        000000
__size_of_Temp_Convert               (abs)        000000
__size_of_Temp_Fault                 (abs)        000000
__size_of_Temp_Filter                (abs)        000000
__size_of_Temp_Read                  (abs)        000000
__size_of_UART_buff_get              (abs)        000000
__size_of_UART_buff_init             (abs)        000000
__size_of_UART_buff_modulo_inc       (abs)        000000
__size_of_UART_buff_peek             (abs)        000000
__size_of_UART_buff_put              (abs)        000000
__size_of_UART_buff_size             (abs)        000000
__size_of_UART_init                  (abs)        000000
__size_of___altoft                   (abs)        000000
__size_of___awdiv                    (abs)        000000
__size_of___awmod                    (abs)        000000
__size_of___awtoft                   (abs)        000000
__size_of___ftadd                    (abs)        000000
__size_of___ftdiv                    (abs)        000000
__size_of___ftge                     (abs)        000000
__size_of___ftmul                    (abs)        000000
__size_of___ftneg                    (abs)        000000
__size_of___ftpack                   (abs)        000000
__size_of___ftsub                    (abs)        000000
__size_of___fttol                    (abs)        000000
__size_of___lldiv                    (abs)        000000
__size_of___llmod                    (abs)        000000
__size_of___lltoft                   (abs)        000000
__size_of___wmul                     (abs)        000000
__size_of__div_to_l_                 (abs)        000000
__size_of__tdiv_to_l_                (abs)        000000
__size_of_begin                      (abs)        000000
__size_of_crcBufS_get                (abs)        000000
__size_of_crcBufS_status_put         (abs)        000000
__size_of_eval_poly                  (abs)        000000
__size_of_frexp                      (abs)        000000
__size_of_fround                     (abs)        000000
__size_of_isdigit                    (abs)        000000
__size_of_log                        (abs)        000000
__size_of_main                       (abs)        000000
__size_of_memset                     (abs)        000000
__size_of_printf                     (abs)        000000
__size_of_putch                      (abs)        000000
__size_of_receiveData                (abs)        000000
__size_of_scale                      (abs)        000000
__size_of_updateComms                (abs)        000000
__size_ofi2_UART_buff_get            (abs)        000000
__size_ofi2_UART_buff_modulo_inc     (abs)        000000
__size_ofi2_UART_buff_put            (abs)        000000
__size_ofi2_UART_buff_size           (abs)        000000
__smallconst                         smallconst   000600
__tdiv_to_l_                         text22       00357A
__tdiv_to_l_@cntr                    cstackCOMRAM 000028
__tdiv_to_l_@exp1                    cstackCOMRAM 000029
__tdiv_to_l_@f1                      cstackCOMRAM 00001B
__tdiv_to_l_@f2                      cstackCOMRAM 00001E
__tdiv_to_l_@quot                    cstackCOMRAM 000024
_addressErrorCounter                 bssBANK0     0000DC
_alignErrorCounter                   bssBANK0     0000DE
_begin                               text38       00495A
_calc_CS                             bssCOMRAM    00003C
_crcBufS_get                         text7        003E02
_crcBufS_status_put                  text6        003FC6
_crcErrorCounter                     bssBANK0     0000E0
_crc_buffer                          bssBANK1     0001DC
_dataAdressErrorCounter              bssBANK0     0000E2
_dpowers                             smallconst   000601
_errno                               bssBANK0     0000E4
_eval_poly                           text33       003D14
_frexp                               text32       00456A
_fround                              text20       002448
_fround$2053                         cstackBANK0  000086
_fround$2054                         cstackBANK0  000083
_group                               bssCOMRAM    000043
_input_buffer                        bssBANK4     000400
_isdigit                             text19       004D44
_isdigit$1644                        cstackCOMRAM 00001C
_log                                 text31       00342C
_main                                text0        003EEA
_maxDataAddress                      bssCOMRAM    00003D
_memset                              text42       004C9E
_moduleAddress                       bssCOMRAM    00003E
_output_buffer                       bssBANK5     000500
_printf                              text12       0006B2
_printf$2056                         cstackBANK2  0002CE
_putch                               text14       004EBE
_receiveArray                        bssBANK1     000178
_receiveArrayAddress                 bssBANK0     0000E6
_receiveData                         text2        00133E
_returnAddress                       bssCOMRAM    00003F
_ring_buffer                         bssBANK2     000200
_rx_address                          bssCOMRAM    000040
_rx_array_inx                        bssCOMRAM    000041
_rx_buffer                           bssBANK3     000300
_rx_len                              bssCOMRAM    000042
_scale                               text13       001FD0
_scale$2055                          cstackBANK0  000083
_sendStructAddress                   bssCOMRAM    00002F
_serial_available                    bssCOMRAM    000031
_serial_peek                         bssBANK0     0000E8
_serial_read                         bssCOMRAM    000033
_serial_write                        bssCOMRAM    000035
_timer1ReloadVal                     bssCOMRAM    000037
_updateComms                         text1        004EC8
begin@error                          cstackBANK0  000064
begin@givenAddress                   cstackBANK0  000063
begin@maxSize                        cstackBANK0  000062
begin@ptr                            cstackBANK0  000060
begin@stuffavailable                 cstackBANK0  000069
begin@stuffpeek                      cstackBANK0  00006B
begin@stufftoreceive                 cstackBANK0  000067
begin@stufftosend                    cstackBANK0  000065
crcBufS_get@_this                    cstackCOMRAM 00001B
crcBufS_get@space                    cstackCOMRAM 00001E
crcBufS_get@time                     cstackCOMRAM 00001D
crcBufS_get@wantedTime               cstackCOMRAM 000025
crcBufS_status_put@_this             cstackCOMRAM 00001B
crcBufS_status_put@status            cstackCOMRAM 00001E
crcBufS_status_put@time              cstackCOMRAM 00001D
crcBufS_status_put@wantedTime        cstackCOMRAM 000023
end_of_initialization                cinit        004880
eval_poly@d                          cstackBANK0  000099
eval_poly@n                          cstackBANK0  00009B
eval_poly@res                        cstackBANK0  00009F
eval_poly@x                          cstackBANK0  000096
frexp@eptr                           cstackCOMRAM 00001E
frexp@value                          cstackCOMRAM 00001B
fround@prec                          cstackBANK0  000089
i2UART_buff_get@_this                cstackCOMRAM 000007
i2UART_buff_get@c                    cstackCOMRAM 00000B
i2UART_buff_modulo_inc@modulus       cstackCOMRAM 000003
i2UART_buff_modulo_inc@my_value      cstackCOMRAM 000005
i2UART_buff_modulo_inc@value         cstackCOMRAM 000001
i2UART_buff_put@_this                cstackCOMRAM 000007
i2UART_buff_put@c                    cstackCOMRAM 000009
i2UART_buff_size@_this               cstackCOMRAM 000001
i2_UART_buff_get                     text68       0044D6
i2_UART_buff_modulo_inc              text71       004CCC
i2_UART_buff_put                     text70       003904
i2_UART_buff_size                    text67       004E56
intlevel0                            text         000000
intlevel1                            text         000000
intlevel2                            text         000000
intlevel3                            text         000000
isdigit@c                            cstackCOMRAM 00001D
log@coeff                            smallconst   000677
log@exponent                         cstackBANK0  0000A5
log@x                                cstackBANK0  0000A2
main@x                               cstackBANK1  0001F2
main@x_890                           cstackBANK1  0001F4
memset@c                             cstackCOMRAM 00001D
memset@n                             cstackCOMRAM 00001F
memset@p                             cstackCOMRAM 000021
memset@p1                            cstackCOMRAM 00001B
printf@ap                            cstackBANK2  0002D1
printf@c                             cstackBANK2  0002E6
printf@exp                           cstackBANK2  0002DB
printf@f                             cstackBANK0  00009C
printf@flag                          cstackBANK2  0002DD
printf@fval                          cstackBANK2  0002E1
printf@prec                          cstackBANK2  0002E4
printf@tmpval                        cstackBANK2  0002D3
printf@val                           cstackBANK2  0002D7
printf@width                         cstackBANK2  0002DF
putch@txData                         cstackCOMRAM 000027
receiveData@crcHolder                cstackBANK0  000073
receiveData@crcHolder_1241           cstackBANK0  000074
receiveData@holder                   cstackBANK0  00006D
receiveData@holder_1240              cstackBANK0  000070
receiveData@r                        cstackBANK0  000077
receiveData@u                        cstackBANK0  000075
scale@scl                            cstackBANK0  000086
stackhi                              (abs)        0003FF
stacklo                              (abs)        0003C8
start                                init         0000AA
start_initialization                 cinit        00481A


FUNCTION INFORMATION:

 *************** function _main *****************
 Defined at:
		line 30 in file "Main.c"
 Parameters:    Size  Location     Type
  argc            2    0[BANK1 ] int 
  argv            3    2[BANK1 ] PTR PTR unsigned char 
 Auto vars:     Size  Location     Type
  x               2    7[BANK1 ] int 
[...]
      Totals:         0       0       0       0       0       0       0
Total ram usage:        0 bytes
 Hardware stack levels used:    1
 Hardware stack levels required when called:    1
 This function calls:
		_ADC_StartConversion
 This function is called by:
		_TMR1_ISR
 This function uses a non-reentrant model


 *************** function _EUSART1_Transmit_ISR *****************
 Defined at:
		line 148 in file "UART.c"
 Parameters:    Size  Location     Type
		None
 Auto vars:     Size  Location     Type
		None
 Return value:  Size  Location     Type
		None               void
 Registers used:
		wreg, fsr2l, fsr2h, status,2, status,0, cstack
 Tracked objects:
		On entry : 
		On exit  : 
		Unchanged: 
 Data sizes:     COMRAM   BANK0   BANK1   BANK2   BANK3   BANK4   BANK5
      Params:         0       0       0       0       0       0       0
      Locals:         0       0       0       0       0       0       0
      Temps:          0       0       0       0       0       0       0
      Totals:         0       0       0       0       0       0       0
Total ram usage:        0 bytes
 Hardware stack levels used:    1
 Hardware stack levels required when called:    2
 This function calls:
		i2_UART_buff_get
		i2_UART_buff_size
 This function is called by:
		_INTERRUPT_InterruptManager
 This function uses a non-reentrant model


 *************** function i2_UART_buff_size *****************
 Defined at:
		line 100 in file "UART.c"
 Parameters:    Size  Location     Type
  _this           2    0[COMRAM] PTR struct UART_ring_buf
		 -> output_buffer(206), input_buffer(206), 
 Auto vars:     Size  Location     Type
		None
 Return value:  Size  Location     Type
                  2    0[COMRAM] int 
 Registers used:
		wreg, fsr2l, fsr2h, status,2, status,0
 Tracked objects:
		On entry : 
		On exit  : 
		Unchanged: 
 Data sizes:     COMRAM   BANK0   BANK1   BANK2   BANK3   BANK4   BANK5
      Params:         2       0       0       0       0       0       0
      Locals:         0       0       0       0       0       0       0
      Temps:          0       0       0       0       0       0       0
      Totals:         2       0       0       0       0       0       0
Total ram usage:        2 bytes
 Hardware stack levels used:    1
 This function calls:
		Nothing
 This function is called by:
		_EUSART1_Transmit_ISR
 This function uses a non-reentrant model


 *************** function i2_UART_buff_get *****************
 Defined at:
		line 79 in file "UART.c"
 Parameters:    Size  Location     Type
  _this           2    6[COMRAM] PTR struct UART_ring_buf
		 -> output_buffer(206), input_buffer(206), 
 Auto vars:     Size  Location     Type
  UART_buff_ge    1   10[COMRAM] unsigned char 
 Return value:  Size  Location     Type
                  1    wreg      unsigned char 
 Registers used:
		wreg, fsr2l, fsr2h, status,2, status,0, cstack
 Tracked objects:
		On entry : 
		On exit  : 
		Unchanged: 
 Data sizes:     COMRAM   BANK0   BANK1   BANK2   BANK3   BANK4   BANK5
      Params:         2       0       0       0       0       0       0
      Locals:         1       0       0       0       0       0       0
      Temps:          2       0       0       0       0       0       0
      Totals:         5       0       0       0       0       0       0
Total ram usage:        5 bytes
 Hardware stack levels used:    1
 Hardware stack levels required when called:    1
 This function calls:
		i2_UART_buff_modulo_inc
 This function is called by:
		_EUSART1_Transmit_ISR
 This function uses a non-reentrant model


 *************** function _EUSART1_Receive_ISR *****************
 Defined at:
		line 136 in file "UART.c"
 Parameters:    Size  Location     Type
		None
 Auto vars:     Size  Location     Type
  data            1   11[COMRAM] unsigned char 
 Return value:  Size  Location     Type
		None               void
 Registers used:
		wreg, fsr2l, fsr2h, status,2, status,0, cstack
 Tracked objects:
		On entry : 
		On exit  : 
		Unchanged: 
 Data sizes:     COMRAM   BANK0   BANK1   BANK2   BANK3   BANK4   BANK5
      Params:         0       0       0       0       0       0       0
      Locals:         1       0       0       0       0       0       0
      Temps:          0       0       0       0       0       0       0
      Totals:         1       0       0       0       0       0       0
Total ram usage:        1 bytes
 Hardware stack levels used:    1
 Hardware stack levels required when called:    2
 This function calls:
		i2_UART_buff_put
 This function is called by:
		_INTERRUPT_InterruptManager
 This function uses a non-reentrant model


 *************** function i2_UART_buff_put *****************
 Defined at:
		line 66 in file "UART.c"
 Parameters:    Size  Location     Type
  _this           2    6[COMRAM] PTR struct UART_ring_buf
		 -> output_buffer(206), input_buffer(206), 
  c               1    8[COMRAM] const unsigned char 
 Auto vars:     Size  Location     Type
		None
 Return value:  Size  Location     Type
		None               void
 Registers used:
		wreg, fsr2l, fsr2h, status,2, status,0, cstack
 Tracked objects:
		On entry : 
		On exit  : 
		Unchanged: 
 Data sizes:     COMRAM   BANK0   BANK1   BANK2   BANK3   BANK4   BANK5
      Params:         3       0       0       0       0       0       0
      Locals:         0       0       0       0       0       0       0
      Temps:          2       0       0       0       0       0       0
      Totals:         5       0       0       0       0       0       0
Total ram usage:        5 bytes
 Hardware stack levels used:    1
 Hardware stack levels required when called:    1
 This function calls:
		i2_UART_buff_modulo_inc
 This function is called by:
		_EUSART1_Receive_ISR
 This function uses a non-reentrant model


 *************** function i2_UART_buff_modulo_inc *****************
 Defined at:
		line 104 in file "UART.c"
 Parameters:    Size  Location     Type
  value           2    0[COMRAM] const unsigned int 
  modulus         2    2[COMRAM] const unsigned int 
 Auto vars:     Size  Location     Type
  UART_buff_mo    2    4[COMRAM] unsigned int 
 Return value:  Size  Location     Type
                  2    0[COMRAM] unsigned int 
 Registers used:
		wreg, status,2, status,0
 Tracked objects:
		On entry : 
		On exit  : 
		Unchanged: 
 Data sizes:     COMRAM   BANK0   BANK1   BANK2   BANK3   BANK4   BANK5
      Params:         4       0       0       0       0       0       0
      Locals:         2       0       0       0       0       0       0
      Temps:          0       0       0       0       0       0       0
      Totals:         6       0       0       0       0       0       0
Total ram usage:        6 bytes
 Hardware stack levels used:    1
 This function calls:
		Nothing
 This function is called by:
		i2_UART_buff_put
		i2_UART_buff_get
 This function uses a non-reentrant model


 *************** function _ADC_ISR *****************
 Defined at:
		line 82 in file "mcc_generated_files/adc.c"
 Parameters:    Size  Location     Type
		None
 Auto vars:     Size  Location     Type
  ADC_Result      2   10[COMRAM] int 
 Return value:  Size  Location     Type
		None               void
 Registers used:
		wreg, fsr2l, fsr2h, status,2, status,0, cstack
 Tracked objects:
		On entry : 
		On exit  : 
		Unchanged: 
 Data sizes:     COMRAM   BANK0   BANK1   BANK2   BANK3   BANK4   BANK5
      Params:         0       0       0       0       0       0       0
      Locals:         2       0       0       0       0       0       0
      Temps:          6       0       0       0       0       0       0
      Totals:         8       0       0       0       0       0       0
Total ram usage:        8 bytes
 Hardware stack levels used:    1
 Hardware stack levels required when called:    1
 This function calls:
		_ADC_GetConversionResult
		_ADC_StartConversion
		_Set_4051
 This function is called by:
		_INTERRUPT_InterruptManager
 This function uses a non-reentrant model


 *************** function _Set_4051 *****************
 Defined at:
		line 15 in file "Functions.c"
 Parameters:    Size  Location     Type
  Channel         2    0[COMRAM] int 
 Auto vars:     Size  Location     Type
		None
 Return value:  Size  Location     Type
		None               void
 Registers used:
		wreg, status,2, status,0
 Tracked objects:
		On entry : 
		On exit  : 
		Unchanged: 
 Data sizes:     COMRAM   BANK0   BANK1   BANK2   BANK3   BANK4   BANK5
      Params:         2       0       0       0       0       0       0
      Locals:         0       0       0       0       0       0       0
      Temps:          2       0       0       0       0       0       0
      Totals:         4       0       0       0       0       0       0
Total ram usage:        4 bytes
 Hardware stack levels used:    1
 This function calls:
		Nothing
 This function is called by:
		_ADC_ISR
 This function uses a non-reentrant model


 *************** function _ADC_StartConversion *****************
 Defined at:
		line 36 in file "mcc_generated_files/adc.c"
 Parameters:    Size  Location     Type
  channel         1    wreg     enum E8837
 Auto vars:     Size  Location     Type
  channel         1    1[COMRAM] enum E8837
 Return value:  Size  Location     Type
		None               void
 Registers used:
		wreg, status,2, status,0
 Tracked objects:
		On entry : 
		On exit  : 
		Unchanged: 
 Data sizes:     COMRAM   BANK0   BANK1   BANK2   BANK3   BANK4   BANK5
      Params:         0       0       0       0       0       0       0
      Locals:         1       0       0       0       0       0       0
      Temps:          1       0       0       0       0       0       0
      Totals:         2       0       0       0       0       0       0
Total ram usage:        2 bytes
 Hardware stack levels used:    1
 This function calls:
		Nothing
 This function is called by:
		_ADC_ISR
		_Battery_Read
		_Temp_Read
 This function uses a non-reentrant model


 *************** function _ADC_GetConversionResult *****************
 Defined at:
		line 55 in file "mcc_generated_files/adc.c"
 Parameters:    Size  Location     Type
		None
 Auto vars:     Size  Location     Type
		None
 Return value:  Size  Location     Type
                  2    0[COMRAM] unsigned int 
 Registers used:
		wreg, status,2, status,0
 Tracked objects:
		On entry : 
		On exit  : 
		Unchanged: 
 Data sizes:     COMRAM   BANK0   BANK1   BANK2   BANK3   BANK4   BANK5
      Params:         2       0       0       0       0       0       0
      Locals:         0       0       0       0       0       0       0
      Temps:          2       0       0       0       0       0       0
      Totals:         4       0       0       0       0       0       0
Total ram usage:        4 bytes
 Hardware stack levels used:    1
 This function calls:
		Nothing
 This function is called by:
		_ADC_ISR
 This function uses a non-reentrant model



MODULE INFORMATION

Module		Function		Class		Link	Load	Size
C:\Program Files (x86)\Microchip\xc8\v1.34\sources\common\ftge.c
		___ftge        		CODE           	417A	0000	207

C:\Program Files (x86)\Microchip\xc8\v1.34\sources\common\ftge.c estimated size: 207

FastTransfer.c
		_CRC8          		CODE           	49B4	0000	83
		_receiveData   		CODE           	133E	0000	1751
		_begin         		CODE           	495A	0000	91
		_CRCcheck      		CODE           	2EAE	0000	367
		_crcBufS_status		CODE           	3FC6	0000	219
		_crcBufS_get   		CODE           	3E02	0000	233

FastTransfer.c estimated size: 2744

UART.c
		_putch         		CODE           	4EBE	0000	11
		_Receive_get   		CODE           	4E94	0000	17
		_Receive_peek  		CODE           	4E84	0000	17
		_UART_init     		CODE           	4B32	0000	61
		_UART_buff_modu		CODE           	4C70	0000	47
		_Receive_availa		CODE           	4DDE	0000	25
		_EUSART1_Receiv		CODE           	4DA6	0000	31
		_UART_buff_get 		CODE           	4442	0000	149
		_UART_buff_put 		CODE           	37E8	0000	285
		_Send_put      		CODE           	4C42	0000	47
		_EUSART1_Transm		CODE           	4C10	0000	51
		_UART_buff_peek		CODE           	4CFA	0000	39
		_UART_buff_size		CODE           	4DF6	0000	25
		_UART_buff_init		CODE           	4D88	0000	31

UART.c estimated size: 836

C:\Program Files (x86)\Microchip\xc8\v1.34\sources\common\ftdivl.c
		__tdiv_to_l_   		CODE           	357A	0000	315

C:\Program Files (x86)\Microchip\xc8\v1.34\sources\common\ftdivl.c estimated size: 315

Communications.c
		_updateComms   		CODE           	4EC8	0000	9

Communications.c estimated size: 9

C:\Program Files (x86)\Microchip\xc8\v1.34\sources\common\ftneg.c
		___ftneg       		CODE           	4D20	0000	37

C:\Program Files (x86)\Microchip\xc8\v1.34\sources\common\ftneg.c estimated size: 37

mcc_generated_files/interrupt_manager.c
		_INTERRUPT_Init		CODE           	4EB2	0000	13
		_INTERRUPT_Inte		CODE           	0008	0000	163

mcc_generated_files/interrupt_manager.c estimated size: 176

C:\Program Files (x86)\Microchip\xc8\v1.34\sources\common\fldivl.c
		__div_to_l_    		CODE           	36B4	0000	309

C:\Program Files (x86)\Microchip\xc8\v1.34\sources\common\fldivl.c estimated size: 309

C:\Program Files (x86)\Microchip\xc8\v1.34\sources\common\ftsub.c
		___ftsub       		CODE           	4A06	0000	81

C:\Program Files (x86)\Microchip\xc8\v1.34\sources\common\ftsub.c estimated size: 81

C:\Program Files (x86)\Microchip\xc8\v1.34\sources\common\float.c
		___ftpack      		CODE           	4248	0000	199

C:\Program Files (x86)\Microchip\xc8\v1.34\sources\common\float.c estimated size: 199

mcc_generated_files/pin_manager.c
		_PIN_MANAGER_In		CODE           	4A56	0000	79

mcc_generated_files/pin_manager.c estimated size: 79

C:\Program Files (x86)\Microchip\xc8\v1.34\sources\common\evalpoly.c
		_eval_poly     		CODE           	3D14	0000	239

C:\Program Files (x86)\Microchip\xc8\v1.34\sources\common\evalpoly.c estimated size: 239

C:\Program Files (x86)\Microchip\xc8\v1.34\sources\common\awmod.c
		___awmod       		CODE           	4798	0000	131

C:\Program Files (x86)\Microchip\xc8\v1.34\sources\common\awmod.c estimated size: 131

C:\Program Files (x86)\Microchip\xc8\v1.34\sources\common\llmod.c
		___llmod       		CODE           	430E	0000	159

C:\Program Files (x86)\Microchip\xc8\v1.34\sources\common\llmod.c estimated size: 159

Tempeture.c
		_Temp_Filter   		CODE           	2B6E	0000	417
		_Temp_Convert  		CODE           	2958	0000	535
		_Temp_Read     		CODE           	4E26	0000	25
		_Temp_Fault    		CODE           	4688	0000	141

Tempeture.c estimated size: 1118

Bypass.c
		_SetBypass     		CODE           	3C20	0000	245
		_RunBypas      		CODE           	3B2C	0000	245

Bypass.c estimated size: 490

C:\Program Files (x86)\Microchip\xc8\v1.34\sources\common\awtoft.c
		___awtoft      		CODE           	4AF2	0000	65

C:\Program Files (x86)\Microchip\xc8\v1.34\sources\common\awtoft.c estimated size: 65

mcc_generated_files/adc.c
		_ADC_Initialize		CODE           	4E0E	0000	25
		_ADC_GetConvers		CODE           	4E6E	0000	23
		_ADC_StartConve		CODE           	4DC4	0000	27
		_ADC_ISR       		CODE           	1A14	0000	1469

mcc_generated_files/adc.c estimated size: 1544

C:\Program Files (x86)\Microchip\xc8\v1.34\sources\common\frexp.c
		_frexp         		CODE           	456A	0000	147

C:\Program Files (x86)\Microchip\xc8\v1.34\sources\common\frexp.c estimated size: 147

C:\Program Files (x86)\Microchip\xc8\v1.34\sources\common\ftmul.c
		___ftmul       		CODE           	301C	0000	365

C:\Program Files (x86)\Microchip\xc8\v1.34\sources\common\ftmul.c estimated size: 365

Functions.c
		_Set_4051      		CODE           	4B6E	0000	57

Functions.c estimated size: 57

C:\Program Files (x86)\Microchip\xc8\v1.34\sources\common\isdigit.c
		_isdigit       		CODE           	4D44	0000	35

C:\Program Files (x86)\Microchip\xc8\v1.34\sources\common\isdigit.c estimated size: 35

Main.c
		_main          		CODE           	3EEA	0000	221

Main.c estimated size: 221

C:\Program Files (x86)\Microchip\xc8\v1.34\sources\common\ftdiv.c
		___ftdiv       		CODE           	32DA	0000	339

C:\Program Files (x86)\Microchip\xc8\v1.34\sources\common\ftdiv.c estimated size: 339

C:\Program Files (x86)\Microchip\xc8\v1.34\sources\common\lltoft.c
		___lltoft      		CODE           	48F6	0000	101

C:\Program Files (x86)\Microchip\xc8\v1.34\sources\common\lltoft.c estimated size: 101

shared
		i2_UART_buff_mo		CODE           	4CCC	0000	47
		__powers_      		SMALLCONST     	0650	0000	40
		_dpowers       		SMALLCONST     	0601	0000	41
		i2_UART_buff_si		CODE           	4E56	0000	25
		__npowers_     		SMALLCONST     	0629	0000	40
		__initializatio		CODE           	481A	0000	103
		log@coeff      		SMALLCONST     	0677	0000	28
		i2_UART_buff_ge		CODE           	44D6	0000	149
		i2_UART_buff_pu		CODE           	3904	0000	285

shared estimated size: 758

C:\Program Files (x86)\Microchip\xc8\v1.34\sources\common\log.c
		_log           		CODE           	342C	0000	335

C:\Program Files (x86)\Microchip\xc8\v1.34\sources\common\log.c estimated size: 335

mcc_generated_files/mcc.c
		_OSCILLATOR_Ini		CODE           	4EA4	0000	15
		_SYSTEM_Initial		CODE           	488A	0000	109

mcc_generated_files/mcc.c estimated size: 124

C:\Program Files (x86)\Microchip\xc8\v1.34\sources\common\altoft.c
		___altoft      		CODE           	4714	0000	133

C:\Program Files (x86)\Microchip\xc8\v1.34\sources\common\altoft.c estimated size: 133

C:\Program Files (x86)\Microchip\xc8\v1.34\sources\common\memset.c
		_memset        		CODE           	4C9E	0000	47

C:\Program Files (x86)\Microchip\xc8\v1.34\sources\common\memset.c estimated size: 47

C:\Program Files (x86)\Microchip\xc8\v1.34\sources\common\awdiv.c
		___awdiv       		CODE           	43AC	0000	151

C:\Program Files (x86)\Microchip\xc8\v1.34\sources\common\awdiv.c estimated size: 151

mcc_generated_files/tmr1.c
		_TMR1_Initializ		CODE           	4D66	0000	35
		_TMR1_StartTime		CODE           	4ED0	0000	5
		_TMR1_ISR      		CODE           	4AA4	0000	79

mcc_generated_files/tmr1.c estimated size: 119

Battery.c
		_Battery_Conver		CODE           	3A20	0000	269
		_Battery_Get   		CODE           	4BA6	0000	55
		_Battery_Read  		CODE           	4E3E	0000	25
		_Battery_Fault 		CODE           	40A0	0000	219
		_Battery_Filter		CODE           	2D0E	0000	417

Battery.c estimated size: 985

C:\Program Files (x86)\Microchip\xc8\v1.34\sources\common\lldiv.c
		___lldiv       		CODE           	45FC	0000	141

C:\Program Files (x86)\Microchip\xc8\v1.34\sources\common\lldiv.c estimated size: 141

C:\Program Files (x86)\Microchip\xc8\v1.34\sources\common\doprnt.c
		_scale         		CODE           	1FD0	0000	1145
		_printf        		CODE           	06B2	0000	3213
		_fround        		CODE           	2448	0000	659

C:\Program Files (x86)\Microchip\xc8\v1.34\sources\common\doprnt.c estimated size: 5017

C:\Program Files (x86)\Microchip\xc8\v1.34\sources\common\fttol.c
		___fttol       		CODE           	3188	0000	339

C:\Program Files (x86)\Microchip\xc8\v1.34\sources\common\fttol.c estimated size: 339

C:\Program Files (x86)\Microchip\xc8\v1.34\sources\common\Umul16.c
		___wmul        		CODE           	4BDC	0000	53

C:\Program Files (x86)\Microchip\xc8\v1.34\sources\common\Umul16.c estimated size: 53

C:\Program Files (x86)\Microchip\xc8\v1.34\sources\common\ftadd.c
		___ftadd       		CODE           	26DA	0000	639

C:\Program Files (x86)\Microchip\xc8\v1.34\sources\common\ftadd.c estimated size: 639

